Component: ARM Compiler 5.06 update 6 (build 750) Tool: armlink [4d35ed]

==============================================================================

Section Cross References

    startup_stm32l051xx.o(RESET) refers to startup_stm32l051xx.o(STACK) for __initial_sp
    startup_stm32l051xx.o(RESET) refers to startup_stm32l051xx.o(.text) for Reset_Handler
    startup_stm32l051xx.o(RESET) refers to stm32l0xx_it.o(i.NMI_Handler) for NMI_Handler
    startup_stm32l051xx.o(RESET) refers to stm32l0xx_it.o(i.HardFault_Handler) for HardFault_Handler
    startup_stm32l051xx.o(RESET) refers to stm32l0xx_it.o(i.SVC_Handler) for SVC_Handler
    startup_stm32l051xx.o(RESET) refers to stm32l0xx_it.o(i.PendSV_Handler) for PendSV_Handler
    startup_stm32l051xx.o(RESET) refers to stm32l0xx_it.o(i.SysTick_Handler) for SysTick_Handler
    startup_stm32l051xx.o(RESET) refers to stm32l0xx_it.o(i.RTC_IRQHandler) for RTC_IRQHandler
    startup_stm32l051xx.o(RESET) refers to stm32l0xx_it.o(i.EXTI0_1_IRQHandler) for EXTI0_1_IRQHandler
    startup_stm32l051xx.o(RESET) refers to stm32l0xx_it.o(i.EXTI2_3_IRQHandler) for EXTI2_3_IRQHandler
    startup_stm32l051xx.o(RESET) refers to stm32l0xx_it.o(i.EXTI4_15_IRQHandler) for EXTI4_15_IRQHandler
    startup_stm32l051xx.o(RESET) refers to stm32l0xx_it.o(i.LPTIM1_IRQHandler) for LPTIM1_IRQHandler
    startup_stm32l051xx.o(RESET) refers to stm32l0xx_it.o(i.USART1_IRQHandler) for USART1_IRQHandler
    startup_stm32l051xx.o(.text) refers to system_stm32l0xx.o(i.SystemInit) for SystemInit
    startup_stm32l051xx.o(.text) refers to entry.o(.ARM.Collect$$$$00000000) for __main
    adxl362.o(i.ADXL362BurstRead) refers to stm32l0xx_hal_gpio.o(i.HAL_GPIO_WritePin) for HAL_GPIO_WritePin
    adxl362.o(i.ADXL362BurstRead) refers to spi.o(i.SpiFunction) for SpiFunction
    adxl362.o(i.ADXL362BurstWrite) refers to stm32l0xx_hal_gpio.o(i.HAL_GPIO_WritePin) for HAL_GPIO_WritePin
    adxl362.o(i.ADXL362BurstWrite) refers to spi.o(i.SpiFunction) for SpiFunction
    adxl362.o(i.ADXL362FifoEntries) refers to adxl362.o(i.ADXL362RegisterRead) for ADXL362RegisterRead
    adxl362.o(i.ADXL362FifoProcess) refers to memseta.o(.text) for __aeabi_memclr
    adxl362.o(i.ADXL362FifoProcess) refers to dflti.o(.text) for __aeabi_i2d
    adxl362.o(i.ADXL362FifoProcess) refers to pow.o(i.pow) for pow
    adxl362.o(i.ADXL362FifoProcess) refers to dadd.o(.text) for __aeabi_dadd
    adxl362.o(i.ADXL362FifoProcess) refers to sqrt.o(i.sqrt) for sqrt
    adxl362.o(i.ADXL362FifoProcess) refers to cdcmple.o(.text) for __aeabi_cdcmple
    adxl362.o(i.ADXL362FifoProcess) refers to ddiv.o(.text) for __aeabi_ddiv
    adxl362.o(i.ADXL362FifoProcess) refers to acos.o(i.acos) for acos
    adxl362.o(i.ADXL362FifoProcess) refers to dfltui.o(.text) for __aeabi_ui2d
    adxl362.o(i.ADXL362FifoProcess) refers to cdrcmple.o(.text) for __aeabi_cdrcmple
    adxl362.o(i.ADXL362FifoProcess) refers to adxl362.o(i.ADXL362RegisterRead) for ADXL362RegisterRead
    adxl362.o(i.ADXL362FifoProcess) refers to adxl362.o(.bss) for .bss
    adxl362.o(i.ADXL362FifoProcess) refers to adxl362.o(.data) for .data
    adxl362.o(i.ADXL362FifoRead) refers to stm32l0xx_hal_gpio.o(i.HAL_GPIO_WritePin) for HAL_GPIO_WritePin
    adxl362.o(i.ADXL362FifoRead) refers to spi.o(i.SpiFunction) for SpiFunction
    adxl362.o(i.ADXL362RegisterRead) refers to stm32l0xx_hal_gpio.o(i.HAL_GPIO_WritePin) for HAL_GPIO_WritePin
    adxl362.o(i.ADXL362RegisterRead) refers to spi.o(i.SpiFunction) for SpiFunction
    adxl362.o(i.ADXL362RegisterWrite) refers to stm32l0xx_hal_gpio.o(i.HAL_GPIO_WritePin) for HAL_GPIO_WritePin
    adxl362.o(i.ADXL362RegisterWrite) refers to spi.o(i.SpiFunction) for SpiFunction
    adxl362.o(i.ADXL362_Init) refers to memseta.o(.text) for __aeabi_memclr
    adxl362.o(i.ADXL362_Init) refers to adxl362.o(i.ADXL362RegisterWrite) for ADXL362RegisterWrite
    adxl362.o(i.ADXL362_Init) refers to stm32l0xx_hal.o(i.HAL_Delay) for HAL_Delay
    adxl362.o(i.ADXL362_Init) refers to adxl362.o(i.ADXL362RegisterRead) for ADXL362RegisterRead
    adxl362.o(i.ADXL362_Init) refers to main.o(i.Error_Handler) for Error_Handler
    adxl362.o(i.ADXL362_Init) refers to adxl362.o(.bss) for .bss
    adxl362.o(i.ADXL362_Init) refers to main.o(.data) for ErrorIndex
    adxl362.o(i.ADXL362_ReInit) refers to adxl362.o(i.ADXL362RegisterWrite) for ADXL362RegisterWrite
    adxl362.o(i.ADXL362_ReInit) refers to stm32l0xx_hal.o(i.HAL_Delay) for HAL_Delay
    cc1101.o(i.CC1101ClrRXBuff) refers to cc1101.o(i.CC1101WriteCmd) for CC1101WriteCmd
    cc1101.o(i.CC1101ClrTXBuff) refers to cc1101.o(i.CC1101WriteCmd) for CC1101WriteCmd
    cc1101.o(i.CC1101GetRXCnt) refers to cc1101.o(i.CC1101ReadStatus) for CC1101ReadStatus
    cc1101.o(i.CC1101Init) refers to cc1101.o(i.CC1101Reset) for CC1101Reset
    cc1101.o(i.CC1101Init) refers to cc1101.o(i.CC1101WriteReg) for CC1101WriteReg
    cc1101.o(i.CC1101Init) refers to cc1101.o(i.CC1101SetAddress) for CC1101SetAddress
[...]

    ../Core/Src/gpio.c                       0x00000000   Number         0  gpio.o ABSOLUTE
    ../Core/Src/iwdg.c                       0x00000000   Number         0  iwdg.o ABSOLUTE
    ../Core/Src/lptim.c                      0x00000000   Number         0  lptim.o ABSOLUTE
    ../Core/Src/main.c                       0x00000000   Number         0  main.o ABSOLUTE
    ../Core/Src/rtc.c                        0x00000000   Number         0  rtc.o ABSOLUTE
    ../Core/Src/spi.c                        0x00000000   Number         0  spi.o ABSOLUTE
    ../Core/Src/stm32l0xx_hal_msp.c          0x00000000   Number         0  stm32l0xx_hal_msp.o ABSOLUTE
    ../Core/Src/stm32l0xx_it.c               0x00000000   Number         0  stm32l0xx_it.o ABSOLUTE
    ../Core/Src/system_stm32l0xx.c           0x00000000   Number         0  system_stm32l0xx.o ABSOLUTE
    ../Core/Src/usart.c                      0x00000000   Number         0  usart.o ABSOLUTE
    ../Drivers/STM32L0xx_HAL_Driver/Src/stm32l0xx_hal.c 0x00000000   Number         0  stm32l0xx_hal.o ABSOLUTE
    ../Drivers/STM32L0xx_HAL_Driver/Src/stm32l0xx_hal_cortex.c 0x00000000   Number         0  stm32l0xx_hal_cortex.o ABSOLUTE
    ../Drivers/STM32L0xx_HAL_Driver/Src/stm32l0xx_hal_dma.c 0x00000000   Number         0  stm32l0xx_hal_dma.o ABSOLUTE
    ../Drivers/STM32L0xx_HAL_Driver/Src/stm32l0xx_hal_exti.c 0x00000000   Number         0  stm32l0xx_hal_exti.o ABSOLUTE
    ../Drivers/STM32L0xx_HAL_Driver/Src/stm32l0xx_hal_flash.c 0x00000000   Number         0  stm32l0xx_hal_flash.o ABSOLUTE
    ../Drivers/STM32L0xx_HAL_Driver/Src/stm32l0xx_hal_flash_ex.c 0x00000000   Number         0  stm32l0xx_hal_flash_ex.o ABSOLUTE
    ../Drivers/STM32L0xx_HAL_Driver/Src/stm32l0xx_hal_flash_ramfunc.c 0x00000000   Number         0  stm32l0xx_hal_flash_ramfunc.o ABSOLUTE
    ../Drivers/STM32L0xx_HAL_Driver/Src/stm32l0xx_hal_gpio.c 0x00000000   Number         0  stm32l0xx_hal_gpio.o ABSOLUTE
    ../Drivers/STM32L0xx_HAL_Driver/Src/stm32l0xx_hal_i2c.c 0x00000000   Number         0  stm32l0xx_hal_i2c.o ABSOLUTE
    ../Drivers/STM32L0xx_HAL_Driver/Src/stm32l0xx_hal_i2c_ex.c 0x00000000   Number         0  stm32l0xx_hal_i2c_ex.o ABSOLUTE
    ../Drivers/STM32L0xx_HAL_Driver/Src/stm32l0xx_hal_pwr.c 0x00000000   Number         0  stm32l0xx_hal_pwr.o ABSOLUTE
    ../Drivers/STM32L0xx_HAL_Driver/Src/stm32l0xx_hal_pwr_ex.c 0x00000000   Number         0  stm32l0xx_hal_pwr_ex.o ABSOLUTE
    ../Drivers/STM32L0xx_HAL_Driver/Src/stm32l0xx_hal_rcc.c 0x00000000   Number         0  stm32l0xx_hal_rcc.o ABSOLUTE
    ../Drivers/STM32L0xx_HAL_Driver/Src/stm32l0xx_hal_rcc_ex.c 0x00000000   Number         0  stm32l0xx_hal_rcc_ex.o ABSOLUTE
    ../Drivers/STM32L0xx_HAL_Driver/Src/stm32l0xx_hal_rtc.c 0x00000000   Number         0  stm32l0xx_hal_rtc.o ABSOLUTE
    ../Drivers/STM32L0xx_HAL_Driver/Src/stm32l0xx_hal_rtc_ex.c 0x00000000   Number         0  stm32l0xx_hal_rtc_ex.o ABSOLUTE
    ../Drivers/STM32L0xx_HAL_Driver/Src/stm32l0xx_hal_tim.c 0x00000000   Number         0  stm32l0xx_hal_tim.o ABSOLUTE
    ../Drivers/STM32L0xx_HAL_Driver/Src/stm32l0xx_hal_tim_ex.c 0x00000000   Number         0  stm32l0xx_hal_tim_ex.o ABSOLUTE
    ../Drivers/STM32L0xx_HAL_Driver/Src/stm32l0xx_ll_dma.c 0x00000000   Number         0  stm32l0xx_ll_dma.o ABSOLUTE
    ../Drivers/STM32L0xx_HAL_Driver/Src/stm32l0xx_ll_exti.c 0x00000000   Number         0  stm32l0xx_ll_exti.o ABSOLUTE
    ../Drivers/STM32L0xx_HAL_Driver/Src/stm32l0xx_ll_gpio.c 0x00000000   Number         0  stm32l0xx_ll_gpio.o ABSOLUTE
    ../Drivers/STM32L0xx_HAL_Driver/Src/stm32l0xx_ll_lptim.c 0x00000000   Number         0  stm32l0xx_ll_lptim.o ABSOLUTE
    ../Drivers/STM32L0xx_HAL_Driver/Src/stm32l0xx_ll_rcc.c 0x00000000   Number         0  stm32l0xx_ll_rcc.o ABSOLUTE
    ../Drivers/STM32L0xx_HAL_Driver/Src/stm32l0xx_ll_spi.c 0x00000000   Number         0  stm32l0xx_ll_spi.o ABSOLUTE
    ../Drivers/STM32L0xx_HAL_Driver/Src/stm32l0xx_ll_usart.c 0x00000000   Number         0  stm32l0xx_ll_usart.o ABSOLUTE
    ../Drivers/STM32L0xx_HAL_Driver/Src/stm32l0xx_ll_utils.c 0x00000000   Number         0  stm32l0xx_ll_utils.o ABSOLUTE
    ../clib/microlib/division.c              0x00000000   Number         0  uidiv.o ABSOLUTE
    ../clib/microlib/division.c              0x00000000   Number         0  uldiv.o ABSOLUTE
    ../clib/microlib/errno.c                 0x00000000   Number         0  errno.o ABSOLUTE
    ../clib/microlib/init/entry.s            0x00000000   Number         0  entry8b.o ABSOLUTE
    ../clib/microlib/init/entry.s            0x00000000   Number         0  entry8a.o ABSOLUTE
    ../clib/microlib/init/entry.s            0x00000000   Number         0  entry.o ABSOLUTE
    ../clib/microlib/init/entry.s            0x00000000   Number         0  entry7a.o ABSOLUTE
    ../clib/microlib/init/entry.s            0x00000000   Number         0  entry5.o ABSOLUTE
    ../clib/microlib/init/entry.s            0x00000000   Number         0  entry2.o ABSOLUTE
    ../clib/microlib/init/entry.s            0x00000000   Number         0  entry7b.o ABSOLUTE
    ../clib/microlib/init/entry.s            0x00000000   Number         0  entry11b.o ABSOLUTE
    ../clib/microlib/init/entry.s            0x00000000   Number         0  entry11a.o ABSOLUTE
    ../clib/microlib/init/entry.s            0x00000000   Number         0  entry10b.o ABSOLUTE
    ../clib/microlib/init/entry.s            0x00000000   Number         0  entry10a.o ABSOLUTE
    ../clib/microlib/init/entry.s            0x00000000   Number         0  entry9b.o ABSOLUTE
    ../clib/microlib/init/entry.s            0x00000000   Number         0  entry9a.o ABSOLUTE
    ../clib/microlib/longlong.c              0x00000000   Number         0  llshl.o ABSOLUTE
    ../clib/microlib/longlong.c              0x00000000   Number         0  llushr.o ABSOLUTE
    ../clib/microlib/longlong.c              0x00000000   Number         0  llsshr.o ABSOLUTE
    ../clib/microlib/string/memset.c         0x00000000   Number         0  memseta.o ABSOLUTE
    ../clib/microlib/stubs.s                 0x00000000   Number         0  iusefp.o ABSOLUTE
    ../fplib/microlib/fpadd.c                0x00000000   Number         0  dadd.o ABSOLUTE
    ../fplib/microlib/fpdiv.c                0x00000000   Number         0  ddiv.o ABSOLUTE
    ../fplib/microlib/fpepilogue.c           0x00000000   Number         0  depilogue.o ABSOLUTE
    ../fplib/microlib/fpflt.c                0x00000000   Number         0  dfltui.o ABSOLUTE
    ../fplib/microlib/fpflt.c                0x00000000   Number         0  dflti.o ABSOLUTE
    ../fplib/microlib/fpmul.c                0x00000000   Number         0  dmul.o ABSOLUTE
    ../fplib/microlib/fpscalb.c              0x00000000   Number         0  dscalb.o ABSOLUTE
    ../fplib/microlib/fpsqrt.c               0x00000000   Number         0  dsqrt.o ABSOLUTE
    ../mathlib/acos.c                        0x00000000   Number         0  acos_x.o ABSOLUTE
    ../mathlib/acos.c                        0x00000000   Number         0  acos.o ABSOLUTE
    ../mathlib/dunder.c                      0x00000000   Number         0  dunder.o ABSOLUTE
    ../mathlib/fpclassify.c                  0x00000000   Number         0  fpclassify.o ABSOLUTE
    ../mathlib/poly.c                        0x00000000   Number         0  poly.o ABSOLUTE
    ../mathlib/pow.c                         0x00000000   Number         0  pow.o ABSOLUTE
    ../mathlib/pow.c                         0x00000000   Number         0  pow_x.o ABSOLUTE
    ../mathlib/qnan.c                        0x00000000   Number         0  qnan.o ABSOLUTE
    ../mathlib/sqrt.c                        0x00000000   Number         0  sqrt_x.o ABSOLUTE
    ../mathlib/sqrt.c                        0x00000000   Number         0  sqrt.o ABSOLUTE
    ..\Core\Src\adxl362.c                    0x00000000   Number         0  adxl362.o ABSOLUTE
    ..\Core\Src\cc1101.c                     0x00000000   Number         0  cc1101.o ABSOLUTE
    ..\Core\Src\gpio.c                       0x00000000   Number         0  gpio.o ABSOLUTE
    ..\Core\Src\iwdg.c                       0x00000000   Number         0  iwdg.o ABSOLUTE
    ..\Core\Src\lptim.c                      0x00000000   Number         0  lptim.o ABSOLUTE
    ..\Core\Src\main.c                       0x00000000   Number         0  main.o ABSOLUTE
    ..\Core\Src\rtc.c                        0x00000000   Number         0  rtc.o ABSOLUTE
    ..\Core\Src\spi.c                        0x00000000   Number         0  spi.o ABSOLUTE
    ..\Core\Src\stm32l0xx_hal_msp.c          0x00000000   Number         0  stm32l0xx_hal_msp.o ABSOLUTE
    ..\Core\Src\stm32l0xx_it.c               0x00000000   Number         0  stm32l0xx_it.o ABSOLUTE
    ..\Core\Src\system_stm32l0xx.c           0x00000000   Number         0  system_stm32l0xx.o ABSOLUTE
    ..\Core\Src\usart.c                      0x00000000   Number         0  usart.o ABSOLUTE
    ..\Drivers\STM32L0xx_HAL_Driver\Src\stm32l0xx_hal.c 0x00000000   Number         0  stm32l0xx_hal.o ABSOLUTE
    ..\Drivers\STM32L0xx_HAL_Driver\Src\stm32l0xx_hal_cortex.c 0x00000000   Number         0  stm32l0xx_hal_cortex.o ABSOLUTE
    ..\Drivers\STM32L0xx_HAL_Driver\Src\stm32l0xx_hal_dma.c 0x00000000   Number         0  stm32l0xx_hal_dma.o ABSOLUTE
    ..\Drivers\STM32L0xx_HAL_Driver\Src\stm32l0xx_hal_exti.c 0x00000000   Number         0  stm32l0xx_hal_exti.o ABSOLUTE
    ..\Drivers\STM32L0xx_HAL_Driver\Src\stm32l0xx_hal_flash.c 0x00000000   Number         0  stm32l0xx_hal_flash.o ABSOLUTE
    ..\Drivers\STM32L0xx_HAL_Driver\Src\stm32l0xx_hal_flash_ex.c 0x00000000   Number         0  stm32l0xx_hal_flash_ex.o ABSOLUTE
    ..\Drivers\STM32L0xx_HAL_Driver\Src\stm32l0xx_hal_flash_ramfunc.c 0x00000000   Number         0  stm32l0xx_hal_flash_ramfunc.o ABSOLUTE
    ..\Drivers\STM32L0xx_HAL_Driver\Src\stm32l0xx_hal_gpio.c 0x00000000   Number         0  stm32l0xx_hal_gpio.o ABSOLUTE
    ..\Drivers\STM32L0xx_HAL_Driver\Src\stm32l0xx_hal_i2c.c 0x00000000   Number         0  stm32l0xx_hal_i2c.o ABSOLUTE
    ..\Drivers\STM32L0xx_HAL_Driver\Src\stm32l0xx_hal_i2c_ex.c 0x00000000   Number         0  stm32l0xx_hal_i2c_ex.o ABSOLUTE
    ..\Drivers\STM32L0xx_HAL_Driver\Src\stm32l0xx_hal_pwr.c 0x00000000   Number         0  stm32l0xx_hal_pwr.o ABSOLUTE
    ..\Drivers\STM32L0xx_HAL_Driver\Src\stm32l0xx_hal_pwr_ex.c 0x00000000   Number         0  stm32l0xx_hal_pwr_ex.o ABSOLUTE
    ..\Drivers\STM32L0xx_HAL_Driver\Src\stm32l0xx_hal_rcc.c 0x00000000   Number         0  stm32l0xx_hal_rcc.o ABSOLUTE
    ..\Drivers\STM32L0xx_HAL_Driver\Src\stm32l0xx_hal_rcc_ex.c 0x00000000   Number         0  stm32l0xx_hal_rcc_ex.o ABSOLUTE
    ..\Drivers\STM32L0xx_HAL_Driver\Src\stm32l0xx_hal_rtc.c 0x00000000   Number         0  stm32l0xx_hal_rtc.o ABSOLUTE
    ..\Drivers\STM32L0xx_HAL_Driver\Src\stm32l0xx_hal_rtc_ex.c 0x00000000   Number         0  stm32l0xx_hal_rtc_ex.o ABSOLUTE
    ..\Drivers\STM32L0xx_HAL_Driver\Src\stm32l0xx_hal_tim.c 0x00000000   Number         0  stm32l0xx_hal_tim.o ABSOLUTE
    ..\Drivers\STM32L0xx_HAL_Driver\Src\stm32l0xx_hal_tim_ex.c 0x00000000   Number         0  stm32l0xx_hal_tim_ex.o ABSOLUTE
    ..\Drivers\STM32L0xx_HAL_Driver\Src\stm32l0xx_ll_dma.c 0x00000000   Number         0  stm32l0xx_ll_dma.o ABSOLUTE
    ..\Drivers\STM32L0xx_HAL_Driver\Src\stm32l0xx_ll_exti.c 0x00000000   Number         0  stm32l0xx_ll_exti.o ABSOLUTE
    ..\Drivers\STM32L0xx_HAL_Driver\Src\stm32l0xx_ll_gpio.c 0x00000000   Number         0  stm32l0xx_ll_gpio.o ABSOLUTE
    ..\Drivers\STM32L0xx_HAL_Driver\Src\stm32l0xx_ll_lptim.c 0x00000000   Number         0  stm32l0xx_ll_lptim.o ABSOLUTE
    ..\Drivers\STM32L0xx_HAL_Driver\Src\stm32l0xx_ll_rcc.c 0x00000000   Number         0  stm32l0xx_ll_rcc.o ABSOLUTE
    ..\Drivers\STM32L0xx_HAL_Driver\Src\stm32l0xx_ll_spi.c 0x00000000   Number         0  stm32l0xx_ll_spi.o ABSOLUTE
    ..\Drivers\STM32L0xx_HAL_Driver\Src\stm32l0xx_ll_usart.c 0x00000000   Number         0  stm32l0xx_ll_usart.o ABSOLUTE
    ..\Drivers\STM32L0xx_HAL_Driver\Src\stm32l0xx_ll_utils.c 0x00000000   Number         0  stm32l0xx_ll_utils.o ABSOLUTE
    ..\\Core\\Src\\adxl362.c                 0x00000000   Number         0  adxl362.o ABSOLUTE
    ..\\Core\\Src\\cc1101.c                  0x00000000   Number         0  cc1101.o ABSOLUTE
    cdcmple.s                                0x00000000   Number         0  cdcmple.o ABSOLUTE
    cdrcmple.s                               0x00000000   Number         0  cdrcmple.o ABSOLUTE
    dc.s                                     0x00000000   Number         0  dc.o ABSOLUTE
    handlers.s                               0x00000000   Number         0  handlers.o ABSOLUTE
    init.s                                   0x00000000   Number         0  init.o ABSOLUTE
    startup_stm32l051xx.s                    0x00000000   Number         0  startup_stm32l051xx.o ABSOLUTE
    RESET                                    0x08000000   Section      192  startup_stm32l051xx.o(RESET)
    .ARM.Collect$$$$00000000                 0x080000c0   Section        0  entry.o(.ARM.Collect$$$$00000000)
    .ARM.Collect$$$$00000001                 0x080000c0   Section        4  entry2.o(.ARM.Collect$$$$00000001)
    .ARM.Collect$$$$00000004                 0x080000c4   Section        4  entry5.o(.ARM.Collect$$$$00000004)
    .ARM.Collect$$$$00000008                 0x080000c8   Section        0  entry7b.o(.ARM.Collect$$$$00000008)
    .ARM.Collect$$$$0000000A                 0x080000c8   Section        0  entry8b.o(.ARM.Collect$$$$0000000A)
    .ARM.Collect$$$$0000000B                 0x080000c8   Section        8  entry9a.o(.ARM.Collect$$$$0000000B)
    .ARM.Collect$$$$0000000D                 0x080000d0   Section        0  entry10a.o(.ARM.Collect$$$$0000000D)
    .ARM.Collect$$$$0000000F                 0x080000d0   Section        0  entry11a.o(.ARM.Collect$$$$0000000F)
    .ARM.Collect$$$$00002712                 0x080000d0   Section        4  entry2.o(.ARM.Collect$$$$00002712)
    __lit__00000000                          0x080000d0   Data           4  entry2.o(.ARM.Collect$$$$00002712)
    .text                                    0x080000d4   Section       28  startup_stm32l051xx.o(.text)
    .text                                    0x080000f0   Section        0  uidiv.o(.text)
    .text                                    0x0800011c   Section        0  uldiv.o(.text)
    .text                                    0x0800017c   Section        0  memseta.o(.text)
    .text                                    0x080001a0   Section        0  dadd.o(.text)
    .text                                    0x08000304   Section        0  ddiv.o(.text)
    .text                                    0x080003f4   Section        0  dflti.o(.text)
    .text                                    0x0800041c   Section        0  dfltui.o(.text)
    .text                                    0x08000438   Section       40  cdcmple.o(.text)
    .text                                    0x08000460   Section       40  cdrcmple.o(.text)
    .text                                    0x08000488   Section        0  llshl.o(.text)
    .text                                    0x080004a8   Section        0  llushr.o(.text)
    .text                                    0x080004ca   Section        0  llsshr.o(.text)
    .text                                    0x080004f0   Section        0  depilogue.o(.text)
    .text                                    0x080004f0   Section        0  iusefp.o(.text)
    .text                                    0x080005b0   Section        0  dmul.o(.text)
    .text                                    0x08000680   Section        0  dscalb.o(.text)
    .text                                    0x080006ac   Section        0  dsqrt.o(.text)
    .text                                    0x08000750   Section       36  init.o(.text)
    i.ADXL362FifoProcess                     0x08000774   Section        0  adxl362.o(i.ADXL362FifoProcess)
    i.ADXL362FifoRead                        0x080009cc   Section        0  adxl362.o(i.ADXL362FifoRead)
    i.ADXL362RegisterRead                    0x08000a0c   Section        0  adxl362.o(i.ADXL362RegisterRead)
    i.ADXL362RegisterWrite                   0x08000a54   Section        0  adxl362.o(i.ADXL362RegisterWrite)
    i.ADXL362_Init                           0x08000a98   Section        0  adxl362.o(i.ADXL362_Init)
    i.ADXL362_ReInit                         0x08000c18   Section        0  adxl362.o(i.ADXL362_ReInit)
    i.Activate_SPI                           0x08000cac   Section        0  spi.o(i.Activate_SPI)
    i.CC1101CalcRSSI_dBm                     0x08000cb6   Section        0  cc1101.o(i.CC1101CalcRSSI_dBm)
    i.CC1101ClrRXBuff                        0x08000ccc   Section        0  cc1101.o(i.CC1101ClrRXBuff)
    i.CC1101ClrTXBuff                        0x08000cdc   Section        0  cc1101.o(i.CC1101ClrTXBuff)
    i.CC1101GetRXCnt                         0x08000cec   Section        0  cc1101.o(i.CC1101GetRXCnt)
    i.CC1101Init                             0x08000cfc   Section        0  cc1101.o(i.CC1101Init)
    i.CC1101ReadMultiReg                     0x08000d58   Section        0  cc1101.o(i.CC1101ReadMultiReg)
    i.CC1101ReadReg                          0x08000dac   Section        0  cc1101.o(i.CC1101ReadReg)
    i.CC1101ReadStatus                       0x08000de8   Section        0  cc1101.o(i.CC1101ReadStatus)
    i.CC1101RecPacket                        0x08000e24   Section        0  cc1101.o(i.CC1101RecPacket)
    i.CC1101Reset                            0x08000e88   Section        0  cc1101.o(i.CC1101Reset)
    i.CC1101SendPacket                       0x08000ed4   Section        0  cc1101.o(i.CC1101SendPacket)
    i.CC1101SetAddress                       0x08000f90   Section        0  cc1101.o(i.CC1101SetAddress)
    i.CC1101SetIdle                          0x08000fa4   Section        0  cc1101.o(i.CC1101SetIdle)
    i.CC1101SetSYNC                          0x08000fae   Section        0  cc1101.o(i.CC1101SetSYNC)
    i.CC1101SetTRMode                        0x08000fc4   Section        0  cc1101.o(i.CC1101SetTRMode)
    i.CC1101SetWORMode                       0x08000ffa   Section        0  cc1101.o(i.CC1101SetWORMode)
    i.CC1101WORInit                          0x08001020   Section        0  cc1101.o(i.CC1101WORInit)
    i.CC1101WriteCmd                         0x0800104c   Section        0  cc1101.o(i.CC1101WriteCmd)
    i.CC1101WriteMultiReg                    0x08001078   Section        0  cc1101.o(i.CC1101WriteMultiReg)
    i.CC1101WriteReg                         0x080010c0   Section        0  cc1101.o(i.CC1101WriteReg)
    i.DATAEEPROM_Program                     0x080010f8   Section        0  main.o(i.DATAEEPROM_Program)
    i.EXTI0_1_IRQHandler                     0x08001140   Section        0  stm32l0xx_it.o(i.EXTI0_1_IRQHandler)
    i.EXTI2_3_IRQHandler                     0x08001194   Section        0  stm32l0xx_it.o(i.EXTI2_3_IRQHandler)
    i.EXTI4_15_IRQHandler                    0x080011b8   Section        0  stm32l0xx_it.o(i.EXTI4_15_IRQHandler)
    i.Error_Callback                         0x080011dc   Section        0  usart.o(i.Error_Callback)
    i.Error_Handler                          0x08001248   Section        0  main.o(i.Error_Handler)
    i.FLASH_SetErrorCode                     0x08001264   Section        0  stm32l0xx_hal_flash.o(i.FLASH_SetErrorCode)
    FLASH_SetErrorCode                       0x08001265   Thumb Code   134  stm32l0xx_hal_flash.o(i.FLASH_SetErrorCode)
    i.FLASH_WaitForLastOperation             0x080012f4   Section        0  stm32l0xx_hal_flash.o(i.FLASH_WaitForLastOperation)
    i.GetRTC                                 0x08001364   Section        0  rtc.o(i.GetRTC)
    i.Get_SerialNum                          0x08001384   Section        0  main.o(i.Get_SerialNum)
    i.HAL_Delay                              0x080013dc   Section        0  stm32l0xx_hal.o(i.HAL_Delay)
    i.HAL_FLASHEx_DATAEEPROM_DisableFixedTimeProgram 0x08001400   Section        0  stm32l0xx_hal_flash_ex.o(i.HAL_FLASHEx_DATAEEPROM_DisableFixedTimeProgram)
    i.HAL_FLASHEx_DATAEEPROM_EnableFixedTimeProgram 0x08001410   Section        0  stm32l0xx_hal_flash_ex.o(i.HAL_FLASHEx_DATAEEPROM_EnableFixedTimeProgram)
    i.HAL_FLASHEx_DATAEEPROM_Erase           0x08001420   Section        0  stm32l0xx_hal_flash_ex.o(i.HAL_FLASHEx_DATAEEPROM_Erase)
    i.HAL_FLASHEx_DATAEEPROM_Lock            0x08001448   Section        0  stm32l0xx_hal_flash_ex.o(i.HAL_FLASHEx_DATAEEPROM_Lock)
    i.HAL_FLASHEx_DATAEEPROM_Program         0x0800145c   Section        0  stm32l0xx_hal_flash_ex.o(i.HAL_FLASHEx_DATAEEPROM_Program)
    i.HAL_FLASHEx_DATAEEPROM_Unlock          0x080014b0   Section        0  stm32l0xx_hal_flash_ex.o(i.HAL_FLASHEx_DATAEEPROM_Unlock)
    i.HAL_GPIO_TogglePin                     0x080014e4   Section        0  stm32l0xx_hal_gpio.o(i.HAL_GPIO_TogglePin)
    i.HAL_GPIO_WritePin                      0x080014f4   Section        0  stm32l0xx_hal_gpio.o(i.HAL_GPIO_WritePin)
    i.HAL_GetTick                            0x08001500   Section        0  stm32l0xx_hal.o(i.HAL_GetTick)
    i.HAL_IncTick                            0x0800150c   Section        0  stm32l0xx_hal.o(i.HAL_IncTick)
    i.HAL_Init                               0x0800151c   Section        0  stm32l0xx_hal.o(i.HAL_Init)
    i.HAL_InitTick                           0x08001544   Section        0  stm32l0xx_hal.o(i.HAL_InitTick)
    i.HAL_MspInit                            0x08001588   Section        0  stm32l0xx_hal_msp.o(i.HAL_MspInit)
    i.HAL_NVIC_EnableIRQ                     0x080015a0   Section        0  stm32l0xx_hal_cortex.o(i.HAL_NVIC_EnableIRQ)
    i.HAL_NVIC_SetPriority                   0x080015b8   Section        0  stm32l0xx_hal_cortex.o(i.HAL_NVIC_SetPriority)
    i.HAL_PWREx_EnableFastWakeUp             0x080015c0   Section        0  stm32l0xx_hal_pwr_ex.o(i.HAL_PWREx_EnableFastWakeUp)
    i.HAL_PWREx_EnableUltraLowPower          0x080015d0   Section        0  stm32l0xx_hal_pwr_ex.o(i.HAL_PWREx_EnableUltraLowPower)
    i.HAL_PWR_EnterSTOPMode                  0x080015e0   Section        0  stm32l0xx_hal_pwr.o(i.HAL_PWR_EnterSTOPMode)
    i.HAL_RCCEx_PeriphCLKConfig              0x08001644   Section        0  stm32l0xx_hal_rcc_ex.o(i.HAL_RCCEx_PeriphCLKConfig)
    i.HAL_RCC_ClockConfig                    0x080017a8   Section        0  stm32l0xx_hal_rcc.o(i.HAL_RCC_ClockConfig)
    i.HAL_RCC_GetSysClockFreq                0x08001944   Section        0  stm32l0xx_hal_rcc.o(i.HAL_RCC_GetSysClockFreq)
    i.HAL_RCC_OscConfig                      0x080019bc   Section        0  stm32l0xx_hal_rcc.o(i.HAL_RCC_OscConfig)
    i.HAL_RTCEx_DeactivateWakeUpTimer        0x08001de2   Section        0  stm32l0xx_hal_rtc_ex.o(i.HAL_RTCEx_DeactivateWakeUpTimer)
    i.HAL_RTCEx_SetWakeUpTimer_IT            0x08001e5c   Section        0  stm32l0xx_hal_rtc_ex.o(i.HAL_RTCEx_SetWakeUpTimer_IT)
    i.HAL_RTCEx_WakeUpTimerEventCallback     0x08001f54   Section        0  rtc.o(i.HAL_RTCEx_WakeUpTimerEventCallback)
    i.HAL_RTCEx_WakeUpTimerIRQHandler        0x08001f64   Section        0  stm32l0xx_hal_rtc_ex.o(i.HAL_RTCEx_WakeUpTimerIRQHandler)
    i.HAL_RTC_GetDate                        0x08001f9c   Section        0  stm32l0xx_hal_rtc.o(i.HAL_RTC_GetDate)
    i.HAL_RTC_GetTime                        0x08001fe0   Section        0  stm32l0xx_hal_rtc.o(i.HAL_RTC_GetTime)
    i.HAL_RTC_Init                           0x0800203c   Section        0  stm32l0xx_hal_rtc.o(i.HAL_RTC_Init)
    i.HAL_RTC_MspInit                        0x080020f8   Section        0  rtc.o(i.HAL_RTC_MspInit)
    i.HAL_RTC_SetDate                        0x08002128   Section        0  stm32l0xx_hal_rtc.o(i.HAL_RTC_SetDate)
    i.HAL_RTC_SetTime                        0x080021ec   Section        0  stm32l0xx_hal_rtc.o(i.HAL_RTC_SetTime)
    i.HAL_RTC_WaitForSynchro                 0x080022d4   Section        0  stm32l0xx_hal_rtc.o(i.HAL_RTC_WaitForSynchro)
    i.HAL_SYSTICK_Config                     0x08002308   Section        0  stm32l0xx_hal_cortex.o(i.HAL_SYSTICK_Config)
    i.HardFault_Handler                      0x08002338   Section        0  stm32l0xx_it.o(i.HardFault_Handler)
    i.InitRTC                                0x0800233c   Section        0  rtc.o(i.InitRTC)
    i.LED_Blinking                           0x0800239c   Section        0  main.o(i.LED_Blinking)
    i.LL_APB2_GRP1_EnableClock               0x080023b4   Section        0  usart.o(i.LL_APB2_GRP1_EnableClock)
    LL_APB2_GRP1_EnableClock                 0x080023b5   Thumb Code    18  usart.o(i.LL_APB2_GRP1_EnableClock)
    i.LL_EXTI_Init                           0x080023cc   Section        0  stm32l0xx_ll_exti.o(i.LL_EXTI_Init)
    i.LL_EXTI_IsActiveFlag_0_31              0x0800246c   Section        0  stm32l0xx_it.o(i.LL_EXTI_IsActiveFlag_0_31)
    LL_EXTI_IsActiveFlag_0_31                0x0800246d   Thumb Code    16  stm32l0xx_it.o(i.LL_EXTI_IsActiveFlag_0_31)
    i.LL_GPIO_Init                           0x08002480   Section        0  stm32l0xx_ll_gpio.o(i.LL_GPIO_Init)
    i.LL_GPIO_SetPinMode                     0x0800252e   Section        0  gpio.o(i.LL_GPIO_SetPinMode)
    LL_GPIO_SetPinMode                       0x0800252f   Thumb Code    20  gpio.o(i.LL_GPIO_SetPinMode)
    i.LL_GPIO_SetPinPull                     0x08002542   Section        0  gpio.o(i.LL_GPIO_SetPinPull)
    LL_GPIO_SetPinPull                       0x08002543   Thumb Code    20  gpio.o(i.LL_GPIO_SetPinPull)
    i.LL_IOP_GRP1_EnableClock                0x08002558   Section        0  gpio.o(i.LL_IOP_GRP1_EnableClock)
    LL_IOP_GRP1_EnableClock                  0x08002559   Thumb Code    18  gpio.o(i.LL_IOP_GRP1_EnableClock)
    i.LL_IOP_GRP1_EnableClock                0x08002570   Section        0  spi.o(i.LL_IOP_GRP1_EnableClock)
    LL_IOP_GRP1_EnableClock                  0x08002571   Thumb Code    18  spi.o(i.LL_IOP_GRP1_EnableClock)
    i.LL_IOP_GRP1_EnableClock                0x08002588   Section        0  usart.o(i.LL_IOP_GRP1_EnableClock)
    LL_IOP_GRP1_EnableClock                  0x08002589   Thumb Code    18  usart.o(i.LL_IOP_GRP1_EnableClock)
    i.LL_RCC_GetUSARTClockFreq               0x080025a0   Section        0  stm32l0xx_ll_rcc.o(i.LL_RCC_GetUSARTClockFreq)
    i.LL_RCC_GetUSARTClockSource             0x08002630   Section        0  stm32l0xx_ll_rcc.o(i.LL_RCC_GetUSARTClockSource)
    LL_RCC_GetUSARTClockSource               0x08002631   Thumb Code    12  stm32l0xx_ll_rcc.o(i.LL_RCC_GetUSARTClockSource)
    i.LL_RCC_HSI_IsReady                     0x08002640   Section        0  stm32l0xx_ll_rcc.o(i.LL_RCC_HSI_IsReady)
    LL_RCC_HSI_IsReady                       0x08002641   Thumb Code    10  stm32l0xx_ll_rcc.o(i.LL_RCC_HSI_IsReady)
    i.LL_RCC_IsActiveFlag_HSIDIV             0x08002650   Section        0  stm32l0xx_ll_rcc.o(i.LL_RCC_IsActiveFlag_HSIDIV)
    LL_RCC_IsActiveFlag_HSIDIV               0x08002651   Thumb Code    10  stm32l0xx_ll_rcc.o(i.LL_RCC_IsActiveFlag_HSIDIV)
    i.LL_RCC_LSE_IsReady                     0x08002660   Section        0  stm32l0xx_ll_rcc.o(i.LL_RCC_LSE_IsReady)
    LL_RCC_LSE_IsReady                       0x08002661   Thumb Code    10  stm32l0xx_ll_rcc.o(i.LL_RCC_LSE_IsReady)
    i.LL_SPI_DeInit                          0x08002670   Section        0  stm32l0xx_ll_spi.o(i.LL_SPI_DeInit)
    i.LL_SPI_Init                            0x080026b4   Section        0  stm32l0xx_ll_spi.o(i.LL_SPI_Init)
    i.LL_SYSCFG_SetEXTISource                0x08002720   Section        0  gpio.o(i.LL_SYSCFG_SetEXTISource)
    LL_SYSCFG_SetEXTISource                  0x08002721   Thumb Code    28  gpio.o(i.LL_SYSCFG_SetEXTISource)
    i.LL_USART_DeInit                        0x08002740   Section        0  stm32l0xx_ll_usart.o(i.LL_USART_DeInit)
    i.LL_USART_Init                          0x08002788   Section        0  stm32l0xx_ll_usart.o(i.LL_USART_Init)
    i.LPTIM1_Counter_Start_IT                0x08002830   Section        0  lptim.o(i.LPTIM1_Counter_Start_IT)
    i.LPTIM1_IRQHandler                      0x08002864   Section        0  stm32l0xx_it.o(i.LPTIM1_IRQHandler)
    i.LPTimerAutoreloadMatch_Callback        0x08002884   Section        0  lptim.o(i.LPTimerAutoreloadMatch_Callback)
    i.MX_GPIO_Init                           0x080028b8   Section        0  gpio.o(i.MX_GPIO_Init)
    i.MX_IWDG_Init                           0x08002b78   Section        0  iwdg.o(i.MX_IWDG_Init)
    i.MX_LPTIM1_Init                         0x08002bac   Section        0  lptim.o(i.MX_LPTIM1_Init)
    i.MX_RTC_Init                            0x08002c28   Section        0  rtc.o(i.MX_RTC_Init)
    i.MX_SPI1_DeInit                         0x08002cbc   Section        0  spi.o(i.MX_SPI1_DeInit)
    i.MX_SPI1_Init                           0x08002d2c   Section        0  spi.o(i.MX_SPI1_Init)
    i.MX_SPI2_DeInit                         0x08002dd8   Section        0  spi.o(i.MX_SPI2_DeInit)
    i.MX_SPI2_Init                           0x08002e48   Section        0  spi.o(i.MX_SPI2_Init)
    i.MX_USART1_UART_DeInit                  0x08002ef4   Section        0  usart.o(i.MX_USART1_UART_DeInit)
    i.MX_USART1_UART_Init                    0x08002f50   Section        0  usart.o(i.MX_USART1_UART_Init)
    i.NMI_Handler                            0x08003004   Section        0  stm32l0xx_it.o(i.NMI_Handler)
    i.Package_Array                          0x08003008   Section        0  main.o(i.Package_Array)
    i.PendSV_Handler                         0x08003044   Section        0  stm32l0xx_it.o(i.PendSV_Handler)
    i.RCC_GetHCLKClockFreq                   0x08003048   Section        0  stm32l0xx_ll_rcc.o(i.RCC_GetHCLKClockFreq)
    i.RCC_GetPCLK1ClockFreq                  0x08003064   Section        0  stm32l0xx_ll_rcc.o(i.RCC_GetPCLK1ClockFreq)
    i.RCC_GetPCLK2ClockFreq                  0x0800307c   Section        0  stm32l0xx_ll_rcc.o(i.RCC_GetPCLK2ClockFreq)
    i.RCC_GetSystemClockFreq                 0x08003094   Section        0  stm32l0xx_ll_rcc.o(i.RCC_GetSystemClockFreq)
    i.RCC_PLL_GetFreqDomain_SYS              0x080030e8   Section        0  stm32l0xx_ll_rcc.o(i.RCC_PLL_GetFreqDomain_SYS)
    i.RFIDInitial                            0x08003138   Section        0  cc1101.o(i.RFIDInitial)
    i.RF_RecvHandler                         0x08003174   Section        0  main.o(i.RF_RecvHandler)
    i.RF_SendPacket                          0x08003260   Section        0  main.o(i.RF_SendPacket)
    i.RTC_Bcd2ToByte                         0x080036d0   Section        0  stm32l0xx_hal_rtc.o(i.RTC_Bcd2ToByte)
    i.RTC_ByteToBcd2                         0x080036e0   Section        0  stm32l0xx_hal_rtc.o(i.RTC_ByteToBcd2)
    i.RTC_EnterInitMode                      0x080036f8   Section        0  stm32l0xx_hal_rtc.o(i.RTC_EnterInitMode)
    i.RTC_IRQHandler                         0x08003730   Section        0  stm32l0xx_it.o(i.RTC_IRQHandler)
    i.SPI_ExchangeByte                       0x08003740   Section        0  spi.o(i.SPI_ExchangeByte)
    i.SVC_Handler                            0x08003758   Section        0  stm32l0xx_it.o(i.SVC_Handler)
    i.SetRTC                                 0x0800375c   Section        0  rtc.o(i.SetRTC)
    i.Show_Message                           0x080037bc   Section        0  main.o(i.Show_Message)
    i.SpiFunction                            0x08003830   Section        0  spi.o(i.SpiFunction)
    i.SysTick_Handler                        0x08003864   Section        0  stm32l0xx_it.o(i.SysTick_Handler)
    i.SystemClock_Config                     0x0800386c   Section        0  main.o(i.SystemClock_Config)
    i.SystemInit                             0x080038fc   Section        0  system_stm32l0xx.o(i.SystemInit)
    i.System_Initial                         0x08003950   Section        0  main.o(i.System_Initial)
    i.USART1_IRQHandler                      0x08003a00   Section        0  stm32l0xx_it.o(i.USART1_IRQHandler)
    i.USART_CharReception_Callback           0x08003a24   Section        0  usart.o(i.USART_CharReception_Callback)
    i.__ARM_clz                              0x08003a5c   Section        0  depilogue.o(i.__ARM_clz)
    i.__ARM_common_ll_muluu                  0x08003a8a   Section        0  stm32l0xx_hal_rcc.o(i.__ARM_common_ll_muluu)
    i.__ARM_fpclassify                       0x08003abc   Section        0  fpclassify.o(i.__ARM_fpclassify)
    i.__NVIC_EnableIRQ                       0x08003ae8   Section        0  gpio.o(i.__NVIC_EnableIRQ)
    __NVIC_EnableIRQ                         0x08003ae9   Thumb Code    18  gpio.o(i.__NVIC_EnableIRQ)
    i.__NVIC_SetPriority                     0x08003b00   Section        0  gpio.o(i.__NVIC_SetPriority)
    __NVIC_SetPriority                       0x08003b01   Thumb Code    60  gpio.o(i.__NVIC_SetPriority)
    i.__NVIC_SetPriority                     0x08003b44   Section        0  stm32l0xx_hal_cortex.o(i.__NVIC_SetPriority)
    __NVIC_SetPriority                       0x08003b45   Thumb Code    60  stm32l0xx_hal_cortex.o(i.__NVIC_SetPriority)
    i.__kernel_poly                          0x08003b88   Section        0  poly.o(i.__kernel_poly)
    i.__mathlib_dbl_divzero                  0x08003c34   Section        0  dunder.o(i.__mathlib_dbl_divzero)
    i.__mathlib_dbl_infnan                   0x08003c48   Section        0  dunder.o(i.__mathlib_dbl_infnan)
    i.__mathlib_dbl_infnan2                  0x08003c52   Section        0  dunder.o(i.__mathlib_dbl_infnan2)
    i.__mathlib_dbl_invalid                  0x08003c5a   Section        0  dunder.o(i.__mathlib_dbl_invalid)
    i.__mathlib_dbl_overflow                 0x08003c6c   Section        0  dunder.o(i.__mathlib_dbl_overflow)
    i.__mathlib_dbl_underflow                0x08003c80   Section        0  dunder.o(i.__mathlib_dbl_underflow)
    i.__scatterload_copy                     0x08003c94   Section       14  handlers.o(i.__scatterload_copy)
    i.__scatterload_null                     0x08003ca2   Section        2  handlers.o(i.__scatterload_null)
    i.__scatterload_zeroinit                 0x08003ca4   Section       14  handlers.o(i.__scatterload_zeroinit)
    i.__set_errno                            0x08003cb4   Section        0  errno.o(i.__set_errno)
    i.acos                                   0x08003cc0   Section        0  acos.o(i.acos)
    i.main                                   0x08003f28   Section        0  main.o(i.main)
    i.pow                                    0x080040e8   Section        0  pow.o(i.pow)
    i.sqrt                                   0x08004ae4   Section        0  sqrt.o(i.sqrt)
    .constdata                               0x08004b2c   Section       94  cc1101.o(.constdata)
    CC1101InitData                           0x08004b2c   Data          94  cc1101.o(.constdata)
    .constdata                               0x08004b8a   Section       25  system_stm32l0xx.o(.constdata)
    .constdata                               0x08004ba3   Section        8  system_stm32l0xx.o(.constdata)
    .constdata                               0x08004bb0   Section       80  acos.o(.constdata)
    pS                                       0x08004bb0   Data          48  acos.o(.constdata)
    qS                                       0x08004be0   Data          32  acos.o(.constdata)
    .constdata                               0x08004c00   Section      136  pow.o(.constdata)
    bp                                       0x08004c00   Data          16  pow.o(.constdata)
    dp_h                                     0x08004c10   Data          16  pow.o(.constdata)
    dp_l                                     0x08004c20   Data          16  pow.o(.constdata)
    L                                        0x08004c30   Data          48  pow.o(.constdata)
    P                                        0x08004c60   Data          40  pow.o(.constdata)
    .constdata                               0x08004c88   Section        8  qnan.o(.constdata)
    .data                                    0x20000000   Section       24  adxl362.o(.data)
    angle_num                                0x20000000   Data           1  adxl362.o(.data)
    angle_sum                                0x20000008   Data           8  adxl362.o(.data)
    angle_avg                                0x20000010   Data           8  adxl362.o(.data)
    .data                                    0x20000018   Section        1  adxl362.o(.data)
    .data                                    0x20000019   Section       10  cc1101.o(.data)
    .data                                    0x20000024   Section       10  main.o(.data)
    rxIndex                                  0x20000024   Data           1  main.o(.data)
    ChipAddr                                 0x20000025   Data           1  main.o(.data)
    RSSI                                     0x20000026   Data           1  main.o(.data)
    addrEeprom                               0x20000029   Data           1  main.o(.data)
    batteryLow                               0x2000002a   Data           1  main.o(.data)
    syncEeprom                               0x2000002c   Data           2  main.o(.data)
    .data                                    0x2000002e   Section        6  lptim.o(.data)
    .data                                    0x20000034   Section        4  rtc.o(.data)
    .data                                    0x20000038   Section       12  stm32l0xx_hal.o(.data)
    .data                                    0x20000044   Section        4  system_stm32l0xx.o(.data)
    .data                                    0x20000048   Section        4  errno.o(.data)
    _errno                                   0x20000048   Data           4  errno.o(.data)
    .bss                                     0x20000050   Section     1254  adxl362.o(.bss)
    xAxis                                    0x20000050   Data          10  adxl362.o(.bss)
    yAxis                                    0x2000005a   Data          10  adxl362.o(.bss)
    zAxis                                    0x20000064   Data          10  adxl362.o(.bss)
    temp                                     0x2000006e   Data          10  adxl362.o(.bss)
    angle                                    0x20000078   Data          40  adxl362.o(.bss)
    .bss                                     0x20000538   Section      228  main.o(.bss)
    SendBuffer                               0x20000538   Data         180  main.o(.bss)
    RecvBuffer                               0x200005ec   Data          24  main.o(.bss)
    .bss                                     0x2000061c   Section       20  rtc.o(.bss)
    .bss                                     0x20000630   Section       36  rtc.o(.bss)
    .bss                                     0x20000654   Section       26  usart.o(.bss)
    .bss                                     0x20000670   Section       24  stm32l0xx_hal_flash.o(.bss)
    STACK                                    0x20000688   Section     1024  startup_stm32l051xx.o(STACK)

    Global Symbols

    Symbol Name                              Value     Ov Type        Size  Object(Section)

    BuildAttributes$$THM_ISAv3M$S$PE$A:L22$X:L11$S22$IEEE1$IW$USESV6$~STKCKD$USESV7$~SHL$OTIME$ROPI$IEEEX$EBA8$MICROLIB$REQ8$PRES8$EABIv2 0x00000000   Number         0  anon$$obj.o ABSOLUTE
    __ARM_use_no_argv                        0x00000000   Number         0  main.o ABSOLUTE
    __cpp_initialize__aeabi_                  - Undefined Weak Reference
    __cxa_finalize                            - Undefined Weak Reference
    __decompress                              - Undefined Weak Reference
    _clock_init                               - Undefined Weak Reference
    _microlib_exit                            - Undefined Weak Reference
    __Vectors_Size                           0x000000c0   Number         0  startup_stm32l051xx.o ABSOLUTE
    __Vectors                                0x08000000   Data           4  startup_stm32l051xx.o(RESET)
    __Vectors_End                            0x080000c0   Data           0  startup_stm32l051xx.o(RESET)
    __main                                   0x080000c1   Thumb Code     0  entry.o(.ARM.Collect$$$$00000000)
    _main_stk                                0x080000c1   Thumb Code     0  entry2.o(.ARM.Collect$$$$00000001)
    _main_scatterload                        0x080000c5   Thumb Code     0  entry5.o(.ARM.Collect$$$$00000004)
    __main_after_scatterload                 0x080000c9   Thumb Code     0  entry5.o(.ARM.Collect$$$$00000004)
    _main_clock                              0x080000c9   Thumb Code     0  entry7b.o(.ARM.Collect$$$$00000008)
    _main_cpp_init                           0x080000c9   Thumb Code     0  entry8b.o(.ARM.Collect$$$$0000000A)
    _main_init                               0x080000c9   Thumb Code     0  entry9a.o(.ARM.Collect$$$$0000000B)
    __rt_final_cpp                           0x080000d1   Thumb Code     0  entry10a.o(.ARM.Collect$$$$0000000D)
    __rt_final_exit                          0x080000d1   Thumb Code     0  entry11a.o(.ARM.Collect$$$$0000000F)
    Reset_Handler                            0x080000d5   Thumb Code     8  startup_stm32l051xx.o(.text)
    ADC1_COMP_IRQHandler                     0x080000e7   Thumb Code     0  startup_stm32l051xx.o(.text)
    DMA1_Channel1_IRQHandler                 0x080000e7   Thumb Code     0  startup_stm32l051xx.o(.text)
    DMA1_Channel2_3_IRQHandler               0x080000e7   Thumb Code     0  startup_stm32l051xx.o(.text)
    DMA1_Channel4_5_6_7_IRQHandler           0x080000e7   Thumb Code     0  startup_stm32l051xx.o(.text)
    FLASH_IRQHandler                         0x080000e7   Thumb Code     0  startup_stm32l051xx.o(.text)
    I2C1_IRQHandler                          0x080000e7   Thumb Code     0  startup_stm32l051xx.o(.text)
    I2C2_IRQHandler                          0x080000e7   Thumb Code     0  startup_stm32l051xx.o(.text)
    LPUART1_IRQHandler                       0x080000e7   Thumb Code     0  startup_stm32l051xx.o(.text)
    PVD_IRQHandler                           0x080000e7   Thumb Code     0  startup_stm32l051xx.o(.text)
    RCC_IRQHandler                           0x080000e7   Thumb Code     0  startup_stm32l051xx.o(.text)
    SPI1_IRQHandler                          0x080000e7   Thumb Code     0  startup_stm32l051xx.o(.text)
    SPI2_IRQHandler                          0x080000e7   Thumb Code     0  startup_stm32l051xx.o(.text)
    TIM21_IRQHandler                         0x080000e7   Thumb Code     0  startup_stm32l051xx.o(.text)
    TIM22_IRQHandler                         0x080000e7   Thumb Code     0  startup_stm32l051xx.o(.text)
    TIM2_IRQHandler                          0x080000e7   Thumb Code     0  startup_stm32l051xx.o(.text)
    TIM6_IRQHandler                          0x080000e7   Thumb Code     0  startup_stm32l051xx.o(.text)
    USART2_IRQHandler                        0x080000e7   Thumb Code     0  startup_stm32l051xx.o(.text)
    WWDG_IRQHandler                          0x080000e7   Thumb Code     0  startup_stm32l051xx.o(.text)
    __aeabi_uidiv                            0x080000f1   Thumb Code     0  uidiv.o(.text)
    __aeabi_uidivmod                         0x080000f1   Thumb Code    44  uidiv.o(.text)
    __aeabi_uldivmod                         0x0800011d   Thumb Code    96  uldiv.o(.text)
    __aeabi_memset                           0x0800017d   Thumb Code    14  memseta.o(.text)
    __aeabi_memset4                          0x0800017d   Thumb Code     0  memseta.o(.text)
    __aeabi_memset8                          0x0800017d   Thumb Code     0  memseta.o(.text)
    __aeabi_memclr                           0x0800018b   Thumb Code     4  memseta.o(.text)
    __aeabi_memclr4                          0x0800018b   Thumb Code     0  memseta.o(.text)
    __aeabi_memclr8                          0x0800018b   Thumb Code     0  memseta.o(.text)
    _memset$wrapper                          0x0800018f   Thumb Code    18  memseta.o(.text)
    __aeabi_dadd                             0x080001a1   Thumb Code   328  dadd.o(.text)
    __aeabi_dsub                             0x080002e9   Thumb Code    12  dadd.o(.text)
    __aeabi_drsub                            0x080002f5   Thumb Code    12  dadd.o(.text)
    __aeabi_ddiv                             0x08000305   Thumb Code   234  ddiv.o(.text)
    __aeabi_i2d                              0x080003f5   Thumb Code    34  dflti.o(.text)
    __aeabi_ui2d                             0x0800041d   Thumb Code    24  dfltui.o(.text)
    __aeabi_cdcmpeq                          0x08000439   Thumb Code     0  cdcmple.o(.text)
    __aeabi_cdcmple                          0x08000439   Thumb Code    38  cdcmple.o(.text)
    __aeabi_cdrcmple                         0x08000461   Thumb Code    38  cdrcmple.o(.text)
    __aeabi_llsl                             0x08000489   Thumb Code    32  llshl.o(.text)
    _ll_shift_l                              0x08000489   Thumb Code     0  llshl.o(.text)
    __aeabi_llsr                             0x080004a9   Thumb Code    34  llushr.o(.text)
    _ll_ushift_r                             0x080004a9   Thumb Code     0  llushr.o(.text)
    __aeabi_lasr                             0x080004cb   Thumb Code    38  llsshr.o(.text)
    _ll_sshift_r                             0x080004cb   Thumb Code     0  llsshr.o(.text)
    __I$use$fp                               0x080004f1   Thumb Code     0  iusefp.o(.text)
    _double_round                            0x080004f1   Thumb Code    26  depilogue.o(.text)
    _double_epilogue                         0x0800050b   Thumb Code   164  depilogue.o(.text)
    __aeabi_dmul                             0x080005b1   Thumb Code   202  dmul.o(.text)
    __ARM_scalbn                             0x08000681   Thumb Code    44  dscalb.o(.text)
    scalbn                                   0x08000681   Thumb Code     0  dscalb.o(.text)
    _dsqrt                                   0x080006ad   Thumb Code   162  dsqrt.o(.text)
    __scatterload                            0x08000751   Thumb Code    28  init.o(.text)
    __scatterload_rt2                        0x08000751   Thumb Code     0  init.o(.text)
    ADXL362FifoProcess                       0x08000775   Thumb Code   576  adxl362.o(i.ADXL362FifoProcess)
    ADXL362FifoRead                          0x080009cd   Thumb Code    56  adxl362.o(i.ADXL362FifoRead)
    ADXL362RegisterRead                      0x08000a0d   Thumb Code    62  adxl362.o(i.ADXL362RegisterRead)
    ADXL362RegisterWrite                     0x08000a55   Thumb Code    60  adxl362.o(i.ADXL362RegisterWrite)
    ADXL362_Init                             0x08000a99   Thumb Code   374  adxl362.o(i.ADXL362_Init)
    ADXL362_ReInit                           0x08000c19   Thumb Code   148  adxl362.o(i.ADXL362_ReInit)
    Activate_SPI                             0x08000cad   Thumb Code    10  spi.o(i.Activate_SPI)
    CC1101CalcRSSI_dBm                       0x08000cb7   Thumb Code    22  cc1101.o(i.CC1101CalcRSSI_dBm)
    CC1101ClrRXBuff                          0x08000ccd   Thumb Code    16  cc1101.o(i.CC1101ClrRXBuff)
    CC1101ClrTXBuff                          0x08000cdd   Thumb Code    16  cc1101.o(i.CC1101ClrTXBuff)
    CC1101GetRXCnt                           0x08000ced   Thumb Code    14  cc1101.o(i.CC1101GetRXCnt)
    CC1101Init                               0x08000cfd   Thumb Code    80  cc1101.o(i.CC1101Init)
    CC1101ReadMultiReg                       0x08000d59   Thumb Code    78  cc1101.o(i.CC1101ReadMultiReg)
    CC1101ReadReg                            0x08000dad   Thumb Code    54  cc1101.o(i.CC1101ReadReg)
    CC1101ReadStatus                         0x08000de9   Thumb Code    54  cc1101.o(i.CC1101ReadStatus)
    CC1101RecPacket                          0x08000e25   Thumb Code   100  cc1101.o(i.CC1101RecPacket)
    CC1101Reset                              0x08000e89   Thumb Code    74  cc1101.o(i.CC1101Reset)
    CC1101SendPacket                         0x08000ed5   Thumb Code   184  cc1101.o(i.CC1101SendPacket)
    CC1101SetAddress                         0x08000f91   Thumb Code    20  cc1101.o(i.CC1101SetAddress)
    CC1101SetIdle                            0x08000fa5   Thumb Code    10  cc1101.o(i.CC1101SetIdle)
    CC1101SetSYNC                            0x08000faf   Thumb Code    22  cc1101.o(i.CC1101SetSYNC)
    CC1101SetTRMode                          0x08000fc5   Thumb Code    54  cc1101.o(i.CC1101SetTRMode)
    CC1101SetWORMode                         0x08000ffb   Thumb Code    38  cc1101.o(i.CC1101SetWORMode)
    CC1101WORInit                            0x08001021   Thumb Code    44  cc1101.o(i.CC1101WORInit)
    CC1101WriteCmd                           0x0800104d   Thumb Code    38  cc1101.o(i.CC1101WriteCmd)
    CC1101WriteMultiReg                      0x08001079   Thumb Code    68  cc1101.o(i.CC1101WriteMultiReg)
    CC1101WriteReg                           0x080010c1   Thumb Code    50  cc1101.o(i.CC1101WriteReg)
    DATAEEPROM_Program                       0x080010f9   Thumb Code    62  main.o(i.DATAEEPROM_Program)
    EXTI0_1_IRQHandler                       0x08001141   Thumb Code    62  stm32l0xx_it.o(i.EXTI0_1_IRQHandler)
    EXTI2_3_IRQHandler                       0x08001195   Thumb Code    26  stm32l0xx_it.o(i.EXTI2_3_IRQHandler)
    EXTI4_15_IRQHandler                      0x080011b9   Thumb Code    26  stm32l0xx_it.o(i.EXTI4_15_IRQHandler)
    Error_Callback                           0x080011dd   Thumb Code    96  usart.o(i.Error_Callback)
    Error_Handler                            0x08001249   Thumb Code    24  main.o(i.Error_Handler)
    FLASH_WaitForLastOperation               0x080012f5   Thumb Code   106  stm32l0xx_hal_flash.o(i.FLASH_WaitForLastOperation)
    GetRTC                                   0x08001365   Thumb Code    26  rtc.o(i.GetRTC)
    Get_SerialNum                            0x08001385   Thumb Code    78  main.o(i.Get_SerialNum)
    HAL_Delay                                0x080013dd   Thumb Code    32  stm32l0xx_hal.o(i.HAL_Delay)
    HAL_FLASHEx_DATAEEPROM_DisableFixedTimeProgram 0x08001401   Thumb Code    12  stm32l0xx_hal_flash_ex.o(i.HAL_FLASHEx_DATAEEPROM_DisableFixedTimeProgram)
    HAL_FLASHEx_DATAEEPROM_EnableFixedTimeProgram 0x08001411   Thumb Code    12  stm32l0xx_hal_flash_ex.o(i.HAL_FLASHEx_DATAEEPROM_EnableFixedTimeProgram)
    HAL_FLASHEx_DATAEEPROM_Erase             0x08001421   Thumb Code    30  stm32l0xx_hal_flash_ex.o(i.HAL_FLASHEx_DATAEEPROM_Erase)
    HAL_FLASHEx_DATAEEPROM_Lock              0x08001449   Thumb Code    14  stm32l0xx_hal_flash_ex.o(i.HAL_FLASHEx_DATAEEPROM_Lock)
    HAL_FLASHEx_DATAEEPROM_Program           0x0800145d   Thumb Code    76  stm32l0xx_hal_flash_ex.o(i.HAL_FLASHEx_DATAEEPROM_Program)
    HAL_FLASHEx_DATAEEPROM_Unlock            0x080014b1   Thumb Code    40  stm32l0xx_hal_flash_ex.o(i.HAL_FLASHEx_DATAEEPROM_Unlock)
    HAL_GPIO_TogglePin                       0x080014e5   Thumb Code    16  stm32l0xx_hal_gpio.o(i.HAL_GPIO_TogglePin)
    HAL_GPIO_WritePin                        0x080014f5   Thumb Code    12  stm32l0xx_hal_gpio.o(i.HAL_GPIO_WritePin)
    HAL_GetTick                              0x08001501   Thumb Code     6  stm32l0xx_hal.o(i.HAL_GetTick)
    HAL_IncTick                              0x0800150d   Thumb Code    12  stm32l0xx_hal.o(i.HAL_IncTick)
    HAL_Init                                 0x0800151d   Thumb Code    36  stm32l0xx_hal.o(i.HAL_Init)
    HAL_InitTick                             0x08001545   Thumb Code    58  stm32l0xx_hal.o(i.HAL_InitTick)
    HAL_MspInit                              0x08001589   Thumb Code    20  stm32l0xx_hal_msp.o(i.HAL_MspInit)
    HAL_NVIC_EnableIRQ                       0x080015a1   Thumb Code    18  stm32l0xx_hal_cortex.o(i.HAL_NVIC_EnableIRQ)
    HAL_NVIC_SetPriority                     0x080015b9   Thumb Code     8  stm32l0xx_hal_cortex.o(i.HAL_NVIC_SetPriority)
    HAL_PWREx_EnableFastWakeUp               0x080015c1   Thumb Code    12  stm32l0xx_hal_pwr_ex.o(i.HAL_PWREx_EnableFastWakeUp)
    HAL_PWREx_EnableUltraLowPower            0x080015d1   Thumb Code    12  stm32l0xx_hal_pwr_ex.o(i.HAL_PWREx_EnableUltraLowPower)
    HAL_PWR_EnterSTOPMode                    0x080015e1   Thumb Code    88  stm32l0xx_hal_pwr.o(i.HAL_PWR_EnterSTOPMode)
    HAL_RCCEx_PeriphCLKConfig                0x08001645   Thumb Code   342  stm32l0xx_hal_rcc_ex.o(i.HAL_RCCEx_PeriphCLKConfig)
    HAL_RCC_ClockConfig                      0x080017a9   Thumb Code   386  stm32l0xx_hal_rcc.o(i.HAL_RCC_ClockConfig)
    HAL_RCC_GetSysClockFreq                  0x08001945   Thumb Code   108  stm32l0xx_hal_rcc.o(i.HAL_RCC_GetSysClockFreq)
    HAL_RCC_OscConfig                        0x080019bd   Thumb Code  1062  stm32l0xx_hal_rcc.o(i.HAL_RCC_OscConfig)
    HAL_RTCEx_DeactivateWakeUpTimer          0x08001de3   Thumb Code   122  stm32l0xx_hal_rtc_ex.o(i.HAL_RTCEx_DeactivateWakeUpTimer)
    HAL_RTCEx_SetWakeUpTimer_IT              0x08001e5d   Thumb Code   238  stm32l0xx_hal_rtc_ex.o(i.HAL_RTCEx_SetWakeUpTimer_IT)
    HAL_RTCEx_WakeUpTimerEventCallback       0x08001f55   Thumb Code    12  rtc.o(i.HAL_RTCEx_WakeUpTimerEventCallback)
    HAL_RTCEx_WakeUpTimerIRQHandler          0x08001f65   Thumb Code    48  stm32l0xx_hal_rtc_ex.o(i.HAL_RTCEx_WakeUpTimerIRQHandler)
    HAL_RTC_GetDate                          0x08001f9d   Thumb Code    68  stm32l0xx_hal_rtc.o(i.HAL_RTC_GetDate)
    HAL_RTC_GetTime                          0x08001fe1   Thumb Code    88  stm32l0xx_hal_rtc.o(i.HAL_RTC_GetTime)
    HAL_RTC_Init                             0x0800203d   Thumb Code   184  stm32l0xx_hal_rtc.o(i.HAL_RTC_Init)
    HAL_RTC_MspInit                          0x080020f9   Thumb Code    40  rtc.o(i.HAL_RTC_MspInit)
    HAL_RTC_SetDate                          0x08002129   Thumb Code   190  stm32l0xx_hal_rtc.o(i.HAL_RTC_SetDate)
    HAL_RTC_SetTime                          0x080021ed   Thumb Code   228  stm32l0xx_hal_rtc.o(i.HAL_RTC_SetTime)
    HAL_RTC_WaitForSynchro                   0x080022d5   Thumb Code    52  stm32l0xx_hal_rtc.o(i.HAL_RTC_WaitForSynchro)
    HAL_SYSTICK_Config                       0x08002309   Thumb Code    38  stm32l0xx_hal_cortex.o(i.HAL_SYSTICK_Config)
    HardFault_Handler                        0x08002339   Thumb Code     2  stm32l0xx_it.o(i.HardFault_Handler)
    InitRTC                                  0x0800233d   Thumb Code    90  rtc.o(i.InitRTC)
    LED_Blinking                             0x0800239d   Thumb Code    20  main.o(i.LED_Blinking)
    LL_EXTI_Init                             0x080023cd   Thumb Code   156  stm32l0xx_ll_exti.o(i.LL_EXTI_Init)
    LL_GPIO_Init                             0x08002481   Thumb Code   174  stm32l0xx_ll_gpio.o(i.LL_GPIO_Init)
    LL_RCC_GetUSARTClockFreq                 0x080025a1   Thumb Code   132  stm32l0xx_ll_rcc.o(i.LL_RCC_GetUSARTClockFreq)
    LL_SPI_DeInit                            0x08002671   Thumb Code    56  stm32l0xx_ll_spi.o(i.LL_SPI_DeInit)
    LL_SPI_Init                              0x080026b5   Thumb Code   102  stm32l0xx_ll_spi.o(i.LL_SPI_Init)
    LL_USART_DeInit                          0x08002741   Thumb Code    58  stm32l0xx_ll_usart.o(i.LL_USART_DeInit)
    LL_USART_Init                            0x08002789   Thumb Code   150  stm32l0xx_ll_usart.o(i.LL_USART_Init)
    LPTIM1_Counter_Start_IT                  0x08002831   Thumb Code    44  lptim.o(i.LPTIM1_Counter_Start_IT)
    LPTIM1_IRQHandler                        0x08002865   Thumb Code    26  stm32l0xx_it.o(i.LPTIM1_IRQHandler)
    LPTimerAutoreloadMatch_Callback          0x08002885   Thumb Code    48  lptim.o(i.LPTimerAutoreloadMatch_Callback)
    MX_GPIO_Init                             0x080028b9   Thumb Code   692  gpio.o(i.MX_GPIO_Init)
    MX_IWDG_Init                             0x08002b79   Thumb Code    30  iwdg.o(i.MX_IWDG_Init)
    MX_LPTIM1_Init                           0x08002bad   Thumb Code   106  lptim.o(i.MX_LPTIM1_Init)
    MX_RTC_Init                              0x08002c29   Thumb Code   138  rtc.o(i.MX_RTC_Init)
    MX_SPI1_DeInit                           0x08002cbd   Thumb Code   102  spi.o(i.MX_SPI1_DeInit)
    MX_SPI1_Init                             0x08002d2d   Thumb Code   164  spi.o(i.MX_SPI1_Init)
    MX_SPI2_DeInit                           0x08002dd9   Thumb Code   100  spi.o(i.MX_SPI2_DeInit)
    MX_SPI2_Init                             0x08002e49   Thumb Code   158  spi.o(i.MX_SPI2_Init)
    MX_USART1_UART_DeInit                    0x08002ef5   Thumb Code    88  usart.o(i.MX_USART1_UART_DeInit)
    MX_USART1_UART_Init                      0x08002f51   Thumb Code   168  usart.o(i.MX_USART1_UART_Init)
    NMI_Handler                              0x08003005   Thumb Code     2  stm32l0xx_it.o(i.NMI_Handler)
    Package_Array                            0x08003009   Thumb Code    56  main.o(i.Package_Array)
    PendSV_Handler                           0x08003045   Thumb Code     2  stm32l0xx_it.o(i.PendSV_Handler)
    RCC_GetHCLKClockFreq                     0x08003049   Thumb Code    18  stm32l0xx_ll_rcc.o(i.RCC_GetHCLKClockFreq)
    RCC_GetPCLK1ClockFreq                    0x08003065   Thumb Code    16  stm32l0xx_ll_rcc.o(i.RCC_GetPCLK1ClockFreq)
    RCC_GetPCLK2ClockFreq                    0x0800307d   Thumb Code    16  stm32l0xx_ll_rcc.o(i.RCC_GetPCLK2ClockFreq)
    RCC_GetSystemClockFreq                   0x08003095   Thumb Code    64  stm32l0xx_ll_rcc.o(i.RCC_GetSystemClockFreq)
    RCC_PLL_GetFreqDomain_SYS                0x080030e9   Thumb Code    58  stm32l0xx_ll_rcc.o(i.RCC_PLL_GetFreqDomain_SYS)
    RFIDInitial                              0x08003139   Thumb Code    56  cc1101.o(i.RFIDInitial)
    RF_RecvHandler                           0x08003175   Thumb Code   222  main.o(i.RF_RecvHandler)
    RF_SendPacket                            0x08003261   Thumb Code  1130  main.o(i.RF_SendPacket)
    RTC_Bcd2ToByte                           0x080036d1   Thumb Code    16  stm32l0xx_hal_rtc.o(i.RTC_Bcd2ToByte)
    RTC_ByteToBcd2                           0x080036e1   Thumb Code    24  stm32l0xx_hal_rtc.o(i.RTC_ByteToBcd2)
    RTC_EnterInitMode                        0x080036f9   Thumb Code    56  stm32l0xx_hal_rtc.o(i.RTC_EnterInitMode)
    RTC_IRQHandler                           0x08003731   Thumb Code    10  stm32l0xx_it.o(i.RTC_IRQHandler)
    SPI_ExchangeByte                         0x08003741   Thumb Code    24  spi.o(i.SPI_ExchangeByte)
    SVC_Handler                              0x08003759   Thumb Code     2  stm32l0xx_it.o(i.SVC_Handler)
    SetRTC                                   0x0800375d   Thumb Code    92  rtc.o(i.SetRTC)
    Show_Message                             0x080037bd   Thumb Code   112  main.o(i.Show_Message)
    SpiFunction                              0x08003831   Thumb Code    52  spi.o(i.SpiFunction)
    SysTick_Handler                          0x08003865   Thumb Code     8  stm32l0xx_it.o(i.SysTick_Handler)
    SystemClock_Config                       0x0800386d   Thumb Code   140  main.o(i.SystemClock_Config)
    SystemInit                               0x080038fd   Thumb Code    66  system_stm32l0xx.o(i.SystemInit)
    System_Initial                           0x08003951   Thumb Code   148  main.o(i.System_Initial)
    USART1_IRQHandler                        0x08003a01   Thumb Code    32  stm32l0xx_it.o(i.USART1_IRQHandler)
    USART_CharReception_Callback             0x08003a25   Thumb Code    46  usart.o(i.USART_CharReception_Callback)
    __ARM_clz                                0x08003a5d   Thumb Code    46  depilogue.o(i.__ARM_clz)
    __ARM_common_ll_muluu                    0x08003a8b   Thumb Code    48  stm32l0xx_hal_rcc.o(i.__ARM_common_ll_muluu)
    __ARM_fpclassify                         0x08003abd   Thumb Code    40  fpclassify.o(i.__ARM_fpclassify)
    __kernel_poly                            0x08003b89   Thumb Code   172  poly.o(i.__kernel_poly)
    __mathlib_dbl_divzero                    0x08003c35   Thumb Code    16  dunder.o(i.__mathlib_dbl_divzero)
    __mathlib_dbl_infnan                     0x08003c49   Thumb Code    10  dunder.o(i.__mathlib_dbl_infnan)
    __mathlib_dbl_infnan2                    0x08003c53   Thumb Code     8  dunder.o(i.__mathlib_dbl_infnan2)
    __mathlib_dbl_invalid                    0x08003c5b   Thumb Code    16  dunder.o(i.__mathlib_dbl_invalid)
    __mathlib_dbl_overflow                   0x08003c6d   Thumb Code    16  dunder.o(i.__mathlib_dbl_overflow)
    __mathlib_dbl_underflow                  0x08003c81   Thumb Code    14  dunder.o(i.__mathlib_dbl_underflow)
    __scatterload_copy                       0x08003c95   Thumb Code    14  handlers.o(i.__scatterload_copy)
    __scatterload_null                       0x08003ca3   Thumb Code     2  handlers.o(i.__scatterload_null)
    __scatterload_zeroinit                   0x08003ca5   Thumb Code    14  handlers.o(i.__scatterload_zeroinit)
    __set_errno                              0x08003cb5   Thumb Code     6  errno.o(i.__set_errno)
    acos                                     0x08003cc1   Thumb Code   556  acos.o(i.acos)
    main                                     0x08003f29   Thumb Code   394  main.o(i.main)
    pow                                      0x080040e9   Thumb Code  2548  pow.o(i.pow)
    sqrt                                     0x08004ae5   Thumb Code    66  sqrt.o(i.sqrt)
    AHBPrescTable                            0x08004b8a   Data          16  system_stm32l0xx.o(.constdata)
    PLLMulTable                              0x08004b9a   Data           9  system_stm32l0xx.o(.constdata)
    APBPrescTable                            0x08004ba3   Data           8  system_stm32l0xx.o(.constdata)
    __mathlib_zero                           0x08004c88   Data           8  qnan.o(.constdata)
    Region$$Table$$Base                      0x08004c90   Number         0  anon$$obj.o(Region$$Table)
    Region$$Table$$Limit                     0x08004cb0   Number         0  anon$$obj.o(Region$$Table)
    freeFallDetection                        0x20000018   Data           1  adxl362.o(.data)
    rxCatch                                  0x20000019   Data           1  cc1101.o(.data)
    txFiFoUnFlow                             0x2000001a   Data           1  cc1101.o(.data)
    PaTabel                                  0x2000001b   Data           8  cc1101.o(.data)
    recvState                                0x20000027   Data           1  main.o(.data)
    ErrorIndex                               0x20000028   Data           1  main.o(.data)
    INTERVAL                                 0x2000002e   Data           1  lptim.o(.data)
    RESETCC1101                              0x2000002f   Data           1  lptim.o(.data)
    lptim                                    0x20000030   Data           4  lptim.o(.data)
    UTC_Date                                 0x20000034   Data           4  rtc.o(.data)
    uwTickFreq                               0x20000038   Data           1  stm32l0xx_hal.o(.data)
    uwTickPrio                               0x2000003c   Data           4  stm32l0xx_hal.o(.data)
    uwTick                                   0x20000040   Data           4  stm32l0xx_hal.o(.data)
    SystemCoreClock                          0x20000044   Data           4  system_stm32l0xx.o(.data)
    fifo                                     0x200000a0   Data        1024  adxl362.o(.bss)
    step                                     0x200004a0   Data         150  adxl362.o(.bss)
    device                                   0x20000604   Data          24  main.o(.bss)
    UTC_Time                                 0x2000061c   Data          20  rtc.o(.bss)
    hrtc                                     0x20000630   Data          36  rtc.o(.bss)
    usart                                    0x20000654   Data          26  usart.o(.bss)
    pFlash                                   0x20000670   Data          24  stm32l0xx_hal_flash.o(.bss)
    __initial_sp                             0x20000a88   Data           0  startup_stm32l051xx.o(STACK)



==============================================================================

Memory Map of the image

  Image Entry point : 0x080000c1

  Load Region LR_IROM1 (Base: 0x08000000, Size: 0x00004cfc, Max: 0x00010000, ABSOLUTE)

    Execution Region ER_IROM1 (Exec base: 0x08000000, Load base: 0x08000000, Size: 0x00004cb0, Max: 0x00010000, ABSOLUTE)

    Exec Addr    Load Addr    Size         Type   Attr      Idx    E Section Name        Object

    0x08000000   0x08000000   0x000000c0   Data   RO            3    RESET               startup_stm32l051xx.o
    0x080000c0   0x080000c0   0x00000000   Code   RO         3512  * .ARM.Collect$$$$00000000  mc_p.l(entry.o)
    0x080000c0   0x080000c0   0x00000004   Code   RO         3552    .ARM.Collect$$$$00000001  mc_p.l(entry2.o)
    0x080000c4   0x080000c4   0x00000004   Code   RO         3555    .ARM.Collect$$$$00000004  mc_p.l(entry5.o)
    0x080000c8   0x080000c8   0x00000000   Code   RO         3557    .ARM.Collect$$$$00000008  mc_p.l(entry7b.o)
    0x080000c8   0x080000c8   0x00000000   Code   RO         3559    .ARM.Collect$$$$0000000A  mc_p.l(entry8b.o)
    0x080000c8   0x080000c8   0x00000008   Code   RO         3560    .ARM.Collect$$$$0000000B  mc_p.l(entry9a.o)
    0x080000d0   0x080000d0   0x00000000   Code   RO         3562    .ARM.Collect$$$$0000000D  mc_p.l(entry10a.o)
    0x080000d0   0x080000d0   0x00000000   Code   RO         3564    .ARM.Collect$$$$0000000F  mc_p.l(entry11a.o)
    0x080000d0   0x080000d0   0x00000004   Code   RO         3553    .ARM.Collect$$$$00002712  mc_p.l(entry2.o)
    0x080000d4   0x080000d4   0x0000001c   Code   RO            4    .text               startup_stm32l051xx.o
    0x080000f0   0x080000f0   0x0000002c   Code   RO         3515    .text               mc_p.l(uidiv.o)
    0x0800011c   0x0800011c   0x00000060   Code   RO         3517    .text               mc_p.l(uldiv.o)
    0x0800017c   0x0800017c   0x00000024   Code   RO         3519    .text               mc_p.l(memseta.o)
    0x080001a0   0x080001a0   0x00000164   Code   RO         3521    .text               mf_p.l(dadd.o)
    0x08000304   0x08000304   0x000000f0   Code   RO         3523    .text               mf_p.l(ddiv.o)
    0x080003f4   0x080003f4   0x00000028   Code   RO         3525    .text               mf_p.l(dflti.o)
    0x0800041c   0x0800041c   0x0000001c   Code   RO         3527    .text               mf_p.l(dfltui.o)
    0x08000438   0x08000438   0x00000028   Code   RO         3529    .text               mf_p.l(cdcmple.o)
    0x08000460   0x08000460   0x00000028   Code   RO         3531    .text               mf_p.l(cdrcmple.o)
    0x08000488   0x08000488   0x00000020   Code   RO         3566    .text               mc_p.l(llshl.o)
    0x080004a8   0x080004a8   0x00000022   Code   RO         3568    .text               mc_p.l(llushr.o)
    0x080004ca   0x080004ca   0x00000026   Code   RO         3570    .text               mc_p.l(llsshr.o)
    0x080004f0   0x080004f0   0x00000000   Code   RO         3579    .text               mc_p.l(iusefp.o)
    0x080004f0   0x080004f0   0x000000be   Code   RO         3580    .text               mf_p.l(depilogue.o)
    0x080005ae   0x080005ae   0x00000002   PAD
    0x080005b0   0x080005b0   0x000000d0   Code   RO         3584    .text               mf_p.l(dmul.o)
    0x08000680   0x08000680   0x0000002c   Code   RO         3586    .text               mf_p.l(dscalb.o)
    0x080006ac   0x080006ac   0x000000a2   Code   RO         3588    .text               mf_p.l(dsqrt.o)
    0x0800074e   0x0800074e   0x00000002   PAD
    0x08000750   0x08000750   0x00000024   Code   RO         3590    .text               mc_p.l(init.o)
    0x08000774   0x08000774   0x00000258   Code   RO           15    i.ADXL362FifoProcess  adxl362.o
    0x080009cc   0x080009cc   0x00000040   Code   RO           16    i.ADXL362FifoRead   adxl362.o
    0x08000a0c   0x08000a0c   0x00000048   Code   RO           17    i.ADXL362RegisterRead  adxl362.o
    0x08000a54   0x08000a54   0x00000044   Code   RO           18    i.ADXL362RegisterWrite  adxl362.o
    0x08000a98   0x08000a98   0x00000180   Code   RO           19    i.ADXL362_Init      adxl362.o
    0x08000c18   0x08000c18   0x00000094   Code   RO           20    i.ADXL362_ReInit    adxl362.o
    0x08000cac   0x08000cac   0x0000000a   Code   RO          709    i.Activate_SPI      spi.o
    0x08000cb6   0x08000cb6   0x00000016   Code   RO          246    i.CC1101CalcRSSI_dBm  cc1101.o
    0x08000ccc   0x08000ccc   0x00000010   Code   RO          247    i.CC1101ClrRXBuff   cc1101.o
    0x08000cdc   0x08000cdc   0x00000010   Code   RO          248    i.CC1101ClrTXBuff   cc1101.o
    0x08000cec   0x08000cec   0x0000000e   Code   RO          249    i.CC1101GetRXCnt    cc1101.o
    0x08000cfa   0x08000cfa   0x00000002   PAD
    0x08000cfc   0x08000cfc   0x0000005c   Code   RO          250    i.CC1101Init        cc1101.o
    0x08000d58   0x08000d58   0x00000054   Code   RO          251    i.CC1101ReadMultiReg  cc1101.o
    0x08000dac   0x08000dac   0x0000003c   Code   RO          253    i.CC1101ReadReg     cc1101.o
    0x08000de8   0x08000de8   0x0000003c   Code   RO          254    i.CC1101ReadStatus  cc1101.o
    0x08000e24   0x08000e24   0x00000064   Code   RO          255    i.CC1101RecPacket   cc1101.o
    0x08000e88   0x08000e88   0x0000004a   Code   RO          256    i.CC1101Reset       cc1101.o
    0x08000ed2   0x08000ed2   0x00000002   PAD
    0x08000ed4   0x08000ed4   0x000000bc   Code   RO          257    i.CC1101SendPacket  cc1101.o
    0x08000f90   0x08000f90   0x00000014   Code   RO          258    i.CC1101SetAddress  cc1101.o
    0x08000fa4   0x08000fa4   0x0000000a   Code   RO          259    i.CC1101SetIdle     cc1101.o
    0x08000fae   0x08000fae   0x00000016   Code   RO          260    i.CC1101SetSYNC     cc1101.o
    0x08000fc4   0x08000fc4   0x00000036   Code   RO          261    i.CC1101SetTRMode   cc1101.o
    0x08000ffa   0x08000ffa   0x00000026   Code   RO          262    i.CC1101SetWORMode  cc1101.o
    0x08001020   0x08001020   0x0000002c   Code   RO          263    i.CC1101WORInit     cc1101.o
    0x0800104c   0x0800104c   0x0000002c   Code   RO          264    i.CC1101WriteCmd    cc1101.o
    0x08001078   0x08001078   0x00000048   Code   RO          265    i.CC1101WriteMultiReg  cc1101.o
    0x080010c0   0x080010c0   0x00000038   Code   RO          266    i.CC1101WriteReg    cc1101.o
    0x080010f8   0x080010f8   0x00000048   Code   RO          398    i.DATAEEPROM_Program  main.o
    0x08001140   0x08001140   0x00000054   Code   RO          857    i.EXTI0_1_IRQHandler  stm32l0xx_it.o
    0x08001194   0x08001194   0x00000024   Code   RO          858    i.EXTI2_3_IRQHandler  stm32l0xx_it.o
    0x080011b8   0x080011b8   0x00000024   Code   RO          859    i.EXTI4_15_IRQHandler  stm32l0xx_it.o
    0x080011dc   0x080011dc   0x0000006c   Code   RO          777    i.Error_Callback    usart.o
    0x08001248   0x08001248   0x0000001c   Code   RO          400    i.Error_Handler     main.o
    0x08001264   0x08001264   0x00000090   Code   RO         1942    i.FLASH_SetErrorCode  stm32l0xx_hal_flash.o
    0x080012f4   0x080012f4   0x00000070   Code   RO         1943    i.FLASH_WaitForLastOperation  stm32l0xx_hal_flash.o
    0x08001364   0x08001364   0x00000020   Code   RO          645    i.GetRTC            rtc.o
    0x08001384   0x08001384   0x00000058   Code   RO          401    i.Get_SerialNum     main.o
    0x080013dc   0x080013dc   0x00000024   Code   RO         1032    i.HAL_Delay         stm32l0xx_hal.o
    0x08001400   0x08001400   0x00000010   Code   RO         2043    i.HAL_FLASHEx_DATAEEPROM_DisableFixedTimeProgram  stm32l0xx_hal_flash_ex.o
    0x08001410   0x08001410   0x00000010   Code   RO         2044    i.HAL_FLASHEx_DATAEEPROM_EnableFixedTimeProgram  stm32l0xx_hal_flash_ex.o
    0x08001420   0x08001420   0x00000028   Code   RO         2045    i.HAL_FLASHEx_DATAEEPROM_Erase  stm32l0xx_hal_flash_ex.o
    0x08001448   0x08001448   0x00000014   Code   RO         2046    i.HAL_FLASHEx_DATAEEPROM_Lock  stm32l0xx_hal_flash_ex.o
    0x0800145c   0x0800145c   0x00000054   Code   RO         2047    i.HAL_FLASHEx_DATAEEPROM_Program  stm32l0xx_hal_flash_ex.o
    0x080014b0   0x080014b0   0x00000034   Code   RO         2048    i.HAL_FLASHEx_DATAEEPROM_Unlock  stm32l0xx_hal_flash_ex.o
    0x080014e4   0x080014e4   0x00000010   Code   RO         2154    i.HAL_GPIO_TogglePin  stm32l0xx_hal_gpio.o
    0x080014f4   0x080014f4   0x0000000c   Code   RO         2155    i.HAL_GPIO_WritePin  stm32l0xx_hal_gpio.o
    0x08001500   0x08001500   0x0000000c   Code   RO         1036    i.HAL_GetTick       stm32l0xx_hal.o
    0x0800150c   0x0800150c   0x00000010   Code   RO         1042    i.HAL_IncTick       stm32l0xx_hal.o
    0x0800151c   0x0800151c   0x00000028   Code   RO         1043    i.HAL_Init          stm32l0xx_hal.o
    0x08001544   0x08001544   0x00000044   Code   RO         1044    i.HAL_InitTick      stm32l0xx_hal.o
    0x08001588   0x08001588   0x00000018   Code   RO          955    i.HAL_MspInit       stm32l0xx_hal_msp.o
    0x080015a0   0x080015a0   0x00000018   Code   RO         2480    i.HAL_NVIC_EnableIRQ  stm32l0xx_hal_cortex.o
    0x080015b8   0x080015b8   0x00000008   Code   RO         2484    i.HAL_NVIC_SetPriority  stm32l0xx_hal_cortex.o
    0x080015c0   0x080015c0   0x00000010   Code   RO         2422    i.HAL_PWREx_EnableFastWakeUp  stm32l0xx_hal_pwr_ex.o
    0x080015d0   0x080015d0   0x00000010   Code   RO         2424    i.HAL_PWREx_EnableUltraLowPower  stm32l0xx_hal_pwr_ex.o
    0x080015e0   0x080015e0   0x00000064   Code   RO         2317    i.HAL_PWR_EnterSTOPMode  stm32l0xx_hal_pwr.o
    0x08001644   0x08001644   0x00000164   Code   RO         1838    i.HAL_RCCEx_PeriphCLKConfig  stm32l0xx_hal_rcc_ex.o
    0x080017a8   0x080017a8   0x0000019c   Code   RO         1738    i.HAL_RCC_ClockConfig  stm32l0xx_hal_rcc.o
    0x08001944   0x08001944   0x00000078   Code   RO         1746    i.HAL_RCC_GetSysClockFreq  stm32l0xx_hal_rcc.o
    0x080019bc   0x080019bc   0x00000426   Code   RO         1749    i.HAL_RCC_OscConfig  stm32l0xx_hal_rcc.o
    0x08001de2   0x08001de2   0x0000007a   Code   RO         3065    i.HAL_RTCEx_DeactivateWakeUpTimer  stm32l0xx_hal_rtc_ex.o
    0x08001e5c   0x08001e5c   0x000000f8   Code   RO         3084    i.HAL_RTCEx_SetWakeUpTimer_IT  stm32l0xx_hal_rtc_ex.o
    0x08001f54   0x08001f54   0x00000010   Code   RO          646    i.HAL_RTCEx_WakeUpTimerEventCallback  rtc.o
    0x08001f64   0x08001f64   0x00000038   Code   RO         3090    i.HAL_RTCEx_WakeUpTimerIRQHandler  stm32l0xx_hal_rtc_ex.o
    0x08001f9c   0x08001f9c   0x00000044   Code   RO         2930    i.HAL_RTC_GetDate   stm32l0xx_hal_rtc.o
    0x08001fe0   0x08001fe0   0x0000005c   Code   RO         2932    i.HAL_RTC_GetTime   stm32l0xx_hal_rtc.o
    0x0800203c   0x0800203c   0x000000bc   Code   RO         2933    i.HAL_RTC_Init      stm32l0xx_hal_rtc.o
    0x080020f8   0x080020f8   0x00000030   Code   RO          648    i.HAL_RTC_MspInit   rtc.o
    0x08002128   0x08002128   0x000000c4   Code   RO         2939    i.HAL_RTC_SetDate   stm32l0xx_hal_rtc.o
    0x080021ec   0x080021ec   0x000000e8   Code   RO         2940    i.HAL_RTC_SetTime   stm32l0xx_hal_rtc.o
    0x080022d4   0x080022d4   0x00000034   Code   RO         2941    i.HAL_RTC_WaitForSynchro  stm32l0xx_hal_rtc.o
    0x08002308   0x08002308   0x00000030   Code   RO         2488    i.HAL_SYSTICK_Config  stm32l0xx_hal_cortex.o
    0x08002338   0x08002338   0x00000002   Code   RO          860    i.HardFault_Handler  stm32l0xx_it.o
    0x0800233a   0x0800233a   0x00000002   PAD
    0x0800233c   0x0800233c   0x00000060   Code   RO          649    i.InitRTC           rtc.o
    0x0800239c   0x0800239c   0x00000018   Code   RO          402    i.LED_Blinking      main.o
    0x080023b4   0x080023b4   0x00000018   Code   RO          778    i.LL_APB2_GRP1_EnableClock  usart.o
    0x080023cc   0x080023cc   0x000000a0   Code   RO         2839    i.LL_EXTI_Init      stm32l0xx_ll_exti.o
    0x0800246c   0x0800246c   0x00000014   Code   RO          861    i.LL_EXTI_IsActiveFlag_0_31  stm32l0xx_it.o
    0x08002480   0x08002480   0x000000ae   Code   RO          976    i.LL_GPIO_Init      stm32l0xx_ll_gpio.o
    0x0800252e   0x0800252e   0x00000014   Code   RO          513    i.LL_GPIO_SetPinMode  gpio.o
    0x08002542   0x08002542   0x00000014   Code   RO          514    i.LL_GPIO_SetPinPull  gpio.o
    0x08002556   0x08002556   0x00000002   PAD
    0x08002558   0x08002558   0x00000018   Code   RO          515    i.LL_IOP_GRP1_EnableClock  gpio.o
    0x08002570   0x08002570   0x00000018   Code   RO          710    i.LL_IOP_GRP1_EnableClock  spi.o
    0x08002588   0x08002588   0x00000018   Code   RO          779    i.LL_IOP_GRP1_EnableClock  usart.o
    0x080025a0   0x080025a0   0x00000090   Code   RO         2660    i.LL_RCC_GetUSARTClockFreq  stm32l0xx_ll_rcc.o
    0x08002630   0x08002630   0x00000010   Code   RO         2661    i.LL_RCC_GetUSARTClockSource  stm32l0xx_ll_rcc.o
    0x08002640   0x08002640   0x00000010   Code   RO         2662    i.LL_RCC_HSI_IsReady  stm32l0xx_ll_rcc.o
    0x08002650   0x08002650   0x00000010   Code   RO         2663    i.LL_RCC_IsActiveFlag_HSIDIV  stm32l0xx_ll_rcc.o
    0x08002660   0x08002660   0x00000010   Code   RO         2664    i.LL_RCC_LSE_IsReady  stm32l0xx_ll_rcc.o
    0x08002670   0x08002670   0x00000044   Code   RO         3274    i.LL_SPI_DeInit     stm32l0xx_ll_spi.o
    0x080026b4   0x080026b4   0x0000006c   Code   RO         3275    i.LL_SPI_Init       stm32l0xx_ll_spi.o
    0x08002720   0x08002720   0x00000020   Code   RO          516    i.LL_SYSCFG_SetEXTISource  gpio.o
    0x08002740   0x08002740   0x00000048   Code   RO         3407    i.LL_USART_DeInit   stm32l0xx_ll_usart.o
    0x08002788   0x08002788   0x000000a8   Code   RO         3408    i.LL_USART_Init     stm32l0xx_ll_usart.o
    0x08002830   0x08002830   0x00000034   Code   RO          598    i.LPTIM1_Counter_Start_IT  lptim.o
    0x08002864   0x08002864   0x00000020   Code   RO          862    i.LPTIM1_IRQHandler  stm32l0xx_it.o
    0x08002884   0x08002884   0x00000034   Code   RO          599    i.LPTimerAutoreloadMatch_Callback  lptim.o
    0x080028b8   0x080028b8   0x000002c0   Code   RO          517    i.MX_GPIO_Init      gpio.o
    0x08002b78   0x08002b78   0x00000034   Code   RO          575    i.MX_IWDG_Init      iwdg.o
    0x08002bac   0x08002bac   0x0000007c   Code   RO          600    i.MX_LPTIM1_Init    lptim.o
    0x08002c28   0x08002c28   0x00000094   Code   RO          650    i.MX_RTC_Init       rtc.o
    0x08002cbc   0x08002cbc   0x00000070   Code   RO          711    i.MX_SPI1_DeInit    spi.o
    0x08002d2c   0x08002d2c   0x000000ac   Code   RO          712    i.MX_SPI1_Init      spi.o
    0x08002dd8   0x08002dd8   0x00000070   Code   RO          713    i.MX_SPI2_DeInit    spi.o
    0x08002e48   0x08002e48   0x000000ac   Code   RO          714    i.MX_SPI2_Init      spi.o
    0x08002ef4   0x08002ef4   0x0000005c   Code   RO          780    i.MX_USART1_UART_DeInit  usart.o
    0x08002f50   0x08002f50   0x000000b4   Code   RO          781    i.MX_USART1_UART_Init  usart.o
    0x08003004   0x08003004   0x00000002   Code   RO          863    i.NMI_Handler       stm32l0xx_it.o
    0x08003006   0x08003006   0x00000002   PAD
    0x08003008   0x08003008   0x0000003c   Code   RO          403    i.Package_Array     main.o
    0x08003044   0x08003044   0x00000002   Code   RO          864    i.PendSV_Handler    stm32l0xx_it.o
    0x08003046   0x08003046   0x00000002   PAD
    0x08003048   0x08003048   0x0000001c   Code   RO         2665    i.RCC_GetHCLKClockFreq  stm32l0xx_ll_rcc.o
    0x08003064   0x08003064   0x00000018   Code   RO         2666    i.RCC_GetPCLK1ClockFreq  stm32l0xx_ll_rcc.o
    0x0800307c   0x0800307c   0x00000018   Code   RO         2667    i.RCC_GetPCLK2ClockFreq  stm32l0xx_ll_rcc.o
    0x08003094   0x08003094   0x00000054   Code   RO         2668    i.RCC_GetSystemClockFreq  stm32l0xx_ll_rcc.o
    0x080030e8   0x080030e8   0x00000050   Code   RO         2669    i.RCC_PLL_GetFreqDomain_SYS  stm32l0xx_ll_rcc.o
    0x08003138   0x08003138   0x0000003c   Code   RO          267    i.RFIDInitial       cc1101.o
    0x08003174   0x08003174   0x000000ec   Code   RO          404    i.RF_RecvHandler    main.o
    0x08003260   0x08003260   0x00000470   Code   RO          405    i.RF_SendPacket     main.o
    0x080036d0   0x080036d0   0x00000010   Code   RO         2942    i.RTC_Bcd2ToByte    stm32l0xx_hal_rtc.o
    0x080036e0   0x080036e0   0x00000018   Code   RO         2943    i.RTC_ByteToBcd2    stm32l0xx_hal_rtc.o
    0x080036f8   0x080036f8   0x00000038   Code   RO         2944    i.RTC_EnterInitMode  stm32l0xx_hal_rtc.o
    0x08003730   0x08003730   0x00000010   Code   RO          865    i.RTC_IRQHandler    stm32l0xx_it.o
    0x08003740   0x08003740   0x00000018   Code   RO          715    i.SPI_ExchangeByte  spi.o
    0x08003758   0x08003758   0x00000002   Code   RO          866    i.SVC_Handler       stm32l0xx_it.o
    0x0800375a   0x0800375a   0x00000002   PAD
    0x0800375c   0x0800375c   0x00000060   Code   RO          651    i.SetRTC            rtc.o
    0x080037bc   0x080037bc   0x00000074   Code   RO          407    i.Show_Message      main.o
    0x08003830   0x08003830   0x00000034   Code   RO          716    i.SpiFunction       spi.o
    0x08003864   0x08003864   0x00000008   Code   RO          867    i.SysTick_Handler   stm32l0xx_it.o
    0x0800386c   0x0800386c   0x00000090   Code   RO          408    i.SystemClock_Config  main.o
    0x080038fc   0x080038fc   0x00000054   Code   RO         3453    i.SystemInit        system_stm32l0xx.o
    0x08003950   0x08003950   0x000000b0   Code   RO          409    i.System_Initial    main.o
    0x08003a00   0x08003a00   0x00000024   Code   RO          868    i.USART1_IRQHandler  stm32l0xx_it.o
    0x08003a24   0x08003a24   0x00000038   Code   RO          783    i.USART_CharReception_Callback  usart.o
    0x08003a5c   0x08003a5c   0x0000002e   Code   RO         3582    i.__ARM_clz         mf_p.l(depilogue.o)
    0x08003a8a   0x08003a8a   0x00000030   Code   RO         1823    i.__ARM_common_ll_muluu  stm32l0xx_hal_rcc.o
    0x08003aba   0x08003aba   0x00000002   PAD
    0x08003abc   0x08003abc   0x0000002c   Code   RO         3547    i.__ARM_fpclassify  m_ps.l(fpclassify.o)
    0x08003ae8   0x08003ae8   0x00000018   Code   RO          518    i.__NVIC_EnableIRQ  gpio.o
    0x08003b00   0x08003b00   0x00000044   Code   RO          519    i.__NVIC_SetPriority  gpio.o
    0x08003b44   0x08003b44   0x00000044   Code   RO         2490    i.__NVIC_SetPriority  stm32l0xx_hal_cortex.o
    0x08003b88   0x08003b88   0x000000ac   Code   RO         3549    i.__kernel_poly     m_ps.l(poly.o)
    0x08003c34   0x08003c34   0x00000014   Code   RO         3533    i.__mathlib_dbl_divzero  m_ps.l(dunder.o)
    0x08003c48   0x08003c48   0x0000000a   Code   RO         3534    i.__mathlib_dbl_infnan  m_ps.l(dunder.o)
    0x08003c52   0x08003c52   0x00000008   Code   RO         3535    i.__mathlib_dbl_infnan2  m_ps.l(dunder.o)
    0x08003c5a   0x08003c5a   0x00000010   Code   RO         3536    i.__mathlib_dbl_invalid  m_ps.l(dunder.o)
    0x08003c6a   0x08003c6a   0x00000002   PAD
    0x08003c6c   0x08003c6c   0x00000014   Code   RO         3537    i.__mathlib_dbl_overflow  m_ps.l(dunder.o)
    0x08003c80   0x08003c80   0x00000014   Code   RO         3539    i.__mathlib_dbl_underflow  m_ps.l(dunder.o)
    0x08003c94   0x08003c94   0x0000000e   Code   RO         3594    i.__scatterload_copy  mc_p.l(handlers.o)
    0x08003ca2   0x08003ca2   0x00000002   Code   RO         3595    i.__scatterload_null  mc_p.l(handlers.o)
    0x08003ca4   0x08003ca4   0x0000000e   Code   RO         3596    i.__scatterload_zeroinit  mc_p.l(handlers.o)
    0x08003cb2   0x08003cb2   0x00000002   PAD
    0x08003cb4   0x08003cb4   0x0000000c   Code   RO         3574    i.__set_errno       mc_p.l(errno.o)
    0x08003cc0   0x08003cc0   0x00000268   Code   RO         3485    i.acos              m_ps.l(acos.o)
    0x08003f28   0x08003f28   0x000001c0   Code   RO          410    i.main              main.o
    0x080040e8   0x080040e8   0x000009fc   Code   RO         3495    i.pow               m_ps.l(pow.o)
    0x08004ae4   0x08004ae4   0x00000048   Code   RO         3505    i.sqrt              m_ps.l(sqrt.o)
    0x08004b2c   0x08004b2c   0x0000005e   Data   RO          268    .constdata          cc1101.o
    0x08004b8a   0x08004b8a   0x00000019   Data   RO         3454    .constdata          system_stm32l0xx.o
    0x08004ba3   0x08004ba3   0x00000008   Data   RO         3455    .constdata          system_stm32l0xx.o
    0x08004bab   0x08004bab   0x00000005   PAD
    0x08004bb0   0x08004bb0   0x00000050   Data   RO         3486    .constdata          m_ps.l(acos.o)
    0x08004c00   0x08004c00   0x00000088   Data   RO         3496    .constdata          m_ps.l(pow.o)
    0x08004c88   0x08004c88   0x00000008   Data   RO         3551    .constdata          m_ps.l(qnan.o)
    0x08004c90   0x08004c90   0x00000020   Data   RO         3592    Region$$Table       anon$$obj.o


    Execution Region RW_IRAM1 (Exec base: 0x20000000, Load base: 0x08004cb0, Size: 0x00000a88, Max: 0x00002000, ABSOLUTE)

    Exec Addr    Load Addr    Size         Type   Attr      Idx    E Section Name        Object

    0x20000000   0x08004cb0   0x00000018   Data   RW           22    .data               adxl362.o
    0x20000018   0x08004cc8   0x00000001   Data   RW           23    .data               adxl362.o
    0x20000019   0x08004cc9   0x0000000a   Data   RW          269    .data               cc1101.o
    0x20000023   0x08004cd3   0x00000001   PAD
    0x20000024   0x08004cd4   0x0000000a   Data   RW          412    .data               main.o
    0x2000002e   0x08004cde   0x00000006   Data   RW          601    .data               lptim.o
    0x20000034   0x08004ce4   0x00000004   Data   RW          654    .data               rtc.o
    0x20000038   0x08004ce8   0x0000000c   Data   RW         1054    .data               stm32l0xx_hal.o
    0x20000044   0x08004cf4   0x00000004   Data   RW         3456    .data               system_stm32l0xx.o
    0x20000048   0x08004cf8   0x00000004   Data   RW         3575    .data               mc_p.l(errno.o)
    0x2000004c   0x08004cfc   0x00000004   PAD
    0x20000050        -       0x000004e6   Zero   RW           21    .bss                adxl362.o
    0x20000536   0x08004cfc   0x00000002   PAD
    0x20000538        -       0x000000e4   Zero   RW          411    .bss                main.o
    0x2000061c        -       0x00000014   Zero   RW          652    .bss                rtc.o
    0x20000630        -       0x00000024   Zero   RW          653    .bss                rtc.o
    0x20000654        -       0x0000001a   Zero   RW          785    .bss                usart.o
    0x2000066e   0x08004cfc   0x00000002   PAD
    0x20000670        -       0x00000018   Zero   RW         1955    .bss                stm32l0xx_hal_flash.o
    0x20000688        -       0x00000400   Zero   RW            1    STACK               startup_stm32l051xx.o


==============================================================================

Image component sizes


      Code (inc. data)   RO Data    RW Data    ZI Data      Debug   Object Name

      1336         60          0         25       1254     301351   adxl362.o
      1146         54         94         10          0      22113   cc1101.o
       892         36          0          0          0      25735   gpio.o
        52         22          0          0          0       2527   iwdg.o
       228         30          0          6          0      23498   lptim.o
      2528        178          0         10        228      13158   main.o
       436         38          0          4         56       3654   rtc.o
       678         50          0          0          0      18916   spi.o
        28          8        192          0       1024        608   startup_stm32l051xx.o
       172         28          0         12          0       8433   stm32l0xx_hal.o
       148         24          0          0          0      11977   stm32l0xx_hal_cortex.o
       256         16          0          0         24       4086   stm32l0xx_hal_flash.o
       228         44          0          0          0       3947   stm32l0xx_hal_flash_ex.o
        28          0          0          0          0       1773   stm32l0xx_hal_gpio.o
        24          4          0          0          0        414   stm32l0xx_hal_msp.o
       100         12          0          0          0        724   stm32l0xx_hal_pwr.o
        32          8          0          0          0        989   stm32l0xx_hal_pwr_ex.o
      1642         66          0          0          0       4474   stm32l0xx_hal_rcc.o
       356         14          0          0          0       1380   stm32l0xx_hal_rcc_ex.o
       924         18          0          0          0       6960   stm32l0xx_hal_rtc.o
       426         18          0          0          0       3282   stm32l0xx_hal_rtc_ex.o
       276         62          0          0          0      33908   stm32l0xx_it.o
       160          4          0          0          0       5003   stm32l0xx_ll_exti.o
       174          0          0          0          0       6815   stm32l0xx_ll_gpio.o
       448        102          0          0          0      19843   stm32l0xx_ll_rcc.o
       176         18          0          0          0      18698   stm32l0xx_ll_spi.o
       240         32          0          0          0      21914   stm32l0xx_ll_usart.o
        84         18         33          4          0       1159   system_stm32l0xx.o
       484         50          0          0         26      35262   usart.o

    ----------------------------------------------------------------------
     13718       1014        356         72       2616     602601   Object Totals
         0          0         32          0          0          0   (incl. Generated)
        16          0          5          1          4          0   (incl. Padding)

    ----------------------------------------------------------------------

      Code (inc. data)   RO Data    RW Data    ZI Data      Debug   Library Member Name

       616         60         80          0          0        120   acos.o
        94         14          0          0          0        408   dunder.o
        44          4          0          0          0         60   fpclassify.o
       172          0          0          0          0         76   poly.o
      2556        196        136          0          0        240   pow.o
         0          0          8          0          0          0   qnan.o
        72          6          0          0          0         76   sqrt.o
         0          0          0          0          0          0   entry.o
         0          0          0          0          0          0   entry10a.o
         0          0          0          0          0          0   entry11a.o
         8          4          0          0          0          0   entry2.o
         4          0          0          0          0          0   entry5.o
         0          0          0          0          0          0   entry7b.o
         0          0          0          0          0          0   entry8b.o
         8          4          0          0          0          0   entry9a.o
        12          6          0          4          0         60   errno.o
        30          0          0          0          0          0   handlers.o
        36          8          0          0          0         68   init.o
         0          0          0          0          0          0   iusefp.o
        32          0          0          0          0         68   llshl.o
        38          0          0          0          0         68   llsshr.o
        34          0          0          0          0         68   llushr.o
        36          0          0          0          0        100   memseta.o
        44          0          0          0          0         72   uidiv.o
        96          0          0          0          0         84   uldiv.o
        40          2          0          0          0         68   cdcmple.o
        40          2          0          0          0         68   cdrcmple.o
       356          4          0          0          0        140   dadd.o
       240          6          0          0          0         84   ddiv.o
       236          0          0          0          0        216   depilogue.o
        40          6          0          0          0         68   dflti.o
        28          4          0          0          0         68   dfltui.o
       208          6          0          0          0         88   dmul.o
        44          0          0          0          0         72   dscalb.o
       162          0          0          0          0         80   dsqrt.o

    ----------------------------------------------------------------------
      5334        332        224          4          4       2520   Library Totals
         8          0          0          0          4          0   (incl. Padding)

    ----------------------------------------------------------------------

      Code (inc. data)   RO Data    RW Data    ZI Data      Debug   Library Name

      3554        280        224          0          0        980   m_ps.l
       378         22          0          4          0        588   mc_p.l
      1394         30          0          0          0        952   mf_p.l

    ----------------------------------------------------------------------
      5334        332        224          4          4       2520   Library Totals

    ----------------------------------------------------------------------

==============================================================================


      Code (inc. data)   RO Data    RW Data    ZI Data      Debug   

     19052       1346        580         76       2620     598085   Grand Totals
     19052       1346        580         76       2620     598085   ELF Image Totals
     19052       1346        580         76          0          0   ROM Totals

==============================================================================

    Total RO  Size (Code + RO Data)                19632 (  19.17kB)
    Total RW  Size (RW Data + ZI Data)              2696 (   2.63kB)
    Total ROM Size (Code + RO Data + RW Data)      19708 (  19.25kB)

==============================================================================

