Component: ARM Compiler 5.06 update 6 (build 750) Tool: armlink [4d35ed]

==============================================================================

Section Cross References

    startup_stm32l051xx.o(RESET) refers to startup_stm32l051xx.o(STACK) for __initial_sp
    startup_stm32l051xx.o(RESET) refers to startup_stm32l051xx.o(.text) for Reset_Handler
    startup_stm32l051xx.o(RESET) refers to stm32l0xx_it.o(i.NMI_Handler) for NMI_Handler
    startup_stm32l051xx.o(RESET) refers to stm32l0xx_it.o(i.HardFault_Handler) for HardFault_Handler
    startup_stm32l051xx.o(RESET) refers to stm32l0xx_it.o(i.SVC_Handler) for SVC_Handler
    startup_stm32l051xx.o(RESET) refers to stm32l0xx_it.o(i.PendSV_Handler) for PendSV_Handler
    startup_stm32l051xx.o(RESET) refers to stm32l0xx_it.o(i.SysTick_Handler) for SysTick_Handler
    startup_stm32l051xx.o(RESET) refers to stm32l0xx_it.o(i.RTC_IRQHandler) for RTC_IRQHandler
    startup_stm32l051xx.o(RESET) refers to stm32l0xx_it.o(i.EXTI0_1_IRQHandler) for EXTI0_1_IRQHandler
    startup_stm32l051xx.o(RESET) refers to stm32l0xx_it.o(i.EXTI2_3_IRQHandler) for EXTI2_3_IRQHandler
    startup_stm32l051xx.o(RESET) refers to stm32l0xx_it.o(i.EXTI4_15_IRQHandler) for EXTI4_15_IRQHandler
    startup_stm32l051xx.o(RESET) refers to stm32l0xx_it.o(i.USART1_IRQHandler) for USART1_IRQHandler
    startup_stm32l051xx.o(.text) refers to system_stm32l0xx.o(i.SystemInit) for SystemInit
    startup_stm32l051xx.o(.text) refers to entry.o(.ARM.Collect$$$$00000000) for __main
    adxl362.o(i.ADXL362BurstRead) refers to stm32l0xx_hal_gpio.o(i.HAL_GPIO_WritePin) for HAL_GPIO_WritePin
    adxl362.o(i.ADXL362BurstRead) refers to spi.o(i.SpiFunction) for SpiFunction
    adxl362.o(i.ADXL362BurstWrite) refers to stm32l0xx_hal_gpio.o(i.HAL_GPIO_WritePin) for HAL_GPIO_WritePin
    adxl362.o(i.ADXL362BurstWrite) refers to spi.o(i.SpiFunction) for SpiFunction
    adxl362.o(i.ADXL362FifoEntries) refers to adxl362.o(i.ADXL362RegisterRead) for ADXL362RegisterRead
    adxl362.o(i.ADXL362FifoProcess) refers to memseta.o(.text) for __aeabi_memclr
    adxl362.o(i.ADXL362FifoProcess) refers to uidiv.o(.text) for __aeabi_uidivmod
    adxl362.o(i.ADXL362FifoProcess) refers to memmovea.o(.text) for __aeabi_memcpy
    adxl362.o(i.ADXL362FifoProcess) refers to adxl362.o(i.filter_calculate) for filter_calculate
    adxl362.o(i.ADXL362FifoProcess) refers to adxl362.o(i.peak_update) for peak_update
    adxl362.o(i.ADXL362FifoProcess) refers to adxl362.o(i.slid_update) for slid_update
    adxl362.o(i.ADXL362FifoProcess) refers to adxl362.o(i.detect_step) for detect_step
    adxl362.o(i.ADXL362FifoProcess) refers to cc1101.o(i.CC1101Send3AxisHandler) for CC1101Send3AxisHandler
    adxl362.o(i.ADXL362FifoProcess) refers to adxl362.o(.bss) for .bss
    adxl362.o(i.ADXL362FifoProcess) refers to adxl362.o(.data) for .data
    adxl362.o(i.ADXL362FifoRead) refers to stm32l0xx_hal_gpio.o(i.HAL_GPIO_WritePin) for HAL_GPIO_WritePin
    adxl362.o(i.ADXL362FifoRead) refers to spi.o(i.SpiFunction) for SpiFunction
    adxl362.o(i.ADXL362RegisterRead) refers to stm32l0xx_hal_gpio.o(i.HAL_GPIO_WritePin) for HAL_GPIO_WritePin
    adxl362.o(i.ADXL362RegisterRead) refers to spi.o(i.SpiFunction) for SpiFunction
    adxl362.o(i.ADXL362RegisterWrite) refers to stm32l0xx_hal_gpio.o(i.HAL_GPIO_WritePin) for HAL_GPIO_WritePin
    adxl362.o(i.ADXL362RegisterWrite) refers to spi.o(i.SpiFunction) for SpiFunction
    adxl362.o(i.ADXL362_Init) refers to memseta.o(.text) for __aeabi_memclr
    adxl362.o(i.ADXL362_Init) refers to adxl362.o(i.peak_value_init) for peak_value_init
    adxl362.o(i.ADXL362_Init) refers to adxl362.o(i.ADXL362RegisterWrite) for ADXL362RegisterWrite
    adxl362.o(i.ADXL362_Init) refers to stm32l0xx_hal.o(i.HAL_Delay) for HAL_Delay
    adxl362.o(i.ADXL362_Init) refers to adxl362.o(i.ADXL362RegisterRead) for ADXL362RegisterRead
    adxl362.o(i.ADXL362_Init) refers to main.o(i.Error_Handler) for Error_Handler
    adxl362.o(i.ADXL362_Init) refers to adxl362.o(.bss) for .bss
    adxl362.o(i.ADXL362_Init) refers to adxl362.o(.data) for .data
    adxl362.o(i.ADXL362_Init) refers to main.o(.data) for ErrorIndex
    adxl362.o(i.detect_step) refers to adxl362.o(i.is_most_active) for is_most_active
    adxl362.o(i.detect_step) refers to adxl362.o(.bss) for .bss
    adxl362.o(i.peak_update) refers to memmovea.o(.text) for __aeabi_memcpy
    adxl362.o(i.peak_update) refers to adxl362.o(i.peak_value_init) for peak_value_init
    cc1101.o(i.CC1101ClrRXBuff) refers to cc1101.o(i.CC1101WriteCmd) for CC1101WriteCmd
    cc1101.o(i.CC1101ClrTXBuff) refers to cc1101.o(i.CC1101WriteCmd) for CC1101WriteCmd
    cc1101.o(i.CC1101GetRXCnt) refers to cc1101.o(i.CC1101ReadStatus) for CC1101ReadStatus
    cc1101.o(i.CC1101Init) refers to cc1101.o(i.CC1101_GDO_Init) for CC1101_GDO_Init
    cc1101.o(i.CC1101Init) refers to cc1101.o(i.CC1101Reset) for CC1101Reset
    cc1101.o(i.CC1101Init) refers to cc1101.o(i.CC1101WriteReg) for CC1101WriteReg
[...]
    Removing crypto.o(.constdata), (1 bytes).
    Removing crypto.o(.constdata), (1 bytes).
    Removing crypto.o(.constdata), (2 bytes).
    Removing crypto.o(.constdata), (2 bytes).
    Removing crypto.o(.constdata), (2 bytes).
    Removing crypto.o(.constdata), (2 bytes).
    Removing crypto.o(.constdata), (2 bytes).
    Removing crypto.o(.constdata), (1 bytes).
    Removing crypto.o(.constdata), (1 bytes).
    Removing crypto.o(.constdata), (1 bytes).
    Removing crypto.o(.constdata), (1 bytes).
    Removing stm32l0xx_hal_dma.o(i.__ARM_common_switch8), (26 bytes).

730 unused section(s) (total 101418 bytes) removed from the image.

==============================================================================

Image Symbol Table

    Local Symbols

    Symbol Name                              Value     Ov Type        Size  Object(Section)

    ../Core/Src/crc.c                        0x00000000   Number         0  crc.o ABSOLUTE
    ../Core/Src/gpio.c                       0x00000000   Number         0  gpio.o ABSOLUTE
    ../Core/Src/iwdg.c                       0x00000000   Number         0  iwdg.o ABSOLUTE
    ../Core/Src/main.c                       0x00000000   Number         0  main.o ABSOLUTE
    ../Core/Src/rtc.c                        0x00000000   Number         0  rtc.o ABSOLUTE
    ../Core/Src/spi.c                        0x00000000   Number         0  spi.o ABSOLUTE
    ../Core/Src/stm32l0xx_hal_msp.c          0x00000000   Number         0  stm32l0xx_hal_msp.o ABSOLUTE
    ../Core/Src/stm32l0xx_it.c               0x00000000   Number         0  stm32l0xx_it.o ABSOLUTE
    ../Core/Src/system_stm32l0xx.c           0x00000000   Number         0  system_stm32l0xx.o ABSOLUTE
    ../Core/Src/usart.c                      0x00000000   Number         0  usart.o ABSOLUTE
    ../Drivers/STM32L0xx_HAL_Driver/Src/stm32l0xx_hal.c 0x00000000   Number         0  stm32l0xx_hal.o ABSOLUTE
    ../Drivers/STM32L0xx_HAL_Driver/Src/stm32l0xx_hal_cortex.c 0x00000000   Number         0  stm32l0xx_hal_cortex.o ABSOLUTE
    ../Drivers/STM32L0xx_HAL_Driver/Src/stm32l0xx_hal_crc.c 0x00000000   Number         0  stm32l0xx_hal_crc.o ABSOLUTE
    ../Drivers/STM32L0xx_HAL_Driver/Src/stm32l0xx_hal_crc_ex.c 0x00000000   Number         0  stm32l0xx_hal_crc_ex.o ABSOLUTE
    ../Drivers/STM32L0xx_HAL_Driver/Src/stm32l0xx_hal_dma.c 0x00000000   Number         0  stm32l0xx_hal_dma.o ABSOLUTE
    ../Drivers/STM32L0xx_HAL_Driver/Src/stm32l0xx_hal_exti.c 0x00000000   Number         0  stm32l0xx_hal_exti.o ABSOLUTE
    ../Drivers/STM32L0xx_HAL_Driver/Src/stm32l0xx_hal_flash.c 0x00000000   Number         0  stm32l0xx_hal_flash.o ABSOLUTE
    ../Drivers/STM32L0xx_HAL_Driver/Src/stm32l0xx_hal_flash_ex.c 0x00000000   Number         0  stm32l0xx_hal_flash_ex.o ABSOLUTE
    ../Drivers/STM32L0xx_HAL_Driver/Src/stm32l0xx_hal_flash_ramfunc.c 0x00000000   Number         0  stm32l0xx_hal_flash_ramfunc.o ABSOLUTE
    ../Drivers/STM32L0xx_HAL_Driver/Src/stm32l0xx_hal_gpio.c 0x00000000   Number         0  stm32l0xx_hal_gpio.o ABSOLUTE
    ../Drivers/STM32L0xx_HAL_Driver/Src/stm32l0xx_hal_i2c.c 0x00000000   Number         0  stm32l0xx_hal_i2c.o ABSOLUTE
    ../Drivers/STM32L0xx_HAL_Driver/Src/stm32l0xx_hal_i2c_ex.c 0x00000000   Number         0  stm32l0xx_hal_i2c_ex.o ABSOLUTE
    ../Drivers/STM32L0xx_HAL_Driver/Src/stm32l0xx_hal_pwr.c 0x00000000   Number         0  stm32l0xx_hal_pwr.o ABSOLUTE
    ../Drivers/STM32L0xx_HAL_Driver/Src/stm32l0xx_hal_pwr_ex.c 0x00000000   Number         0  stm32l0xx_hal_pwr_ex.o ABSOLUTE
    ../Drivers/STM32L0xx_HAL_Driver/Src/stm32l0xx_hal_rcc.c 0x00000000   Number         0  stm32l0xx_hal_rcc.o ABSOLUTE
    ../Drivers/STM32L0xx_HAL_Driver/Src/stm32l0xx_hal_rcc_ex.c 0x00000000   Number         0  stm32l0xx_hal_rcc_ex.o ABSOLUTE
    ../Drivers/STM32L0xx_HAL_Driver/Src/stm32l0xx_hal_rtc.c 0x00000000   Number         0  stm32l0xx_hal_rtc.o ABSOLUTE
    ../Drivers/STM32L0xx_HAL_Driver/Src/stm32l0xx_hal_rtc_ex.c 0x00000000   Number         0  stm32l0xx_hal_rtc_ex.o ABSOLUTE
    ../Drivers/STM32L0xx_HAL_Driver/Src/stm32l0xx_hal_tim.c 0x00000000   Number         0  stm32l0xx_hal_tim.o ABSOLUTE
    ../Drivers/STM32L0xx_HAL_Driver/Src/stm32l0xx_hal_tim_ex.c 0x00000000   Number         0  stm32l0xx_hal_tim_ex.o ABSOLUTE
    ../Drivers/STM32L0xx_HAL_Driver/Src/stm32l0xx_ll_dma.c 0x00000000   Number         0  stm32l0xx_ll_dma.o ABSOLUTE
    ../Drivers/STM32L0xx_HAL_Driver/Src/stm32l0xx_ll_exti.c 0x00000000   Number         0  stm32l0xx_ll_exti.o ABSOLUTE
    ../Drivers/STM32L0xx_HAL_Driver/Src/stm32l0xx_ll_gpio.c 0x00000000   Number         0  stm32l0xx_ll_gpio.o ABSOLUTE
    ../Drivers/STM32L0xx_HAL_Driver/Src/stm32l0xx_ll_rcc.c 0x00000000   Number         0  stm32l0xx_ll_rcc.o ABSOLUTE
    ../Drivers/STM32L0xx_HAL_Driver/Src/stm32l0xx_ll_spi.c 0x00000000   Number         0  stm32l0xx_ll_spi.o ABSOLUTE
    ../Drivers/STM32L0xx_HAL_Driver/Src/stm32l0xx_ll_usart.c 0x00000000   Number         0  stm32l0xx_ll_usart.o ABSOLUTE
    ../Drivers/STM32L0xx_HAL_Driver/Src/stm32l0xx_ll_utils.c 0x00000000   Number         0  stm32l0xx_ll_utils.o ABSOLUTE
    ../clib/microlib/division.c              0x00000000   Number         0  idiv.o ABSOLUTE
    ../clib/microlib/division.c              0x00000000   Number         0  uidiv.o ABSOLUTE
    ../clib/microlib/division.c              0x00000000   Number         0  uldiv.o ABSOLUTE
    ../clib/microlib/init/entry.s            0x00000000   Number         0  entry10a.o ABSOLUTE
    ../clib/microlib/init/entry.s            0x00000000   Number         0  entry9b.o ABSOLUTE
    ../clib/microlib/init/entry.s            0x00000000   Number         0  entry8b.o ABSOLUTE
    ../clib/microlib/init/entry.s            0x00000000   Number         0  entry11b.o ABSOLUTE
    ../clib/microlib/init/entry.s            0x00000000   Number         0  entry10b.o ABSOLUTE
    ../clib/microlib/init/entry.s            0x00000000   Number         0  entry8a.o ABSOLUTE
    ../clib/microlib/init/entry.s            0x00000000   Number         0  entry9a.o ABSOLUTE
    ../clib/microlib/init/entry.s            0x00000000   Number         0  entry7b.o ABSOLUTE
    ../clib/microlib/init/entry.s            0x00000000   Number         0  entry7a.o ABSOLUTE
    ../clib/microlib/init/entry.s            0x00000000   Number         0  entry5.o ABSOLUTE
    ../clib/microlib/init/entry.s            0x00000000   Number         0  entry.o ABSOLUTE
    ../clib/microlib/init/entry.s            0x00000000   Number         0  entry2.o ABSOLUTE
    ../clib/microlib/init/entry.s            0x00000000   Number         0  entry11a.o ABSOLUTE
    ../clib/microlib/longlong.c              0x00000000   Number         0  llmul.o ABSOLUTE
    ../clib/microlib/longlong.c              0x00000000   Number         0  llushr.o ABSOLUTE
    ../clib/microlib/longlong.c              0x00000000   Number         0  llshl.o ABSOLUTE
    ../clib/microlib/stdlib/rand.c           0x00000000   Number         0  rand.o ABSOLUTE
    ../clib/microlib/string/memcpy.c         0x00000000   Number         0  memcpyb.o ABSOLUTE
    ../clib/microlib/string/memcpy.c         0x00000000   Number         0  memcpya.o ABSOLUTE
    ../clib/microlib/string/memcpy.c         0x00000000   Number         0  memmovea.o ABSOLUTE
    ../clib/microlib/string/memcpy.c         0x00000000   Number         0  memmoveb.o ABSOLUTE
    ../clib/microlib/string/memset.c         0x00000000   Number         0  memseta.o ABSOLUTE
    ../clib/microlib/unhosted.c              0x00000000   Number         0  uread4.o ABSOLUTE
    ..\Core\Src\adxl362.c                    0x00000000   Number         0  adxl362.o ABSOLUTE
    ..\Core\Src\cc1101.c                     0x00000000   Number         0  cc1101.o ABSOLUTE
    ..\Core\Src\crc.c                        0x00000000   Number         0  crc.o ABSOLUTE
    ..\Core\Src\gpio.c                       0x00000000   Number         0  gpio.o ABSOLUTE
    ..\Core\Src\iwdg.c                       0x00000000   Number         0  iwdg.o ABSOLUTE
    ..\Core\Src\main.c                       0x00000000   Number         0  main.o ABSOLUTE
    ..\Core\Src\rand_bytes_gen.c             0x00000000   Number         0  rand_bytes_gen.o ABSOLUTE
    ..\Core\Src\rtc.c                        0x00000000   Number         0  rtc.o ABSOLUTE
    ..\Core\Src\spi.c                        0x00000000   Number         0  spi.o ABSOLUTE
    ..\Core\Src\stm32l0xx_hal_msp.c          0x00000000   Number         0  stm32l0xx_hal_msp.o ABSOLUTE
    ..\Core\Src\stm32l0xx_it.c               0x00000000   Number         0  stm32l0xx_it.o ABSOLUTE
    ..\Core\Src\system_stm32l0xx.c           0x00000000   Number         0  system_stm32l0xx.o ABSOLUTE
    ..\Core\Src\usart.c                      0x00000000   Number         0  usart.o ABSOLUTE
    ..\Crypto_Sources_Files\crypto.c         0x00000000   Number         0  crypto.o ABSOLUTE
    ..\Drivers\STM32L0xx_HAL_Driver\Src\stm32l0xx_hal.c 0x00000000   Number         0  stm32l0xx_hal.o ABSOLUTE
    ..\Drivers\STM32L0xx_HAL_Driver\Src\stm32l0xx_hal_cortex.c 0x00000000   Number         0  stm32l0xx_hal_cortex.o ABSOLUTE
    ..\Drivers\STM32L0xx_HAL_Driver\Src\stm32l0xx_hal_crc.c 0x00000000   Number         0  stm32l0xx_hal_crc.o ABSOLUTE
    ..\Drivers\STM32L0xx_HAL_Driver\Src\stm32l0xx_hal_crc_ex.c 0x00000000   Number         0  stm32l0xx_hal_crc_ex.o ABSOLUTE
    ..\Drivers\STM32L0xx_HAL_Driver\Src\stm32l0xx_hal_dma.c 0x00000000   Number         0  stm32l0xx_hal_dma.o ABSOLUTE
    ..\Drivers\STM32L0xx_HAL_Driver\Src\stm32l0xx_hal_exti.c 0x00000000   Number         0  stm32l0xx_hal_exti.o ABSOLUTE
    ..\Drivers\STM32L0xx_HAL_Driver\Src\stm32l0xx_hal_flash.c 0x00000000   Number         0  stm32l0xx_hal_flash.o ABSOLUTE
    ..\Drivers\STM32L0xx_HAL_Driver\Src\stm32l0xx_hal_flash_ex.c 0x00000000   Number         0  stm32l0xx_hal_flash_ex.o ABSOLUTE
    ..\Drivers\STM32L0xx_HAL_Driver\Src\stm32l0xx_hal_flash_ramfunc.c 0x00000000   Number         0  stm32l0xx_hal_flash_ramfunc.o ABSOLUTE
    ..\Drivers\STM32L0xx_HAL_Driver\Src\stm32l0xx_hal_gpio.c 0x00000000   Number         0  stm32l0xx_hal_gpio.o ABSOLUTE
    ..\Drivers\STM32L0xx_HAL_Driver\Src\stm32l0xx_hal_i2c.c 0x00000000   Number         0  stm32l0xx_hal_i2c.o ABSOLUTE
    ..\Drivers\STM32L0xx_HAL_Driver\Src\stm32l0xx_hal_i2c_ex.c 0x00000000   Number         0  stm32l0xx_hal_i2c_ex.o ABSOLUTE
    ..\Drivers\STM32L0xx_HAL_Driver\Src\stm32l0xx_hal_pwr.c 0x00000000   Number         0  stm32l0xx_hal_pwr.o ABSOLUTE
    ..\Drivers\STM32L0xx_HAL_Driver\Src\stm32l0xx_hal_pwr_ex.c 0x00000000   Number         0  stm32l0xx_hal_pwr_ex.o ABSOLUTE
    ..\Drivers\STM32L0xx_HAL_Driver\Src\stm32l0xx_hal_rcc.c 0x00000000   Number         0  stm32l0xx_hal_rcc.o ABSOLUTE
    ..\Drivers\STM32L0xx_HAL_Driver\Src\stm32l0xx_hal_rcc_ex.c 0x00000000   Number         0  stm32l0xx_hal_rcc_ex.o ABSOLUTE
    ..\Drivers\STM32L0xx_HAL_Driver\Src\stm32l0xx_hal_rtc.c 0x00000000   Number         0  stm32l0xx_hal_rtc.o ABSOLUTE
    ..\Drivers\STM32L0xx_HAL_Driver\Src\stm32l0xx_hal_rtc_ex.c 0x00000000   Number         0  stm32l0xx_hal_rtc_ex.o ABSOLUTE
    ..\Drivers\STM32L0xx_HAL_Driver\Src\stm32l0xx_hal_tim.c 0x00000000   Number         0  stm32l0xx_hal_tim.o ABSOLUTE
    ..\Drivers\STM32L0xx_HAL_Driver\Src\stm32l0xx_hal_tim_ex.c 0x00000000   Number         0  stm32l0xx_hal_tim_ex.o ABSOLUTE
    ..\Drivers\STM32L0xx_HAL_Driver\Src\stm32l0xx_ll_dma.c 0x00000000   Number         0  stm32l0xx_ll_dma.o ABSOLUTE
    ..\Drivers\STM32L0xx_HAL_Driver\Src\stm32l0xx_ll_exti.c 0x00000000   Number         0  stm32l0xx_ll_exti.o ABSOLUTE
    ..\Drivers\STM32L0xx_HAL_Driver\Src\stm32l0xx_ll_gpio.c 0x00000000   Number         0  stm32l0xx_ll_gpio.o ABSOLUTE
    ..\Drivers\STM32L0xx_HAL_Driver\Src\stm32l0xx_ll_rcc.c 0x00000000   Number         0  stm32l0xx_ll_rcc.o ABSOLUTE
    ..\Drivers\STM32L0xx_HAL_Driver\Src\stm32l0xx_ll_spi.c 0x00000000   Number         0  stm32l0xx_ll_spi.o ABSOLUTE
    ..\Drivers\STM32L0xx_HAL_Driver\Src\stm32l0xx_ll_usart.c 0x00000000   Number         0  stm32l0xx_ll_usart.o ABSOLUTE
    ..\Drivers\STM32L0xx_HAL_Driver\Src\stm32l0xx_ll_utils.c 0x00000000   Number         0  stm32l0xx_ll_utils.o ABSOLUTE
    ..\\Core\\Src\\adxl362.c                 0x00000000   Number         0  adxl362.o ABSOLUTE
    ..\\Core\\Src\\cc1101.c                  0x00000000   Number         0  cc1101.o ABSOLUTE
    ..\\Core\\Src\\rand_bytes_gen.c          0x00000000   Number         0  rand_bytes_gen.o ABSOLUTE
    ..\\Crypto_Sources_Files\\crypto.c       0x00000000   Number         0  crypto.o ABSOLUTE
    dc.s                                     0x00000000   Number         0  dc.o ABSOLUTE
    handlers.s                               0x00000000   Number         0  handlers.o ABSOLUTE
    init.s                                   0x00000000   Number         0  init.o ABSOLUTE
    startup_stm32l051xx.s                    0x00000000   Number         0  startup_stm32l051xx.o ABSOLUTE
    RESET                                    0x08000000   Section      192  startup_stm32l051xx.o(RESET)
    .ARM.Collect$$$$00000000                 0x080000c0   Section        0  entry.o(.ARM.Collect$$$$00000000)
    .ARM.Collect$$$$00000001                 0x080000c0   Section        4  entry2.o(.ARM.Collect$$$$00000001)
    .ARM.Collect$$$$00000004                 0x080000c4   Section        4  entry5.o(.ARM.Collect$$$$00000004)
    .ARM.Collect$$$$00000008                 0x080000c8   Section        0  entry7b.o(.ARM.Collect$$$$00000008)
    .ARM.Collect$$$$0000000A                 0x080000c8   Section        0  entry8b.o(.ARM.Collect$$$$0000000A)
    .ARM.Collect$$$$0000000B                 0x080000c8   Section        8  entry9a.o(.ARM.Collect$$$$0000000B)
    .ARM.Collect$$$$0000000D                 0x080000d0   Section        0  entry10a.o(.ARM.Collect$$$$0000000D)
    .ARM.Collect$$$$0000000F                 0x080000d0   Section        0  entry11a.o(.ARM.Collect$$$$0000000F)
    .ARM.Collect$$$$00002712                 0x080000d0   Section        4  entry2.o(.ARM.Collect$$$$00002712)
    __lit__00000000                          0x080000d0   Data           4  entry2.o(.ARM.Collect$$$$00002712)
    .text                                    0x080000d4   Section       28  startup_stm32l051xx.o(.text)
    .text                                    0x080000f0   Section        0  uidiv.o(.text)
    .text                                    0x0800011c   Section        0  idiv.o(.text)
    .text                                    0x08000144   Section        0  uldiv.o(.text)
    .text                                    0x080001a4   Section        0  rand.o(.text)
    .text                                    0x080001c8   Section        0  memmovea.o(.text)
    .text                                    0x08000208   Section        0  memseta.o(.text)
    .text                                    0x0800022c   Section        0  uread4.o(.text)
    .text                                    0x08000240   Section        0  llshl.o(.text)
    .text                                    0x08000260   Section        0  llushr.o(.text)
    .text                                    0x08000284   Section       36  init.o(.text)
    i.ADXL362FifoProcess                     0x080002a8   Section        0  adxl362.o(i.ADXL362FifoProcess)
    i.ADXL362FifoRead                        0x08000498   Section        0  adxl362.o(i.ADXL362FifoRead)
    i.ADXL362RegisterRead                    0x080004d8   Section        0  adxl362.o(i.ADXL362RegisterRead)
    i.ADXL362RegisterWrite                   0x08000520   Section        0  adxl362.o(i.ADXL362RegisterWrite)
    i.ADXL362_Init                           0x08000564   Section        0  adxl362.o(i.ADXL362_Init)
    i.AES_general_SW_enc                     0x0800070c   Section        0  crypto.o(i.AES_general_SW_enc)
    i.AES_keyschedule_enc_LL                 0x080009f0   Section        0  crypto.o(i.AES_keyschedule_enc_LL)
    AES_keyschedule_enc_LL                   0x080009f1   Thumb Code   358  crypto.o(i.AES_keyschedule_enc_LL)
    i.CC1101ClrTXBuff                        0x08000b60   Section        0  cc1101.o(i.CC1101ClrTXBuff)
    i.CC1101Init                             0x08000b70   Section        0  cc1101.o(i.CC1101Init)
    i.CC1101ReadReg                          0x08000bb8   Section        0  cc1101.o(i.CC1101ReadReg)
    i.CC1101Reset                            0x08000bf4   Section        0  cc1101.o(i.CC1101Reset)
    i.CC1101Send3AxisHandler                 0x08000c50   Section        0  cc1101.o(i.CC1101Send3AxisHandler)
    i.CC1101SendHandler                      0x08000d34   Section        0  cc1101.o(i.CC1101SendHandler)
    i.CC1101SendPacket                       0x08000e38   Section        0  cc1101.o(i.CC1101SendPacket)
    i.CC1101SetAddress                       0x08000f14   Section        0  cc1101.o(i.CC1101SetAddress)
    i.CC1101SetSYNC                          0x08000f28   Section        0  cc1101.o(i.CC1101SetSYNC)
    i.CC1101SetTRMode                        0x08000f3e   Section        0  cc1101.o(i.CC1101SetTRMode)
    i.CC1101SetWORMode                       0x08000f74   Section        0  cc1101.o(i.CC1101SetWORMode)
    i.CC1101WORInit                          0x08000f9a   Section        0  cc1101.o(i.CC1101WORInit)
    i.CC1101WriteCmd                         0x08000fc8   Section        0  cc1101.o(i.CC1101WriteCmd)
    i.CC1101WriteMultiReg                    0x08000ff4   Section        0  cc1101.o(i.CC1101WriteMultiReg)
    i.CC1101WriteReg                         0x0800103c   Section        0  cc1101.o(i.CC1101WriteReg)
    i.CC1101_GDO_DeInit                      0x08001074   Section        0  cc1101.o(i.CC1101_GDO_DeInit)
    i.CC1101_GDO_Init                        0x080010be   Section        0  cc1101.o(i.CC1101_GDO_Init)
    i.CRC_Handle_16                          0x0800114e   Section        0  stm32l0xx_hal_crc.o(i.CRC_Handle_16)
    CRC_Handle_16                            0x0800114f   Thumb Code    56  stm32l0xx_hal_crc.o(i.CRC_Handle_16)
    i.CRC_Handle_8                           0x08001186   Section        0  stm32l0xx_hal_crc.o(i.CRC_Handle_8)
    CRC_Handle_8                             0x08001187   Thumb Code   128  stm32l0xx_hal_crc.o(i.CRC_Handle_8)
    i.DATAEEPROM_Program                     0x08001208   Section        0  main.o(i.DATAEEPROM_Program)
    i.DRBG_AES128_Bcc                        0x08001250   Section        0  crypto.o(i.DRBG_AES128_Bcc)
    DRBG_AES128_Bcc                          0x08001251   Thumb Code   212  crypto.o(i.DRBG_AES128_Bcc)
    i.DRBG_AES128_Block_cipher_df            0x08001324   Section        0  crypto.o(i.DRBG_AES128_Block_cipher_df)
    DRBG_AES128_Block_cipher_df              0x08001325   Thumb Code   208  crypto.o(i.DRBG_AES128_Block_cipher_df)
    i.DRBG_AES128_Update                     0x080013f8   Section        0  crypto.o(i.DRBG_AES128_Update)
    DRBG_AES128_Update                       0x080013f9   Thumb Code   130  crypto.o(i.DRBG_AES128_Update)
    i.EXTI0_1_IRQHandler                     0x0800147c   Section        0  stm32l0xx_it.o(i.EXTI0_1_IRQHandler)
    i.EXTI2_3_IRQHandler                     0x080014a0   Section        0  stm32l0xx_it.o(i.EXTI2_3_IRQHandler)
    i.EXTI4_15_IRQHandler                    0x080014c4   Section        0  stm32l0xx_it.o(i.EXTI4_15_IRQHandler)
    i.Error_Callback                         0x080014e8   Section        0  usart.o(i.Error_Callback)
    i.Error_Handler                          0x08001548   Section        0  main.o(i.Error_Handler)
    i.FLASH_SetErrorCode                     0x08001564   Section        0  stm32l0xx_hal_flash.o(i.FLASH_SetErrorCode)
    FLASH_SetErrorCode                       0x08001565   Thumb Code   134  stm32l0xx_hal_flash.o(i.FLASH_SetErrorCode)
    i.FLASH_WaitForLastOperation             0x080015f4   Section        0  stm32l0xx_hal_flash.o(i.FLASH_WaitForLastOperation)
    i.Get_SerialNum                          0x08001664   Section        0  main.o(i.Get_SerialNum)
    i.HAL_CRCEx_Polynomial_Set               0x0800169c   Section        0  stm32l0xx_hal_crc_ex.o(i.HAL_CRCEx_Polynomial_Set)
    i.HAL_CRC_Calculate                      0x080016ec   Section        0  stm32l0xx_hal_crc.o(i.HAL_CRC_Calculate)
    i.HAL_CRC_DeInit                         0x08001736   Section        0  stm32l0xx_hal_crc.o(i.HAL_CRC_DeInit)
    i.HAL_CRC_Init                           0x0800176c   Section        0  stm32l0xx_hal_crc.o(i.HAL_CRC_Init)
    i.HAL_CRC_MspDeInit                      0x080017e8   Section        0  crc.o(i.HAL_CRC_MspDeInit)
    i.HAL_CRC_MspInit                        0x08001804   Section        0  crc.o(i.HAL_CRC_MspInit)
    i.HAL_Delay                              0x08001828   Section        0  stm32l0xx_hal.o(i.HAL_Delay)
    i.HAL_FLASHEx_DATAEEPROM_DisableFixedTimeProgram 0x0800184c   Section        0  stm32l0xx_hal_flash_ex.o(i.HAL_FLASHEx_DATAEEPROM_DisableFixedTimeProgram)
    i.HAL_FLASHEx_DATAEEPROM_EnableFixedTimeProgram 0x0800185c   Section        0  stm32l0xx_hal_flash_ex.o(i.HAL_FLASHEx_DATAEEPROM_EnableFixedTimeProgram)
    i.HAL_FLASHEx_DATAEEPROM_Erase           0x0800186c   Section        0  stm32l0xx_hal_flash_ex.o(i.HAL_FLASHEx_DATAEEPROM_Erase)
    i.HAL_FLASHEx_DATAEEPROM_Lock            0x08001894   Section        0  stm32l0xx_hal_flash_ex.o(i.HAL_FLASHEx_DATAEEPROM_Lock)
    i.HAL_FLASHEx_DATAEEPROM_Program         0x080018a8   Section        0  stm32l0xx_hal_flash_ex.o(i.HAL_FLASHEx_DATAEEPROM_Program)
    i.HAL_FLASHEx_DATAEEPROM_Unlock          0x080018fc   Section        0  stm32l0xx_hal_flash_ex.o(i.HAL_FLASHEx_DATAEEPROM_Unlock)
    i.HAL_GPIO_ReadPin                       0x08001930   Section        0  stm32l0xx_hal_gpio.o(i.HAL_GPIO_ReadPin)
    i.HAL_GPIO_TogglePin                     0x0800193a   Section        0  stm32l0xx_hal_gpio.o(i.HAL_GPIO_TogglePin)
    i.HAL_GPIO_WritePin                      0x0800194a   Section        0  stm32l0xx_hal_gpio.o(i.HAL_GPIO_WritePin)
    i.HAL_GetTick                            0x08001958   Section        0  stm32l0xx_hal.o(i.HAL_GetTick)
    i.HAL_IncTick                            0x08001964   Section        0  stm32l0xx_hal.o(i.HAL_IncTick)
    i.HAL_Init                               0x08001974   Section        0  stm32l0xx_hal.o(i.HAL_Init)
    i.HAL_InitTick                           0x0800199c   Section        0  stm32l0xx_hal.o(i.HAL_InitTick)
    i.HAL_MspInit                            0x080019e0   Section        0  stm32l0xx_hal_msp.o(i.HAL_MspInit)
    i.HAL_NVIC_EnableIRQ                     0x080019f8   Section        0  stm32l0xx_hal_cortex.o(i.HAL_NVIC_EnableIRQ)
    i.HAL_NVIC_SetPriority                   0x08001a10   Section        0  stm32l0xx_hal_cortex.o(i.HAL_NVIC_SetPriority)
    i.HAL_PWREx_EnableFastWakeUp             0x08001a18   Section        0  stm32l0xx_hal_pwr_ex.o(i.HAL_PWREx_EnableFastWakeUp)
    i.HAL_PWREx_EnableUltraLowPower          0x08001a28   Section        0  stm32l0xx_hal_pwr_ex.o(i.HAL_PWREx_EnableUltraLowPower)
    i.HAL_PWR_EnterSTOPMode                  0x08001a38   Section        0  stm32l0xx_hal_pwr.o(i.HAL_PWR_EnterSTOPMode)
    i.HAL_RCCEx_PeriphCLKConfig              0x08001a9c   Section        0  stm32l0xx_hal_rcc_ex.o(i.HAL_RCCEx_PeriphCLKConfig)
    i.HAL_RCC_ClockConfig                    0x08001c00   Section        0  stm32l0xx_hal_rcc.o(i.HAL_RCC_ClockConfig)
    i.HAL_RCC_GetSysClockFreq                0x08001d9c   Section        0  stm32l0xx_hal_rcc.o(i.HAL_RCC_GetSysClockFreq)
    i.HAL_RCC_OscConfig                      0x08001e14   Section        0  stm32l0xx_hal_rcc.o(i.HAL_RCC_OscConfig)
    i.HAL_RTCEx_SetWakeUpTimer_IT            0x0800223c   Section        0  stm32l0xx_hal_rtc_ex.o(i.HAL_RTCEx_SetWakeUpTimer_IT)
    i.HAL_RTCEx_WakeUpTimerEventCallback     0x08002334   Section        0  rtc.o(i.HAL_RTCEx_WakeUpTimerEventCallback)
    i.HAL_RTCEx_WakeUpTimerIRQHandler        0x08002370   Section        0  stm32l0xx_hal_rtc_ex.o(i.HAL_RTCEx_WakeUpTimerIRQHandler)
    i.HAL_RTC_Init                           0x080023a8   Section        0  stm32l0xx_hal_rtc.o(i.HAL_RTC_Init)
    i.HAL_RTC_MspInit                        0x08002464   Section        0  rtc.o(i.HAL_RTC_MspInit)
    i.HAL_RTC_WaitForSynchro                 0x08002494   Section        0  stm32l0xx_hal_rtc.o(i.HAL_RTC_WaitForSynchro)
    i.HAL_ResumeTick                         0x080024c8   Section        0  stm32l0xx_hal.o(i.HAL_ResumeTick)
    i.HAL_SYSTICK_Config                     0x080024d8   Section        0  stm32l0xx_hal_cortex.o(i.HAL_SYSTICK_Config)
    i.HAL_SuspendTick                        0x08002508   Section        0  stm32l0xx_hal.o(i.HAL_SuspendTick)
    i.HardFault_Handler                      0x08002518   Section        0  stm32l0xx_it.o(i.HardFault_Handler)
    i.LED_Blinking                           0x0800251c   Section        0  main.o(i.LED_Blinking)
    i.LL_APB2_GRP1_EnableClock               0x08002534   Section        0  usart.o(i.LL_APB2_GRP1_EnableClock)
    LL_APB2_GRP1_EnableClock                 0x08002535   Thumb Code    18  usart.o(i.LL_APB2_GRP1_EnableClock)
    i.LL_EXTI_Init                           0x0800254c   Section        0  stm32l0xx_ll_exti.o(i.LL_EXTI_Init)
    i.LL_EXTI_IsActiveFlag_0_31              0x080025ec   Section        0  stm32l0xx_it.o(i.LL_EXTI_IsActiveFlag_0_31)
    LL_EXTI_IsActiveFlag_0_31                0x080025ed   Thumb Code    16  stm32l0xx_it.o(i.LL_EXTI_IsActiveFlag_0_31)
    i.LL_GPIO_Init                           0x08002600   Section        0  stm32l0xx_ll_gpio.o(i.LL_GPIO_Init)
    i.LL_GPIO_SetPinMode                     0x080026ae   Section        0  cc1101.o(i.LL_GPIO_SetPinMode)
    LL_GPIO_SetPinMode                       0x080026af   Thumb Code    20  cc1101.o(i.LL_GPIO_SetPinMode)
    i.LL_GPIO_SetPinMode                     0x080026c2   Section        0  gpio.o(i.LL_GPIO_SetPinMode)
    LL_GPIO_SetPinMode                       0x080026c3   Thumb Code    20  gpio.o(i.LL_GPIO_SetPinMode)
    i.LL_GPIO_SetPinPull                     0x080026d6   Section        0  cc1101.o(i.LL_GPIO_SetPinPull)
    LL_GPIO_SetPinPull                       0x080026d7   Thumb Code    20  cc1101.o(i.LL_GPIO_SetPinPull)
    i.LL_GPIO_SetPinPull                     0x080026ea   Section        0  gpio.o(i.LL_GPIO_SetPinPull)
    LL_GPIO_SetPinPull                       0x080026eb   Thumb Code    20  gpio.o(i.LL_GPIO_SetPinPull)
    i.LL_IOP_GRP1_EnableClock                0x08002700   Section        0  cc1101.o(i.LL_IOP_GRP1_EnableClock)
    LL_IOP_GRP1_EnableClock                  0x08002701   Thumb Code    18  cc1101.o(i.LL_IOP_GRP1_EnableClock)
    i.LL_IOP_GRP1_EnableClock                0x08002718   Section        0  gpio.o(i.LL_IOP_GRP1_EnableClock)
    LL_IOP_GRP1_EnableClock                  0x08002719   Thumb Code    18  gpio.o(i.LL_IOP_GRP1_EnableClock)
    i.LL_IOP_GRP1_EnableClock                0x08002730   Section        0  spi.o(i.LL_IOP_GRP1_EnableClock)
    LL_IOP_GRP1_EnableClock                  0x08002731   Thumb Code    18  spi.o(i.LL_IOP_GRP1_EnableClock)
    i.LL_IOP_GRP1_EnableClock                0x08002748   Section        0  usart.o(i.LL_IOP_GRP1_EnableClock)
    LL_IOP_GRP1_EnableClock                  0x08002749   Thumb Code    18  usart.o(i.LL_IOP_GRP1_EnableClock)
    i.LL_RCC_GetUSARTClockFreq               0x08002760   Section        0  stm32l0xx_ll_rcc.o(i.LL_RCC_GetUSARTClockFreq)
    i.LL_RCC_GetUSARTClockSource             0x080027f0   Section        0  stm32l0xx_ll_rcc.o(i.LL_RCC_GetUSARTClockSource)
    LL_RCC_GetUSARTClockSource               0x080027f1   Thumb Code    12  stm32l0xx_ll_rcc.o(i.LL_RCC_GetUSARTClockSource)
    i.LL_RCC_HSI_IsReady                     0x08002800   Section        0  stm32l0xx_ll_rcc.o(i.LL_RCC_HSI_IsReady)
    LL_RCC_HSI_IsReady                       0x08002801   Thumb Code    10  stm32l0xx_ll_rcc.o(i.LL_RCC_HSI_IsReady)
    i.LL_RCC_IsActiveFlag_HSIDIV             0x08002810   Section        0  stm32l0xx_ll_rcc.o(i.LL_RCC_IsActiveFlag_HSIDIV)
    LL_RCC_IsActiveFlag_HSIDIV               0x08002811   Thumb Code    10  stm32l0xx_ll_rcc.o(i.LL_RCC_IsActiveFlag_HSIDIV)
    i.LL_RCC_LSE_IsReady                     0x08002820   Section        0  stm32l0xx_ll_rcc.o(i.LL_RCC_LSE_IsReady)
    LL_RCC_LSE_IsReady                       0x08002821   Thumb Code    10  stm32l0xx_ll_rcc.o(i.LL_RCC_LSE_IsReady)
    i.LL_SPI_DeInit                          0x08002830   Section        0  stm32l0xx_ll_spi.o(i.LL_SPI_DeInit)
    i.LL_SPI_Init                            0x08002874   Section        0  stm32l0xx_ll_spi.o(i.LL_SPI_Init)
    i.LL_SYSCFG_SetEXTISource                0x080028e0   Section        0  cc1101.o(i.LL_SYSCFG_SetEXTISource)
    LL_SYSCFG_SetEXTISource                  0x080028e1   Thumb Code    28  cc1101.o(i.LL_SYSCFG_SetEXTISource)
    i.LL_SYSCFG_SetEXTISource                0x08002900   Section        0  gpio.o(i.LL_SYSCFG_SetEXTISource)
    LL_SYSCFG_SetEXTISource                  0x08002901   Thumb Code    28  gpio.o(i.LL_SYSCFG_SetEXTISource)
    i.LL_USART_DeInit                        0x08002920   Section        0  stm32l0xx_ll_usart.o(i.LL_USART_DeInit)
    i.LL_USART_EnableIT_ERROR                0x08002968   Section        0  usart.o(i.LL_USART_EnableIT_ERROR)
    LL_USART_EnableIT_ERROR                  0x08002969   Thumb Code    24  usart.o(i.LL_USART_EnableIT_ERROR)
    i.LL_USART_EnableIT_RXNE                 0x08002980   Section        0  usart.o(i.LL_USART_EnableIT_RXNE)
    LL_USART_EnableIT_RXNE                   0x08002981   Thumb Code    24  usart.o(i.LL_USART_EnableIT_RXNE)
    i.LL_USART_Init                          0x08002998   Section        0  stm32l0xx_ll_usart.o(i.LL_USART_Init)
    i.MX_CRC_Init                            0x08002a40   Section        0  crc.o(i.MX_CRC_Init)
    i.MX_GPIO_Init                           0x08002a70   Section        0  gpio.o(i.MX_GPIO_Init)
    i.MX_IWDG_Init                           0x08002d14   Section        0  iwdg.o(i.MX_IWDG_Init)
    i.MX_RTC_Init                            0x08002d48   Section        0  rtc.o(i.MX_RTC_Init)
    i.MX_SPI1_DeInit                         0x08002d90   Section        0  spi.o(i.MX_SPI1_DeInit)
    i.MX_SPI1_Init                           0x08002e00   Section        0  spi.o(i.MX_SPI1_Init)
    i.MX_SPI2_DeInit                         0x08002ed0   Section        0  spi.o(i.MX_SPI2_DeInit)
    i.MX_SPI2_Init                           0x08002f50   Section        0  spi.o(i.MX_SPI2_Init)
    i.MX_USART1_UART_DeInit                  0x08003018   Section        0  usart.o(i.MX_USART1_UART_DeInit)
    i.MX_USART1_UART_Init                    0x0800307c   Section        0  usart.o(i.MX_USART1_UART_Init)
    i.NMI_Handler                            0x08003130   Section        0  stm32l0xx_it.o(i.NMI_Handler)
    i.PendSV_Handler                         0x08003132   Section        0  stm32l0xx_it.o(i.PendSV_Handler)
    i.RCC_GetHCLKClockFreq                   0x08003134   Section        0  stm32l0xx_ll_rcc.o(i.RCC_GetHCLKClockFreq)
    RCC_GetHCLKClockFreq                     0x08003135   Thumb Code    18  stm32l0xx_ll_rcc.o(i.RCC_GetHCLKClockFreq)
    i.RCC_GetPCLK1ClockFreq                  0x08003150   Section        0  stm32l0xx_ll_rcc.o(i.RCC_GetPCLK1ClockFreq)
    RCC_GetPCLK1ClockFreq                    0x08003151   Thumb Code    16  stm32l0xx_ll_rcc.o(i.RCC_GetPCLK1ClockFreq)
    i.RCC_GetPCLK2ClockFreq                  0x08003168   Section        0  stm32l0xx_ll_rcc.o(i.RCC_GetPCLK2ClockFreq)
    RCC_GetPCLK2ClockFreq                    0x08003169   Thumb Code    16  stm32l0xx_ll_rcc.o(i.RCC_GetPCLK2ClockFreq)
    i.RCC_GetSystemClockFreq                 0x08003180   Section        0  stm32l0xx_ll_rcc.o(i.RCC_GetSystemClockFreq)
    RCC_GetSystemClockFreq                   0x08003181   Thumb Code   116  stm32l0xx_ll_rcc.o(i.RCC_GetSystemClockFreq)
    i.RFIDInitial                            0x08003204   Section        0  cc1101.o(i.RFIDInitial)
    i.RNG_Gen                                0x0800324c   Section        0  rand_bytes_gen.o(i.RNG_Gen)
    i.RNG_Init                               0x08003288   Section        0  rand_bytes_gen.o(i.RNG_Init)
    i.RNGfree                                0x080032fc   Section        0  crypto.o(i.RNGfree)
    i.RNGgenBytes                            0x08003330   Section        0  crypto.o(i.RNGgenBytes)
    i.RNGinit                                0x080033d8   Section        0  crypto.o(i.RNGinit)
    i.RTC_EnterInitMode                      0x080034b0   Section        0  stm32l0xx_hal_rtc.o(i.RTC_EnterInitMode)
    i.RTC_IRQHandler                         0x080034e8   Section        0  stm32l0xx_it.o(i.RTC_IRQHandler)
    i.SPI_ExchangeByte                       0x080034f8   Section        0  spi.o(i.SPI_ExchangeByte)
    i.SVC_Handler                            0x0800350e   Section        0  stm32l0xx_it.o(i.SVC_Handler)
    i.Show_Message                           0x08003510   Section        0  main.o(i.Show_Message)
    i.SpiFunction                            0x0800358c   Section        0  spi.o(i.SpiFunction)
    i.SysTick_Handler                        0x080035c0   Section        0  stm32l0xx_it.o(i.SysTick_Handler)
    i.SystemClock_Config                     0x080035c8   Section        0  main.o(i.SystemClock_Config)
    i.SystemInit                             0x08003658   Section        0  system_stm32l0xx.o(i.SystemInit)
    i.System_Initial                         0x080036ac   Section        0  main.o(i.System_Initial)
    i.USART1_IRQHandler                      0x0800374c   Section        0  stm32l0xx_it.o(i.USART1_IRQHandler)
    i.USART_CharReception_Callback           0x08003770   Section        0  usart.o(i.USART_CharReception_Callback)
    i.__ARM_common_ll_muluu                  0x080037a8   Section        0  crypto.o(i.__ARM_common_ll_muluu)
    i.__NVIC_DisableIRQ                      0x080037dc   Section        0  cc1101.o(i.__NVIC_DisableIRQ)
    __NVIC_DisableIRQ                        0x080037dd   Thumb Code    26  cc1101.o(i.__NVIC_DisableIRQ)
    i.__NVIC_DisableIRQ                      0x080037fc   Section        0  usart.o(i.__NVIC_DisableIRQ)
    __NVIC_DisableIRQ                        0x080037fd   Thumb Code    26  usart.o(i.__NVIC_DisableIRQ)
    i.__NVIC_EnableIRQ                       0x0800381c   Section        0  cc1101.o(i.__NVIC_EnableIRQ)
    __NVIC_EnableIRQ                         0x0800381d   Thumb Code    18  cc1101.o(i.__NVIC_EnableIRQ)
    i.__NVIC_EnableIRQ                       0x08003834   Section        0  gpio.o(i.__NVIC_EnableIRQ)
    __NVIC_EnableIRQ                         0x08003835   Thumb Code    18  gpio.o(i.__NVIC_EnableIRQ)
    i.__NVIC_SetPriority                     0x0800384c   Section        0  cc1101.o(i.__NVIC_SetPriority)
    __NVIC_SetPriority                       0x0800384d   Thumb Code    60  cc1101.o(i.__NVIC_SetPriority)
    i.__NVIC_SetPriority                     0x08003890   Section        0  gpio.o(i.__NVIC_SetPriority)
    __NVIC_SetPriority                       0x08003891   Thumb Code    60  gpio.o(i.__NVIC_SetPriority)
    i.__NVIC_SetPriority                     0x080038d4   Section        0  stm32l0xx_hal_cortex.o(i.__NVIC_SetPriority)
    __NVIC_SetPriority                       0x080038d5   Thumb Code    60  stm32l0xx_hal_cortex.o(i.__NVIC_SetPriority)
    i.__scatterload_copy                     0x08003918   Section       14  handlers.o(i.__scatterload_copy)
    i.__scatterload_null                     0x08003926   Section        2  handlers.o(i.__scatterload_null)
    i.__scatterload_zeroinit                 0x08003928   Section       14  handlers.o(i.__scatterload_zeroinit)
    i.crl_DRBG_AES128_Generate               0x08003938   Section        0  crypto.o(i.crl_DRBG_AES128_Generate)
    i.detect_step                            0x08003b54   Section        0  adxl362.o(i.detect_step)
    i.filter_calculate                       0x08003c08   Section        0  adxl362.o(i.filter_calculate)
    i.is_most_active                         0x08003c52   Section        0  adxl362.o(i.is_most_active)
    i.main                                   0x08003cb8   Section        0  main.o(i.main)
    i.peak_update                            0x08003e78   Section        0  adxl362.o(i.peak_update)
    i.peak_value_init                        0x08003f10   Section        0  adxl362.o(i.peak_value_init)
    i.slid_update                            0x08003f28   Section        0  adxl362.o(i.slid_update)
    .constdata                               0x08003f7a   Section       94  cc1101.o(.constdata)
    CC1101InitData                           0x08003f7a   Data          94  cc1101.o(.constdata)
    .constdata                               0x08003fd8   Section       25  system_stm32l0xx.o(.constdata)
    .constdata                               0x08003ff1   Section        8  system_stm32l0xx.o(.constdata)
    .constdata                               0x08004000   Section     7012  crypto.o(.constdata)
    table_reduction8                         0x08004a2c   Data         512  crypto.o(.constdata)
    table_reduction4                         0x08004c2c   Data          32  crypto.o(.constdata)
    sha512_K                                 0x08005550   Data         640  crypto.o(.constdata)
    tau                                      0x080057e0   Data          16  crypto.o(.constdata)
    m                                        0x080057f0   Data          32  crypto.o(.constdata)
    mu                                       0x08005810   Data          36  crypto.o(.constdata)
    ge25519_ecd                              0x08005834   Data          32  crypto.o(.constdata)
    ge25519_ec2d                             0x080058d4   Data          32  crypto.o(.constdata)
    ge25519_sqrtm1                           0x080058f4   Data          32  crypto.o(.constdata)
    pad                                      0x08005984   Data          64  crypto.o(.constdata)
    .data                                    0x20000000   Section       16  adxl362.o(.data)
    .data                                    0x20000010   Section       10  cc1101.o(.data)
    .data                                    0x2000001c   Section       50  rand_bytes_gen.o(.data)
    .data                                    0x2000004e   Section        4  main.o(.data)
    .data                                    0x20000052   Section        3  rtc.o(.data)
    .data                                    0x20000058   Section       12  stm32l0xx_hal.o(.data)
    .data                                    0x20000064   Section        4  system_stm32l0xx.o(.data)
    .data                                    0x20000068   Section        4  rand.o(.data)
    _rand_state                              0x20000068   Data           4  rand.o(.data)
    .bss                                     0x2000006c   Section     2258  adxl362.o(.bss)
    .bss                                     0x20000940   Section      396  cc1101.o(.bss)
    .bss                                     0x20000acc   Section      100  rand_bytes_gen.o(.bss)
    .bss                                     0x20000b30   Section       16  main.o(.bss)
    .bss                                     0x20000b40   Section       36  crc.o(.bss)
    .bss                                     0x20000b64   Section       36  rtc.o(.bss)
    .bss                                     0x20000b88   Section       26  usart.o(.bss)
    .bss                                     0x20000ba4   Section       24  stm32l0xx_hal_flash.o(.bss)
    STACK                                    0x20000bc0   Section     1024  startup_stm32l051xx.o(STACK)

    Global Symbols

    Symbol Name                              Value     Ov Type        Size  Object(Section)

    BuildAttributes$$THM_ISAv3M$S$PE$A:L22$X:L11$S22$IEEE1$IW$USESV6$~STKCKD$USESV7$~SHL$OTIME$EBA8$MICROLIB$REQ8$PRES8$EABIv2 0x00000000   Number         0  anon$$obj.o ABSOLUTE
    __ARM_use_no_argv                        0x00000000   Number         0  main.o ABSOLUTE
    __cpp_initialize__aeabi_                  - Undefined Weak Reference
    __cxa_finalize                            - Undefined Weak Reference
    __decompress                              - Undefined Weak Reference
    _clock_init                               - Undefined Weak Reference
    _microlib_exit                            - Undefined Weak Reference
    __Vectors_Size                           0x000000c0   Number         0  startup_stm32l051xx.o ABSOLUTE
    __Vectors                                0x08000000   Data           4  startup_stm32l051xx.o(RESET)
    __Vectors_End                            0x080000c0   Data           0  startup_stm32l051xx.o(RESET)
    __main                                   0x080000c1   Thumb Code     0  entry.o(.ARM.Collect$$$$00000000)
    _main_stk                                0x080000c1   Thumb Code     0  entry2.o(.ARM.Collect$$$$00000001)
    _main_scatterload                        0x080000c5   Thumb Code     0  entry5.o(.ARM.Collect$$$$00000004)
    __main_after_scatterload                 0x080000c9   Thumb Code     0  entry5.o(.ARM.Collect$$$$00000004)
    _main_clock                              0x080000c9   Thumb Code     0  entry7b.o(.ARM.Collect$$$$00000008)
    _main_cpp_init                           0x080000c9   Thumb Code     0  entry8b.o(.ARM.Collect$$$$0000000A)
    _main_init                               0x080000c9   Thumb Code     0  entry9a.o(.ARM.Collect$$$$0000000B)
    __rt_final_cpp                           0x080000d1   Thumb Code     0  entry10a.o(.ARM.Collect$$$$0000000D)
    __rt_final_exit                          0x080000d1   Thumb Code     0  entry11a.o(.ARM.Collect$$$$0000000F)
    Reset_Handler                            0x080000d5   Thumb Code     8  startup_stm32l051xx.o(.text)
    ADC1_COMP_IRQHandler                     0x080000e7   Thumb Code     0  startup_stm32l051xx.o(.text)
    DMA1_Channel1_IRQHandler                 0x080000e7   Thumb Code     0  startup_stm32l051xx.o(.text)
    DMA1_Channel2_3_IRQHandler               0x080000e7   Thumb Code     0  startup_stm32l051xx.o(.text)
    DMA1_Channel4_5_6_7_IRQHandler           0x080000e7   Thumb Code     0  startup_stm32l051xx.o(.text)
    FLASH_IRQHandler                         0x080000e7   Thumb Code     0  startup_stm32l051xx.o(.text)
    I2C1_IRQHandler                          0x080000e7   Thumb Code     0  startup_stm32l051xx.o(.text)
    I2C2_IRQHandler                          0x080000e7   Thumb Code     0  startup_stm32l051xx.o(.text)
    LPTIM1_IRQHandler                        0x080000e7   Thumb Code     0  startup_stm32l051xx.o(.text)
    LPUART1_IRQHandler                       0x080000e7   Thumb Code     0  startup_stm32l051xx.o(.text)
    PVD_IRQHandler                           0x080000e7   Thumb Code     0  startup_stm32l051xx.o(.text)
    RCC_IRQHandler                           0x080000e7   Thumb Code     0  startup_stm32l051xx.o(.text)
    SPI1_IRQHandler                          0x080000e7   Thumb Code     0  startup_stm32l051xx.o(.text)
    SPI2_IRQHandler                          0x080000e7   Thumb Code     0  startup_stm32l051xx.o(.text)
    TIM21_IRQHandler                         0x080000e7   Thumb Code     0  startup_stm32l051xx.o(.text)
    TIM22_IRQHandler                         0x080000e7   Thumb Code     0  startup_stm32l051xx.o(.text)
    TIM2_IRQHandler                          0x080000e7   Thumb Code     0  startup_stm32l051xx.o(.text)
    TIM6_IRQHandler                          0x080000e7   Thumb Code     0  startup_stm32l051xx.o(.text)
    USART2_IRQHandler                        0x080000e7   Thumb Code     0  startup_stm32l051xx.o(.text)
    WWDG_IRQHandler                          0x080000e7   Thumb Code     0  startup_stm32l051xx.o(.text)
    __aeabi_uidiv                            0x080000f1   Thumb Code     0  uidiv.o(.text)
    __aeabi_uidivmod                         0x080000f1   Thumb Code    44  uidiv.o(.text)
    __aeabi_idiv                             0x0800011d   Thumb Code     0  idiv.o(.text)
    __aeabi_idivmod                          0x0800011d   Thumb Code    40  idiv.o(.text)
    __aeabi_uldivmod                         0x08000145   Thumb Code    96  uldiv.o(.text)
    rand                                     0x080001a5   Thumb Code    18  rand.o(.text)
    srand                                    0x080001b7   Thumb Code     6  rand.o(.text)
    ___aeabi_memcpy8$move                    0x080001c9   Thumb Code     0  memmovea.o(.text)
    __aeabi_memcpy                           0x080001c9   Thumb Code    64  memmovea.o(.text)
    __aeabi_memcpy4                          0x080001c9   Thumb Code     0  memmovea.o(.text)
    __aeabi_memmove                          0x080001c9   Thumb Code     0  memmovea.o(.text)
    __aeabi_memmove4                         0x080001c9   Thumb Code     0  memmovea.o(.text)
    __aeabi_memmove8                         0x080001c9   Thumb Code     0  memmovea.o(.text)
    __aeabi_memset                           0x08000209   Thumb Code    14  memseta.o(.text)
    __aeabi_memset4                          0x08000209   Thumb Code     0  memseta.o(.text)
    __aeabi_memset8                          0x08000209   Thumb Code     0  memseta.o(.text)
    __aeabi_memclr                           0x08000217   Thumb Code     4  memseta.o(.text)
    __aeabi_memclr4                          0x08000217   Thumb Code     0  memseta.o(.text)
    __aeabi_memclr8                          0x08000217   Thumb Code     0  memseta.o(.text)
    _memset$wrapper                          0x0800021b   Thumb Code    18  memseta.o(.text)
    __aeabi_uread4                           0x0800022d   Thumb Code    20  uread4.o(.text)
    __rt_uread4                              0x0800022d   Thumb Code     0  uread4.o(.text)
    _uread4                                  0x0800022d   Thumb Code     0  uread4.o(.text)
    __aeabi_llsl                             0x08000241   Thumb Code    32  llshl.o(.text)
    _ll_shift_l                              0x08000241   Thumb Code     0  llshl.o(.text)
    __aeabi_llsr                             0x08000261   Thumb Code    34  llushr.o(.text)
    _ll_ushift_r                             0x08000261   Thumb Code     0  llushr.o(.text)
    __scatterload                            0x08000285   Thumb Code    28  init.o(.text)
    __scatterload_rt2                        0x08000285   Thumb Code     0  init.o(.text)
    ADXL362FifoProcess                       0x080002a9   Thumb Code   480  adxl362.o(i.ADXL362FifoProcess)
    ADXL362FifoRead                          0x08000499   Thumb Code    56  adxl362.o(i.ADXL362FifoRead)
    ADXL362RegisterRead                      0x080004d9   Thumb Code    62  adxl362.o(i.ADXL362RegisterRead)
    ADXL362RegisterWrite                     0x08000521   Thumb Code    60  adxl362.o(i.ADXL362RegisterWrite)
    ADXL362_Init                             0x08000565   Thumb Code   406  adxl362.o(i.ADXL362_Init)
    AES_general_SW_enc                       0x0800070d   Thumb Code   728  crypto.o(i.AES_general_SW_enc)
    CC1101ClrTXBuff                          0x08000b61   Thumb Code    16  cc1101.o(i.CC1101ClrTXBuff)
    CC1101Init                               0x08000b71   Thumb Code    64  cc1101.o(i.CC1101Init)
    CC1101ReadReg                            0x08000bb9   Thumb Code    54  cc1101.o(i.CC1101ReadReg)
    CC1101Reset                              0x08000bf5   Thumb Code    90  cc1101.o(i.CC1101Reset)
    CC1101Send3AxisHandler                   0x08000c51   Thumb Code   194  cc1101.o(i.CC1101Send3AxisHandler)
    CC1101SendHandler                        0x08000d35   Thumb Code   230  cc1101.o(i.CC1101SendHandler)
    CC1101SendPacket                         0x08000e39   Thumb Code   216  cc1101.o(i.CC1101SendPacket)
    CC1101SetAddress                         0x08000f15   Thumb Code    20  cc1101.o(i.CC1101SetAddress)
    CC1101SetSYNC                            0x08000f29   Thumb Code    22  cc1101.o(i.CC1101SetSYNC)
    CC1101SetTRMode                          0x08000f3f   Thumb Code    54  cc1101.o(i.CC1101SetTRMode)
    CC1101SetWORMode                         0x08000f75   Thumb Code    38  cc1101.o(i.CC1101SetWORMode)
    CC1101WORInit                            0x08000f9b   Thumb Code    44  cc1101.o(i.CC1101WORInit)
    CC1101WriteCmd                           0x08000fc9   Thumb Code    38  cc1101.o(i.CC1101WriteCmd)
    CC1101WriteMultiReg                      0x08000ff5   Thumb Code    68  cc1101.o(i.CC1101WriteMultiReg)
    CC1101WriteReg                           0x0800103d   Thumb Code    50  cc1101.o(i.CC1101WriteReg)
    CC1101_GDO_DeInit                        0x08001075   Thumb Code    74  cc1101.o(i.CC1101_GDO_DeInit)
    CC1101_GDO_Init                          0x080010bf   Thumb Code   144  cc1101.o(i.CC1101_GDO_Init)
    DATAEEPROM_Program                       0x08001209   Thumb Code    62  main.o(i.DATAEEPROM_Program)
    EXTI0_1_IRQHandler                       0x0800147d   Thumb Code    26  stm32l0xx_it.o(i.EXTI0_1_IRQHandler)
    EXTI2_3_IRQHandler                       0x080014a1   Thumb Code    26  stm32l0xx_it.o(i.EXTI2_3_IRQHandler)
    EXTI4_15_IRQHandler                      0x080014c5   Thumb Code    26  stm32l0xx_it.o(i.EXTI4_15_IRQHandler)
    Error_Callback                           0x080014e9   Thumb Code    86  usart.o(i.Error_Callback)
    Error_Handler                            0x08001549   Thumb Code    24  main.o(i.Error_Handler)
    FLASH_WaitForLastOperation               0x080015f5   Thumb Code   106  stm32l0xx_hal_flash.o(i.FLASH_WaitForLastOperation)
    Get_SerialNum                            0x08001665   Thumb Code    46  main.o(i.Get_SerialNum)
    HAL_CRCEx_Polynomial_Set                 0x0800169d   Thumb Code    80  stm32l0xx_hal_crc_ex.o(i.HAL_CRCEx_Polynomial_Set)
    HAL_CRC_Calculate                        0x080016ed   Thumb Code    74  stm32l0xx_hal_crc.o(i.HAL_CRC_Calculate)
    HAL_CRC_DeInit                           0x08001737   Thumb Code    52  stm32l0xx_hal_crc.o(i.HAL_CRC_DeInit)
    HAL_CRC_Init                             0x0800176d   Thumb Code   118  stm32l0xx_hal_crc.o(i.HAL_CRC_Init)
    HAL_CRC_MspDeInit                        0x080017e9   Thumb Code    20  crc.o(i.HAL_CRC_MspDeInit)
    HAL_CRC_MspInit                          0x08001805   Thumb Code    28  crc.o(i.HAL_CRC_MspInit)
    HAL_Delay                                0x08001829   Thumb Code    32  stm32l0xx_hal.o(i.HAL_Delay)
    HAL_FLASHEx_DATAEEPROM_DisableFixedTimeProgram 0x0800184d   Thumb Code    12  stm32l0xx_hal_flash_ex.o(i.HAL_FLASHEx_DATAEEPROM_DisableFixedTimeProgram)
    HAL_FLASHEx_DATAEEPROM_EnableFixedTimeProgram 0x0800185d   Thumb Code    12  stm32l0xx_hal_flash_ex.o(i.HAL_FLASHEx_DATAEEPROM_EnableFixedTimeProgram)
    HAL_FLASHEx_DATAEEPROM_Erase             0x0800186d   Thumb Code    30  stm32l0xx_hal_flash_ex.o(i.HAL_FLASHEx_DATAEEPROM_Erase)
    HAL_FLASHEx_DATAEEPROM_Lock              0x08001895   Thumb Code    14  stm32l0xx_hal_flash_ex.o(i.HAL_FLASHEx_DATAEEPROM_Lock)
    HAL_FLASHEx_DATAEEPROM_Program           0x080018a9   Thumb Code    76  stm32l0xx_hal_flash_ex.o(i.HAL_FLASHEx_DATAEEPROM_Program)
    HAL_FLASHEx_DATAEEPROM_Unlock            0x080018fd   Thumb Code    40  stm32l0xx_hal_flash_ex.o(i.HAL_FLASHEx_DATAEEPROM_Unlock)
    HAL_GPIO_ReadPin                         0x08001931   Thumb Code    10  stm32l0xx_hal_gpio.o(i.HAL_GPIO_ReadPin)
    HAL_GPIO_TogglePin                       0x0800193b   Thumb Code    16  stm32l0xx_hal_gpio.o(i.HAL_GPIO_TogglePin)
    HAL_GPIO_WritePin                        0x0800194b   Thumb Code    12  stm32l0xx_hal_gpio.o(i.HAL_GPIO_WritePin)
    HAL_GetTick                              0x08001959   Thumb Code     6  stm32l0xx_hal.o(i.HAL_GetTick)
    HAL_IncTick                              0x08001965   Thumb Code    12  stm32l0xx_hal.o(i.HAL_IncTick)
    HAL_Init                                 0x08001975   Thumb Code    36  stm32l0xx_hal.o(i.HAL_Init)
    HAL_InitTick                             0x0800199d   Thumb Code    58  stm32l0xx_hal.o(i.HAL_InitTick)
    HAL_MspInit                              0x080019e1   Thumb Code    20  stm32l0xx_hal_msp.o(i.HAL_MspInit)
    HAL_NVIC_EnableIRQ                       0x080019f9   Thumb Code    18  stm32l0xx_hal_cortex.o(i.HAL_NVIC_EnableIRQ)
    HAL_NVIC_SetPriority                     0x08001a11   Thumb Code     8  stm32l0xx_hal_cortex.o(i.HAL_NVIC_SetPriority)
    HAL_PWREx_EnableFastWakeUp               0x08001a19   Thumb Code    12  stm32l0xx_hal_pwr_ex.o(i.HAL_PWREx_EnableFastWakeUp)
    HAL_PWREx_EnableUltraLowPower            0x08001a29   Thumb Code    12  stm32l0xx_hal_pwr_ex.o(i.HAL_PWREx_EnableUltraLowPower)
    HAL_PWR_EnterSTOPMode                    0x08001a39   Thumb Code    88  stm32l0xx_hal_pwr.o(i.HAL_PWR_EnterSTOPMode)
    HAL_RCCEx_PeriphCLKConfig                0x08001a9d   Thumb Code   342  stm32l0xx_hal_rcc_ex.o(i.HAL_RCCEx_PeriphCLKConfig)
    HAL_RCC_ClockConfig                      0x08001c01   Thumb Code   386  stm32l0xx_hal_rcc.o(i.HAL_RCC_ClockConfig)
    HAL_RCC_GetSysClockFreq                  0x08001d9d   Thumb Code   108  stm32l0xx_hal_rcc.o(i.HAL_RCC_GetSysClockFreq)
    HAL_RCC_OscConfig                        0x08001e15   Thumb Code  1062  stm32l0xx_hal_rcc.o(i.HAL_RCC_OscConfig)
    HAL_RTCEx_SetWakeUpTimer_IT              0x0800223d   Thumb Code   238  stm32l0xx_hal_rtc_ex.o(i.HAL_RTCEx_SetWakeUpTimer_IT)
    HAL_RTCEx_WakeUpTimerEventCallback       0x08002335   Thumb Code    50  rtc.o(i.HAL_RTCEx_WakeUpTimerEventCallback)
    HAL_RTCEx_WakeUpTimerIRQHandler          0x08002371   Thumb Code    48  stm32l0xx_hal_rtc_ex.o(i.HAL_RTCEx_WakeUpTimerIRQHandler)
    HAL_RTC_Init                             0x080023a9   Thumb Code   184  stm32l0xx_hal_rtc.o(i.HAL_RTC_Init)
    HAL_RTC_MspInit                          0x08002465   Thumb Code    40  rtc.o(i.HAL_RTC_MspInit)
    HAL_RTC_WaitForSynchro                   0x08002495   Thumb Code    52  stm32l0xx_hal_rtc.o(i.HAL_RTC_WaitForSynchro)
    HAL_ResumeTick                           0x080024c9   Thumb Code    12  stm32l0xx_hal.o(i.HAL_ResumeTick)
    HAL_SYSTICK_Config                       0x080024d9   Thumb Code    38  stm32l0xx_hal_cortex.o(i.HAL_SYSTICK_Config)
    HAL_SuspendTick                          0x08002509   Thumb Code    12  stm32l0xx_hal.o(i.HAL_SuspendTick)
    HardFault_Handler                        0x08002519   Thumb Code     2  stm32l0xx_it.o(i.HardFault_Handler)
    LED_Blinking                             0x0800251d   Thumb Code    20  main.o(i.LED_Blinking)
    LL_EXTI_Init                             0x0800254d   Thumb Code   156  stm32l0xx_ll_exti.o(i.LL_EXTI_Init)
    LL_GPIO_Init                             0x08002601   Thumb Code   174  stm32l0xx_ll_gpio.o(i.LL_GPIO_Init)
    LL_RCC_GetUSARTClockFreq                 0x08002761   Thumb Code   132  stm32l0xx_ll_rcc.o(i.LL_RCC_GetUSARTClockFreq)
    LL_SPI_DeInit                            0x08002831   Thumb Code    56  stm32l0xx_ll_spi.o(i.LL_SPI_DeInit)
    LL_SPI_Init                              0x08002875   Thumb Code   102  stm32l0xx_ll_spi.o(i.LL_SPI_Init)
    LL_USART_DeInit                          0x08002921   Thumb Code    58  stm32l0xx_ll_usart.o(i.LL_USART_DeInit)
    LL_USART_Init                            0x08002999   Thumb Code   150  stm32l0xx_ll_usart.o(i.LL_USART_Init)
    MX_CRC_Init                              0x08002a41   Thumb Code    40  crc.o(i.MX_CRC_Init)
    MX_GPIO_Init                             0x08002a71   Thumb Code   662  gpio.o(i.MX_GPIO_Init)
    MX_IWDG_Init                             0x08002d15   Thumb Code    30  iwdg.o(i.MX_IWDG_Init)
    MX_RTC_Init                              0x08002d49   Thumb Code    62  rtc.o(i.MX_RTC_Init)
    MX_SPI1_DeInit                           0x08002d91   Thumb Code   102  spi.o(i.MX_SPI1_DeInit)
    MX_SPI1_Init                             0x08002e01   Thumb Code   198  spi.o(i.MX_SPI1_Init)
    MX_SPI2_DeInit                           0x08002ed1   Thumb Code   116  spi.o(i.MX_SPI2_DeInit)
    MX_SPI2_Init                             0x08002f51   Thumb Code   188  spi.o(i.MX_SPI2_Init)
    MX_USART1_UART_DeInit                    0x08003019   Thumb Code    94  usart.o(i.MX_USART1_UART_DeInit)
    MX_USART1_UART_Init                      0x0800307d   Thumb Code   168  usart.o(i.MX_USART1_UART_Init)
    NMI_Handler                              0x08003131   Thumb Code     2  stm32l0xx_it.o(i.NMI_Handler)
    PendSV_Handler                           0x08003133   Thumb Code     2  stm32l0xx_it.o(i.PendSV_Handler)
    RFIDInitial                              0x08003205   Thumb Code    68  cc1101.o(i.RFIDInitial)
    RNG_Gen                                  0x0800324d   Thumb Code    50  rand_bytes_gen.o(i.RNG_Gen)
    RNG_Init                                 0x08003289   Thumb Code   102  rand_bytes_gen.o(i.RNG_Init)
    RNGfree                                  0x080032fd   Thumb Code    42  crypto.o(i.RNGfree)
    RNGgenBytes                              0x08003331   Thumb Code   154  crypto.o(i.RNGgenBytes)
    RNGinit                                  0x080033d9   Thumb Code   194  crypto.o(i.RNGinit)
    RTC_EnterInitMode                        0x080034b1   Thumb Code    56  stm32l0xx_hal_rtc.o(i.RTC_EnterInitMode)
    RTC_IRQHandler                           0x080034e9   Thumb Code    10  stm32l0xx_it.o(i.RTC_IRQHandler)
    SPI_ExchangeByte                         0x080034f9   Thumb Code    22  spi.o(i.SPI_ExchangeByte)
    SVC_Handler                              0x0800350f   Thumb Code     2  stm32l0xx_it.o(i.SVC_Handler)
    Show_Message                             0x08003511   Thumb Code   120  main.o(i.Show_Message)
    SpiFunction                              0x0800358d   Thumb Code    52  spi.o(i.SpiFunction)
    SysTick_Handler                          0x080035c1   Thumb Code     8  stm32l0xx_it.o(i.SysTick_Handler)
    SystemClock_Config                       0x080035c9   Thumb Code   140  main.o(i.SystemClock_Config)
    SystemInit                               0x08003659   Thumb Code    66  system_stm32l0xx.o(i.SystemInit)
    System_Initial                           0x080036ad   Thumb Code   136  main.o(i.System_Initial)
    USART1_IRQHandler                        0x0800374d   Thumb Code    32  stm32l0xx_it.o(i.USART1_IRQHandler)
    USART_CharReception_Callback             0x08003771   Thumb Code    46  usart.o(i.USART_CharReception_Callback)
    __ARM_common_ll_muluu                    0x080037a9   Thumb Code    50  crypto.o(i.__ARM_common_ll_muluu)
    __scatterload_copy                       0x08003919   Thumb Code    14  handlers.o(i.__scatterload_copy)
    __scatterload_null                       0x08003927   Thumb Code     2  handlers.o(i.__scatterload_null)
    __scatterload_zeroinit                   0x08003929   Thumb Code    14  handlers.o(i.__scatterload_zeroinit)
    crl_DRBG_AES128_Generate                 0x08003939   Thumb Code   526  crypto.o(i.crl_DRBG_AES128_Generate)
    detect_step                              0x08003b55   Thumb Code   174  adxl362.o(i.detect_step)
    filter_calculate                         0x08003c09   Thumb Code    74  adxl362.o(i.filter_calculate)
    is_most_active                           0x08003c53   Thumb Code   102  adxl362.o(i.is_most_active)
    main                                     0x08003cb9   Thumb Code   408  main.o(i.main)
    peak_update                              0x08003e79   Thumb Code   152  adxl362.o(i.peak_update)
    peak_value_init                          0x08003f11   Thumb Code    18  adxl362.o(i.peak_value_init)
    slid_update                              0x08003f29   Thumb Code    82  adxl362.o(i.slid_update)
    AHBPrescTable                            0x08003fd8   Data          16  system_stm32l0xx.o(.constdata)
    PLLMulTable                              0x08003fe8   Data           9  system_stm32l0xx.o(.constdata)
    APBPrescTable                            0x08003ff1   Data           8  system_stm32l0xx.o(.constdata)
    Sbox                                     0x08004004   Data         256  crypto.o(.constdata)
    InvSbox                                  0x08004104   Data         256  crypto.o(.constdata)
    rcon                                     0x08004204   Data          40  crypto.o(.constdata)
    enc_table                                0x0800422c   Data        1024  crypto.o(.constdata)
    dec_table                                0x0800462c   Data        1024  crypto.o(.constdata)
    SP1                                      0x08004c4c   Data         256  crypto.o(.constdata)
    SP2                                      0x08004d4c   Data         256  crypto.o(.constdata)
    SP3                                      0x08004e4c   Data         256  crypto.o(.constdata)
    SP4                                      0x08004f4c   Data         256  crypto.o(.constdata)
    SP5                                      0x0800504c   Data         256  crypto.o(.constdata)
    SP6                                      0x0800514c   Data         256  crypto.o(.constdata)
    SP7                                      0x0800524c   Data         256  crypto.o(.constdata)
    SP8                                      0x0800534c   Data         256  crypto.o(.constdata)
    K256                                     0x0800544c   Data         256  crypto.o(.constdata)
    sigma                                    0x080057d0   Data          16  crypto.o(.constdata)
    ge25519_base                             0x08005854   Data         128  crypto.o(.constdata)
    Region$$Table$$Base                      0x08005b64   Number         0  anon$$obj.o(Region$$Table)
    Region$$Table$$Limit                     0x08005b84   Number         0  anon$$obj.o(Region$$Table)
    axis_info                                0x20000000   Data           6  adxl362.o(.data)
    valid_step_filter                        0x20000008   Data           8  adxl362.o(.data)
    rxCatch                                  0x20000010   Data           1  cc1101.o(.data)
    txFiFoUnFlow                             0x20000011   Data           1  cc1101.o(.data)
    PaTabel                                  0x20000012   Data           8  cc1101.o(.data)
    status                                   0x2000001c   Data           4  rand_bytes_gen.o(.data)
    nonce                                    0x20000020   Data           6  rand_bytes_gen.o(.data)
    personalization_String                   0x20000026   Data           8  rand_bytes_gen.o(.data)
    entropy_data                             0x2000002e   Data          32  rand_bytes_gen.o(.data)
    ErrorIndex                               0x2000004e   Data           1  main.o(.data)
    delayRand                                0x2000004f   Data           1  main.o(.data)
    resetCnt                                 0x20000050   Data           2  main.o(.data)
    rtc                                      0x20000052   Data           3  rtc.o(.data)
    uwTickFreq                               0x20000058   Data           1  stm32l0xx_hal.o(.data)
    uwTickPrio                               0x2000005c   Data           4  stm32l0xx_hal.o(.data)
    uwTick                                   0x20000060   Data           4  stm32l0xx_hal.o(.data)
    SystemCoreClock                          0x20000064   Data           4  system_stm32l0xx.o(.data)
    three_axis_info                          0x2000006c   Data        1020  adxl362.o(.bss)
    filter_avg                               0x20000468   Data          26  adxl362.o(.bss)
    peak_value                               0x20000482   Data          26  adxl362.o(.bss)
    slid_reg                                 0x2000049c   Data          12  adxl362.o(.bss)
    fifo                                     0x200004a8   Data        1024  adxl362.o(.bss)
    step                                     0x200008a8   Data         150  adxl362.o(.bss)
    cc1101                                   0x20000940   Data         396  cc1101.o(.bss)
    RandomString                             0x20000acc   Data          32  rand_bytes_gen.o(.bss)
    RNGstate                                 0x20000aec   Data          44  rand_bytes_gen.o(.bss)
    RNGinit_st                               0x20000b18   Data          24  rand_bytes_gen.o(.bss)
    device                                   0x20000b30   Data          16  main.o(.bss)
    hcrc                                     0x20000b40   Data          36  crc.o(.bss)
    hrtc                                     0x20000b64   Data          36  rtc.o(.bss)
    usart                                    0x20000b88   Data          26  usart.o(.bss)
    pFlash                                   0x20000ba4   Data          24  stm32l0xx_hal_flash.o(.bss)
    __initial_sp                             0x20000fc0   Data           0  startup_stm32l051xx.o(STACK)



==============================================================================

Memory Map of the image

  Image Entry point : 0x080000c1

  Load Region LR_IROM1 (Base: 0x08000000, Size: 0x00005bf0, Max: 0x00010000, ABSOLUTE)

    Execution Region ER_IROM1 (Exec base: 0x08000000, Load base: 0x08000000, Size: 0x00005b84, Max: 0x00010000, ABSOLUTE)

    Exec Addr    Load Addr    Size         Type   Attr      Idx    E Section Name        Object

    0x08000000   0x08000000   0x000000c0   Data   RO            3    RESET               startup_stm32l051xx.o
    0x080000c0   0x080000c0   0x00000000   Code   RO         4498  * .ARM.Collect$$$$00000000  mc_p.l(entry.o)
    0x080000c0   0x080000c0   0x00000004   Code   RO         4524    .ARM.Collect$$$$00000001  mc_p.l(entry2.o)
    0x080000c4   0x080000c4   0x00000004   Code   RO         4527    .ARM.Collect$$$$00000004  mc_p.l(entry5.o)
    0x080000c8   0x080000c8   0x00000000   Code   RO         4529    .ARM.Collect$$$$00000008  mc_p.l(entry7b.o)
    0x080000c8   0x080000c8   0x00000000   Code   RO         4531    .ARM.Collect$$$$0000000A  mc_p.l(entry8b.o)
    0x080000c8   0x080000c8   0x00000008   Code   RO         4532    .ARM.Collect$$$$0000000B  mc_p.l(entry9a.o)
    0x080000d0   0x080000d0   0x00000000   Code   RO         4534    .ARM.Collect$$$$0000000D  mc_p.l(entry10a.o)
    0x080000d0   0x080000d0   0x00000000   Code   RO         4536    .ARM.Collect$$$$0000000F  mc_p.l(entry11a.o)
    0x080000d0   0x080000d0   0x00000004   Code   RO         4525    .ARM.Collect$$$$00002712  mc_p.l(entry2.o)
    0x080000d4   0x080000d4   0x0000001c   Code   RO            4    .text               startup_stm32l051xx.o
    0x080000f0   0x080000f0   0x0000002c   Code   RO         4501    .text               mc_p.l(uidiv.o)
    0x0800011c   0x0800011c   0x00000028   Code   RO         4503    .text               mc_p.l(idiv.o)
    0x08000144   0x08000144   0x00000060   Code   RO         4505    .text               mc_p.l(uldiv.o)
    0x080001a4   0x080001a4   0x00000024   Code   RO         4509    .text               mc_p.l(rand.o)
    0x080001c8   0x080001c8   0x00000040   Code   RO         4514    .text               mc_p.l(memmovea.o)
    0x08000208   0x08000208   0x00000024   Code   RO         4516    .text               mc_p.l(memseta.o)
    0x0800022c   0x0800022c   0x00000014   Code   RO         4522    .text               mc_p.l(uread4.o)
    0x08000240   0x08000240   0x00000020   Code   RO         4538    .text               mc_p.l(llshl.o)
    0x08000260   0x08000260   0x00000022   Code   RO         4540    .text               mc_p.l(llushr.o)
    0x08000282   0x08000282   0x00000002   PAD
    0x08000284   0x08000284   0x00000024   Code   RO         4542    .text               mc_p.l(init.o)
    0x080002a8   0x080002a8   0x000001f0   Code   RO           15    i.ADXL362FifoProcess  adxl362.o
    0x08000498   0x08000498   0x00000040   Code   RO           16    i.ADXL362FifoRead   adxl362.o
    0x080004d8   0x080004d8   0x00000048   Code   RO           17    i.ADXL362RegisterRead  adxl362.o
    0x08000520   0x08000520   0x00000044   Code   RO           18    i.ADXL362RegisterWrite  adxl362.o
    0x08000564   0x08000564   0x000001a8   Code   RO           19    i.ADXL362_Init      adxl362.o
    0x0800070c   0x0800070c   0x000002e4   Code   RO         3919    i.AES_general_SW_enc  STM32CryptographicV3.0.0_CM0PLUS_KEIL_otslsm1elfspf.lib(crypto.o)
    0x080009f0   0x080009f0   0x00000170   Code   RO         3922    i.AES_keyschedule_enc_LL  STM32CryptographicV3.0.0_CM0PLUS_KEIL_otslsm1elfspf.lib(crypto.o)
    0x08000b60   0x08000b60   0x00000010   Code   RO          293    i.CC1101ClrTXBuff   cc1101.o
    0x08000b70   0x08000b70   0x00000048   Code   RO          295    i.CC1101Init        cc1101.o
    0x08000bb8   0x08000bb8   0x0000003c   Code   RO          298    i.CC1101ReadReg     cc1101.o
    0x08000bf4   0x08000bf4   0x0000005a   Code   RO          302    i.CC1101Reset       cc1101.o
    0x08000c4e   0x08000c4e   0x00000002   PAD
    0x08000c50   0x08000c50   0x000000e4   Code   RO          303    i.CC1101Send3AxisHandler  cc1101.o
    0x08000d34   0x08000d34   0x00000104   Code   RO          304    i.CC1101SendHandler  cc1101.o
    0x08000e38   0x08000e38   0x000000dc   Code   RO          305    i.CC1101SendPacket  cc1101.o
    0x08000f14   0x08000f14   0x00000014   Code   RO          307    i.CC1101SetAddress  cc1101.o
    0x08000f28   0x08000f28   0x00000016   Code   RO          309    i.CC1101SetSYNC     cc1101.o
    0x08000f3e   0x08000f3e   0x00000036   Code   RO          310    i.CC1101SetTRMode   cc1101.o
    0x08000f74   0x08000f74   0x00000026   Code   RO          311    i.CC1101SetWORMode  cc1101.o
    0x08000f9a   0x08000f9a   0x0000002c   Code   RO          312    i.CC1101WORInit     cc1101.o
    0x08000fc6   0x08000fc6   0x00000002   PAD
    0x08000fc8   0x08000fc8   0x0000002c   Code   RO          313    i.CC1101WriteCmd    cc1101.o
    0x08000ff4   0x08000ff4   0x00000048   Code   RO          314    i.CC1101WriteMultiReg  cc1101.o
    0x0800103c   0x0800103c   0x00000038   Code   RO          315    i.CC1101WriteReg    cc1101.o
    0x08001074   0x08001074   0x0000004a   Code   RO          316    i.CC1101_GDO_DeInit  cc1101.o
    0x080010be   0x080010be   0x00000090   Code   RO          317    i.CC1101_GDO_Init   cc1101.o
    0x0800114e   0x0800114e   0x00000038   Code   RO         1326    i.CRC_Handle_16     stm32l0xx_hal_crc.o
    0x08001186   0x08001186   0x00000080   Code   RO         1327    i.CRC_Handle_8      stm32l0xx_hal_crc.o
    0x08001206   0x08001206   0x00000002   PAD
    0x08001208   0x08001208   0x00000048   Code   RO          753    i.DATAEEPROM_Program  main.o
    0x08001250   0x08001250   0x000000d4   Code   RO         3970    i.DRBG_AES128_Bcc   STM32CryptographicV3.0.0_CM0PLUS_KEIL_otslsm1elfspf.lib(crypto.o)
    0x08001324   0x08001324   0x000000d4   Code   RO         3971    i.DRBG_AES128_Block_cipher_df  STM32CryptographicV3.0.0_CM0PLUS_KEIL_otslsm1elfspf.lib(crypto.o)
    0x080013f8   0x080013f8   0x00000082   Code   RO         3972    i.DRBG_AES128_Update  STM32CryptographicV3.0.0_CM0PLUS_KEIL_otslsm1elfspf.lib(crypto.o)
    0x0800147a   0x0800147a   0x00000002   PAD
    0x0800147c   0x0800147c   0x00000024   Code   RO         1169    i.EXTI0_1_IRQHandler  stm32l0xx_it.o
    0x080014a0   0x080014a0   0x00000024   Code   RO         1170    i.EXTI2_3_IRQHandler  stm32l0xx_it.o
    0x080014c4   0x080014c4   0x00000024   Code   RO         1171    i.EXTI4_15_IRQHandler  stm32l0xx_it.o
    0x080014e8   0x080014e8   0x00000060   Code   RO         1071    i.Error_Callback    usart.o
    0x08001548   0x08001548   0x0000001c   Code   RO          755    i.Error_Handler     main.o
    0x08001564   0x08001564   0x00000090   Code   RO         2343    i.FLASH_SetErrorCode  stm32l0xx_hal_flash.o
    0x080015f4   0x080015f4   0x00000070   Code   RO         2344    i.FLASH_WaitForLastOperation  stm32l0xx_hal_flash.o
    0x08001664   0x08001664   0x00000038   Code   RO          756    i.Get_SerialNum     main.o
    0x0800169c   0x0800169c   0x00000050   Code   RO         1394    i.HAL_CRCEx_Polynomial_Set  stm32l0xx_hal_crc_ex.o
    0x080016ec   0x080016ec   0x0000004a   Code   RO         1329    i.HAL_CRC_Calculate  stm32l0xx_hal_crc.o
    0x08001736   0x08001736   0x00000034   Code   RO         1330    i.HAL_CRC_DeInit    stm32l0xx_hal_crc.o
    0x0800176a   0x0800176a   0x00000002   PAD
    0x0800176c   0x0800176c   0x0000007c   Code   RO         1332    i.HAL_CRC_Init      stm32l0xx_hal_crc.o
    0x080017e8   0x080017e8   0x0000001c   Code   RO          898    i.HAL_CRC_MspDeInit  crc.o
    0x08001804   0x08001804   0x00000024   Code   RO          899    i.HAL_CRC_MspInit   crc.o
    0x08001828   0x08001828   0x00000024   Code   RO         1433    i.HAL_Delay         stm32l0xx_hal.o
    0x0800184c   0x0800184c   0x00000010   Code   RO         2441    i.HAL_FLASHEx_DATAEEPROM_DisableFixedTimeProgram  stm32l0xx_hal_flash_ex.o
    0x0800185c   0x0800185c   0x00000010   Code   RO         2442    i.HAL_FLASHEx_DATAEEPROM_EnableFixedTimeProgram  stm32l0xx_hal_flash_ex.o
    0x0800186c   0x0800186c   0x00000028   Code   RO         2443    i.HAL_FLASHEx_DATAEEPROM_Erase  stm32l0xx_hal_flash_ex.o
    0x08001894   0x08001894   0x00000014   Code   RO         2444    i.HAL_FLASHEx_DATAEEPROM_Lock  stm32l0xx_hal_flash_ex.o
    0x080018a8   0x080018a8   0x00000054   Code   RO         2445    i.HAL_FLASHEx_DATAEEPROM_Program  stm32l0xx_hal_flash_ex.o
    0x080018fc   0x080018fc   0x00000034   Code   RO         2446    i.HAL_FLASHEx_DATAEEPROM_Unlock  stm32l0xx_hal_flash_ex.o
    0x08001930   0x08001930   0x0000000a   Code   RO         2551    i.HAL_GPIO_ReadPin  stm32l0xx_hal_gpio.o
    0x0800193a   0x0800193a   0x00000010   Code   RO         2552    i.HAL_GPIO_TogglePin  stm32l0xx_hal_gpio.o
    0x0800194a   0x0800194a   0x0000000c   Code   RO         2553    i.HAL_GPIO_WritePin  stm32l0xx_hal_gpio.o
    0x08001956   0x08001956   0x00000002   PAD
    0x08001958   0x08001958   0x0000000c   Code   RO         1437    i.HAL_GetTick       stm32l0xx_hal.o
    0x08001964   0x08001964   0x00000010   Code   RO         1443    i.HAL_IncTick       stm32l0xx_hal.o
    0x08001974   0x08001974   0x00000028   Code   RO         1444    i.HAL_Init          stm32l0xx_hal.o
    0x0800199c   0x0800199c   0x00000044   Code   RO         1445    i.HAL_InitTick      stm32l0xx_hal.o
    0x080019e0   0x080019e0   0x00000018   Code   RO         1258    i.HAL_MspInit       stm32l0xx_hal_msp.o
    0x080019f8   0x080019f8   0x00000018   Code   RO         2878    i.HAL_NVIC_EnableIRQ  stm32l0xx_hal_cortex.o
    0x08001a10   0x08001a10   0x00000008   Code   RO         2882    i.HAL_NVIC_SetPriority  stm32l0xx_hal_cortex.o
    0x08001a18   0x08001a18   0x00000010   Code   RO         2820    i.HAL_PWREx_EnableFastWakeUp  stm32l0xx_hal_pwr_ex.o
    0x08001a28   0x08001a28   0x00000010   Code   RO         2822    i.HAL_PWREx_EnableUltraLowPower  stm32l0xx_hal_pwr_ex.o
    0x08001a38   0x08001a38   0x00000064   Code   RO         2715    i.HAL_PWR_EnterSTOPMode  stm32l0xx_hal_pwr.o
    0x08001a9c   0x08001a9c   0x00000164   Code   RO         2239    i.HAL_RCCEx_PeriphCLKConfig  stm32l0xx_hal_rcc_ex.o
    0x08001c00   0x08001c00   0x0000019c   Code   RO         2139    i.HAL_RCC_ClockConfig  stm32l0xx_hal_rcc.o
    0x08001d9c   0x08001d9c   0x00000078   Code   RO         2147    i.HAL_RCC_GetSysClockFreq  stm32l0xx_hal_rcc.o
    0x08001e14   0x08001e14   0x00000426   Code   RO         2150    i.HAL_RCC_OscConfig  stm32l0xx_hal_rcc.o
    0x0800223a   0x0800223a   0x00000002   PAD
    0x0800223c   0x0800223c   0x000000f8   Code   RO         3452    i.HAL_RTCEx_SetWakeUpTimer_IT  stm32l0xx_hal_rtc_ex.o
    0x08002334   0x08002334   0x0000003c   Code   RO          959    i.HAL_RTCEx_WakeUpTimerEventCallback  rtc.o
    0x08002370   0x08002370   0x00000038   Code   RO         3458    i.HAL_RTCEx_WakeUpTimerIRQHandler  stm32l0xx_hal_rtc_ex.o
    0x080023a8   0x080023a8   0x000000bc   Code   RO         3276    i.HAL_RTC_Init      stm32l0xx_hal_rtc.o
    0x08002464   0x08002464   0x00000030   Code   RO          961    i.HAL_RTC_MspInit   rtc.o
    0x08002494   0x08002494   0x00000034   Code   RO         3284    i.HAL_RTC_WaitForSynchro  stm32l0xx_hal_rtc.o
    0x080024c8   0x080024c8   0x00000010   Code   RO         1448    i.HAL_ResumeTick    stm32l0xx_hal.o
    0x080024d8   0x080024d8   0x00000030   Code   RO         2886    i.HAL_SYSTICK_Config  stm32l0xx_hal_cortex.o
    0x08002508   0x08002508   0x00000010   Code   RO         1454    i.HAL_SuspendTick   stm32l0xx_hal.o
    0x08002518   0x08002518   0x00000002   Code   RO         1172    i.HardFault_Handler  stm32l0xx_it.o
    0x0800251a   0x0800251a   0x00000002   PAD
    0x0800251c   0x0800251c   0x00000018   Code   RO          757    i.LED_Blinking      main.o
    0x08002534   0x08002534   0x00000018   Code   RO         1072    i.LL_APB2_GRP1_EnableClock  usart.o
    0x0800254c   0x0800254c   0x000000a0   Code   RO         3229    i.LL_EXTI_Init      stm32l0xx_ll_exti.o
    0x080025ec   0x080025ec   0x00000014   Code   RO         1173    i.LL_EXTI_IsActiveFlag_0_31  stm32l0xx_it.o
    0x08002600   0x08002600   0x000000ae   Code   RO         1279    i.LL_GPIO_Init      stm32l0xx_ll_gpio.o
    0x080026ae   0x080026ae   0x00000014   Code   RO          318    i.LL_GPIO_SetPinMode  cc1101.o
    0x080026c2   0x080026c2   0x00000014   Code   RO          842    i.LL_GPIO_SetPinMode  gpio.o
    0x080026d6   0x080026d6   0x00000014   Code   RO          319    i.LL_GPIO_SetPinPull  cc1101.o
    0x080026ea   0x080026ea   0x00000014   Code   RO          843    i.LL_GPIO_SetPinPull  gpio.o
    0x080026fe   0x080026fe   0x00000002   PAD
    0x08002700   0x08002700   0x00000018   Code   RO          320    i.LL_IOP_GRP1_EnableClock  cc1101.o
    0x08002718   0x08002718   0x00000018   Code   RO          844    i.LL_IOP_GRP1_EnableClock  gpio.o
    0x08002730   0x08002730   0x00000018   Code   RO         1005    i.LL_IOP_GRP1_EnableClock  spi.o
    0x08002748   0x08002748   0x00000018   Code   RO         1073    i.LL_IOP_GRP1_EnableClock  usart.o
    0x08002760   0x08002760   0x00000090   Code   RO         3058    i.LL_RCC_GetUSARTClockFreq  stm32l0xx_ll_rcc.o
    0x080027f0   0x080027f0   0x00000010   Code   RO         3059    i.LL_RCC_GetUSARTClockSource  stm32l0xx_ll_rcc.o
    0x08002800   0x08002800   0x00000010   Code   RO         3060    i.LL_RCC_HSI_IsReady  stm32l0xx_ll_rcc.o
    0x08002810   0x08002810   0x00000010   Code   RO         3061    i.LL_RCC_IsActiveFlag_HSIDIV  stm32l0xx_ll_rcc.o
    0x08002820   0x08002820   0x00000010   Code   RO         3062    i.LL_RCC_LSE_IsReady  stm32l0xx_ll_rcc.o
    0x08002830   0x08002830   0x00000044   Code   RO         3642    i.LL_SPI_DeInit     stm32l0xx_ll_spi.o
    0x08002874   0x08002874   0x0000006c   Code   RO         3643    i.LL_SPI_Init       stm32l0xx_ll_spi.o
    0x080028e0   0x080028e0   0x00000020   Code   RO          321    i.LL_SYSCFG_SetEXTISource  cc1101.o
    0x08002900   0x08002900   0x00000020   Code   RO          845    i.LL_SYSCFG_SetEXTISource  gpio.o
    0x08002920   0x08002920   0x00000048   Code   RO         3775    i.LL_USART_DeInit   stm32l0xx_ll_usart.o
    0x08002968   0x08002968   0x00000018   Code   RO         1074    i.LL_USART_EnableIT_ERROR  usart.o
    0x08002980   0x08002980   0x00000018   Code   RO         1075    i.LL_USART_EnableIT_RXNE  usart.o
    0x08002998   0x08002998   0x000000a8   Code   RO         3776    i.LL_USART_Init     stm32l0xx_ll_usart.o
    0x08002a40   0x08002a40   0x00000030   Code   RO          900    i.MX_CRC_Init       crc.o
    0x08002a70   0x08002a70   0x000002a4   Code   RO          846    i.MX_GPIO_Init      gpio.o
    0x08002d14   0x08002d14   0x00000034   Code   RO          936    i.MX_IWDG_Init      iwdg.o
    0x08002d48   0x08002d48   0x00000048   Code   RO          962    i.MX_RTC_Init       rtc.o
    0x08002d90   0x08002d90   0x00000070   Code   RO         1006    i.MX_SPI1_DeInit    spi.o
    0x08002e00   0x08002e00   0x000000d0   Code   RO         1007    i.MX_SPI1_Init      spi.o
    0x08002ed0   0x08002ed0   0x00000080   Code   RO         1008    i.MX_SPI2_DeInit    spi.o
    0x08002f50   0x08002f50   0x000000c8   Code   RO         1009    i.MX_SPI2_Init      spi.o
    0x08003018   0x08003018   0x00000064   Code   RO         1076    i.MX_USART1_UART_DeInit  usart.o
    0x0800307c   0x0800307c   0x000000b4   Code   RO         1077    i.MX_USART1_UART_Init  usart.o
    0x08003130   0x08003130   0x00000002   Code   RO         1174    i.NMI_Handler       stm32l0xx_it.o
    0x08003132   0x08003132   0x00000002   Code   RO         1175    i.PendSV_Handler    stm32l0xx_it.o
    0x08003134   0x08003134   0x0000001c   Code   RO         3063    i.RCC_GetHCLKClockFreq  stm32l0xx_ll_rcc.o
    0x08003150   0x08003150   0x00000018   Code   RO         3064    i.RCC_GetPCLK1ClockFreq  stm32l0xx_ll_rcc.o
    0x08003168   0x08003168   0x00000018   Code   RO         3065    i.RCC_GetPCLK2ClockFreq  stm32l0xx_ll_rcc.o
    0x08003180   0x08003180   0x00000084   Code   RO         3066    i.RCC_GetSystemClockFreq  stm32l0xx_ll_rcc.o
    0x08003204   0x08003204   0x00000048   Code   RO          322    i.RFIDInitial       cc1101.o
    0x0800324c   0x0800324c   0x0000003c   Code   RO          528    i.RNG_Gen           rand_bytes_gen.o
    0x08003288   0x08003288   0x00000074   Code   RO          529    i.RNG_Init          rand_bytes_gen.o
    0x080032fc   0x080032fc   0x00000034   Code   RO         4058    i.RNGfree           STM32CryptographicV3.0.0_CM0PLUS_KEIL_otslsm1elfspf.lib(crypto.o)
    0x08003330   0x08003330   0x000000a8   Code   RO         4059    i.RNGgenBytes       STM32CryptographicV3.0.0_CM0PLUS_KEIL_otslsm1elfspf.lib(crypto.o)
    0x080033d8   0x080033d8   0x000000d8   Code   RO         4061    i.RNGinit           STM32CryptographicV3.0.0_CM0PLUS_KEIL_otslsm1elfspf.lib(crypto.o)
    0x080034b0   0x080034b0   0x00000038   Code   RO         3287    i.RTC_EnterInitMode  stm32l0xx_hal_rtc.o
    0x080034e8   0x080034e8   0x00000010   Code   RO         1176    i.RTC_IRQHandler    stm32l0xx_it.o
    0x080034f8   0x080034f8   0x00000016   Code   RO         1010    i.SPI_ExchangeByte  spi.o
    0x0800350e   0x0800350e   0x00000002   Code   RO         1177    i.SVC_Handler       stm32l0xx_it.o
    0x08003510   0x08003510   0x0000007c   Code   RO          759    i.Show_Message      main.o
    0x0800358c   0x0800358c   0x00000034   Code   RO         1011    i.SpiFunction       spi.o
    0x080035c0   0x080035c0   0x00000008   Code   RO         1178    i.SysTick_Handler   stm32l0xx_it.o
    0x080035c8   0x080035c8   0x00000090   Code   RO          760    i.SystemClock_Config  main.o
    0x08003658   0x08003658   0x00000054   Code   RO         3821    i.SystemInit        system_stm32l0xx.o
    0x080036ac   0x080036ac   0x000000a0   Code   RO          761    i.System_Initial    main.o
    0x0800374c   0x0800374c   0x00000024   Code   RO         1179    i.USART1_IRQHandler  stm32l0xx_it.o
    0x08003770   0x08003770   0x00000038   Code   RO         1079    i.USART_CharReception_Callback  usart.o
    0x080037a8   0x080037a8   0x00000032   Code   RO         4496    i.__ARM_common_ll_muluu  STM32CryptographicV3.0.0_CM0PLUS_KEIL_otslsm1elfspf.lib(crypto.o)
    0x080037da   0x080037da   0x00000002   PAD
    0x080037dc   0x080037dc   0x00000020   Code   RO          323    i.__NVIC_DisableIRQ  cc1101.o
    0x080037fc   0x080037fc   0x00000020   Code   RO         1080    i.__NVIC_DisableIRQ  usart.o
    0x0800381c   0x0800381c   0x00000018   Code   RO          324    i.__NVIC_EnableIRQ  cc1101.o
    0x08003834   0x08003834   0x00000018   Code   RO          847    i.__NVIC_EnableIRQ  gpio.o
    0x0800384c   0x0800384c   0x00000044   Code   RO          325    i.__NVIC_SetPriority  cc1101.o
    0x08003890   0x08003890   0x00000044   Code   RO          848    i.__NVIC_SetPriority  gpio.o
    0x080038d4   0x080038d4   0x00000044   Code   RO         2888    i.__NVIC_SetPriority  stm32l0xx_hal_cortex.o
    0x08003918   0x08003918   0x0000000e   Code   RO         4545    i.__scatterload_copy  mc_p.l(handlers.o)
    0x08003926   0x08003926   0x00000002   Code   RO         4546    i.__scatterload_null  mc_p.l(handlers.o)
    0x08003928   0x08003928   0x0000000e   Code   RO         4547    i.__scatterload_zeroinit  mc_p.l(handlers.o)
    0x08003936   0x08003936   0x00000002   PAD
    0x08003938   0x08003938   0x0000021c   Code   RO         4124    i.crl_DRBG_AES128_Generate  STM32CryptographicV3.0.0_CM0PLUS_KEIL_otslsm1elfspf.lib(crypto.o)
    0x08003b54   0x08003b54   0x000000b4   Code   RO           20    i.detect_step       adxl362.o
    0x08003c08   0x08003c08   0x0000004a   Code   RO           21    i.filter_calculate  adxl362.o
    0x08003c52   0x08003c52   0x00000066   Code   RO           22    i.is_most_active    adxl362.o
    0x08003cb8   0x08003cb8   0x000001c0   Code   RO          762    i.main              main.o
    0x08003e78   0x08003e78   0x00000098   Code   RO           23    i.peak_update       adxl362.o
    0x08003f10   0x08003f10   0x00000018   Code   RO           24    i.peak_value_init   adxl362.o
    0x08003f28   0x08003f28   0x00000052   Code   RO           25    i.slid_update       adxl362.o
    0x08003f7a   0x08003f7a   0x0000005e   Data   RO          327    .constdata          cc1101.o
    0x08003fd8   0x08003fd8   0x00000019   Data   RO         3822    .constdata          system_stm32l0xx.o
    0x08003ff1   0x08003ff1   0x00000008   Data   RO         3823    .constdata          system_stm32l0xx.o
    0x08003ff9   0x08003ff9   0x00000007   PAD
    0x08004000   0x08004000   0x00001b64   Data   RO         4165    .constdata          STM32CryptographicV3.0.0_CM0PLUS_KEIL_otslsm1elfspf.lib(crypto.o)
    0x08005b64   0x08005b64   0x00000020   Data   RO         4544    Region$$Table       anon$$obj.o


    Execution Region RW_IRAM1 (Exec base: 0x20000000, Load base: 0x08005b84, Size: 0x00000fc0, Max: 0x00002000, ABSOLUTE)

    Exec Addr    Load Addr    Size         Type   Attr      Idx    E Section Name        Object

    0x20000000   0x08005b84   0x00000010   Data   RW           28    .data               adxl362.o
    0x20000010   0x08005b94   0x0000000a   Data   RW          328    .data               cc1101.o
    0x2000001a   0x08005b9e   0x00000002   PAD
    0x2000001c   0x08005ba0   0x00000032   Data   RW          531    .data               rand_bytes_gen.o
    0x2000004e   0x08005bd2   0x00000004   Data   RW          764    .data               main.o
    0x20000052   0x08005bd6   0x00000003   Data   RW          964    .data               rtc.o
    0x20000055   0x08005bd9   0x00000003   PAD
    0x20000058   0x08005bdc   0x0000000c   Data   RW         1455    .data               stm32l0xx_hal.o
    0x20000064   0x08005be8   0x00000004   Data   RW         3824    .data               system_stm32l0xx.o
    0x20000068   0x08005bec   0x00000004   Data   RW         4510    .data               mc_p.l(rand.o)
    0x2000006c        -       0x000008d2   Zero   RW           26    .bss                adxl362.o
    0x2000093e   0x08005bf0   0x00000002   PAD
    0x20000940        -       0x0000018c   Zero   RW          326    .bss                cc1101.o
    0x20000acc        -       0x00000064   Zero   RW          530    .bss                rand_bytes_gen.o
    0x20000b30        -       0x00000010   Zero   RW          763    .bss                main.o
    0x20000b40        -       0x00000024   Zero   RW          901    .bss                crc.o
    0x20000b64        -       0x00000024   Zero   RW          963    .bss                rtc.o
    0x20000b88        -       0x0000001a   Zero   RW         1082    .bss                usart.o
    0x20000ba2   0x08005bf0   0x00000002   PAD
    0x20000ba4        -       0x00000018   Zero   RW         2356    .bss                stm32l0xx_hal_flash.o
    0x20000bbc   0x08005bf0   0x00000004   PAD
    0x20000bc0        -       0x00000400   Zero   RW            1    STACK               startup_stm32l051xx.o


==============================================================================

Image component sizes


      Code (inc. data)   RO Data    RW Data    ZI Data      Debug   Object Name

      1738         72          0         16       2258     310449   adxl362.o
      1806        132         94         10        396      38065   cc1101.o
       112         24          0          0         36       1951   crc.o
       864         38          0          0          0      17471   gpio.o
        52         22          0          0          0       2583   iwdg.o
      1056        100          0          4         16       9501   main.o
       176         24          0         50        100       2865   rand_bytes_gen.o
       180         28          0          3         36       2388   rtc.o
       746         50          0          0          0      18902   spi.o
        28          8        192          0       1024        632   startup_stm32l051xx.o
       204         36          0         12          0       9616   stm32l0xx_hal.o
       148         24          0          0          0      12105   stm32l0xx_hal_cortex.o
       434          6          0          0          0       4264   stm32l0xx_hal_crc.o
        80          0          0          0          0       1319   stm32l0xx_hal_crc_ex.o
       256         16          0          0         24       1722   stm32l0xx_hal_flash.o
       228         44          0          0          0       4099   stm32l0xx_hal_flash_ex.o
        38          0          0          0          0       2264   stm32l0xx_hal_gpio.o
        24          4          0          0          0        442   stm32l0xx_hal_msp.o
       100         12          0          0          0        748   stm32l0xx_hal_pwr.o
        32          8          0          0          0       1041   stm32l0xx_hal_pwr_ex.o
      1594         66          0          0          0       4494   stm32l0xx_hal_rcc.o
       356         14          0          0          0       1436   stm32l0xx_hal_rcc_ex.o
       296          4          0          0          0       2804   stm32l0xx_hal_rtc.o
       304         18          0          0          0       2568   stm32l0xx_hal_rtc_ex.o
       196         44          0          0          0      26660   stm32l0xx_it.o
       160          4          0          0          0       5083   stm32l0xx_ll_exti.o
       174          0          0          0          0       6895   stm32l0xx_ll_gpio.o
       416         76          0          0          0      19411   stm32l0xx_ll_rcc.o
       176         18          0          0          0      18830   stm32l0xx_ll_spi.o
       240         32          0          0          0      22622   stm32l0xx_ll_usart.o
        84         18         33          4          0       1235   system_stm32l0xx.o
       560         56          0          0         26      40274   usart.o

    ----------------------------------------------------------------------
     12874        998        358        104       3924     594739   Object Totals
         0          0         32          0          0          0   (incl. Generated)
        16          0          7          5          8          0   (incl. Padding)

    ----------------------------------------------------------------------

      Code (inc. data)   RO Data    RW Data    ZI Data      Debug   Library Member Name

      2688         86       7012          0          0        852   crypto.o
         0          0          0          0          0          0   entry.o
         0          0          0          0          0          0   entry10a.o
         0          0          0          0          0          0   entry11a.o
         8          4          0          0          0          0   entry2.o
         4          0          0          0          0          0   entry5.o
         0          0          0          0          0          0   entry7b.o
         0          0          0          0          0          0   entry8b.o
         8          4          0          0          0          0   entry9a.o
        30          0          0          0          0          0   handlers.o
        40          0          0          0          0         72   idiv.o
        36          8          0          0          0         68   init.o
        32          0          0          0          0         68   llshl.o
        34          0          0          0          0         68   llushr.o
        64          0          0          0          0         68   memmovea.o
        36          0          0          0          0        100   memseta.o
        36         12          0          4          0        120   rand.o
        44          0          0          0          0         72   uidiv.o
        96          0          0          0          0         84   uldiv.o
        20          0          0          0          0         60   uread4.o

    ----------------------------------------------------------------------
      3184        114       7012          4          0       1632   Library Totals
         8          0          0          0          0          0   (incl. Padding)

    ----------------------------------------------------------------------

      Code (inc. data)   RO Data    RW Data    ZI Data      Debug   Library Name

      2688         86       7012          0          0        852   STM32CryptographicV3.0.0_CM0PLUS_KEIL_otslsm1elfspf.lib
       488         28          0          4          0        780   mc_p.l

    ----------------------------------------------------------------------
      3184        114       7012          4          0       1632   Library Totals

    ----------------------------------------------------------------------

==============================================================================


      Code (inc. data)   RO Data    RW Data    ZI Data      Debug   

     16058       1112       7370        108       3924     589527   Grand Totals
     16058       1112       7370        108       3924     589527   ELF Image Totals
     16058       1112       7370        108          0          0   ROM Totals

==============================================================================

    Total RO  Size (Code + RO Data)                23428 (  22.88kB)
    Total RW  Size (RW Data + ZI Data)              4032 (   3.94kB)
    Total ROM Size (Code + RO Data + RW Data)      23536 (  22.98kB)

==============================================================================

