Component: ARM Compiler 5.06 update 6 (build 750) Tool: armlink [4d35ed]

==============================================================================

Section Cross References

    startup_stm32l051xx.o(RESET) refers to startup_stm32l051xx.o(STACK) for __initial_sp
    startup_stm32l051xx.o(RESET) refers to startup_stm32l051xx.o(.text) for Reset_Handler
    startup_stm32l051xx.o(RESET) refers to stm32l0xx_it.o(i.NMI_Handler) for NMI_Handler
    startup_stm32l051xx.o(RESET) refers to stm32l0xx_it.o(i.HardFault_Handler) for HardFault_Handler
    startup_stm32l051xx.o(RESET) refers to stm32l0xx_it.o(i.SVC_Handler) for SVC_Handler
    startup_stm32l051xx.o(RESET) refers to stm32l0xx_it.o(i.PendSV_Handler) for PendSV_Handler
    startup_stm32l051xx.o(RESET) refers to stm32l0xx_it.o(i.SysTick_Handler) for SysTick_Handler
    startup_stm32l051xx.o(RESET) refers to stm32l0xx_it.o(i.RTC_IRQHandler) for RTC_IRQHandler
    startup_stm32l051xx.o(RESET) refers to stm32l0xx_it.o(i.EXTI0_1_IRQHandler) for EXTI0_1_IRQHandler
    startup_stm32l051xx.o(RESET) refers to stm32l0xx_it.o(i.EXTI2_3_IRQHandler) for EXTI2_3_IRQHandler
    startup_stm32l051xx.o(RESET) refers to stm32l0xx_it.o(i.EXTI4_15_IRQHandler) for EXTI4_15_IRQHandler
    startup_stm32l051xx.o(RESET) refers to stm32l0xx_it.o(i.USART1_IRQHandler) for USART1_IRQHandler
    startup_stm32l051xx.o(.text) refers to system_stm32l0xx.o(i.SystemInit) for SystemInit
    startup_stm32l051xx.o(.text) refers to entry.o(.ARM.Collect$$$$00000000) for __main
    adxl362.o(i.ADXL362BurstRead) refers to stm32l0xx_hal_gpio.o(i.HAL_GPIO_WritePin) for HAL_GPIO_WritePin
    adxl362.o(i.ADXL362BurstRead) refers to spi.o(i.SpiFunction) for SpiFunction
    adxl362.o(i.ADXL362BurstWrite) refers to stm32l0xx_hal_gpio.o(i.HAL_GPIO_WritePin) for HAL_GPIO_WritePin
    adxl362.o(i.ADXL362BurstWrite) refers to spi.o(i.SpiFunction) for SpiFunction
    adxl362.o(i.ADXL362FifoEntries) refers to adxl362.o(i.ADXL362RegisterRead) for ADXL362RegisterRead
    adxl362.o(i.ADXL362FifoProcess) refers to memseta.o(.text) for __aeabi_memclr
    adxl362.o(i.ADXL362FifoProcess) refers to uidiv.o(.text) for __aeabi_uidivmod
    adxl362.o(i.ADXL362FifoProcess) refers to idiv.o(.text) for __aeabi_idivmod
    adxl362.o(i.ADXL362FifoProcess) refers to adxl362.o(.bss) for .bss
    adxl362.o(i.ADXL362FifoProcess) refers to adxl362.o(.data) for .data
    adxl362.o(i.ADXL362FifoRead) refers to stm32l0xx_hal_gpio.o(i.HAL_GPIO_WritePin) for HAL_GPIO_WritePin
    adxl362.o(i.ADXL362FifoRead) refers to spi.o(i.SpiFunction) for SpiFunction
    adxl362.o(i.ADXL362RegisterRead) refers to stm32l0xx_hal_gpio.o(i.HAL_GPIO_WritePin) for HAL_GPIO_WritePin
    adxl362.o(i.ADXL362RegisterRead) refers to spi.o(i.SpiFunction) for SpiFunction
    adxl362.o(i.ADXL362RegisterWrite) refers to stm32l0xx_hal_gpio.o(i.HAL_GPIO_WritePin) for HAL_GPIO_WritePin
    adxl362.o(i.ADXL362RegisterWrite) refers to spi.o(i.SpiFunction) for SpiFunction
    adxl362.o(i.ADXL362_Init) refers to memseta.o(.text) for __aeabi_memclr
    adxl362.o(i.ADXL362_Init) refers to adxl362.o(i.ADXL362RegisterWrite) for ADXL362RegisterWrite
    adxl362.o(i.ADXL362_Init) refers to stm32l0xx_hal.o(i.HAL_Delay) for HAL_Delay
    adxl362.o(i.ADXL362_Init) refers to adxl362.o(i.ADXL362RegisterRead) for ADXL362RegisterRead
    adxl362.o(i.ADXL362_Init) refers to main.o(i.Error_Handler) for Error_Handler
    adxl362.o(i.ADXL362_Init) refers to adxl362.o(.bss) for .bss
    adxl362.o(i.ADXL362_Init) refers to main.o(.data) for ErrorIndex
    adxl362.o(i.ADXL362_ReInit) refers to adxl362.o(i.ADXL362RegisterWrite) for ADXL362RegisterWrite
    adxl362.o(i.ADXL362_ReInit) refers to stm32l0xx_hal.o(i.HAL_Delay) for HAL_Delay
    cc1101.o(i.CC1101ClrRXBuff) refers to cc1101.o(i.CC1101WriteCmd) for CC1101WriteCmd
    cc1101.o(i.CC1101ClrTXBuff) refers to cc1101.o(i.CC1101WriteCmd) for CC1101WriteCmd
    cc1101.o(i.CC1101GetRXCnt) refers to cc1101.o(i.CC1101ReadStatus) for CC1101ReadStatus
    cc1101.o(i.CC1101Init) refers to cc1101.o(i.CC1101_GDO_Init) for CC1101_GDO_Init
    cc1101.o(i.CC1101Init) refers to cc1101.o(i.CC1101Reset) for CC1101Reset
    cc1101.o(i.CC1101Init) refers to cc1101.o(i.CC1101WriteReg) for CC1101WriteReg
    cc1101.o(i.CC1101Init) refers to cc1101.o(i.CC1101SetAddress) for CC1101SetAddress
    cc1101.o(i.CC1101Init) refers to cc1101.o(i.CC1101SetSYNC) for CC1101SetSYNC
    cc1101.o(i.CC1101Init) refers to cc1101.o(i.CC1101WriteMultiReg) for CC1101WriteMultiReg
    cc1101.o(i.CC1101Init) refers to cc1101.o(.constdata) for .constdata
    cc1101.o(i.CC1101Init) refers to cc1101.o(.data) for .data
    cc1101.o(i.CC1101ReadMultiReg) refers to stm32l0xx_hal_gpio.o(i.HAL_GPIO_WritePin) for HAL_GPIO_WritePin
    cc1101.o(i.CC1101ReadMultiReg) refers to spi.o(i.SPI_ExchangeByte) for SPI_ExchangeByte
    cc1101.o(i.CC1101ReadRSSI) refers to cc1101.o(i.CC1101ReadStatus) for CC1101ReadStatus
[...]
    Removing crypto.o(i.ed25519_add), (220 bytes).
    Removing crypto.o(i.fe25519_add), (60 bytes).
    Removing crypto.o(i.fe25519_cmov), (30 bytes).
    Removing crypto.o(i.fe25519_copy), (20 bytes).
    Removing crypto.o(i.fe25519_freeze), (110 bytes).
    Removing crypto.o(i.fe25519_getparity), (36 bytes).
    Removing crypto.o(i.fe25519_invert), (472 bytes).
    Removing crypto.o(i.fe25519_iseq_vartime), (74 bytes).
    Removing crypto.o(i.fe25519_mul), (520 bytes).
    Removing crypto.o(i.fe25519_mult121665), (60 bytes).
    Removing crypto.o(i.fe25519_neg), (44 bytes).
    Removing crypto.o(i.fe25519_pack), (68 bytes).
    Removing crypto.o(i.fe25519_pow2523), (336 bytes).
    Removing crypto.o(i.fe25519_setone), (18 bytes).
    Removing crypto.o(i.fe25519_setzero), (16 bytes).
    Removing crypto.o(i.fe25519_square), (10 bytes).
    Removing crypto.o(i.fe25519_sub), (120 bytes).
    Removing crypto.o(i.fe25519_unpack), (70 bytes).
    Removing crypto.o(i.ge25519_double_scalarmult_vartime), (298 bytes).
    Removing crypto.o(i.ge25519_pack), (64 bytes).
    Removing crypto.o(i.ge25519_scalarmult_base), (296 bytes).
    Removing crypto.o(i.ge25519_unpackneg_vartime), (292 bytes).
    Removing crypto.o(i.gfmul), (308 bytes).
    Removing crypto.o(i.md5_process), (1948 bytes).
    Removing crypto.o(i.reduceRS), (120 bytes).
    Removing crypto.o(i.reduce_add_sub), (188 bytes).
    Removing crypto.o(i.salsa20_wordtobyte), (1404 bytes).
    Removing crypto.o(i.sc25519_add), (54 bytes).
    Removing crypto.o(i.sc25519_from32bytes), (86 bytes).
    Removing crypto.o(i.sc25519_from64bytes), (72 bytes).
    Removing crypto.o(i.sc25519_mul), (104 bytes).
    Removing crypto.o(i.sc25519_to32bytes), (40 bytes).
    Removing crypto.o(.constdata), (1 bytes).
    Removing crypto.o(.constdata), (1 bytes).
    Removing crypto.o(.constdata), (1 bytes).
    Removing crypto.o(.constdata), (1 bytes).
    Removing crypto.o(.constdata), (1 bytes).
    Removing crypto.o(.constdata), (1 bytes).
    Removing crypto.o(.constdata), (1 bytes).
    Removing crypto.o(.constdata), (2 bytes).
    Removing crypto.o(.constdata), (2 bytes).
    Removing crypto.o(.constdata), (2 bytes).
    Removing crypto.o(.constdata), (2 bytes).
    Removing crypto.o(.constdata), (2 bytes).
    Removing crypto.o(.constdata), (1 bytes).
    Removing crypto.o(.constdata), (1 bytes).
    Removing crypto.o(.constdata), (1 bytes).
    Removing crypto.o(.constdata), (1 bytes).
    Removing stm32l0xx_hal_dma.o(i.__ARM_common_switch8), (26 bytes).

730 unused section(s) (total 101040 bytes) removed from the image.

==============================================================================

Image Symbol Table

    Local Symbols

    Symbol Name                              Value     Ov Type        Size  Object(Section)

    ../Core/Src/crc.c                        0x00000000   Number         0  crc.o ABSOLUTE
    ../Core/Src/gpio.c                       0x00000000   Number         0  gpio.o ABSOLUTE
    ../Core/Src/iwdg.c                       0x00000000   Number         0  iwdg.o ABSOLUTE
    ../Core/Src/main.c                       0x00000000   Number         0  main.o ABSOLUTE
    ../Core/Src/rtc.c                        0x00000000   Number         0  rtc.o ABSOLUTE
    ../Core/Src/spi.c                        0x00000000   Number         0  spi.o ABSOLUTE
    ../Core/Src/stm32l0xx_hal_msp.c          0x00000000   Number         0  stm32l0xx_hal_msp.o ABSOLUTE
    ../Core/Src/stm32l0xx_it.c               0x00000000   Number         0  stm32l0xx_it.o ABSOLUTE
    ../Core/Src/system_stm32l0xx.c           0x00000000   Number         0  system_stm32l0xx.o ABSOLUTE
    ../Core/Src/usart.c                      0x00000000   Number         0  usart.o ABSOLUTE
    ../Drivers/STM32L0xx_HAL_Driver/Src/stm32l0xx_hal.c 0x00000000   Number         0  stm32l0xx_hal.o ABSOLUTE
    ../Drivers/STM32L0xx_HAL_Driver/Src/stm32l0xx_hal_cortex.c 0x00000000   Number         0  stm32l0xx_hal_cortex.o ABSOLUTE
    ../Drivers/STM32L0xx_HAL_Driver/Src/stm32l0xx_hal_crc.c 0x00000000   Number         0  stm32l0xx_hal_crc.o ABSOLUTE
    ../Drivers/STM32L0xx_HAL_Driver/Src/stm32l0xx_hal_crc_ex.c 0x00000000   Number         0  stm32l0xx_hal_crc_ex.o ABSOLUTE
    ../Drivers/STM32L0xx_HAL_Driver/Src/stm32l0xx_hal_dma.c 0x00000000   Number         0  stm32l0xx_hal_dma.o ABSOLUTE
    ../Drivers/STM32L0xx_HAL_Driver/Src/stm32l0xx_hal_exti.c 0x00000000   Number         0  stm32l0xx_hal_exti.o ABSOLUTE
    ../Drivers/STM32L0xx_HAL_Driver/Src/stm32l0xx_hal_flash.c 0x00000000   Number         0  stm32l0xx_hal_flash.o ABSOLUTE
    ../Drivers/STM32L0xx_HAL_Driver/Src/stm32l0xx_hal_flash_ex.c 0x00000000   Number         0  stm32l0xx_hal_flash_ex.o ABSOLUTE
    ../Drivers/STM32L0xx_HAL_Driver/Src/stm32l0xx_hal_flash_ramfunc.c 0x00000000   Number         0  stm32l0xx_hal_flash_ramfunc.o ABSOLUTE
    ../Drivers/STM32L0xx_HAL_Driver/Src/stm32l0xx_hal_gpio.c 0x00000000   Number         0  stm32l0xx_hal_gpio.o ABSOLUTE
    ../Drivers/STM32L0xx_HAL_Driver/Src/stm32l0xx_hal_i2c.c 0x00000000   Number         0  stm32l0xx_hal_i2c.o ABSOLUTE
    ../Drivers/STM32L0xx_HAL_Driver/Src/stm32l0xx_hal_i2c_ex.c 0x00000000   Number         0  stm32l0xx_hal_i2c_ex.o ABSOLUTE
    ../Drivers/STM32L0xx_HAL_Driver/Src/stm32l0xx_hal_pwr.c 0x00000000   Number         0  stm32l0xx_hal_pwr.o ABSOLUTE
    ../Drivers/STM32L0xx_HAL_Driver/Src/stm32l0xx_hal_pwr_ex.c 0x00000000   Number         0  stm32l0xx_hal_pwr_ex.o ABSOLUTE
    ../Drivers/STM32L0xx_HAL_Driver/Src/stm32l0xx_hal_rcc.c 0x00000000   Number         0  stm32l0xx_hal_rcc.o ABSOLUTE
    ../Drivers/STM32L0xx_HAL_Driver/Src/stm32l0xx_hal_rcc_ex.c 0x00000000   Number         0  stm32l0xx_hal_rcc_ex.o ABSOLUTE
    ../Drivers/STM32L0xx_HAL_Driver/Src/stm32l0xx_hal_rtc.c 0x00000000   Number         0  stm32l0xx_hal_rtc.o ABSOLUTE
    ../Drivers/STM32L0xx_HAL_Driver/Src/stm32l0xx_hal_rtc_ex.c 0x00000000   Number         0  stm32l0xx_hal_rtc_ex.o ABSOLUTE
    ../Drivers/STM32L0xx_HAL_Driver/Src/stm32l0xx_hal_tim.c 0x00000000   Number         0  stm32l0xx_hal_tim.o ABSOLUTE
    ../Drivers/STM32L0xx_HAL_Driver/Src/stm32l0xx_hal_tim_ex.c 0x00000000   Number         0  stm32l0xx_hal_tim_ex.o ABSOLUTE
    ../Drivers/STM32L0xx_HAL_Driver/Src/stm32l0xx_ll_dma.c 0x00000000   Number         0  stm32l0xx_ll_dma.o ABSOLUTE
    ../Drivers/STM32L0xx_HAL_Driver/Src/stm32l0xx_ll_exti.c 0x00000000   Number         0  stm32l0xx_ll_exti.o ABSOLUTE
    ../Drivers/STM32L0xx_HAL_Driver/Src/stm32l0xx_ll_gpio.c 0x00000000   Number         0  stm32l0xx_ll_gpio.o ABSOLUTE
    ../Drivers/STM32L0xx_HAL_Driver/Src/stm32l0xx_ll_rcc.c 0x00000000   Number         0  stm32l0xx_ll_rcc.o ABSOLUTE
    ../Drivers/STM32L0xx_HAL_Driver/Src/stm32l0xx_ll_spi.c 0x00000000   Number         0  stm32l0xx_ll_spi.o ABSOLUTE
    ../Drivers/STM32L0xx_HAL_Driver/Src/stm32l0xx_ll_usart.c 0x00000000   Number         0  stm32l0xx_ll_usart.o ABSOLUTE
    ../Drivers/STM32L0xx_HAL_Driver/Src/stm32l0xx_ll_utils.c 0x00000000   Number         0  stm32l0xx_ll_utils.o ABSOLUTE
    ../clib/microlib/division.c              0x00000000   Number         0  idiv.o ABSOLUTE
    ../clib/microlib/division.c              0x00000000   Number         0  uidiv.o ABSOLUTE
    ../clib/microlib/division.c              0x00000000   Number         0  uldiv.o ABSOLUTE
    ../clib/microlib/init/entry.s            0x00000000   Number         0  entry10b.o ABSOLUTE
    ../clib/microlib/init/entry.s            0x00000000   Number         0  entry8b.o ABSOLUTE
    ../clib/microlib/init/entry.s            0x00000000   Number         0  entry8a.o ABSOLUTE
    ../clib/microlib/init/entry.s            0x00000000   Number         0  entry7b.o ABSOLUTE
    ../clib/microlib/init/entry.s            0x00000000   Number         0  entry7a.o ABSOLUTE
    ../clib/microlib/init/entry.s            0x00000000   Number         0  entry5.o ABSOLUTE
    ../clib/microlib/init/entry.s            0x00000000   Number         0  entry9b.o ABSOLUTE
    ../clib/microlib/init/entry.s            0x00000000   Number         0  entry10a.o ABSOLUTE
    ../clib/microlib/init/entry.s            0x00000000   Number         0  entry2.o ABSOLUTE
    ../clib/microlib/init/entry.s            0x00000000   Number         0  entry.o ABSOLUTE
    ../clib/microlib/init/entry.s            0x00000000   Number         0  entry11a.o ABSOLUTE
    ../clib/microlib/init/entry.s            0x00000000   Number         0  entry11b.o ABSOLUTE
    ../clib/microlib/init/entry.s            0x00000000   Number         0  entry9a.o ABSOLUTE
    ../clib/microlib/longlong.c              0x00000000   Number         0  llushr.o ABSOLUTE
    ../clib/microlib/longlong.c              0x00000000   Number         0  llmul.o ABSOLUTE
    ../clib/microlib/longlong.c              0x00000000   Number         0  llshl.o ABSOLUTE
    ../clib/microlib/stdlib/rand.c           0x00000000   Number         0  rand.o ABSOLUTE
    ../clib/microlib/string/memcpy.c         0x00000000   Number         0  memmovea.o ABSOLUTE
    ../clib/microlib/string/memcpy.c         0x00000000   Number         0  memcpya.o ABSOLUTE
    ../clib/microlib/string/memcpy.c         0x00000000   Number         0  memmoveb.o ABSOLUTE
    ../clib/microlib/string/memcpy.c         0x00000000   Number         0  memcpyb.o ABSOLUTE
    ../clib/microlib/string/memset.c         0x00000000   Number         0  memseta.o ABSOLUTE
    ../clib/microlib/unhosted.c              0x00000000   Number         0  uread4.o ABSOLUTE
    ..\Core\Src\adxl362.c                    0x00000000   Number         0  adxl362.o ABSOLUTE
    ..\Core\Src\cc1101.c                     0x00000000   Number         0  cc1101.o ABSOLUTE
    ..\Core\Src\crc.c                        0x00000000   Number         0  crc.o ABSOLUTE
    ..\Core\Src\gpio.c                       0x00000000   Number         0  gpio.o ABSOLUTE
    ..\Core\Src\iwdg.c                       0x00000000   Number         0  iwdg.o ABSOLUTE
    ..\Core\Src\main.c                       0x00000000   Number         0  main.o ABSOLUTE
    ..\Core\Src\rand_bytes_gen.c             0x00000000   Number         0  rand_bytes_gen.o ABSOLUTE
    ..\Core\Src\rtc.c                        0x00000000   Number         0  rtc.o ABSOLUTE
    ..\Core\Src\spi.c                        0x00000000   Number         0  spi.o ABSOLUTE
    ..\Core\Src\stm32l0xx_hal_msp.c          0x00000000   Number         0  stm32l0xx_hal_msp.o ABSOLUTE
    ..\Core\Src\stm32l0xx_it.c               0x00000000   Number         0  stm32l0xx_it.o ABSOLUTE
    ..\Core\Src\system_stm32l0xx.c           0x00000000   Number         0  system_stm32l0xx.o ABSOLUTE
    ..\Core\Src\usart.c                      0x00000000   Number         0  usart.o ABSOLUTE
    ..\Crypto_Sources_Files\crypto.c         0x00000000   Number         0  crypto.o ABSOLUTE
    ..\Drivers\STM32L0xx_HAL_Driver\Src\stm32l0xx_hal.c 0x00000000   Number         0  stm32l0xx_hal.o ABSOLUTE
    ..\Drivers\STM32L0xx_HAL_Driver\Src\stm32l0xx_hal_cortex.c 0x00000000   Number         0  stm32l0xx_hal_cortex.o ABSOLUTE
    ..\Drivers\STM32L0xx_HAL_Driver\Src\stm32l0xx_hal_crc.c 0x00000000   Number         0  stm32l0xx_hal_crc.o ABSOLUTE
    ..\Drivers\STM32L0xx_HAL_Driver\Src\stm32l0xx_hal_crc_ex.c 0x00000000   Number         0  stm32l0xx_hal_crc_ex.o ABSOLUTE
    ..\Drivers\STM32L0xx_HAL_Driver\Src\stm32l0xx_hal_dma.c 0x00000000   Number         0  stm32l0xx_hal_dma.o ABSOLUTE
    ..\Drivers\STM32L0xx_HAL_Driver\Src\stm32l0xx_hal_exti.c 0x00000000   Number         0  stm32l0xx_hal_exti.o ABSOLUTE
    ..\Drivers\STM32L0xx_HAL_Driver\Src\stm32l0xx_hal_flash.c 0x00000000   Number         0  stm32l0xx_hal_flash.o ABSOLUTE
    ..\Drivers\STM32L0xx_HAL_Driver\Src\stm32l0xx_hal_flash_ex.c 0x00000000   Number         0  stm32l0xx_hal_flash_ex.o ABSOLUTE
    ..\Drivers\STM32L0xx_HAL_Driver\Src\stm32l0xx_hal_flash_ramfunc.c 0x00000000   Number         0  stm32l0xx_hal_flash_ramfunc.o ABSOLUTE
    ..\Drivers\STM32L0xx_HAL_Driver\Src\stm32l0xx_hal_gpio.c 0x00000000   Number         0  stm32l0xx_hal_gpio.o ABSOLUTE
    ..\Drivers\STM32L0xx_HAL_Driver\Src\stm32l0xx_hal_i2c.c 0x00000000   Number         0  stm32l0xx_hal_i2c.o ABSOLUTE
    ..\Drivers\STM32L0xx_HAL_Driver\Src\stm32l0xx_hal_i2c_ex.c 0x00000000   Number         0  stm32l0xx_hal_i2c_ex.o ABSOLUTE
    ..\Drivers\STM32L0xx_HAL_Driver\Src\stm32l0xx_hal_pwr.c 0x00000000   Number         0  stm32l0xx_hal_pwr.o ABSOLUTE
    ..\Drivers\STM32L0xx_HAL_Driver\Src\stm32l0xx_hal_pwr_ex.c 0x00000000   Number         0  stm32l0xx_hal_pwr_ex.o ABSOLUTE
    ..\Drivers\STM32L0xx_HAL_Driver\Src\stm32l0xx_hal_rcc.c 0x00000000   Number         0  stm32l0xx_hal_rcc.o ABSOLUTE
    ..\Drivers\STM32L0xx_HAL_Driver\Src\stm32l0xx_hal_rcc_ex.c 0x00000000   Number         0  stm32l0xx_hal_rcc_ex.o ABSOLUTE
    ..\Drivers\STM32L0xx_HAL_Driver\Src\stm32l0xx_hal_rtc.c 0x00000000   Number         0  stm32l0xx_hal_rtc.o ABSOLUTE
    ..\Drivers\STM32L0xx_HAL_Driver\Src\stm32l0xx_hal_rtc_ex.c 0x00000000   Number         0  stm32l0xx_hal_rtc_ex.o ABSOLUTE
    ..\Drivers\STM32L0xx_HAL_Driver\Src\stm32l0xx_hal_tim.c 0x00000000   Number         0  stm32l0xx_hal_tim.o ABSOLUTE
    ..\Drivers\STM32L0xx_HAL_Driver\Src\stm32l0xx_hal_tim_ex.c 0x00000000   Number         0  stm32l0xx_hal_tim_ex.o ABSOLUTE
    ..\Drivers\STM32L0xx_HAL_Driver\Src\stm32l0xx_ll_dma.c 0x00000000   Number         0  stm32l0xx_ll_dma.o ABSOLUTE
    ..\Drivers\STM32L0xx_HAL_Driver\Src\stm32l0xx_ll_exti.c 0x00000000   Number         0  stm32l0xx_ll_exti.o ABSOLUTE
    ..\Drivers\STM32L0xx_HAL_Driver\Src\stm32l0xx_ll_gpio.c 0x00000000   Number         0  stm32l0xx_ll_gpio.o ABSOLUTE
    ..\Drivers\STM32L0xx_HAL_Driver\Src\stm32l0xx_ll_rcc.c 0x00000000   Number         0  stm32l0xx_ll_rcc.o ABSOLUTE
    ..\Drivers\STM32L0xx_HAL_Driver\Src\stm32l0xx_ll_spi.c 0x00000000   Number         0  stm32l0xx_ll_spi.o ABSOLUTE
    ..\Drivers\STM32L0xx_HAL_Driver\Src\stm32l0xx_ll_usart.c 0x00000000   Number         0  stm32l0xx_ll_usart.o ABSOLUTE
    ..\Drivers\STM32L0xx_HAL_Driver\Src\stm32l0xx_ll_utils.c 0x00000000   Number         0  stm32l0xx_ll_utils.o ABSOLUTE
    ..\\Core\\Src\\adxl362.c                 0x00000000   Number         0  adxl362.o ABSOLUTE
    ..\\Core\\Src\\cc1101.c                  0x00000000   Number         0  cc1101.o ABSOLUTE
    ..\\Core\\Src\\rand_bytes_gen.c          0x00000000   Number         0  rand_bytes_gen.o ABSOLUTE
    ..\\Crypto_Sources_Files\\crypto.c       0x00000000   Number         0  crypto.o ABSOLUTE
    dc.s                                     0x00000000   Number         0  dc.o ABSOLUTE
    handlers.s                               0x00000000   Number         0  handlers.o ABSOLUTE
    init.s                                   0x00000000   Number         0  init.o ABSOLUTE
    startup_stm32l051xx.s                    0x00000000   Number         0  startup_stm32l051xx.o ABSOLUTE
    RESET                                    0x08000000   Section      192  startup_stm32l051xx.o(RESET)
    .ARM.Collect$$$$00000000                 0x080000c0   Section        0  entry.o(.ARM.Collect$$$$00000000)
    .ARM.Collect$$$$00000001                 0x080000c0   Section        4  entry2.o(.ARM.Collect$$$$00000001)
    .ARM.Collect$$$$00000004                 0x080000c4   Section        4  entry5.o(.ARM.Collect$$$$00000004)
    .ARM.Collect$$$$00000008                 0x080000c8   Section        0  entry7b.o(.ARM.Collect$$$$00000008)
    .ARM.Collect$$$$0000000A                 0x080000c8   Section        0  entry8b.o(.ARM.Collect$$$$0000000A)
    .ARM.Collect$$$$0000000B                 0x080000c8   Section        8  entry9a.o(.ARM.Collect$$$$0000000B)
    .ARM.Collect$$$$0000000D                 0x080000d0   Section        0  entry10a.o(.ARM.Collect$$$$0000000D)
    .ARM.Collect$$$$0000000F                 0x080000d0   Section        0  entry11a.o(.ARM.Collect$$$$0000000F)
    .ARM.Collect$$$$00002712                 0x080000d0   Section        4  entry2.o(.ARM.Collect$$$$00002712)
    __lit__00000000                          0x080000d0   Data           4  entry2.o(.ARM.Collect$$$$00002712)
    .text                                    0x080000d4   Section       28  startup_stm32l051xx.o(.text)
    .text                                    0x080000f0   Section        0  uidiv.o(.text)
    .text                                    0x0800011c   Section        0  idiv.o(.text)
    .text                                    0x08000144   Section        0  uldiv.o(.text)
    .text                                    0x080001a4   Section        0  rand.o(.text)
    .text                                    0x080001c8   Section        0  memmovea.o(.text)
    .text                                    0x08000208   Section        0  memseta.o(.text)
    .text                                    0x0800022c   Section        0  uread4.o(.text)
    .text                                    0x08000240   Section        0  llshl.o(.text)
    .text                                    0x08000260   Section        0  llushr.o(.text)
    .text                                    0x08000284   Section       36  init.o(.text)
    i.ADXL362FifoProcess                     0x080002a8   Section        0  adxl362.o(i.ADXL362FifoProcess)
    i.ADXL362FifoRead                        0x08000490   Section        0  adxl362.o(i.ADXL362FifoRead)
    i.ADXL362RegisterRead                    0x080004d0   Section        0  adxl362.o(i.ADXL362RegisterRead)
    i.ADXL362RegisterWrite                   0x08000518   Section        0  adxl362.o(i.ADXL362RegisterWrite)
    i.ADXL362_Init                           0x0800055c   Section        0  adxl362.o(i.ADXL362_Init)
    i.AES_general_SW_enc                     0x080006dc   Section        0  crypto.o(i.AES_general_SW_enc)
    i.AES_keyschedule_enc_LL                 0x080009c0   Section        0  crypto.o(i.AES_keyschedule_enc_LL)
    AES_keyschedule_enc_LL                   0x080009c1   Thumb Code   358  crypto.o(i.AES_keyschedule_enc_LL)
    i.CC1101ClrTXBuff                        0x08000b30   Section        0  cc1101.o(i.CC1101ClrTXBuff)
    i.CC1101Init                             0x08000b40   Section        0  cc1101.o(i.CC1101Init)
    i.CC1101ReadReg                          0x08000b88   Section        0  cc1101.o(i.CC1101ReadReg)
    i.CC1101Reset                            0x08000bc4   Section        0  cc1101.o(i.CC1101Reset)
    i.CC1101SendHandler                      0x08000c20   Section        0  cc1101.o(i.CC1101SendHandler)
    i.CC1101SendPacket                       0x08000d24   Section        0  cc1101.o(i.CC1101SendPacket)
    i.CC1101SetAddress                       0x08000e00   Section        0  cc1101.o(i.CC1101SetAddress)
    i.CC1101SetSYNC                          0x08000e14   Section        0  cc1101.o(i.CC1101SetSYNC)
    i.CC1101SetTRMode                        0x08000e2a   Section        0  cc1101.o(i.CC1101SetTRMode)
    i.CC1101SetWORMode                       0x08000e60   Section        0  cc1101.o(i.CC1101SetWORMode)
    i.CC1101WORInit                          0x08000e86   Section        0  cc1101.o(i.CC1101WORInit)
    i.CC1101WriteCmd                         0x08000eb4   Section        0  cc1101.o(i.CC1101WriteCmd)
    i.CC1101WriteMultiReg                    0x08000ee0   Section        0  cc1101.o(i.CC1101WriteMultiReg)
    i.CC1101WriteReg                         0x08000f28   Section        0  cc1101.o(i.CC1101WriteReg)
    i.CC1101_GDO_DeInit                      0x08000f60   Section        0  cc1101.o(i.CC1101_GDO_DeInit)
    i.CC1101_GDO_Init                        0x08000faa   Section        0  cc1101.o(i.CC1101_GDO_Init)
    i.CRC_Handle_16                          0x0800103a   Section        0  stm32l0xx_hal_crc.o(i.CRC_Handle_16)
    CRC_Handle_16                            0x0800103b   Thumb Code    56  stm32l0xx_hal_crc.o(i.CRC_Handle_16)
    i.CRC_Handle_8                           0x08001072   Section        0  stm32l0xx_hal_crc.o(i.CRC_Handle_8)
    CRC_Handle_8                             0x08001073   Thumb Code   128  stm32l0xx_hal_crc.o(i.CRC_Handle_8)
    i.DATAEEPROM_Program                     0x080010f4   Section        0  main.o(i.DATAEEPROM_Program)
    i.DRBG_AES128_Bcc                        0x0800113c   Section        0  crypto.o(i.DRBG_AES128_Bcc)
    DRBG_AES128_Bcc                          0x0800113d   Thumb Code   212  crypto.o(i.DRBG_AES128_Bcc)
    i.DRBG_AES128_Block_cipher_df            0x08001210   Section        0  crypto.o(i.DRBG_AES128_Block_cipher_df)
    DRBG_AES128_Block_cipher_df              0x08001211   Thumb Code   208  crypto.o(i.DRBG_AES128_Block_cipher_df)
    i.DRBG_AES128_Update                     0x080012e4   Section        0  crypto.o(i.DRBG_AES128_Update)
    DRBG_AES128_Update                       0x080012e5   Thumb Code   130  crypto.o(i.DRBG_AES128_Update)
    i.EXTI0_1_IRQHandler                     0x08001368   Section        0  stm32l0xx_it.o(i.EXTI0_1_IRQHandler)
    i.EXTI2_3_IRQHandler                     0x0800138c   Section        0  stm32l0xx_it.o(i.EXTI2_3_IRQHandler)
    i.EXTI4_15_IRQHandler                    0x080013b0   Section        0  stm32l0xx_it.o(i.EXTI4_15_IRQHandler)
    i.Error_Callback                         0x080013d4   Section        0  usart.o(i.Error_Callback)
    i.Error_Handler                          0x08001434   Section        0  main.o(i.Error_Handler)
    i.FLASH_SetErrorCode                     0x08001450   Section        0  stm32l0xx_hal_flash.o(i.FLASH_SetErrorCode)
    FLASH_SetErrorCode                       0x08001451   Thumb Code   134  stm32l0xx_hal_flash.o(i.FLASH_SetErrorCode)
    i.FLASH_WaitForLastOperation             0x080014e0   Section        0  stm32l0xx_hal_flash.o(i.FLASH_WaitForLastOperation)
    i.Get_SerialNum                          0x08001550   Section        0  main.o(i.Get_SerialNum)
    i.HAL_CRCEx_Polynomial_Set               0x08001588   Section        0  stm32l0xx_hal_crc_ex.o(i.HAL_CRCEx_Polynomial_Set)
    i.HAL_CRC_Calculate                      0x080015d8   Section        0  stm32l0xx_hal_crc.o(i.HAL_CRC_Calculate)
    i.HAL_CRC_DeInit                         0x08001622   Section        0  stm32l0xx_hal_crc.o(i.HAL_CRC_DeInit)
    i.HAL_CRC_Init                           0x08001658   Section        0  stm32l0xx_hal_crc.o(i.HAL_CRC_Init)
    i.HAL_CRC_MspDeInit                      0x080016d4   Section        0  crc.o(i.HAL_CRC_MspDeInit)
    i.HAL_CRC_MspInit                        0x080016f0   Section        0  crc.o(i.HAL_CRC_MspInit)
    i.HAL_Delay                              0x08001714   Section        0  stm32l0xx_hal.o(i.HAL_Delay)
    i.HAL_FLASHEx_DATAEEPROM_DisableFixedTimeProgram 0x08001738   Section        0  stm32l0xx_hal_flash_ex.o(i.HAL_FLASHEx_DATAEEPROM_DisableFixedTimeProgram)
    i.HAL_FLASHEx_DATAEEPROM_EnableFixedTimeProgram 0x08001748   Section        0  stm32l0xx_hal_flash_ex.o(i.HAL_FLASHEx_DATAEEPROM_EnableFixedTimeProgram)
    i.HAL_FLASHEx_DATAEEPROM_Erase           0x08001758   Section        0  stm32l0xx_hal_flash_ex.o(i.HAL_FLASHEx_DATAEEPROM_Erase)
    i.HAL_FLASHEx_DATAEEPROM_Lock            0x08001780   Section        0  stm32l0xx_hal_flash_ex.o(i.HAL_FLASHEx_DATAEEPROM_Lock)
    i.HAL_FLASHEx_DATAEEPROM_Program         0x08001794   Section        0  stm32l0xx_hal_flash_ex.o(i.HAL_FLASHEx_DATAEEPROM_Program)
    i.HAL_FLASHEx_DATAEEPROM_Unlock          0x080017e8   Section        0  stm32l0xx_hal_flash_ex.o(i.HAL_FLASHEx_DATAEEPROM_Unlock)
    i.HAL_GPIO_ReadPin                       0x0800181c   Section        0  stm32l0xx_hal_gpio.o(i.HAL_GPIO_ReadPin)
    i.HAL_GPIO_TogglePin                     0x08001826   Section        0  stm32l0xx_hal_gpio.o(i.HAL_GPIO_TogglePin)
    i.HAL_GPIO_WritePin                      0x08001836   Section        0  stm32l0xx_hal_gpio.o(i.HAL_GPIO_WritePin)
    i.HAL_GetTick                            0x08001844   Section        0  stm32l0xx_hal.o(i.HAL_GetTick)
    i.HAL_IncTick                            0x08001850   Section        0  stm32l0xx_hal.o(i.HAL_IncTick)
    i.HAL_Init                               0x08001860   Section        0  stm32l0xx_hal.o(i.HAL_Init)
    i.HAL_InitTick                           0x08001888   Section        0  stm32l0xx_hal.o(i.HAL_InitTick)
    i.HAL_MspInit                            0x080018cc   Section        0  stm32l0xx_hal_msp.o(i.HAL_MspInit)
    i.HAL_NVIC_EnableIRQ                     0x080018e4   Section        0  stm32l0xx_hal_cortex.o(i.HAL_NVIC_EnableIRQ)
    i.HAL_NVIC_SetPriority                   0x080018fc   Section        0  stm32l0xx_hal_cortex.o(i.HAL_NVIC_SetPriority)
    i.HAL_PWREx_EnableFastWakeUp             0x08001904   Section        0  stm32l0xx_hal_pwr_ex.o(i.HAL_PWREx_EnableFastWakeUp)
    i.HAL_PWREx_EnableUltraLowPower          0x08001914   Section        0  stm32l0xx_hal_pwr_ex.o(i.HAL_PWREx_EnableUltraLowPower)
    i.HAL_PWR_EnableBkUpAccess               0x08001924   Section        0  stm32l0xx_hal_pwr.o(i.HAL_PWR_EnableBkUpAccess)
    i.HAL_PWR_EnterSTOPMode                  0x08001934   Section        0  stm32l0xx_hal_pwr.o(i.HAL_PWR_EnterSTOPMode)
    i.HAL_RCCEx_PeriphCLKConfig              0x08001998   Section        0  stm32l0xx_hal_rcc_ex.o(i.HAL_RCCEx_PeriphCLKConfig)
    i.HAL_RCC_ClockConfig                    0x08001afc   Section        0  stm32l0xx_hal_rcc.o(i.HAL_RCC_ClockConfig)
    i.HAL_RCC_GetSysClockFreq                0x08001c98   Section        0  stm32l0xx_hal_rcc.o(i.HAL_RCC_GetSysClockFreq)
    i.HAL_RCC_OscConfig                      0x08001d10   Section        0  stm32l0xx_hal_rcc.o(i.HAL_RCC_OscConfig)
    i.HAL_RTCEx_SetWakeUpTimer_IT            0x08002138   Section        0  stm32l0xx_hal_rtc_ex.o(i.HAL_RTCEx_SetWakeUpTimer_IT)
    i.HAL_RTCEx_WakeUpTimerEventCallback     0x08002230   Section        0  rtc.o(i.HAL_RTCEx_WakeUpTimerEventCallback)
    i.HAL_RTCEx_WakeUpTimerIRQHandler        0x0800226c   Section        0  stm32l0xx_hal_rtc_ex.o(i.HAL_RTCEx_WakeUpTimerIRQHandler)
    i.HAL_RTC_Init                           0x080022a4   Section        0  stm32l0xx_hal_rtc.o(i.HAL_RTC_Init)
    i.HAL_RTC_MspInit                        0x08002360   Section        0  rtc.o(i.HAL_RTC_MspInit)
    i.HAL_RTC_WaitForSynchro                 0x08002390   Section        0  stm32l0xx_hal_rtc.o(i.HAL_RTC_WaitForSynchro)
    i.HAL_ResumeTick                         0x080023c4   Section        0  stm32l0xx_hal.o(i.HAL_ResumeTick)
    i.HAL_SYSTICK_Config                     0x080023d4   Section        0  stm32l0xx_hal_cortex.o(i.HAL_SYSTICK_Config)
    i.HAL_SuspendTick                        0x08002404   Section        0  stm32l0xx_hal.o(i.HAL_SuspendTick)
    i.HardFault_Handler                      0x08002414   Section        0  stm32l0xx_it.o(i.HardFault_Handler)
    i.LED_Blinking                           0x08002418   Section        0  main.o(i.LED_Blinking)
    i.LL_APB2_GRP1_EnableClock               0x08002430   Section        0  usart.o(i.LL_APB2_GRP1_EnableClock)
    LL_APB2_GRP1_EnableClock                 0x08002431   Thumb Code    18  usart.o(i.LL_APB2_GRP1_EnableClock)
    i.LL_EXTI_Init                           0x08002448   Section        0  stm32l0xx_ll_exti.o(i.LL_EXTI_Init)
    i.LL_EXTI_IsActiveFlag_0_31              0x080024e8   Section        0  stm32l0xx_it.o(i.LL_EXTI_IsActiveFlag_0_31)
    LL_EXTI_IsActiveFlag_0_31                0x080024e9   Thumb Code    16  stm32l0xx_it.o(i.LL_EXTI_IsActiveFlag_0_31)
    i.LL_GPIO_Init                           0x080024fc   Section        0  stm32l0xx_ll_gpio.o(i.LL_GPIO_Init)
    i.LL_GPIO_SetPinMode                     0x080025aa   Section        0  cc1101.o(i.LL_GPIO_SetPinMode)
    LL_GPIO_SetPinMode                       0x080025ab   Thumb Code    20  cc1101.o(i.LL_GPIO_SetPinMode)
    i.LL_GPIO_SetPinMode                     0x080025be   Section        0  gpio.o(i.LL_GPIO_SetPinMode)
    LL_GPIO_SetPinMode                       0x080025bf   Thumb Code    20  gpio.o(i.LL_GPIO_SetPinMode)
    i.LL_GPIO_SetPinPull                     0x080025d2   Section        0  cc1101.o(i.LL_GPIO_SetPinPull)
    LL_GPIO_SetPinPull                       0x080025d3   Thumb Code    20  cc1101.o(i.LL_GPIO_SetPinPull)
    i.LL_GPIO_SetPinPull                     0x080025e6   Section        0  gpio.o(i.LL_GPIO_SetPinPull)
    LL_GPIO_SetPinPull                       0x080025e7   Thumb Code    20  gpio.o(i.LL_GPIO_SetPinPull)
    i.LL_IOP_GRP1_EnableClock                0x080025fc   Section        0  cc1101.o(i.LL_IOP_GRP1_EnableClock)
    LL_IOP_GRP1_EnableClock                  0x080025fd   Thumb Code    18  cc1101.o(i.LL_IOP_GRP1_EnableClock)
    i.LL_IOP_GRP1_EnableClock                0x08002614   Section        0  gpio.o(i.LL_IOP_GRP1_EnableClock)
    LL_IOP_GRP1_EnableClock                  0x08002615   Thumb Code    18  gpio.o(i.LL_IOP_GRP1_EnableClock)
    i.LL_IOP_GRP1_EnableClock                0x0800262c   Section        0  spi.o(i.LL_IOP_GRP1_EnableClock)
    LL_IOP_GRP1_EnableClock                  0x0800262d   Thumb Code    18  spi.o(i.LL_IOP_GRP1_EnableClock)
    i.LL_IOP_GRP1_EnableClock                0x08002644   Section        0  usart.o(i.LL_IOP_GRP1_EnableClock)
    LL_IOP_GRP1_EnableClock                  0x08002645   Thumb Code    18  usart.o(i.LL_IOP_GRP1_EnableClock)
    i.LL_RCC_GetUSARTClockFreq               0x0800265c   Section        0  stm32l0xx_ll_rcc.o(i.LL_RCC_GetUSARTClockFreq)
    i.LL_RCC_GetUSARTClockSource             0x080026ec   Section        0  stm32l0xx_ll_rcc.o(i.LL_RCC_GetUSARTClockSource)
    LL_RCC_GetUSARTClockSource               0x080026ed   Thumb Code    12  stm32l0xx_ll_rcc.o(i.LL_RCC_GetUSARTClockSource)
    i.LL_RCC_HSI_IsReady                     0x080026fc   Section        0  stm32l0xx_ll_rcc.o(i.LL_RCC_HSI_IsReady)
    LL_RCC_HSI_IsReady                       0x080026fd   Thumb Code    10  stm32l0xx_ll_rcc.o(i.LL_RCC_HSI_IsReady)
    i.LL_RCC_IsActiveFlag_HSIDIV             0x0800270c   Section        0  stm32l0xx_ll_rcc.o(i.LL_RCC_IsActiveFlag_HSIDIV)
    LL_RCC_IsActiveFlag_HSIDIV               0x0800270d   Thumb Code    10  stm32l0xx_ll_rcc.o(i.LL_RCC_IsActiveFlag_HSIDIV)
    i.LL_RCC_LSE_IsReady                     0x0800271c   Section        0  stm32l0xx_ll_rcc.o(i.LL_RCC_LSE_IsReady)
    LL_RCC_LSE_IsReady                       0x0800271d   Thumb Code    10  stm32l0xx_ll_rcc.o(i.LL_RCC_LSE_IsReady)
    i.LL_SPI_DeInit                          0x0800272c   Section        0  stm32l0xx_ll_spi.o(i.LL_SPI_DeInit)
    i.LL_SPI_Init                            0x08002770   Section        0  stm32l0xx_ll_spi.o(i.LL_SPI_Init)
    i.LL_SYSCFG_SetEXTISource                0x080027dc   Section        0  cc1101.o(i.LL_SYSCFG_SetEXTISource)
    LL_SYSCFG_SetEXTISource                  0x080027dd   Thumb Code    28  cc1101.o(i.LL_SYSCFG_SetEXTISource)
    i.LL_SYSCFG_SetEXTISource                0x080027fc   Section        0  gpio.o(i.LL_SYSCFG_SetEXTISource)
    LL_SYSCFG_SetEXTISource                  0x080027fd   Thumb Code    28  gpio.o(i.LL_SYSCFG_SetEXTISource)
    i.LL_USART_DeInit                        0x0800281c   Section        0  stm32l0xx_ll_usart.o(i.LL_USART_DeInit)
    i.LL_USART_EnableIT_ERROR                0x08002864   Section        0  usart.o(i.LL_USART_EnableIT_ERROR)
    LL_USART_EnableIT_ERROR                  0x08002865   Thumb Code    24  usart.o(i.LL_USART_EnableIT_ERROR)
    i.LL_USART_EnableIT_RXNE                 0x0800287c   Section        0  usart.o(i.LL_USART_EnableIT_RXNE)
    LL_USART_EnableIT_RXNE                   0x0800287d   Thumb Code    24  usart.o(i.LL_USART_EnableIT_RXNE)
    i.LL_USART_Init                          0x08002894   Section        0  stm32l0xx_ll_usart.o(i.LL_USART_Init)
    i.MX_CRC_Init                            0x0800293c   Section        0  crc.o(i.MX_CRC_Init)
    i.MX_GPIO_Init                           0x0800296c   Section        0  gpio.o(i.MX_GPIO_Init)
    i.MX_IWDG_Init                           0x08002bc8   Section        0  iwdg.o(i.MX_IWDG_Init)
    i.MX_RTC_Init                            0x08002bfc   Section        0  rtc.o(i.MX_RTC_Init)
    i.MX_SPI1_DeInit                         0x08002c44   Section        0  spi.o(i.MX_SPI1_DeInit)
    i.MX_SPI1_Init                           0x08002cb4   Section        0  spi.o(i.MX_SPI1_Init)
    i.MX_SPI2_DeInit                         0x08002d84   Section        0  spi.o(i.MX_SPI2_DeInit)
    i.MX_SPI2_Init                           0x08002e04   Section        0  spi.o(i.MX_SPI2_Init)
    i.MX_USART1_UART_DeInit                  0x08002ecc   Section        0  usart.o(i.MX_USART1_UART_DeInit)
    i.MX_USART1_UART_Init                    0x08002f30   Section        0  usart.o(i.MX_USART1_UART_Init)
    i.NMI_Handler                            0x08002fe4   Section        0  stm32l0xx_it.o(i.NMI_Handler)
    i.PendSV_Handler                         0x08002fe6   Section        0  stm32l0xx_it.o(i.PendSV_Handler)
    i.RCC_GetHCLKClockFreq                   0x08002fe8   Section        0  stm32l0xx_ll_rcc.o(i.RCC_GetHCLKClockFreq)
    RCC_GetHCLKClockFreq                     0x08002fe9   Thumb Code    18  stm32l0xx_ll_rcc.o(i.RCC_GetHCLKClockFreq)
    i.RCC_GetPCLK1ClockFreq                  0x08003004   Section        0  stm32l0xx_ll_rcc.o(i.RCC_GetPCLK1ClockFreq)
    RCC_GetPCLK1ClockFreq                    0x08003005   Thumb Code    16  stm32l0xx_ll_rcc.o(i.RCC_GetPCLK1ClockFreq)
    i.RCC_GetPCLK2ClockFreq                  0x0800301c   Section        0  stm32l0xx_ll_rcc.o(i.RCC_GetPCLK2ClockFreq)
    RCC_GetPCLK2ClockFreq                    0x0800301d   Thumb Code    16  stm32l0xx_ll_rcc.o(i.RCC_GetPCLK2ClockFreq)
    i.RCC_GetSystemClockFreq                 0x08003034   Section        0  stm32l0xx_ll_rcc.o(i.RCC_GetSystemClockFreq)
    RCC_GetSystemClockFreq                   0x08003035   Thumb Code   116  stm32l0xx_ll_rcc.o(i.RCC_GetSystemClockFreq)
    i.RFIDInitial                            0x080030b8   Section        0  cc1101.o(i.RFIDInitial)
    i.RNG_Gen                                0x08003100   Section        0  rand_bytes_gen.o(i.RNG_Gen)
    i.RNG_Init                               0x0800313c   Section        0  rand_bytes_gen.o(i.RNG_Init)
    i.RNGfree                                0x080031b0   Section        0  crypto.o(i.RNGfree)
    i.RNGgenBytes                            0x080031e4   Section        0  crypto.o(i.RNGgenBytes)
    i.RNGinit                                0x0800328c   Section        0  crypto.o(i.RNGinit)
    i.RTC_EnterInitMode                      0x08003364   Section        0  stm32l0xx_hal_rtc.o(i.RTC_EnterInitMode)
    i.RTC_IRQHandler                         0x0800339c   Section        0  stm32l0xx_it.o(i.RTC_IRQHandler)
    i.SPI_ExchangeByte                       0x080033ac   Section        0  spi.o(i.SPI_ExchangeByte)
    i.SVC_Handler                            0x080033c2   Section        0  stm32l0xx_it.o(i.SVC_Handler)
    i.Show_Message                           0x080033c4   Section        0  main.o(i.Show_Message)
    i.SpiFunction                            0x08003440   Section        0  spi.o(i.SpiFunction)
    i.SysTick_Handler                        0x08003474   Section        0  stm32l0xx_it.o(i.SysTick_Handler)
    i.SystemClock_Config                     0x0800347c   Section        0  main.o(i.SystemClock_Config)
    i.SystemInit                             0x0800351c   Section        0  system_stm32l0xx.o(i.SystemInit)
    i.System_Initial                         0x08003570   Section        0  main.o(i.System_Initial)
    i.USART1_IRQHandler                      0x08003610   Section        0  stm32l0xx_it.o(i.USART1_IRQHandler)
    i.USART_CharReception_Callback           0x08003634   Section        0  usart.o(i.USART_CharReception_Callback)
    i.__ARM_common_ll_muluu                  0x0800366c   Section        0  crypto.o(i.__ARM_common_ll_muluu)
    i.__NVIC_DisableIRQ                      0x080036a0   Section        0  cc1101.o(i.__NVIC_DisableIRQ)
    __NVIC_DisableIRQ                        0x080036a1   Thumb Code    26  cc1101.o(i.__NVIC_DisableIRQ)
    i.__NVIC_DisableIRQ                      0x080036c0   Section        0  usart.o(i.__NVIC_DisableIRQ)
    __NVIC_DisableIRQ                        0x080036c1   Thumb Code    26  usart.o(i.__NVIC_DisableIRQ)
    i.__NVIC_EnableIRQ                       0x080036e0   Section        0  cc1101.o(i.__NVIC_EnableIRQ)
    __NVIC_EnableIRQ                         0x080036e1   Thumb Code    18  cc1101.o(i.__NVIC_EnableIRQ)
    i.__NVIC_EnableIRQ                       0x080036f8   Section        0  gpio.o(i.__NVIC_EnableIRQ)
    __NVIC_EnableIRQ                         0x080036f9   Thumb Code    18  gpio.o(i.__NVIC_EnableIRQ)
    i.__NVIC_SetPriority                     0x08003710   Section        0  cc1101.o(i.__NVIC_SetPriority)
    __NVIC_SetPriority                       0x08003711   Thumb Code    60  cc1101.o(i.__NVIC_SetPriority)
    i.__NVIC_SetPriority                     0x08003754   Section        0  gpio.o(i.__NVIC_SetPriority)
    __NVIC_SetPriority                       0x08003755   Thumb Code    60  gpio.o(i.__NVIC_SetPriority)
    i.__NVIC_SetPriority                     0x08003798   Section        0  stm32l0xx_hal_cortex.o(i.__NVIC_SetPriority)
    __NVIC_SetPriority                       0x08003799   Thumb Code    60  stm32l0xx_hal_cortex.o(i.__NVIC_SetPriority)
    i.__scatterload_copy                     0x080037dc   Section       14  handlers.o(i.__scatterload_copy)
    i.__scatterload_null                     0x080037ea   Section        2  handlers.o(i.__scatterload_null)
    i.__scatterload_zeroinit                 0x080037ec   Section       14  handlers.o(i.__scatterload_zeroinit)
    i.crl_DRBG_AES128_Generate               0x080037fc   Section        0  crypto.o(i.crl_DRBG_AES128_Generate)
    i.main                                   0x08003a18   Section        0  main.o(i.main)
    .constdata                               0x08003bd8   Section       94  cc1101.o(.constdata)
    CC1101InitData                           0x08003bd8   Data          94  cc1101.o(.constdata)
    .constdata                               0x08003c36   Section       25  system_stm32l0xx.o(.constdata)
    .constdata                               0x08003c4f   Section        8  system_stm32l0xx.o(.constdata)
    .constdata                               0x08003c58   Section     7012  crypto.o(.constdata)
    table_reduction8                         0x08004684   Data         512  crypto.o(.constdata)
    table_reduction4                         0x08004884   Data          32  crypto.o(.constdata)
    sha512_K                                 0x080051a8   Data         640  crypto.o(.constdata)
    tau                                      0x08005438   Data          16  crypto.o(.constdata)
    m                                        0x08005448   Data          32  crypto.o(.constdata)
    mu                                       0x08005468   Data          36  crypto.o(.constdata)
    ge25519_ecd                              0x0800548c   Data          32  crypto.o(.constdata)
    ge25519_ec2d                             0x0800552c   Data          32  crypto.o(.constdata)
    ge25519_sqrtm1                           0x0800554c   Data          32  crypto.o(.constdata)
    pad                                      0x080055dc   Data          64  crypto.o(.constdata)
    .data                                    0x20000000   Section        4  adxl362.o(.data)
    .data                                    0x20000004   Section       10  cc1101.o(.data)
    .data                                    0x20000010   Section       50  rand_bytes_gen.o(.data)
    .data                                    0x20000042   Section        4  main.o(.data)
    .data                                    0x20000046   Section        3  rtc.o(.data)
    .data                                    0x2000004c   Section       12  stm32l0xx_hal.o(.data)
    .data                                    0x20000058   Section        4  system_stm32l0xx.o(.data)
    .data                                    0x2000005c   Section        4  rand.o(.data)
    _rand_state                              0x2000005c   Data           4  rand.o(.data)
    .bss                                     0x20000060   Section     2204  adxl362.o(.bss)
    .bss                                     0x200008fc   Section      396  cc1101.o(.bss)
    .bss                                     0x20000a88   Section      100  rand_bytes_gen.o(.bss)
    .bss                                     0x20000aec   Section       16  main.o(.bss)
    .bss                                     0x20000afc   Section       36  crc.o(.bss)
    .bss                                     0x20000b20   Section       36  rtc.o(.bss)
    .bss                                     0x20000b44   Section       26  usart.o(.bss)
    .bss                                     0x20000b60   Section       24  stm32l0xx_hal_flash.o(.bss)
    STACK                                    0x20000b78   Section     1024  startup_stm32l051xx.o(STACK)

    Global Symbols

    Symbol Name                              Value     Ov Type        Size  Object(Section)

    BuildAttributes$$THM_ISAv3M$S$PE$A:L22$X:L11$S22$IEEE1$IW$USESV6$~STKCKD$USESV7$~SHL$OTIME$EBA8$MICROLIB$REQ8$PRES8$EABIv2 0x00000000   Number         0  anon$$obj.o ABSOLUTE
    __ARM_use_no_argv                        0x00000000   Number         0  main.o ABSOLUTE
    __cpp_initialize__aeabi_                  - Undefined Weak Reference
    __cxa_finalize                            - Undefined Weak Reference
    __decompress                              - Undefined Weak Reference
    _clock_init                               - Undefined Weak Reference
    _microlib_exit                            - Undefined Weak Reference
    __Vectors_Size                           0x000000c0   Number         0  startup_stm32l051xx.o ABSOLUTE
    __Vectors                                0x08000000   Data           4  startup_stm32l051xx.o(RESET)
    __Vectors_End                            0x080000c0   Data           0  startup_stm32l051xx.o(RESET)
    __main                                   0x080000c1   Thumb Code     0  entry.o(.ARM.Collect$$$$00000000)
    _main_stk                                0x080000c1   Thumb Code     0  entry2.o(.ARM.Collect$$$$00000001)
    _main_scatterload                        0x080000c5   Thumb Code     0  entry5.o(.ARM.Collect$$$$00000004)
    __main_after_scatterload                 0x080000c9   Thumb Code     0  entry5.o(.ARM.Collect$$$$00000004)
    _main_clock                              0x080000c9   Thumb Code     0  entry7b.o(.ARM.Collect$$$$00000008)
    _main_cpp_init                           0x080000c9   Thumb Code     0  entry8b.o(.ARM.Collect$$$$0000000A)
    _main_init                               0x080000c9   Thumb Code     0  entry9a.o(.ARM.Collect$$$$0000000B)
    __rt_final_cpp                           0x080000d1   Thumb Code     0  entry10a.o(.ARM.Collect$$$$0000000D)
    __rt_final_exit                          0x080000d1   Thumb Code     0  entry11a.o(.ARM.Collect$$$$0000000F)
    Reset_Handler                            0x080000d5   Thumb Code     8  startup_stm32l051xx.o(.text)
    ADC1_COMP_IRQHandler                     0x080000e7   Thumb Code     0  startup_stm32l051xx.o(.text)
    DMA1_Channel1_IRQHandler                 0x080000e7   Thumb Code     0  startup_stm32l051xx.o(.text)
    DMA1_Channel2_3_IRQHandler               0x080000e7   Thumb Code     0  startup_stm32l051xx.o(.text)
    DMA1_Channel4_5_6_7_IRQHandler           0x080000e7   Thumb Code     0  startup_stm32l051xx.o(.text)
    FLASH_IRQHandler                         0x080000e7   Thumb Code     0  startup_stm32l051xx.o(.text)
    I2C1_IRQHandler                          0x080000e7   Thumb Code     0  startup_stm32l051xx.o(.text)
    I2C2_IRQHandler                          0x080000e7   Thumb Code     0  startup_stm32l051xx.o(.text)
    LPTIM1_IRQHandler                        0x080000e7   Thumb Code     0  startup_stm32l051xx.o(.text)
    LPUART1_IRQHandler                       0x080000e7   Thumb Code     0  startup_stm32l051xx.o(.text)
    PVD_IRQHandler                           0x080000e7   Thumb Code     0  startup_stm32l051xx.o(.text)
    RCC_IRQHandler                           0x080000e7   Thumb Code     0  startup_stm32l051xx.o(.text)
    SPI1_IRQHandler                          0x080000e7   Thumb Code     0  startup_stm32l051xx.o(.text)
    SPI2_IRQHandler                          0x080000e7   Thumb Code     0  startup_stm32l051xx.o(.text)
    TIM21_IRQHandler                         0x080000e7   Thumb Code     0  startup_stm32l051xx.o(.text)
    TIM22_IRQHandler                         0x080000e7   Thumb Code     0  startup_stm32l051xx.o(.text)
    TIM2_IRQHandler                          0x080000e7   Thumb Code     0  startup_stm32l051xx.o(.text)
    TIM6_IRQHandler                          0x080000e7   Thumb Code     0  startup_stm32l051xx.o(.text)
    USART2_IRQHandler                        0x080000e7   Thumb Code     0  startup_stm32l051xx.o(.text)
    WWDG_IRQHandler                          0x080000e7   Thumb Code     0  startup_stm32l051xx.o(.text)
    __aeabi_uidiv                            0x080000f1   Thumb Code     0  uidiv.o(.text)
    __aeabi_uidivmod                         0x080000f1   Thumb Code    44  uidiv.o(.text)
    __aeabi_idiv                             0x0800011d   Thumb Code     0  idiv.o(.text)
    __aeabi_idivmod                          0x0800011d   Thumb Code    40  idiv.o(.text)
    __aeabi_uldivmod                         0x08000145   Thumb Code    96  uldiv.o(.text)
    rand                                     0x080001a5   Thumb Code    18  rand.o(.text)
    srand                                    0x080001b7   Thumb Code     6  rand.o(.text)
    ___aeabi_memcpy8$move                    0x080001c9   Thumb Code     0  memmovea.o(.text)
    __aeabi_memcpy                           0x080001c9   Thumb Code    64  memmovea.o(.text)
    __aeabi_memcpy4                          0x080001c9   Thumb Code     0  memmovea.o(.text)
    __aeabi_memmove                          0x080001c9   Thumb Code     0  memmovea.o(.text)
    __aeabi_memmove4                         0x080001c9   Thumb Code     0  memmovea.o(.text)
    __aeabi_memmove8                         0x080001c9   Thumb Code     0  memmovea.o(.text)
    __aeabi_memset                           0x08000209   Thumb Code    14  memseta.o(.text)
    __aeabi_memset4                          0x08000209   Thumb Code     0  memseta.o(.text)
    __aeabi_memset8                          0x08000209   Thumb Code     0  memseta.o(.text)
    __aeabi_memclr                           0x08000217   Thumb Code     4  memseta.o(.text)
    __aeabi_memclr4                          0x08000217   Thumb Code     0  memseta.o(.text)
    __aeabi_memclr8                          0x08000217   Thumb Code     0  memseta.o(.text)
    _memset$wrapper                          0x0800021b   Thumb Code    18  memseta.o(.text)
    __aeabi_uread4                           0x0800022d   Thumb Code    20  uread4.o(.text)
    __rt_uread4                              0x0800022d   Thumb Code     0  uread4.o(.text)
    _uread4                                  0x0800022d   Thumb Code     0  uread4.o(.text)
    __aeabi_llsl                             0x08000241   Thumb Code    32  llshl.o(.text)
    _ll_shift_l                              0x08000241   Thumb Code     0  llshl.o(.text)
    __aeabi_llsr                             0x08000261   Thumb Code    34  llushr.o(.text)
    _ll_ushift_r                             0x08000261   Thumb Code     0  llushr.o(.text)
    __scatterload                            0x08000285   Thumb Code    28  init.o(.text)
    __scatterload_rt2                        0x08000285   Thumb Code     0  init.o(.text)
    ADXL362FifoProcess                       0x080002a9   Thumb Code   456  adxl362.o(i.ADXL362FifoProcess)
    ADXL362FifoRead                          0x08000491   Thumb Code    56  adxl362.o(i.ADXL362FifoRead)
    ADXL362RegisterRead                      0x080004d1   Thumb Code    62  adxl362.o(i.ADXL362RegisterRead)
    ADXL362RegisterWrite                     0x08000519   Thumb Code    60  adxl362.o(i.ADXL362RegisterWrite)
    ADXL362_Init                             0x0800055d   Thumb Code   374  adxl362.o(i.ADXL362_Init)
    AES_general_SW_enc                       0x080006dd   Thumb Code   728  crypto.o(i.AES_general_SW_enc)
    CC1101ClrTXBuff                          0x08000b31   Thumb Code    16  cc1101.o(i.CC1101ClrTXBuff)
    CC1101Init                               0x08000b41   Thumb Code    64  cc1101.o(i.CC1101Init)
    CC1101ReadReg                            0x08000b89   Thumb Code    54  cc1101.o(i.CC1101ReadReg)
    CC1101Reset                              0x08000bc5   Thumb Code    90  cc1101.o(i.CC1101Reset)
    CC1101SendHandler                        0x08000c21   Thumb Code   230  cc1101.o(i.CC1101SendHandler)
    CC1101SendPacket                         0x08000d25   Thumb Code   216  cc1101.o(i.CC1101SendPacket)
    CC1101SetAddress                         0x08000e01   Thumb Code    20  cc1101.o(i.CC1101SetAddress)
    CC1101SetSYNC                            0x08000e15   Thumb Code    22  cc1101.o(i.CC1101SetSYNC)
    CC1101SetTRMode                          0x08000e2b   Thumb Code    54  cc1101.o(i.CC1101SetTRMode)
    CC1101SetWORMode                         0x08000e61   Thumb Code    38  cc1101.o(i.CC1101SetWORMode)
    CC1101WORInit                            0x08000e87   Thumb Code    44  cc1101.o(i.CC1101WORInit)
    CC1101WriteCmd                           0x08000eb5   Thumb Code    38  cc1101.o(i.CC1101WriteCmd)
    CC1101WriteMultiReg                      0x08000ee1   Thumb Code    68  cc1101.o(i.CC1101WriteMultiReg)
    CC1101WriteReg                           0x08000f29   Thumb Code    50  cc1101.o(i.CC1101WriteReg)
    CC1101_GDO_DeInit                        0x08000f61   Thumb Code    74  cc1101.o(i.CC1101_GDO_DeInit)
    CC1101_GDO_Init                          0x08000fab   Thumb Code   144  cc1101.o(i.CC1101_GDO_Init)
    DATAEEPROM_Program                       0x080010f5   Thumb Code    62  main.o(i.DATAEEPROM_Program)
    EXTI0_1_IRQHandler                       0x08001369   Thumb Code    26  stm32l0xx_it.o(i.EXTI0_1_IRQHandler)
    EXTI2_3_IRQHandler                       0x0800138d   Thumb Code    26  stm32l0xx_it.o(i.EXTI2_3_IRQHandler)
    EXTI4_15_IRQHandler                      0x080013b1   Thumb Code    26  stm32l0xx_it.o(i.EXTI4_15_IRQHandler)
    Error_Callback                           0x080013d5   Thumb Code    86  usart.o(i.Error_Callback)
    Error_Handler                            0x08001435   Thumb Code    24  main.o(i.Error_Handler)
    FLASH_WaitForLastOperation               0x080014e1   Thumb Code   106  stm32l0xx_hal_flash.o(i.FLASH_WaitForLastOperation)
    Get_SerialNum                            0x08001551   Thumb Code    46  main.o(i.Get_SerialNum)
    HAL_CRCEx_Polynomial_Set                 0x08001589   Thumb Code    80  stm32l0xx_hal_crc_ex.o(i.HAL_CRCEx_Polynomial_Set)
    HAL_CRC_Calculate                        0x080015d9   Thumb Code    74  stm32l0xx_hal_crc.o(i.HAL_CRC_Calculate)
    HAL_CRC_DeInit                           0x08001623   Thumb Code    52  stm32l0xx_hal_crc.o(i.HAL_CRC_DeInit)
    HAL_CRC_Init                             0x08001659   Thumb Code   118  stm32l0xx_hal_crc.o(i.HAL_CRC_Init)
    HAL_CRC_MspDeInit                        0x080016d5   Thumb Code    20  crc.o(i.HAL_CRC_MspDeInit)
    HAL_CRC_MspInit                          0x080016f1   Thumb Code    28  crc.o(i.HAL_CRC_MspInit)
    HAL_Delay                                0x08001715   Thumb Code    32  stm32l0xx_hal.o(i.HAL_Delay)
    HAL_FLASHEx_DATAEEPROM_DisableFixedTimeProgram 0x08001739   Thumb Code    12  stm32l0xx_hal_flash_ex.o(i.HAL_FLASHEx_DATAEEPROM_DisableFixedTimeProgram)
    HAL_FLASHEx_DATAEEPROM_EnableFixedTimeProgram 0x08001749   Thumb Code    12  stm32l0xx_hal_flash_ex.o(i.HAL_FLASHEx_DATAEEPROM_EnableFixedTimeProgram)
    HAL_FLASHEx_DATAEEPROM_Erase             0x08001759   Thumb Code    30  stm32l0xx_hal_flash_ex.o(i.HAL_FLASHEx_DATAEEPROM_Erase)
    HAL_FLASHEx_DATAEEPROM_Lock              0x08001781   Thumb Code    14  stm32l0xx_hal_flash_ex.o(i.HAL_FLASHEx_DATAEEPROM_Lock)
    HAL_FLASHEx_DATAEEPROM_Program           0x08001795   Thumb Code    76  stm32l0xx_hal_flash_ex.o(i.HAL_FLASHEx_DATAEEPROM_Program)
    HAL_FLASHEx_DATAEEPROM_Unlock            0x080017e9   Thumb Code    40  stm32l0xx_hal_flash_ex.o(i.HAL_FLASHEx_DATAEEPROM_Unlock)
    HAL_GPIO_ReadPin                         0x0800181d   Thumb Code    10  stm32l0xx_hal_gpio.o(i.HAL_GPIO_ReadPin)
    HAL_GPIO_TogglePin                       0x08001827   Thumb Code    16  stm32l0xx_hal_gpio.o(i.HAL_GPIO_TogglePin)
    HAL_GPIO_WritePin                        0x08001837   Thumb Code    12  stm32l0xx_hal_gpio.o(i.HAL_GPIO_WritePin)
    HAL_GetTick                              0x08001845   Thumb Code     6  stm32l0xx_hal.o(i.HAL_GetTick)
    HAL_IncTick                              0x08001851   Thumb Code    12  stm32l0xx_hal.o(i.HAL_IncTick)
    HAL_Init                                 0x08001861   Thumb Code    36  stm32l0xx_hal.o(i.HAL_Init)
    HAL_InitTick                             0x08001889   Thumb Code    58  stm32l0xx_hal.o(i.HAL_InitTick)
    HAL_MspInit                              0x080018cd   Thumb Code    20  stm32l0xx_hal_msp.o(i.HAL_MspInit)
    HAL_NVIC_EnableIRQ                       0x080018e5   Thumb Code    18  stm32l0xx_hal_cortex.o(i.HAL_NVIC_EnableIRQ)
    HAL_NVIC_SetPriority                     0x080018fd   Thumb Code     8  stm32l0xx_hal_cortex.o(i.HAL_NVIC_SetPriority)
    HAL_PWREx_EnableFastWakeUp               0x08001905   Thumb Code    12  stm32l0xx_hal_pwr_ex.o(i.HAL_PWREx_EnableFastWakeUp)
    HAL_PWREx_EnableUltraLowPower            0x08001915   Thumb Code    12  stm32l0xx_hal_pwr_ex.o(i.HAL_PWREx_EnableUltraLowPower)
    HAL_PWR_EnableBkUpAccess                 0x08001925   Thumb Code    12  stm32l0xx_hal_pwr.o(i.HAL_PWR_EnableBkUpAccess)
    HAL_PWR_EnterSTOPMode                    0x08001935   Thumb Code    88  stm32l0xx_hal_pwr.o(i.HAL_PWR_EnterSTOPMode)
    HAL_RCCEx_PeriphCLKConfig                0x08001999   Thumb Code   342  stm32l0xx_hal_rcc_ex.o(i.HAL_RCCEx_PeriphCLKConfig)
    HAL_RCC_ClockConfig                      0x08001afd   Thumb Code   386  stm32l0xx_hal_rcc.o(i.HAL_RCC_ClockConfig)
    HAL_RCC_GetSysClockFreq                  0x08001c99   Thumb Code   108  stm32l0xx_hal_rcc.o(i.HAL_RCC_GetSysClockFreq)
    HAL_RCC_OscConfig                        0x08001d11   Thumb Code  1062  stm32l0xx_hal_rcc.o(i.HAL_RCC_OscConfig)
    HAL_RTCEx_SetWakeUpTimer_IT              0x08002139   Thumb Code   238  stm32l0xx_hal_rtc_ex.o(i.HAL_RTCEx_SetWakeUpTimer_IT)
    HAL_RTCEx_WakeUpTimerEventCallback       0x08002231   Thumb Code    50  rtc.o(i.HAL_RTCEx_WakeUpTimerEventCallback)
    HAL_RTCEx_WakeUpTimerIRQHandler          0x0800226d   Thumb Code    48  stm32l0xx_hal_rtc_ex.o(i.HAL_RTCEx_WakeUpTimerIRQHandler)
    HAL_RTC_Init                             0x080022a5   Thumb Code   184  stm32l0xx_hal_rtc.o(i.HAL_RTC_Init)
    HAL_RTC_MspInit                          0x08002361   Thumb Code    40  rtc.o(i.HAL_RTC_MspInit)
    HAL_RTC_WaitForSynchro                   0x08002391   Thumb Code    52  stm32l0xx_hal_rtc.o(i.HAL_RTC_WaitForSynchro)
    HAL_ResumeTick                           0x080023c5   Thumb Code    12  stm32l0xx_hal.o(i.HAL_ResumeTick)
    HAL_SYSTICK_Config                       0x080023d5   Thumb Code    38  stm32l0xx_hal_cortex.o(i.HAL_SYSTICK_Config)
    HAL_SuspendTick                          0x08002405   Thumb Code    12  stm32l0xx_hal.o(i.HAL_SuspendTick)
    HardFault_Handler                        0x08002415   Thumb Code     2  stm32l0xx_it.o(i.HardFault_Handler)
    LED_Blinking                             0x08002419   Thumb Code    20  main.o(i.LED_Blinking)
    LL_EXTI_Init                             0x08002449   Thumb Code   156  stm32l0xx_ll_exti.o(i.LL_EXTI_Init)
    LL_GPIO_Init                             0x080024fd   Thumb Code   174  stm32l0xx_ll_gpio.o(i.LL_GPIO_Init)
    LL_RCC_GetUSARTClockFreq                 0x0800265d   Thumb Code   132  stm32l0xx_ll_rcc.o(i.LL_RCC_GetUSARTClockFreq)
    LL_SPI_DeInit                            0x0800272d   Thumb Code    56  stm32l0xx_ll_spi.o(i.LL_SPI_DeInit)
    LL_SPI_Init                              0x08002771   Thumb Code   102  stm32l0xx_ll_spi.o(i.LL_SPI_Init)
    LL_USART_DeInit                          0x0800281d   Thumb Code    58  stm32l0xx_ll_usart.o(i.LL_USART_DeInit)
    LL_USART_Init                            0x08002895   Thumb Code   150  stm32l0xx_ll_usart.o(i.LL_USART_Init)
    MX_CRC_Init                              0x0800293d   Thumb Code    40  crc.o(i.MX_CRC_Init)
    MX_GPIO_Init                             0x0800296d   Thumb Code   596  gpio.o(i.MX_GPIO_Init)
    MX_IWDG_Init                             0x08002bc9   Thumb Code    30  iwdg.o(i.MX_IWDG_Init)
    MX_RTC_Init                              0x08002bfd   Thumb Code    62  rtc.o(i.MX_RTC_Init)
    MX_SPI1_DeInit                           0x08002c45   Thumb Code   102  spi.o(i.MX_SPI1_DeInit)
    MX_SPI1_Init                             0x08002cb5   Thumb Code   198  spi.o(i.MX_SPI1_Init)
    MX_SPI2_DeInit                           0x08002d85   Thumb Code   116  spi.o(i.MX_SPI2_DeInit)
    MX_SPI2_Init                             0x08002e05   Thumb Code   188  spi.o(i.MX_SPI2_Init)
    MX_USART1_UART_DeInit                    0x08002ecd   Thumb Code    94  usart.o(i.MX_USART1_UART_DeInit)
    MX_USART1_UART_Init                      0x08002f31   Thumb Code   168  usart.o(i.MX_USART1_UART_Init)
    NMI_Handler                              0x08002fe5   Thumb Code     2  stm32l0xx_it.o(i.NMI_Handler)
    PendSV_Handler                           0x08002fe7   Thumb Code     2  stm32l0xx_it.o(i.PendSV_Handler)
    RFIDInitial                              0x080030b9   Thumb Code    68  cc1101.o(i.RFIDInitial)
    RNG_Gen                                  0x08003101   Thumb Code    50  rand_bytes_gen.o(i.RNG_Gen)
    RNG_Init                                 0x0800313d   Thumb Code   102  rand_bytes_gen.o(i.RNG_Init)
    RNGfree                                  0x080031b1   Thumb Code    42  crypto.o(i.RNGfree)
    RNGgenBytes                              0x080031e5   Thumb Code   154  crypto.o(i.RNGgenBytes)
    RNGinit                                  0x0800328d   Thumb Code   194  crypto.o(i.RNGinit)
    RTC_EnterInitMode                        0x08003365   Thumb Code    56  stm32l0xx_hal_rtc.o(i.RTC_EnterInitMode)
    RTC_IRQHandler                           0x0800339d   Thumb Code    10  stm32l0xx_it.o(i.RTC_IRQHandler)
    SPI_ExchangeByte                         0x080033ad   Thumb Code    22  spi.o(i.SPI_ExchangeByte)
    SVC_Handler                              0x080033c3   Thumb Code     2  stm32l0xx_it.o(i.SVC_Handler)
    Show_Message                             0x080033c5   Thumb Code   120  main.o(i.Show_Message)
    SpiFunction                              0x08003441   Thumb Code    52  spi.o(i.SpiFunction)
    SysTick_Handler                          0x08003475   Thumb Code     8  stm32l0xx_it.o(i.SysTick_Handler)
    SystemClock_Config                       0x0800347d   Thumb Code   152  main.o(i.SystemClock_Config)
    SystemInit                               0x0800351d   Thumb Code    66  system_stm32l0xx.o(i.SystemInit)
    System_Initial                           0x08003571   Thumb Code   136  main.o(i.System_Initial)
    USART1_IRQHandler                        0x08003611   Thumb Code    32  stm32l0xx_it.o(i.USART1_IRQHandler)
    USART_CharReception_Callback             0x08003635   Thumb Code    46  usart.o(i.USART_CharReception_Callback)
    __ARM_common_ll_muluu                    0x0800366d   Thumb Code    50  crypto.o(i.__ARM_common_ll_muluu)
    __scatterload_copy                       0x080037dd   Thumb Code    14  handlers.o(i.__scatterload_copy)
    __scatterload_null                       0x080037eb   Thumb Code     2  handlers.o(i.__scatterload_null)
    __scatterload_zeroinit                   0x080037ed   Thumb Code    14  handlers.o(i.__scatterload_zeroinit)
    crl_DRBG_AES128_Generate                 0x080037fd   Thumb Code   526  crypto.o(i.crl_DRBG_AES128_Generate)
    main                                     0x08003a19   Thumb Code   406  main.o(i.main)
    AHBPrescTable                            0x08003c36   Data          16  system_stm32l0xx.o(.constdata)
    PLLMulTable                              0x08003c46   Data           9  system_stm32l0xx.o(.constdata)
    APBPrescTable                            0x08003c4f   Data           8  system_stm32l0xx.o(.constdata)
    Sbox                                     0x08003c5c   Data         256  crypto.o(.constdata)
    InvSbox                                  0x08003d5c   Data         256  crypto.o(.constdata)
    rcon                                     0x08003e5c   Data          40  crypto.o(.constdata)
    enc_table                                0x08003e84   Data        1024  crypto.o(.constdata)
    dec_table                                0x08004284   Data        1024  crypto.o(.constdata)
    SP1                                      0x080048a4   Data         256  crypto.o(.constdata)
    SP2                                      0x080049a4   Data         256  crypto.o(.constdata)
    SP3                                      0x08004aa4   Data         256  crypto.o(.constdata)
    SP4                                      0x08004ba4   Data         256  crypto.o(.constdata)
    SP5                                      0x08004ca4   Data         256  crypto.o(.constdata)
    SP6                                      0x08004da4   Data         256  crypto.o(.constdata)
    SP7                                      0x08004ea4   Data         256  crypto.o(.constdata)
    SP8                                      0x08004fa4   Data         256  crypto.o(.constdata)
    K256                                     0x080050a4   Data         256  crypto.o(.constdata)
    sigma                                    0x08005428   Data          16  crypto.o(.constdata)
    ge25519_base                             0x080054ac   Data         128  crypto.o(.constdata)
    Region$$Table$$Base                      0x080057bc   Number         0  anon$$obj.o(Region$$Table)
    Region$$Table$$Limit                     0x080057dc   Number         0  anon$$obj.o(Region$$Table)
    yIngestionAverageOld                     0x20000000   Data           4  adxl362.o(.data)
    rxCatch                                  0x20000004   Data           1  cc1101.o(.data)
    txFiFoUnFlow                             0x20000005   Data           1  cc1101.o(.data)
    PaTabel                                  0x20000006   Data           8  cc1101.o(.data)
    status                                   0x20000010   Data           4  rand_bytes_gen.o(.data)
    nonce                                    0x20000014   Data           6  rand_bytes_gen.o(.data)
    personalization_String                   0x2000001a   Data           8  rand_bytes_gen.o(.data)
    entropy_data                             0x20000022   Data          32  rand_bytes_gen.o(.data)
    ErrorIndex                               0x20000042   Data           1  main.o(.data)
    delayRand                                0x20000043   Data           1  main.o(.data)
    resetCnt                                 0x20000044   Data           2  main.o(.data)
    rtc                                      0x20000046   Data           3  rtc.o(.data)
    uwTickFreq                               0x2000004c   Data           1  stm32l0xx_hal.o(.data)
    uwTickPrio                               0x20000050   Data           4  stm32l0xx_hal.o(.data)
    uwTick                                   0x20000054   Data           4  stm32l0xx_hal.o(.data)
    SystemCoreClock                          0x20000058   Data           4  system_stm32l0xx.o(.data)
    step                                     0x20000060   Data         150  adxl362.o(.bss)
    fifo                                     0x200000f6   Data        1024  adxl362.o(.bss)
    yAxis                                    0x200004f6   Data         340  adxl362.o(.bss)
    yStepAverage                             0x2000064a   Data         336  adxl362.o(.bss)
    yStepFilter                              0x2000079a   Data         336  adxl362.o(.bss)
    yIngestionAverage                        0x200008ea   Data          18  adxl362.o(.bss)
    cc1101                                   0x200008fc   Data         396  cc1101.o(.bss)
    RandomString                             0x20000a88   Data          32  rand_bytes_gen.o(.bss)
    RNGstate                                 0x20000aa8   Data          44  rand_bytes_gen.o(.bss)
    RNGinit_st                               0x20000ad4   Data          24  rand_bytes_gen.o(.bss)
    device                                   0x20000aec   Data          16  main.o(.bss)
    hcrc                                     0x20000afc   Data          36  crc.o(.bss)
    hrtc                                     0x20000b20   Data          36  rtc.o(.bss)
    usart                                    0x20000b44   Data          26  usart.o(.bss)
    pFlash                                   0x20000b60   Data          24  stm32l0xx_hal_flash.o(.bss)
    __initial_sp                             0x20000f78   Data           0  startup_stm32l051xx.o(STACK)



==============================================================================

Memory Map of the image

  Image Entry point : 0x080000c1

  Load Region LR_IROM1 (Base: 0x08000000, Size: 0x0000583c, Max: 0x00010000, ABSOLUTE)

    Execution Region ER_IROM1 (Exec base: 0x08000000, Load base: 0x08000000, Size: 0x000057dc, Max: 0x00010000, ABSOLUTE)

    Exec Addr    Load Addr    Size         Type   Attr      Idx    E Section Name        Object

    0x08000000   0x08000000   0x000000c0   Data   RO            3    RESET               startup_stm32l051xx.o
    0x080000c0   0x080000c0   0x00000000   Code   RO         4468  * .ARM.Collect$$$$00000000  mc_p.l(entry.o)
    0x080000c0   0x080000c0   0x00000004   Code   RO         4494    .ARM.Collect$$$$00000001  mc_p.l(entry2.o)
    0x080000c4   0x080000c4   0x00000004   Code   RO         4497    .ARM.Collect$$$$00000004  mc_p.l(entry5.o)
    0x080000c8   0x080000c8   0x00000000   Code   RO         4499    .ARM.Collect$$$$00000008  mc_p.l(entry7b.o)
    0x080000c8   0x080000c8   0x00000000   Code   RO         4501    .ARM.Collect$$$$0000000A  mc_p.l(entry8b.o)
    0x080000c8   0x080000c8   0x00000008   Code   RO         4502    .ARM.Collect$$$$0000000B  mc_p.l(entry9a.o)
    0x080000d0   0x080000d0   0x00000000   Code   RO         4504    .ARM.Collect$$$$0000000D  mc_p.l(entry10a.o)
    0x080000d0   0x080000d0   0x00000000   Code   RO         4506    .ARM.Collect$$$$0000000F  mc_p.l(entry11a.o)
    0x080000d0   0x080000d0   0x00000004   Code   RO         4495    .ARM.Collect$$$$00002712  mc_p.l(entry2.o)
    0x080000d4   0x080000d4   0x0000001c   Code   RO            4    .text               startup_stm32l051xx.o
    0x080000f0   0x080000f0   0x0000002c   Code   RO         4471    .text               mc_p.l(uidiv.o)
    0x0800011c   0x0800011c   0x00000028   Code   RO         4473    .text               mc_p.l(idiv.o)
    0x08000144   0x08000144   0x00000060   Code   RO         4475    .text               mc_p.l(uldiv.o)
    0x080001a4   0x080001a4   0x00000024   Code   RO         4479    .text               mc_p.l(rand.o)
    0x080001c8   0x080001c8   0x00000040   Code   RO         4484    .text               mc_p.l(memmovea.o)
    0x08000208   0x08000208   0x00000024   Code   RO         4486    .text               mc_p.l(memseta.o)
    0x0800022c   0x0800022c   0x00000014   Code   RO         4492    .text               mc_p.l(uread4.o)
    0x08000240   0x08000240   0x00000020   Code   RO         4508    .text               mc_p.l(llshl.o)
    0x08000260   0x08000260   0x00000022   Code   RO         4510    .text               mc_p.l(llushr.o)
    0x08000282   0x08000282   0x00000002   PAD
    0x08000284   0x08000284   0x00000024   Code   RO         4512    .text               mc_p.l(init.o)
    0x080002a8   0x080002a8   0x000001e8   Code   RO           15    i.ADXL362FifoProcess  adxl362.o
    0x08000490   0x08000490   0x00000040   Code   RO           16    i.ADXL362FifoRead   adxl362.o
    0x080004d0   0x080004d0   0x00000048   Code   RO           17    i.ADXL362RegisterRead  adxl362.o
    0x08000518   0x08000518   0x00000044   Code   RO           18    i.ADXL362RegisterWrite  adxl362.o
    0x0800055c   0x0800055c   0x00000180   Code   RO           19    i.ADXL362_Init      adxl362.o
    0x080006dc   0x080006dc   0x000002e4   Code   RO         3889    i.AES_general_SW_enc  STM32CryptographicV3.0.0_CM0PLUS_KEIL_otslsm1elfspf.lib(crypto.o)
    0x080009c0   0x080009c0   0x00000170   Code   RO         3892    i.AES_keyschedule_enc_LL  STM32CryptographicV3.0.0_CM0PLUS_KEIL_otslsm1elfspf.lib(crypto.o)
    0x08000b30   0x08000b30   0x00000010   Code   RO          263    i.CC1101ClrTXBuff   cc1101.o
    0x08000b40   0x08000b40   0x00000048   Code   RO          265    i.CC1101Init        cc1101.o
    0x08000b88   0x08000b88   0x0000003c   Code   RO          268    i.CC1101ReadReg     cc1101.o
    0x08000bc4   0x08000bc4   0x0000005a   Code   RO          272    i.CC1101Reset       cc1101.o
    0x08000c1e   0x08000c1e   0x00000002   PAD
    0x08000c20   0x08000c20   0x00000104   Code   RO          274    i.CC1101SendHandler  cc1101.o
    0x08000d24   0x08000d24   0x000000dc   Code   RO          275    i.CC1101SendPacket  cc1101.o
    0x08000e00   0x08000e00   0x00000014   Code   RO          277    i.CC1101SetAddress  cc1101.o
    0x08000e14   0x08000e14   0x00000016   Code   RO          279    i.CC1101SetSYNC     cc1101.o
    0x08000e2a   0x08000e2a   0x00000036   Code   RO          280    i.CC1101SetTRMode   cc1101.o
    0x08000e60   0x08000e60   0x00000026   Code   RO          281    i.CC1101SetWORMode  cc1101.o
    0x08000e86   0x08000e86   0x0000002c   Code   RO          282    i.CC1101WORInit     cc1101.o
    0x08000eb2   0x08000eb2   0x00000002   PAD
    0x08000eb4   0x08000eb4   0x0000002c   Code   RO          283    i.CC1101WriteCmd    cc1101.o
    0x08000ee0   0x08000ee0   0x00000048   Code   RO          284    i.CC1101WriteMultiReg  cc1101.o
    0x08000f28   0x08000f28   0x00000038   Code   RO          285    i.CC1101WriteReg    cc1101.o
    0x08000f60   0x08000f60   0x0000004a   Code   RO          286    i.CC1101_GDO_DeInit  cc1101.o
    0x08000faa   0x08000faa   0x00000090   Code   RO          287    i.CC1101_GDO_Init   cc1101.o
    0x0800103a   0x0800103a   0x00000038   Code   RO         1296    i.CRC_Handle_16     stm32l0xx_hal_crc.o
    0x08001072   0x08001072   0x00000080   Code   RO         1297    i.CRC_Handle_8      stm32l0xx_hal_crc.o
    0x080010f2   0x080010f2   0x00000002   PAD
    0x080010f4   0x080010f4   0x00000048   Code   RO          723    i.DATAEEPROM_Program  main.o
    0x0800113c   0x0800113c   0x000000d4   Code   RO         3940    i.DRBG_AES128_Bcc   STM32CryptographicV3.0.0_CM0PLUS_KEIL_otslsm1elfspf.lib(crypto.o)
    0x08001210   0x08001210   0x000000d4   Code   RO         3941    i.DRBG_AES128_Block_cipher_df  STM32CryptographicV3.0.0_CM0PLUS_KEIL_otslsm1elfspf.lib(crypto.o)
    0x080012e4   0x080012e4   0x00000082   Code   RO         3942    i.DRBG_AES128_Update  STM32CryptographicV3.0.0_CM0PLUS_KEIL_otslsm1elfspf.lib(crypto.o)
    0x08001366   0x08001366   0x00000002   PAD
    0x08001368   0x08001368   0x00000024   Code   RO         1139    i.EXTI0_1_IRQHandler  stm32l0xx_it.o
    0x0800138c   0x0800138c   0x00000024   Code   RO         1140    i.EXTI2_3_IRQHandler  stm32l0xx_it.o
    0x080013b0   0x080013b0   0x00000024   Code   RO         1141    i.EXTI4_15_IRQHandler  stm32l0xx_it.o
    0x080013d4   0x080013d4   0x00000060   Code   RO         1041    i.Error_Callback    usart.o
    0x08001434   0x08001434   0x0000001c   Code   RO          725    i.Error_Handler     main.o
    0x08001450   0x08001450   0x00000090   Code   RO         2313    i.FLASH_SetErrorCode  stm32l0xx_hal_flash.o
    0x080014e0   0x080014e0   0x00000070   Code   RO         2314    i.FLASH_WaitForLastOperation  stm32l0xx_hal_flash.o
    0x08001550   0x08001550   0x00000038   Code   RO          726    i.Get_SerialNum     main.o
    0x08001588   0x08001588   0x00000050   Code   RO         1364    i.HAL_CRCEx_Polynomial_Set  stm32l0xx_hal_crc_ex.o
    0x080015d8   0x080015d8   0x0000004a   Code   RO         1299    i.HAL_CRC_Calculate  stm32l0xx_hal_crc.o
    0x08001622   0x08001622   0x00000034   Code   RO         1300    i.HAL_CRC_DeInit    stm32l0xx_hal_crc.o
    0x08001656   0x08001656   0x00000002   PAD
    0x08001658   0x08001658   0x0000007c   Code   RO         1302    i.HAL_CRC_Init      stm32l0xx_hal_crc.o
    0x080016d4   0x080016d4   0x0000001c   Code   RO          868    i.HAL_CRC_MspDeInit  crc.o
    0x080016f0   0x080016f0   0x00000024   Code   RO          869    i.HAL_CRC_MspInit   crc.o
    0x08001714   0x08001714   0x00000024   Code   RO         1403    i.HAL_Delay         stm32l0xx_hal.o
    0x08001738   0x08001738   0x00000010   Code   RO         2411    i.HAL_FLASHEx_DATAEEPROM_DisableFixedTimeProgram  stm32l0xx_hal_flash_ex.o
    0x08001748   0x08001748   0x00000010   Code   RO         2412    i.HAL_FLASHEx_DATAEEPROM_EnableFixedTimeProgram  stm32l0xx_hal_flash_ex.o
    0x08001758   0x08001758   0x00000028   Code   RO         2413    i.HAL_FLASHEx_DATAEEPROM_Erase  stm32l0xx_hal_flash_ex.o
    0x08001780   0x08001780   0x00000014   Code   RO         2414    i.HAL_FLASHEx_DATAEEPROM_Lock  stm32l0xx_hal_flash_ex.o
    0x08001794   0x08001794   0x00000054   Code   RO         2415    i.HAL_FLASHEx_DATAEEPROM_Program  stm32l0xx_hal_flash_ex.o
    0x080017e8   0x080017e8   0x00000034   Code   RO         2416    i.HAL_FLASHEx_DATAEEPROM_Unlock  stm32l0xx_hal_flash_ex.o
    0x0800181c   0x0800181c   0x0000000a   Code   RO         2521    i.HAL_GPIO_ReadPin  stm32l0xx_hal_gpio.o
    0x08001826   0x08001826   0x00000010   Code   RO         2522    i.HAL_GPIO_TogglePin  stm32l0xx_hal_gpio.o
    0x08001836   0x08001836   0x0000000c   Code   RO         2523    i.HAL_GPIO_WritePin  stm32l0xx_hal_gpio.o
    0x08001842   0x08001842   0x00000002   PAD
    0x08001844   0x08001844   0x0000000c   Code   RO         1407    i.HAL_GetTick       stm32l0xx_hal.o
    0x08001850   0x08001850   0x00000010   Code   RO         1413    i.HAL_IncTick       stm32l0xx_hal.o
    0x08001860   0x08001860   0x00000028   Code   RO         1414    i.HAL_Init          stm32l0xx_hal.o
    0x08001888   0x08001888   0x00000044   Code   RO         1415    i.HAL_InitTick      stm32l0xx_hal.o
    0x080018cc   0x080018cc   0x00000018   Code   RO         1228    i.HAL_MspInit       stm32l0xx_hal_msp.o
    0x080018e4   0x080018e4   0x00000018   Code   RO         2848    i.HAL_NVIC_EnableIRQ  stm32l0xx_hal_cortex.o
    0x080018fc   0x080018fc   0x00000008   Code   RO         2852    i.HAL_NVIC_SetPriority  stm32l0xx_hal_cortex.o
    0x08001904   0x08001904   0x00000010   Code   RO         2790    i.HAL_PWREx_EnableFastWakeUp  stm32l0xx_hal_pwr_ex.o
    0x08001914   0x08001914   0x00000010   Code   RO         2792    i.HAL_PWREx_EnableUltraLowPower  stm32l0xx_hal_pwr_ex.o
    0x08001924   0x08001924   0x00000010   Code   RO         2678    i.HAL_PWR_EnableBkUpAccess  stm32l0xx_hal_pwr.o
    0x08001934   0x08001934   0x00000064   Code   RO         2685    i.HAL_PWR_EnterSTOPMode  stm32l0xx_hal_pwr.o
    0x08001998   0x08001998   0x00000164   Code   RO         2209    i.HAL_RCCEx_PeriphCLKConfig  stm32l0xx_hal_rcc_ex.o
    0x08001afc   0x08001afc   0x0000019c   Code   RO         2109    i.HAL_RCC_ClockConfig  stm32l0xx_hal_rcc.o
    0x08001c98   0x08001c98   0x00000078   Code   RO         2117    i.HAL_RCC_GetSysClockFreq  stm32l0xx_hal_rcc.o
    0x08001d10   0x08001d10   0x00000426   Code   RO         2120    i.HAL_RCC_OscConfig  stm32l0xx_hal_rcc.o
    0x08002136   0x08002136   0x00000002   PAD
    0x08002138   0x08002138   0x000000f8   Code   RO         3422    i.HAL_RTCEx_SetWakeUpTimer_IT  stm32l0xx_hal_rtc_ex.o
    0x08002230   0x08002230   0x0000003c   Code   RO          929    i.HAL_RTCEx_WakeUpTimerEventCallback  rtc.o
    0x0800226c   0x0800226c   0x00000038   Code   RO         3428    i.HAL_RTCEx_WakeUpTimerIRQHandler  stm32l0xx_hal_rtc_ex.o
    0x080022a4   0x080022a4   0x000000bc   Code   RO         3246    i.HAL_RTC_Init      stm32l0xx_hal_rtc.o
    0x08002360   0x08002360   0x00000030   Code   RO          931    i.HAL_RTC_MspInit   rtc.o
    0x08002390   0x08002390   0x00000034   Code   RO         3254    i.HAL_RTC_WaitForSynchro  stm32l0xx_hal_rtc.o
    0x080023c4   0x080023c4   0x00000010   Code   RO         1418    i.HAL_ResumeTick    stm32l0xx_hal.o
    0x080023d4   0x080023d4   0x00000030   Code   RO         2856    i.HAL_SYSTICK_Config  stm32l0xx_hal_cortex.o
    0x08002404   0x08002404   0x00000010   Code   RO         1424    i.HAL_SuspendTick   stm32l0xx_hal.o
    0x08002414   0x08002414   0x00000002   Code   RO         1142    i.HardFault_Handler  stm32l0xx_it.o
    0x08002416   0x08002416   0x00000002   PAD
    0x08002418   0x08002418   0x00000018   Code   RO          727    i.LED_Blinking      main.o
    0x08002430   0x08002430   0x00000018   Code   RO         1042    i.LL_APB2_GRP1_EnableClock  usart.o
    0x08002448   0x08002448   0x000000a0   Code   RO         3199    i.LL_EXTI_Init      stm32l0xx_ll_exti.o
    0x080024e8   0x080024e8   0x00000014   Code   RO         1143    i.LL_EXTI_IsActiveFlag_0_31  stm32l0xx_it.o
    0x080024fc   0x080024fc   0x000000ae   Code   RO         1249    i.LL_GPIO_Init      stm32l0xx_ll_gpio.o
    0x080025aa   0x080025aa   0x00000014   Code   RO          288    i.LL_GPIO_SetPinMode  cc1101.o
    0x080025be   0x080025be   0x00000014   Code   RO          812    i.LL_GPIO_SetPinMode  gpio.o
    0x080025d2   0x080025d2   0x00000014   Code   RO          289    i.LL_GPIO_SetPinPull  cc1101.o
    0x080025e6   0x080025e6   0x00000014   Code   RO          813    i.LL_GPIO_SetPinPull  gpio.o
    0x080025fa   0x080025fa   0x00000002   PAD
    0x080025fc   0x080025fc   0x00000018   Code   RO          290    i.LL_IOP_GRP1_EnableClock  cc1101.o
    0x08002614   0x08002614   0x00000018   Code   RO          814    i.LL_IOP_GRP1_EnableClock  gpio.o
    0x0800262c   0x0800262c   0x00000018   Code   RO          975    i.LL_IOP_GRP1_EnableClock  spi.o
    0x08002644   0x08002644   0x00000018   Code   RO         1043    i.LL_IOP_GRP1_EnableClock  usart.o
    0x0800265c   0x0800265c   0x00000090   Code   RO         3028    i.LL_RCC_GetUSARTClockFreq  stm32l0xx_ll_rcc.o
    0x080026ec   0x080026ec   0x00000010   Code   RO         3029    i.LL_RCC_GetUSARTClockSource  stm32l0xx_ll_rcc.o
    0x080026fc   0x080026fc   0x00000010   Code   RO         3030    i.LL_RCC_HSI_IsReady  stm32l0xx_ll_rcc.o
    0x0800270c   0x0800270c   0x00000010   Code   RO         3031    i.LL_RCC_IsActiveFlag_HSIDIV  stm32l0xx_ll_rcc.o
    0x0800271c   0x0800271c   0x00000010   Code   RO         3032    i.LL_RCC_LSE_IsReady  stm32l0xx_ll_rcc.o
    0x0800272c   0x0800272c   0x00000044   Code   RO         3612    i.LL_SPI_DeInit     stm32l0xx_ll_spi.o
    0x08002770   0x08002770   0x0000006c   Code   RO         3613    i.LL_SPI_Init       stm32l0xx_ll_spi.o
    0x080027dc   0x080027dc   0x00000020   Code   RO          291    i.LL_SYSCFG_SetEXTISource  cc1101.o
    0x080027fc   0x080027fc   0x00000020   Code   RO          815    i.LL_SYSCFG_SetEXTISource  gpio.o
    0x0800281c   0x0800281c   0x00000048   Code   RO         3745    i.LL_USART_DeInit   stm32l0xx_ll_usart.o
    0x08002864   0x08002864   0x00000018   Code   RO         1044    i.LL_USART_EnableIT_ERROR  usart.o
    0x0800287c   0x0800287c   0x00000018   Code   RO         1045    i.LL_USART_EnableIT_RXNE  usart.o
    0x08002894   0x08002894   0x000000a8   Code   RO         3746    i.LL_USART_Init     stm32l0xx_ll_usart.o
    0x0800293c   0x0800293c   0x00000030   Code   RO          870    i.MX_CRC_Init       crc.o
    0x0800296c   0x0800296c   0x0000025c   Code   RO          816    i.MX_GPIO_Init      gpio.o
    0x08002bc8   0x08002bc8   0x00000034   Code   RO          906    i.MX_IWDG_Init      iwdg.o
    0x08002bfc   0x08002bfc   0x00000048   Code   RO          932    i.MX_RTC_Init       rtc.o
    0x08002c44   0x08002c44   0x00000070   Code   RO          976    i.MX_SPI1_DeInit    spi.o
    0x08002cb4   0x08002cb4   0x000000d0   Code   RO          977    i.MX_SPI1_Init      spi.o
    0x08002d84   0x08002d84   0x00000080   Code   RO          978    i.MX_SPI2_DeInit    spi.o
    0x08002e04   0x08002e04   0x000000c8   Code   RO          979    i.MX_SPI2_Init      spi.o
    0x08002ecc   0x08002ecc   0x00000064   Code   RO         1046    i.MX_USART1_UART_DeInit  usart.o
    0x08002f30   0x08002f30   0x000000b4   Code   RO         1047    i.MX_USART1_UART_Init  usart.o
    0x08002fe4   0x08002fe4   0x00000002   Code   RO         1144    i.NMI_Handler       stm32l0xx_it.o
    0x08002fe6   0x08002fe6   0x00000002   Code   RO         1145    i.PendSV_Handler    stm32l0xx_it.o
    0x08002fe8   0x08002fe8   0x0000001c   Code   RO         3033    i.RCC_GetHCLKClockFreq  stm32l0xx_ll_rcc.o
    0x08003004   0x08003004   0x00000018   Code   RO         3034    i.RCC_GetPCLK1ClockFreq  stm32l0xx_ll_rcc.o
    0x0800301c   0x0800301c   0x00000018   Code   RO         3035    i.RCC_GetPCLK2ClockFreq  stm32l0xx_ll_rcc.o
    0x08003034   0x08003034   0x00000084   Code   RO         3036    i.RCC_GetSystemClockFreq  stm32l0xx_ll_rcc.o
    0x080030b8   0x080030b8   0x00000048   Code   RO          292    i.RFIDInitial       cc1101.o
    0x08003100   0x08003100   0x0000003c   Code   RO          498    i.RNG_Gen           rand_bytes_gen.o
    0x0800313c   0x0800313c   0x00000074   Code   RO          499    i.RNG_Init          rand_bytes_gen.o
    0x080031b0   0x080031b0   0x00000034   Code   RO         4028    i.RNGfree           STM32CryptographicV3.0.0_CM0PLUS_KEIL_otslsm1elfspf.lib(crypto.o)
    0x080031e4   0x080031e4   0x000000a8   Code   RO         4029    i.RNGgenBytes       STM32CryptographicV3.0.0_CM0PLUS_KEIL_otslsm1elfspf.lib(crypto.o)
    0x0800328c   0x0800328c   0x000000d8   Code   RO         4031    i.RNGinit           STM32CryptographicV3.0.0_CM0PLUS_KEIL_otslsm1elfspf.lib(crypto.o)
    0x08003364   0x08003364   0x00000038   Code   RO         3257    i.RTC_EnterInitMode  stm32l0xx_hal_rtc.o
    0x0800339c   0x0800339c   0x00000010   Code   RO         1146    i.RTC_IRQHandler    stm32l0xx_it.o
    0x080033ac   0x080033ac   0x00000016   Code   RO          980    i.SPI_ExchangeByte  spi.o
    0x080033c2   0x080033c2   0x00000002   Code   RO         1147    i.SVC_Handler       stm32l0xx_it.o
    0x080033c4   0x080033c4   0x0000007c   Code   RO          729    i.Show_Message      main.o
    0x08003440   0x08003440   0x00000034   Code   RO          981    i.SpiFunction       spi.o
    0x08003474   0x08003474   0x00000008   Code   RO         1148    i.SysTick_Handler   stm32l0xx_it.o
    0x0800347c   0x0800347c   0x000000a0   Code   RO          730    i.SystemClock_Config  main.o
    0x0800351c   0x0800351c   0x00000054   Code   RO         3791    i.SystemInit        system_stm32l0xx.o
    0x08003570   0x08003570   0x000000a0   Code   RO          731    i.System_Initial    main.o
    0x08003610   0x08003610   0x00000024   Code   RO         1149    i.USART1_IRQHandler  stm32l0xx_it.o
    0x08003634   0x08003634   0x00000038   Code   RO         1049    i.USART_CharReception_Callback  usart.o
    0x0800366c   0x0800366c   0x00000032   Code   RO         4466    i.__ARM_common_ll_muluu  STM32CryptographicV3.0.0_CM0PLUS_KEIL_otslsm1elfspf.lib(crypto.o)
    0x0800369e   0x0800369e   0x00000002   PAD
    0x080036a0   0x080036a0   0x00000020   Code   RO          293    i.__NVIC_DisableIRQ  cc1101.o
    0x080036c0   0x080036c0   0x00000020   Code   RO         1050    i.__NVIC_DisableIRQ  usart.o
    0x080036e0   0x080036e0   0x00000018   Code   RO          294    i.__NVIC_EnableIRQ  cc1101.o
    0x080036f8   0x080036f8   0x00000018   Code   RO          817    i.__NVIC_EnableIRQ  gpio.o
    0x08003710   0x08003710   0x00000044   Code   RO          295    i.__NVIC_SetPriority  cc1101.o
    0x08003754   0x08003754   0x00000044   Code   RO          818    i.__NVIC_SetPriority  gpio.o
    0x08003798   0x08003798   0x00000044   Code   RO         2858    i.__NVIC_SetPriority  stm32l0xx_hal_cortex.o
    0x080037dc   0x080037dc   0x0000000e   Code   RO         4515    i.__scatterload_copy  mc_p.l(handlers.o)
    0x080037ea   0x080037ea   0x00000002   Code   RO         4516    i.__scatterload_null  mc_p.l(handlers.o)
    0x080037ec   0x080037ec   0x0000000e   Code   RO         4517    i.__scatterload_zeroinit  mc_p.l(handlers.o)
    0x080037fa   0x080037fa   0x00000002   PAD
    0x080037fc   0x080037fc   0x0000021c   Code   RO         4094    i.crl_DRBG_AES128_Generate  STM32CryptographicV3.0.0_CM0PLUS_KEIL_otslsm1elfspf.lib(crypto.o)
    0x08003a18   0x08003a18   0x000001c0   Code   RO          732    i.main              main.o
    0x08003bd8   0x08003bd8   0x0000005e   Data   RO          297    .constdata          cc1101.o
    0x08003c36   0x08003c36   0x00000019   Data   RO         3792    .constdata          system_stm32l0xx.o
    0x08003c4f   0x08003c4f   0x00000008   Data   RO         3793    .constdata          system_stm32l0xx.o
    0x08003c57   0x08003c57   0x00000001   PAD
    0x08003c58   0x08003c58   0x00001b64   Data   RO         4135    .constdata          STM32CryptographicV3.0.0_CM0PLUS_KEIL_otslsm1elfspf.lib(crypto.o)
    0x080057bc   0x080057bc   0x00000020   Data   RO         4514    Region$$Table       anon$$obj.o


    Execution Region RW_IRAM1 (Exec base: 0x20000000, Load base: 0x080057dc, Size: 0x00000f78, Max: 0x00002000, ABSOLUTE)

    Exec Addr    Load Addr    Size         Type   Attr      Idx    E Section Name        Object

    0x20000000   0x080057dc   0x00000004   Data   RW           22    .data               adxl362.o
    0x20000004   0x080057e0   0x0000000a   Data   RW          298    .data               cc1101.o
    0x2000000e   0x080057ea   0x00000002   PAD
    0x20000010   0x080057ec   0x00000032   Data   RW          501    .data               rand_bytes_gen.o
    0x20000042   0x0800581e   0x00000004   Data   RW          734    .data               main.o
    0x20000046   0x08005822   0x00000003   Data   RW          934    .data               rtc.o
    0x20000049   0x08005825   0x00000003   PAD
    0x2000004c   0x08005828   0x0000000c   Data   RW         1425    .data               stm32l0xx_hal.o
    0x20000058   0x08005834   0x00000004   Data   RW         3794    .data               system_stm32l0xx.o
    0x2000005c   0x08005838   0x00000004   Data   RW         4480    .data               mc_p.l(rand.o)
    0x20000060        -       0x0000089c   Zero   RW           21    .bss                adxl362.o
    0x200008fc        -       0x0000018c   Zero   RW          296    .bss                cc1101.o
    0x20000a88        -       0x00000064   Zero   RW          500    .bss                rand_bytes_gen.o
    0x20000aec        -       0x00000010   Zero   RW          733    .bss                main.o
    0x20000afc        -       0x00000024   Zero   RW          871    .bss                crc.o
    0x20000b20        -       0x00000024   Zero   RW          933    .bss                rtc.o
    0x20000b44        -       0x0000001a   Zero   RW         1052    .bss                usart.o
    0x20000b5e   0x0800583c   0x00000002   PAD
    0x20000b60        -       0x00000018   Zero   RW         2326    .bss                stm32l0xx_hal_flash.o
    0x20000b78        -       0x00000400   Zero   RW            1    STACK               startup_stm32l051xx.o


==============================================================================

Image component sizes


      Code (inc. data)   RO Data    RW Data    ZI Data      Debug   Object Name

      1076         68          0          4       2204     305894   adxl362.o
      1578         98         94         10        396      37328   cc1101.o
       112         24          0          0         36       1963   crc.o
       792         32          0          0          0      17467   gpio.o
        52         22          0          0          0       2587   iwdg.o
      1072        106          0          4         16       9517   main.o
       176         24          0         50        100       2881   rand_bytes_gen.o
       180         28          0          3         36       2400   rtc.o
       746         50          0          0          0      18918   spi.o
        28          8        192          0       1024        636   startup_stm32l051xx.o
       204         36          0         12          0       9628   stm32l0xx_hal.o
       148         24          0          0          0      12117   stm32l0xx_hal_cortex.o
       434          6          0          0          0       4276   stm32l0xx_hal_crc.o
        80          0          0          0          0       1323   stm32l0xx_hal_crc_ex.o
       256         16          0          0         24       1730   stm32l0xx_hal_flash.o
       228         44          0          0          0       4115   stm32l0xx_hal_flash_ex.o
        38          0          0          0          0       2276   stm32l0xx_hal_gpio.o
        24          4          0          0          0        442   stm32l0xx_hal_msp.o
       116         16          0          0          0       1267   stm32l0xx_hal_pwr.o
        32          8          0          0          0       1045   stm32l0xx_hal_pwr_ex.o
      1594         66          0          0          0       4510   stm32l0xx_hal_rcc.o
       356         14          0          0          0       1436   stm32l0xx_hal_rcc_ex.o
       296          4          0          0          0       2812   stm32l0xx_hal_rtc.o
       304         18          0          0          0       2580   stm32l0xx_hal_rtc_ex.o
       196         44          0          0          0      26692   stm32l0xx_it.o
       160          4          0          0          0       5087   stm32l0xx_ll_exti.o
       174          0          0          0          0       6899   stm32l0xx_ll_gpio.o
       416         76          0          0          0      19431   stm32l0xx_ll_rcc.o
       176         18          0          0          0      18838   stm32l0xx_ll_spi.o
       240         32          0          0          0      22634   stm32l0xx_ll_usart.o
        84         18         33          4          0       1243   system_stm32l0xx.o
       560         56          0          0         26      40290   usart.o

    ----------------------------------------------------------------------
     11944        964        352         92       3864     590262   Object Totals
         0          0         32          0          0          0   (incl. Generated)
        16          0          1          5          2          0   (incl. Padding)

    ----------------------------------------------------------------------

      Code (inc. data)   RO Data    RW Data    ZI Data      Debug   Library Member Name

      2688         86       7012          0          0        852   crypto.o
         0          0          0          0          0          0   entry.o
         0          0          0          0          0          0   entry10a.o
         0          0          0          0          0          0   entry11a.o
         8          4          0          0          0          0   entry2.o
         4          0          0          0          0          0   entry5.o
         0          0          0          0          0          0   entry7b.o
         0          0          0          0          0          0   entry8b.o
         8          4          0          0          0          0   entry9a.o
        30          0          0          0          0          0   handlers.o
        40          0          0          0          0         72   idiv.o
        36          8          0          0          0         68   init.o
        32          0          0          0          0         68   llshl.o
        34          0          0          0          0         68   llushr.o
        64          0          0          0          0         68   memmovea.o
        36          0          0          0          0        100   memseta.o
        36         12          0          4          0        120   rand.o
        44          0          0          0          0         72   uidiv.o
        96          0          0          0          0         84   uldiv.o
        20          0          0          0          0         60   uread4.o

    ----------------------------------------------------------------------
      3184        114       7012          4          0       1632   Library Totals
         8          0          0          0          0          0   (incl. Padding)

    ----------------------------------------------------------------------

      Code (inc. data)   RO Data    RW Data    ZI Data      Debug   Library Name

      2688         86       7012          0          0        852   STM32CryptographicV3.0.0_CM0PLUS_KEIL_otslsm1elfspf.lib
       488         28          0          4          0        780   mc_p.l

    ----------------------------------------------------------------------
      3184        114       7012          4          0       1632   Library Totals

    ----------------------------------------------------------------------

==============================================================================


      Code (inc. data)   RO Data    RW Data    ZI Data      Debug   

     15128       1078       7364         96       3864     585314   Grand Totals
     15128       1078       7364         96       3864     585314   ELF Image Totals
     15128       1078       7364         96          0          0   ROM Totals

==============================================================================

    Total RO  Size (Code + RO Data)                22492 (  21.96kB)
    Total RW  Size (RW Data + ZI Data)              3960 (   3.87kB)
    Total ROM Size (Code + RO Data + RW Data)      22588 (  22.06kB)

==============================================================================

