Component: ARM Compiler 5.06 update 6 (build 750) Tool: armlink [4d35ed]

==============================================================================

Section Cross References

    startup_stm32l051xx.o(RESET) refers to startup_stm32l051xx.o(STACK) for __initial_sp
    startup_stm32l051xx.o(RESET) refers to startup_stm32l051xx.o(.text) for Reset_Handler
    startup_stm32l051xx.o(RESET) refers to stm32l0xx_it.o(i.NMI_Handler) for NMI_Handler
    startup_stm32l051xx.o(RESET) refers to stm32l0xx_it.o(i.HardFault_Handler) for HardFault_Handler
    startup_stm32l051xx.o(RESET) refers to stm32l0xx_it.o(i.SVC_Handler) for SVC_Handler
    startup_stm32l051xx.o(RESET) refers to stm32l0xx_it.o(i.PendSV_Handler) for PendSV_Handler
    startup_stm32l051xx.o(RESET) refers to stm32l0xx_it.o(i.SysTick_Handler) for SysTick_Handler
    startup_stm32l051xx.o(RESET) refers to stm32l0xx_it.o(i.RTC_IRQHandler) for RTC_IRQHandler
    startup_stm32l051xx.o(RESET) refers to stm32l0xx_it.o(i.EXTI0_1_IRQHandler) for EXTI0_1_IRQHandler
    startup_stm32l051xx.o(RESET) refers to stm32l0xx_it.o(i.EXTI2_3_IRQHandler) for EXTI2_3_IRQHandler
    startup_stm32l051xx.o(RESET) refers to stm32l0xx_it.o(i.EXTI4_15_IRQHandler) for EXTI4_15_IRQHandler
    startup_stm32l051xx.o(RESET) refers to stm32l0xx_it.o(i.USART1_IRQHandler) for USART1_IRQHandler
    startup_stm32l051xx.o(.text) refers to system_stm32l0xx.o(i.SystemInit) for SystemInit
    startup_stm32l051xx.o(.text) refers to entry.o(.ARM.Collect$$$$00000000) for __main
    adxl362.o(i.ADXL362BurstRead) refers to stm32l0xx_hal_gpio.o(i.HAL_GPIO_WritePin) for HAL_GPIO_WritePin
    adxl362.o(i.ADXL362BurstRead) refers to spi.o(i.SpiFunction) for SpiFunction
    adxl362.o(i.ADXL362BurstWrite) refers to stm32l0xx_hal_gpio.o(i.HAL_GPIO_WritePin) for HAL_GPIO_WritePin
    adxl362.o(i.ADXL362BurstWrite) refers to spi.o(i.SpiFunction) for SpiFunction
    adxl362.o(i.ADXL362FifoEntries) refers to adxl362.o(i.ADXL362RegisterRead) for ADXL362RegisterRead
    adxl362.o(i.ADXL362FifoProcess) refers to uidiv.o(.text) for __aeabi_uidivmod
    adxl362.o(i.ADXL362FifoProcess) refers to memmovea.o(.text) for __aeabi_memcpy
    adxl362.o(i.ADXL362FifoProcess) refers to idiv.o(.text) for __aeabi_idivmod
    adxl362.o(i.ADXL362FifoProcess) refers to adxl362.o(.bss) for .bss
    adxl362.o(i.ADXL362FifoProcess) refers to adxl362.o(.data) for .data
    adxl362.o(i.ADXL362FifoProcess) refers to memseta.o(.text) for __aeabi_memclr
    adxl362.o(i.ADXL362FifoRead) refers to stm32l0xx_hal_gpio.o(i.HAL_GPIO_WritePin) for HAL_GPIO_WritePin
    adxl362.o(i.ADXL362FifoRead) refers to spi.o(i.SpiFunction) for SpiFunction
    adxl362.o(i.ADXL362RegisterRead) refers to stm32l0xx_hal_gpio.o(i.HAL_GPIO_WritePin) for HAL_GPIO_WritePin
    adxl362.o(i.ADXL362RegisterRead) refers to spi.o(i.SpiFunction) for SpiFunction
    adxl362.o(i.ADXL362RegisterWrite) refers to stm32l0xx_hal_gpio.o(i.HAL_GPIO_WritePin) for HAL_GPIO_WritePin
    adxl362.o(i.ADXL362RegisterWrite) refers to spi.o(i.SpiFunction) for SpiFunction
    adxl362.o(i.ADXL362_Init) refers to memseta.o(.text) for __aeabi_memclr
    adxl362.o(i.ADXL362_Init) refers to adxl362.o(i.ADXL362RegisterWrite) for ADXL362RegisterWrite
    adxl362.o(i.ADXL362_Init) refers to stm32l0xx_hal.o(i.HAL_Delay) for HAL_Delay
    adxl362.o(i.ADXL362_Init) refers to adxl362.o(i.ADXL362RegisterRead) for ADXL362RegisterRead
    adxl362.o(i.ADXL362_Init) refers to main.o(i.Error_Handler) for Error_Handler
    adxl362.o(i.ADXL362_Init) refers to adxl362.o(.bss) for .bss
    adxl362.o(i.ADXL362_Init) refers to main.o(.data) for ErrorIndex
    cc1101.o(i.CC1101ClrRXBuff) refers to cc1101.o(i.CC1101WriteCmd) for CC1101WriteCmd
    cc1101.o(i.CC1101ClrTXBuff) refers to cc1101.o(i.CC1101WriteCmd) for CC1101WriteCmd
    cc1101.o(i.CC1101GetRXCnt) refers to cc1101.o(i.CC1101ReadStatus) for CC1101ReadStatus
    cc1101.o(i.CC1101Init) refers to cc1101.o(i.CC1101_GDO_Init) for CC1101_GDO_Init
    cc1101.o(i.CC1101Init) refers to cc1101.o(i.CC1101Reset) for CC1101Reset
    cc1101.o(i.CC1101Init) refers to cc1101.o(i.CC1101WriteReg) for CC1101WriteReg
    cc1101.o(i.CC1101Init) refers to cc1101.o(i.CC1101SetAddress) for CC1101SetAddress
    cc1101.o(i.CC1101Init) refers to cc1101.o(i.CC1101SetSYNC) for CC1101SetSYNC
    cc1101.o(i.CC1101Init) refers to cc1101.o(i.CC1101WriteMultiReg) for CC1101WriteMultiReg
    cc1101.o(i.CC1101Init) refers to cc1101.o(.constdata) for .constdata
    cc1101.o(i.CC1101Init) refers to cc1101.o(.data) for .data
    cc1101.o(i.CC1101ReadMultiReg) refers to stm32l0xx_hal_gpio.o(i.HAL_GPIO_WritePin) for HAL_GPIO_WritePin
    cc1101.o(i.CC1101ReadMultiReg) refers to spi.o(i.SPI_ExchangeByte) for SPI_ExchangeByte
    cc1101.o(i.CC1101ReadRSSI) refers to cc1101.o(i.CC1101ReadStatus) for CC1101ReadStatus
    cc1101.o(i.CC1101ReadReg) refers to stm32l0xx_hal_gpio.o(i.HAL_GPIO_WritePin) for HAL_GPIO_WritePin
[...]
    Removing crypto.o(i.salsa20_wordtobyte), (1404 bytes).
    Removing crypto.o(i.sc25519_add), (54 bytes).
    Removing crypto.o(i.sc25519_from32bytes), (86 bytes).
    Removing crypto.o(i.sc25519_from64bytes), (72 bytes).
    Removing crypto.o(i.sc25519_mul), (104 bytes).
    Removing crypto.o(i.sc25519_to32bytes), (40 bytes).
    Removing crypto.o(.constdata), (1 bytes).
    Removing crypto.o(.constdata), (1 bytes).
    Removing crypto.o(.constdata), (1 bytes).
    Removing crypto.o(.constdata), (1 bytes).
    Removing crypto.o(.constdata), (1 bytes).
    Removing crypto.o(.constdata), (1 bytes).
    Removing crypto.o(.constdata), (1 bytes).
    Removing crypto.o(.constdata), (2 bytes).
    Removing crypto.o(.constdata), (2 bytes).
    Removing crypto.o(.constdata), (2 bytes).
    Removing crypto.o(.constdata), (2 bytes).
    Removing crypto.o(.constdata), (2 bytes).
    Removing crypto.o(.constdata), (1 bytes).
    Removing crypto.o(.constdata), (1 bytes).
    Removing crypto.o(.constdata), (1 bytes).
    Removing crypto.o(.constdata), (1 bytes).
    Removing stm32l0xx_hal_dma.o(i.__ARM_common_switch8), (26 bytes).

729 unused section(s) (total 100736 bytes) removed from the image.

==============================================================================

Image Symbol Table

    Local Symbols

    Symbol Name                              Value     Ov Type        Size  Object(Section)

    ../Core/Src/crc.c                        0x00000000   Number         0  crc.o ABSOLUTE
    ../Core/Src/gpio.c                       0x00000000   Number         0  gpio.o ABSOLUTE
    ../Core/Src/iwdg.c                       0x00000000   Number         0  iwdg.o ABSOLUTE
    ../Core/Src/main.c                       0x00000000   Number         0  main.o ABSOLUTE
    ../Core/Src/rtc.c                        0x00000000   Number         0  rtc.o ABSOLUTE
    ../Core/Src/spi.c                        0x00000000   Number         0  spi.o ABSOLUTE
    ../Core/Src/stm32l0xx_hal_msp.c          0x00000000   Number         0  stm32l0xx_hal_msp.o ABSOLUTE
    ../Core/Src/stm32l0xx_it.c               0x00000000   Number         0  stm32l0xx_it.o ABSOLUTE
    ../Core/Src/system_stm32l0xx.c           0x00000000   Number         0  system_stm32l0xx.o ABSOLUTE
    ../Core/Src/usart.c                      0x00000000   Number         0  usart.o ABSOLUTE
    ../Drivers/STM32L0xx_HAL_Driver/Src/stm32l0xx_hal.c 0x00000000   Number         0  stm32l0xx_hal.o ABSOLUTE
    ../Drivers/STM32L0xx_HAL_Driver/Src/stm32l0xx_hal_cortex.c 0x00000000   Number         0  stm32l0xx_hal_cortex.o ABSOLUTE
    ../Drivers/STM32L0xx_HAL_Driver/Src/stm32l0xx_hal_crc.c 0x00000000   Number         0  stm32l0xx_hal_crc.o ABSOLUTE
    ../Drivers/STM32L0xx_HAL_Driver/Src/stm32l0xx_hal_crc_ex.c 0x00000000   Number         0  stm32l0xx_hal_crc_ex.o ABSOLUTE
    ../Drivers/STM32L0xx_HAL_Driver/Src/stm32l0xx_hal_dma.c 0x00000000   Number         0  stm32l0xx_hal_dma.o ABSOLUTE
    ../Drivers/STM32L0xx_HAL_Driver/Src/stm32l0xx_hal_exti.c 0x00000000   Number         0  stm32l0xx_hal_exti.o ABSOLUTE
    ../Drivers/STM32L0xx_HAL_Driver/Src/stm32l0xx_hal_flash.c 0x00000000   Number         0  stm32l0xx_hal_flash.o ABSOLUTE
    ../Drivers/STM32L0xx_HAL_Driver/Src/stm32l0xx_hal_flash_ex.c 0x00000000   Number         0  stm32l0xx_hal_flash_ex.o ABSOLUTE
    ../Drivers/STM32L0xx_HAL_Driver/Src/stm32l0xx_hal_flash_ramfunc.c 0x00000000   Number         0  stm32l0xx_hal_flash_ramfunc.o ABSOLUTE
    ../Drivers/STM32L0xx_HAL_Driver/Src/stm32l0xx_hal_gpio.c 0x00000000   Number         0  stm32l0xx_hal_gpio.o ABSOLUTE
    ../Drivers/STM32L0xx_HAL_Driver/Src/stm32l0xx_hal_i2c.c 0x00000000   Number         0  stm32l0xx_hal_i2c.o ABSOLUTE
    ../Drivers/STM32L0xx_HAL_Driver/Src/stm32l0xx_hal_i2c_ex.c 0x00000000   Number         0  stm32l0xx_hal_i2c_ex.o ABSOLUTE
    ../Drivers/STM32L0xx_HAL_Driver/Src/stm32l0xx_hal_pwr.c 0x00000000   Number         0  stm32l0xx_hal_pwr.o ABSOLUTE
    ../Drivers/STM32L0xx_HAL_Driver/Src/stm32l0xx_hal_pwr_ex.c 0x00000000   Number         0  stm32l0xx_hal_pwr_ex.o ABSOLUTE
    ../Drivers/STM32L0xx_HAL_Driver/Src/stm32l0xx_hal_rcc.c 0x00000000   Number         0  stm32l0xx_hal_rcc.o ABSOLUTE
    ../Drivers/STM32L0xx_HAL_Driver/Src/stm32l0xx_hal_rcc_ex.c 0x00000000   Number         0  stm32l0xx_hal_rcc_ex.o ABSOLUTE
    ../Drivers/STM32L0xx_HAL_Driver/Src/stm32l0xx_hal_rtc.c 0x00000000   Number         0  stm32l0xx_hal_rtc.o ABSOLUTE
    ../Drivers/STM32L0xx_HAL_Driver/Src/stm32l0xx_hal_rtc_ex.c 0x00000000   Number         0  stm32l0xx_hal_rtc_ex.o ABSOLUTE
    ../Drivers/STM32L0xx_HAL_Driver/Src/stm32l0xx_hal_tim.c 0x00000000   Number         0  stm32l0xx_hal_tim.o ABSOLUTE
    ../Drivers/STM32L0xx_HAL_Driver/Src/stm32l0xx_hal_tim_ex.c 0x00000000   Number         0  stm32l0xx_hal_tim_ex.o ABSOLUTE
    ../Drivers/STM32L0xx_HAL_Driver/Src/stm32l0xx_ll_dma.c 0x00000000   Number         0  stm32l0xx_ll_dma.o ABSOLUTE
    ../Drivers/STM32L0xx_HAL_Driver/Src/stm32l0xx_ll_exti.c 0x00000000   Number         0  stm32l0xx_ll_exti.o ABSOLUTE
    ../Drivers/STM32L0xx_HAL_Driver/Src/stm32l0xx_ll_gpio.c 0x00000000   Number         0  stm32l0xx_ll_gpio.o ABSOLUTE
    ../Drivers/STM32L0xx_HAL_Driver/Src/stm32l0xx_ll_rcc.c 0x00000000   Number         0  stm32l0xx_ll_rcc.o ABSOLUTE
    ../Drivers/STM32L0xx_HAL_Driver/Src/stm32l0xx_ll_spi.c 0x00000000   Number         0  stm32l0xx_ll_spi.o ABSOLUTE
    ../Drivers/STM32L0xx_HAL_Driver/Src/stm32l0xx_ll_usart.c 0x00000000   Number         0  stm32l0xx_ll_usart.o ABSOLUTE
    ../Drivers/STM32L0xx_HAL_Driver/Src/stm32l0xx_ll_utils.c 0x00000000   Number         0  stm32l0xx_ll_utils.o ABSOLUTE
    ../clib/microlib/division.c              0x00000000   Number         0  uidiv.o ABSOLUTE
    ../clib/microlib/division.c              0x00000000   Number         0  uldiv.o ABSOLUTE
    ../clib/microlib/division.c              0x00000000   Number         0  idiv.o ABSOLUTE
    ../clib/microlib/init/entry.s            0x00000000   Number         0  entry.o ABSOLUTE
    ../clib/microlib/init/entry.s            0x00000000   Number         0  entry10a.o ABSOLUTE
    ../clib/microlib/init/entry.s            0x00000000   Number         0  entry8b.o ABSOLUTE
    ../clib/microlib/init/entry.s            0x00000000   Number         0  entry8a.o ABSOLUTE
    ../clib/microlib/init/entry.s            0x00000000   Number         0  entry7b.o ABSOLUTE
    ../clib/microlib/init/entry.s            0x00000000   Number         0  entry7a.o ABSOLUTE
    ../clib/microlib/init/entry.s            0x00000000   Number         0  entry5.o ABSOLUTE
    ../clib/microlib/init/entry.s            0x00000000   Number         0  entry9b.o ABSOLUTE
    ../clib/microlib/init/entry.s            0x00000000   Number         0  entry2.o ABSOLUTE
    ../clib/microlib/init/entry.s            0x00000000   Number         0  entry10b.o ABSOLUTE
    ../clib/microlib/init/entry.s            0x00000000   Number         0  entry11a.o ABSOLUTE
    ../clib/microlib/init/entry.s            0x00000000   Number         0  entry11b.o ABSOLUTE
    ../clib/microlib/init/entry.s            0x00000000   Number         0  entry9a.o ABSOLUTE
    ../clib/microlib/longlong.c              0x00000000   Number         0  llshl.o ABSOLUTE
    ../clib/microlib/longlong.c              0x00000000   Number         0  llushr.o ABSOLUTE
    ../clib/microlib/longlong.c              0x00000000   Number         0  llmul.o ABSOLUTE
    ../clib/microlib/stdlib/rand.c           0x00000000   Number         0  rand.o ABSOLUTE
    ../clib/microlib/string/memcpy.c         0x00000000   Number         0  memmoveb.o ABSOLUTE
    ../clib/microlib/string/memcpy.c         0x00000000   Number         0  memcpyb.o ABSOLUTE
    ../clib/microlib/string/memcpy.c         0x00000000   Number         0  memcpya.o ABSOLUTE
    ../clib/microlib/string/memcpy.c         0x00000000   Number         0  memmovea.o ABSOLUTE
    ../clib/microlib/string/memset.c         0x00000000   Number         0  memseta.o ABSOLUTE
    ../clib/microlib/unhosted.c              0x00000000   Number         0  uread4.o ABSOLUTE
    ..\Core\Src\adxl362.c                    0x00000000   Number         0  adxl362.o ABSOLUTE
    ..\Core\Src\cc1101.c                     0x00000000   Number         0  cc1101.o ABSOLUTE
    ..\Core\Src\crc.c                        0x00000000   Number         0  crc.o ABSOLUTE
    ..\Core\Src\gpio.c                       0x00000000   Number         0  gpio.o ABSOLUTE
    ..\Core\Src\iwdg.c                       0x00000000   Number         0  iwdg.o ABSOLUTE
    ..\Core\Src\main.c                       0x00000000   Number         0  main.o ABSOLUTE
    ..\Core\Src\rand_bytes_gen.c             0x00000000   Number         0  rand_bytes_gen.o ABSOLUTE
    ..\Core\Src\rtc.c                        0x00000000   Number         0  rtc.o ABSOLUTE
    ..\Core\Src\spi.c                        0x00000000   Number         0  spi.o ABSOLUTE
    ..\Core\Src\stm32l0xx_hal_msp.c          0x00000000   Number         0  stm32l0xx_hal_msp.o ABSOLUTE
    ..\Core\Src\stm32l0xx_it.c               0x00000000   Number         0  stm32l0xx_it.o ABSOLUTE
    ..\Core\Src\system_stm32l0xx.c           0x00000000   Number         0  system_stm32l0xx.o ABSOLUTE
    ..\Core\Src\usart.c                      0x00000000   Number         0  usart.o ABSOLUTE
    ..\Crypto_Sources_Files\crypto.c         0x00000000   Number         0  crypto.o ABSOLUTE
    ..\Drivers\STM32L0xx_HAL_Driver\Src\stm32l0xx_hal.c 0x00000000   Number         0  stm32l0xx_hal.o ABSOLUTE
    ..\Drivers\STM32L0xx_HAL_Driver\Src\stm32l0xx_hal_cortex.c 0x00000000   Number         0  stm32l0xx_hal_cortex.o ABSOLUTE
    ..\Drivers\STM32L0xx_HAL_Driver\Src\stm32l0xx_hal_crc.c 0x00000000   Number         0  stm32l0xx_hal_crc.o ABSOLUTE
    ..\Drivers\STM32L0xx_HAL_Driver\Src\stm32l0xx_hal_crc_ex.c 0x00000000   Number         0  stm32l0xx_hal_crc_ex.o ABSOLUTE
    ..\Drivers\STM32L0xx_HAL_Driver\Src\stm32l0xx_hal_dma.c 0x00000000   Number         0  stm32l0xx_hal_dma.o ABSOLUTE
    ..\Drivers\STM32L0xx_HAL_Driver\Src\stm32l0xx_hal_exti.c 0x00000000   Number         0  stm32l0xx_hal_exti.o ABSOLUTE
    ..\Drivers\STM32L0xx_HAL_Driver\Src\stm32l0xx_hal_flash.c 0x00000000   Number         0  stm32l0xx_hal_flash.o ABSOLUTE
    ..\Drivers\STM32L0xx_HAL_Driver\Src\stm32l0xx_hal_flash_ex.c 0x00000000   Number         0  stm32l0xx_hal_flash_ex.o ABSOLUTE
    ..\Drivers\STM32L0xx_HAL_Driver\Src\stm32l0xx_hal_flash_ramfunc.c 0x00000000   Number         0  stm32l0xx_hal_flash_ramfunc.o ABSOLUTE
    ..\Drivers\STM32L0xx_HAL_Driver\Src\stm32l0xx_hal_gpio.c 0x00000000   Number         0  stm32l0xx_hal_gpio.o ABSOLUTE
    ..\Drivers\STM32L0xx_HAL_Driver\Src\stm32l0xx_hal_i2c.c 0x00000000   Number         0  stm32l0xx_hal_i2c.o ABSOLUTE
    ..\Drivers\STM32L0xx_HAL_Driver\Src\stm32l0xx_hal_i2c_ex.c 0x00000000   Number         0  stm32l0xx_hal_i2c_ex.o ABSOLUTE
    ..\Drivers\STM32L0xx_HAL_Driver\Src\stm32l0xx_hal_pwr.c 0x00000000   Number         0  stm32l0xx_hal_pwr.o ABSOLUTE
    ..\Drivers\STM32L0xx_HAL_Driver\Src\stm32l0xx_hal_pwr_ex.c 0x00000000   Number         0  stm32l0xx_hal_pwr_ex.o ABSOLUTE
    ..\Drivers\STM32L0xx_HAL_Driver\Src\stm32l0xx_hal_rcc.c 0x00000000   Number         0  stm32l0xx_hal_rcc.o ABSOLUTE
    ..\Drivers\STM32L0xx_HAL_Driver\Src\stm32l0xx_hal_rcc_ex.c 0x00000000   Number         0  stm32l0xx_hal_rcc_ex.o ABSOLUTE
    ..\Drivers\STM32L0xx_HAL_Driver\Src\stm32l0xx_hal_rtc.c 0x00000000   Number         0  stm32l0xx_hal_rtc.o ABSOLUTE
    ..\Drivers\STM32L0xx_HAL_Driver\Src\stm32l0xx_hal_rtc_ex.c 0x00000000   Number         0  stm32l0xx_hal_rtc_ex.o ABSOLUTE
    ..\Drivers\STM32L0xx_HAL_Driver\Src\stm32l0xx_hal_tim.c 0x00000000   Number         0  stm32l0xx_hal_tim.o ABSOLUTE
    ..\Drivers\STM32L0xx_HAL_Driver\Src\stm32l0xx_hal_tim_ex.c 0x00000000   Number         0  stm32l0xx_hal_tim_ex.o ABSOLUTE
    ..\Drivers\STM32L0xx_HAL_Driver\Src\stm32l0xx_ll_dma.c 0x00000000   Number         0  stm32l0xx_ll_dma.o ABSOLUTE
    ..\Drivers\STM32L0xx_HAL_Driver\Src\stm32l0xx_ll_exti.c 0x00000000   Number         0  stm32l0xx_ll_exti.o ABSOLUTE
    ..\Drivers\STM32L0xx_HAL_Driver\Src\stm32l0xx_ll_gpio.c 0x00000000   Number         0  stm32l0xx_ll_gpio.o ABSOLUTE
    ..\Drivers\STM32L0xx_HAL_Driver\Src\stm32l0xx_ll_rcc.c 0x00000000   Number         0  stm32l0xx_ll_rcc.o ABSOLUTE
    ..\Drivers\STM32L0xx_HAL_Driver\Src\stm32l0xx_ll_spi.c 0x00000000   Number         0  stm32l0xx_ll_spi.o ABSOLUTE
    ..\Drivers\STM32L0xx_HAL_Driver\Src\stm32l0xx_ll_usart.c 0x00000000   Number         0  stm32l0xx_ll_usart.o ABSOLUTE
    ..\Drivers\STM32L0xx_HAL_Driver\Src\stm32l0xx_ll_utils.c 0x00000000   Number         0  stm32l0xx_ll_utils.o ABSOLUTE
    ..\\Core\\Src\\adxl362.c                 0x00000000   Number         0  adxl362.o ABSOLUTE
    ..\\Core\\Src\\cc1101.c                  0x00000000   Number         0  cc1101.o ABSOLUTE
    ..\\Core\\Src\\rand_bytes_gen.c          0x00000000   Number         0  rand_bytes_gen.o ABSOLUTE
    ..\\Crypto_Sources_Files\\crypto.c       0x00000000   Number         0  crypto.o ABSOLUTE
    dc.s                                     0x00000000   Number         0  dc.o ABSOLUTE
    handlers.s                               0x00000000   Number         0  handlers.o ABSOLUTE
    init.s                                   0x00000000   Number         0  init.o ABSOLUTE
    startup_stm32l051xx.s                    0x00000000   Number         0  startup_stm32l051xx.o ABSOLUTE
    RESET                                    0x08000000   Section      192  startup_stm32l051xx.o(RESET)
    .ARM.Collect$$$$00000000                 0x080000c0   Section        0  entry.o(.ARM.Collect$$$$00000000)
    .ARM.Collect$$$$00000001                 0x080000c0   Section        4  entry2.o(.ARM.Collect$$$$00000001)
    .ARM.Collect$$$$00000004                 0x080000c4   Section        4  entry5.o(.ARM.Collect$$$$00000004)
    .ARM.Collect$$$$00000008                 0x080000c8   Section        0  entry7b.o(.ARM.Collect$$$$00000008)
    .ARM.Collect$$$$0000000A                 0x080000c8   Section        0  entry8b.o(.ARM.Collect$$$$0000000A)
    .ARM.Collect$$$$0000000B                 0x080000c8   Section        8  entry9a.o(.ARM.Collect$$$$0000000B)
    .ARM.Collect$$$$0000000D                 0x080000d0   Section        0  entry10a.o(.ARM.Collect$$$$0000000D)
    .ARM.Collect$$$$0000000F                 0x080000d0   Section        0  entry11a.o(.ARM.Collect$$$$0000000F)
    .ARM.Collect$$$$00002712                 0x080000d0   Section        4  entry2.o(.ARM.Collect$$$$00002712)
    __lit__00000000                          0x080000d0   Data           4  entry2.o(.ARM.Collect$$$$00002712)
    .text                                    0x080000d4   Section       28  startup_stm32l051xx.o(.text)
    .text                                    0x080000f0   Section        0  uidiv.o(.text)
    .text                                    0x0800011c   Section        0  idiv.o(.text)
    .text                                    0x08000144   Section        0  uldiv.o(.text)
    .text                                    0x080001a4   Section        0  rand.o(.text)
    .text                                    0x080001c8   Section        0  memmovea.o(.text)
    .text                                    0x08000208   Section        0  memseta.o(.text)
    .text                                    0x0800022c   Section        0  uread4.o(.text)
    .text                                    0x08000240   Section        0  llshl.o(.text)
    .text                                    0x08000260   Section        0  llushr.o(.text)
    .text                                    0x08000284   Section       36  init.o(.text)
    i.ADXL362FifoProcess                     0x080002a8   Section        0  adxl362.o(i.ADXL362FifoProcess)
    i.ADXL362FifoRead                        0x0800076c   Section        0  adxl362.o(i.ADXL362FifoRead)
    i.ADXL362RegisterRead                    0x080007ac   Section        0  adxl362.o(i.ADXL362RegisterRead)
    i.ADXL362RegisterWrite                   0x080007f4   Section        0  adxl362.o(i.ADXL362RegisterWrite)
    i.ADXL362_Init                           0x08000838   Section        0  adxl362.o(i.ADXL362_Init)
    i.AES_general_SW_enc                     0x080009d4   Section        0  crypto.o(i.AES_general_SW_enc)
    i.AES_keyschedule_enc_LL                 0x08000cb8   Section        0  crypto.o(i.AES_keyschedule_enc_LL)
    AES_keyschedule_enc_LL                   0x08000cb9   Thumb Code   358  crypto.o(i.AES_keyschedule_enc_LL)
    i.CC1101ClrTXBuff                        0x08000e28   Section        0  cc1101.o(i.CC1101ClrTXBuff)
    i.CC1101Init                             0x08000e38   Section        0  cc1101.o(i.CC1101Init)
    i.CC1101ReadReg                          0x08000e80   Section        0  cc1101.o(i.CC1101ReadReg)
    i.CC1101Reset                            0x08000ebc   Section        0  cc1101.o(i.CC1101Reset)
    i.CC1101SendHandler                      0x08000f18   Section        0  cc1101.o(i.CC1101SendHandler)
    i.CC1101SendPacket                       0x080010a8   Section        0  cc1101.o(i.CC1101SendPacket)
    i.CC1101SetAddress                       0x08001184   Section        0  cc1101.o(i.CC1101SetAddress)
    i.CC1101SetSYNC                          0x08001198   Section        0  cc1101.o(i.CC1101SetSYNC)
    i.CC1101SetTRMode                        0x080011ae   Section        0  cc1101.o(i.CC1101SetTRMode)
    i.CC1101SetWORMode                       0x080011e4   Section        0  cc1101.o(i.CC1101SetWORMode)
    i.CC1101WORInit                          0x0800120a   Section        0  cc1101.o(i.CC1101WORInit)
    i.CC1101WriteCmd                         0x08001238   Section        0  cc1101.o(i.CC1101WriteCmd)
    i.CC1101WriteMultiReg                    0x08001264   Section        0  cc1101.o(i.CC1101WriteMultiReg)
    i.CC1101WriteReg                         0x080012ac   Section        0  cc1101.o(i.CC1101WriteReg)
    i.CC1101_GDO_DeInit                      0x080012e4   Section        0  cc1101.o(i.CC1101_GDO_DeInit)
    i.CC1101_GDO_Init                        0x0800132e   Section        0  cc1101.o(i.CC1101_GDO_Init)
    i.CRC_Handle_16                          0x080013be   Section        0  stm32l0xx_hal_crc.o(i.CRC_Handle_16)
    CRC_Handle_16                            0x080013bf   Thumb Code    56  stm32l0xx_hal_crc.o(i.CRC_Handle_16)
    i.CRC_Handle_8                           0x080013f6   Section        0  stm32l0xx_hal_crc.o(i.CRC_Handle_8)
    CRC_Handle_8                             0x080013f7   Thumb Code   128  stm32l0xx_hal_crc.o(i.CRC_Handle_8)
    i.DATAEEPROM_Program                     0x08001478   Section        0  main.o(i.DATAEEPROM_Program)
    i.DRBG_AES128_Bcc                        0x080014c0   Section        0  crypto.o(i.DRBG_AES128_Bcc)
    DRBG_AES128_Bcc                          0x080014c1   Thumb Code   212  crypto.o(i.DRBG_AES128_Bcc)
    i.DRBG_AES128_Block_cipher_df            0x08001594   Section        0  crypto.o(i.DRBG_AES128_Block_cipher_df)
    DRBG_AES128_Block_cipher_df              0x08001595   Thumb Code   208  crypto.o(i.DRBG_AES128_Block_cipher_df)
    i.DRBG_AES128_Update                     0x08001668   Section        0  crypto.o(i.DRBG_AES128_Update)
    DRBG_AES128_Update                       0x08001669   Thumb Code   130  crypto.o(i.DRBG_AES128_Update)
    i.EXTI0_1_IRQHandler                     0x080016ec   Section        0  stm32l0xx_it.o(i.EXTI0_1_IRQHandler)
    i.EXTI2_3_IRQHandler                     0x08001710   Section        0  stm32l0xx_it.o(i.EXTI2_3_IRQHandler)
    i.EXTI4_15_IRQHandler                    0x08001734   Section        0  stm32l0xx_it.o(i.EXTI4_15_IRQHandler)
    i.Error_Callback                         0x08001758   Section        0  usart.o(i.Error_Callback)
    i.Error_Handler                          0x080017b8   Section        0  main.o(i.Error_Handler)
    i.FLASH_SetErrorCode                     0x080017d4   Section        0  stm32l0xx_hal_flash.o(i.FLASH_SetErrorCode)
    FLASH_SetErrorCode                       0x080017d5   Thumb Code   134  stm32l0xx_hal_flash.o(i.FLASH_SetErrorCode)
    i.FLASH_WaitForLastOperation             0x08001864   Section        0  stm32l0xx_hal_flash.o(i.FLASH_WaitForLastOperation)
    i.Get_SerialNum                          0x080018d4   Section        0  main.o(i.Get_SerialNum)
    i.HAL_CRCEx_Polynomial_Set               0x0800190c   Section        0  stm32l0xx_hal_crc_ex.o(i.HAL_CRCEx_Polynomial_Set)
    i.HAL_CRC_Calculate                      0x0800195c   Section        0  stm32l0xx_hal_crc.o(i.HAL_CRC_Calculate)
    i.HAL_CRC_DeInit                         0x080019a6   Section        0  stm32l0xx_hal_crc.o(i.HAL_CRC_DeInit)
    i.HAL_CRC_Init                           0x080019dc   Section        0  stm32l0xx_hal_crc.o(i.HAL_CRC_Init)
    i.HAL_CRC_MspDeInit                      0x08001a58   Section        0  crc.o(i.HAL_CRC_MspDeInit)
    i.HAL_CRC_MspInit                        0x08001a74   Section        0  crc.o(i.HAL_CRC_MspInit)
    i.HAL_Delay                              0x08001a98   Section        0  stm32l0xx_hal.o(i.HAL_Delay)
    i.HAL_FLASHEx_DATAEEPROM_DisableFixedTimeProgram 0x08001abc   Section        0  stm32l0xx_hal_flash_ex.o(i.HAL_FLASHEx_DATAEEPROM_DisableFixedTimeProgram)
    i.HAL_FLASHEx_DATAEEPROM_EnableFixedTimeProgram 0x08001acc   Section        0  stm32l0xx_hal_flash_ex.o(i.HAL_FLASHEx_DATAEEPROM_EnableFixedTimeProgram)
    i.HAL_FLASHEx_DATAEEPROM_Erase           0x08001adc   Section        0  stm32l0xx_hal_flash_ex.o(i.HAL_FLASHEx_DATAEEPROM_Erase)
    i.HAL_FLASHEx_DATAEEPROM_Lock            0x08001b04   Section        0  stm32l0xx_hal_flash_ex.o(i.HAL_FLASHEx_DATAEEPROM_Lock)
    i.HAL_FLASHEx_DATAEEPROM_Program         0x08001b18   Section        0  stm32l0xx_hal_flash_ex.o(i.HAL_FLASHEx_DATAEEPROM_Program)
    i.HAL_FLASHEx_DATAEEPROM_Unlock          0x08001b6c   Section        0  stm32l0xx_hal_flash_ex.o(i.HAL_FLASHEx_DATAEEPROM_Unlock)
    i.HAL_GPIO_ReadPin                       0x08001ba0   Section        0  stm32l0xx_hal_gpio.o(i.HAL_GPIO_ReadPin)
    i.HAL_GPIO_TogglePin                     0x08001baa   Section        0  stm32l0xx_hal_gpio.o(i.HAL_GPIO_TogglePin)
    i.HAL_GPIO_WritePin                      0x08001bba   Section        0  stm32l0xx_hal_gpio.o(i.HAL_GPIO_WritePin)
    i.HAL_GetTick                            0x08001bc8   Section        0  stm32l0xx_hal.o(i.HAL_GetTick)
    i.HAL_IncTick                            0x08001bd4   Section        0  stm32l0xx_hal.o(i.HAL_IncTick)
    i.HAL_Init                               0x08001be4   Section        0  stm32l0xx_hal.o(i.HAL_Init)
    i.HAL_InitTick                           0x08001c0c   Section        0  stm32l0xx_hal.o(i.HAL_InitTick)
    i.HAL_MspInit                            0x08001c50   Section        0  stm32l0xx_hal_msp.o(i.HAL_MspInit)
    i.HAL_NVIC_EnableIRQ                     0x08001c68   Section        0  stm32l0xx_hal_cortex.o(i.HAL_NVIC_EnableIRQ)
    i.HAL_NVIC_SetPriority                   0x08001c80   Section        0  stm32l0xx_hal_cortex.o(i.HAL_NVIC_SetPriority)
    i.HAL_PWREx_EnableFastWakeUp             0x08001c88   Section        0  stm32l0xx_hal_pwr_ex.o(i.HAL_PWREx_EnableFastWakeUp)
    i.HAL_PWREx_EnableUltraLowPower          0x08001c98   Section        0  stm32l0xx_hal_pwr_ex.o(i.HAL_PWREx_EnableUltraLowPower)
    i.HAL_PWR_EnterSTOPMode                  0x08001ca8   Section        0  stm32l0xx_hal_pwr.o(i.HAL_PWR_EnterSTOPMode)
    i.HAL_RCCEx_PeriphCLKConfig              0x08001d0c   Section        0  stm32l0xx_hal_rcc_ex.o(i.HAL_RCCEx_PeriphCLKConfig)
    i.HAL_RCC_ClockConfig                    0x08001e70   Section        0  stm32l0xx_hal_rcc.o(i.HAL_RCC_ClockConfig)
    i.HAL_RCC_GetSysClockFreq                0x0800200c   Section        0  stm32l0xx_hal_rcc.o(i.HAL_RCC_GetSysClockFreq)
    i.HAL_RCC_OscConfig                      0x08002084   Section        0  stm32l0xx_hal_rcc.o(i.HAL_RCC_OscConfig)
    i.HAL_RTCEx_SetWakeUpTimer_IT            0x080024ac   Section        0  stm32l0xx_hal_rtc_ex.o(i.HAL_RTCEx_SetWakeUpTimer_IT)
    i.HAL_RTCEx_WakeUpTimerEventCallback     0x080025a4   Section        0  rtc.o(i.HAL_RTCEx_WakeUpTimerEventCallback)
    i.HAL_RTCEx_WakeUpTimerIRQHandler        0x080025e0   Section        0  stm32l0xx_hal_rtc_ex.o(i.HAL_RTCEx_WakeUpTimerIRQHandler)
    i.HAL_RTC_Init                           0x08002618   Section        0  stm32l0xx_hal_rtc.o(i.HAL_RTC_Init)
    i.HAL_RTC_MspInit                        0x080026d4   Section        0  rtc.o(i.HAL_RTC_MspInit)
    i.HAL_RTC_WaitForSynchro                 0x08002704   Section        0  stm32l0xx_hal_rtc.o(i.HAL_RTC_WaitForSynchro)
    i.HAL_ResumeTick                         0x08002738   Section        0  stm32l0xx_hal.o(i.HAL_ResumeTick)
    i.HAL_SYSTICK_Config                     0x08002748   Section        0  stm32l0xx_hal_cortex.o(i.HAL_SYSTICK_Config)
    i.HAL_SuspendTick                        0x08002778   Section        0  stm32l0xx_hal.o(i.HAL_SuspendTick)
    i.HardFault_Handler                      0x08002788   Section        0  stm32l0xx_it.o(i.HardFault_Handler)
    i.LED_Blinking                           0x0800278c   Section        0  main.o(i.LED_Blinking)
    i.LL_APB2_GRP1_EnableClock               0x080027a4   Section        0  usart.o(i.LL_APB2_GRP1_EnableClock)
    LL_APB2_GRP1_EnableClock                 0x080027a5   Thumb Code    18  usart.o(i.LL_APB2_GRP1_EnableClock)
    i.LL_EXTI_Init                           0x080027bc   Section        0  stm32l0xx_ll_exti.o(i.LL_EXTI_Init)
    i.LL_EXTI_IsActiveFlag_0_31              0x0800285c   Section        0  stm32l0xx_it.o(i.LL_EXTI_IsActiveFlag_0_31)
    LL_EXTI_IsActiveFlag_0_31                0x0800285d   Thumb Code    16  stm32l0xx_it.o(i.LL_EXTI_IsActiveFlag_0_31)
    i.LL_GPIO_Init                           0x08002870   Section        0  stm32l0xx_ll_gpio.o(i.LL_GPIO_Init)
    i.LL_GPIO_SetPinMode                     0x0800291e   Section        0  cc1101.o(i.LL_GPIO_SetPinMode)
    LL_GPIO_SetPinMode                       0x0800291f   Thumb Code    20  cc1101.o(i.LL_GPIO_SetPinMode)
    i.LL_GPIO_SetPinMode                     0x08002932   Section        0  gpio.o(i.LL_GPIO_SetPinMode)
    LL_GPIO_SetPinMode                       0x08002933   Thumb Code    20  gpio.o(i.LL_GPIO_SetPinMode)
    i.LL_GPIO_SetPinPull                     0x08002946   Section        0  cc1101.o(i.LL_GPIO_SetPinPull)
    LL_GPIO_SetPinPull                       0x08002947   Thumb Code    20  cc1101.o(i.LL_GPIO_SetPinPull)
    i.LL_GPIO_SetPinPull                     0x0800295a   Section        0  gpio.o(i.LL_GPIO_SetPinPull)
    LL_GPIO_SetPinPull                       0x0800295b   Thumb Code    20  gpio.o(i.LL_GPIO_SetPinPull)
    i.LL_IOP_GRP1_EnableClock                0x08002970   Section        0  cc1101.o(i.LL_IOP_GRP1_EnableClock)
    LL_IOP_GRP1_EnableClock                  0x08002971   Thumb Code    18  cc1101.o(i.LL_IOP_GRP1_EnableClock)
    i.LL_IOP_GRP1_EnableClock                0x08002988   Section        0  gpio.o(i.LL_IOP_GRP1_EnableClock)
    LL_IOP_GRP1_EnableClock                  0x08002989   Thumb Code    18  gpio.o(i.LL_IOP_GRP1_EnableClock)
    i.LL_IOP_GRP1_EnableClock                0x080029a0   Section        0  spi.o(i.LL_IOP_GRP1_EnableClock)
    LL_IOP_GRP1_EnableClock                  0x080029a1   Thumb Code    18  spi.o(i.LL_IOP_GRP1_EnableClock)
    i.LL_IOP_GRP1_EnableClock                0x080029b8   Section        0  usart.o(i.LL_IOP_GRP1_EnableClock)
    LL_IOP_GRP1_EnableClock                  0x080029b9   Thumb Code    18  usart.o(i.LL_IOP_GRP1_EnableClock)
    i.LL_RCC_GetUSARTClockFreq               0x080029d0   Section        0  stm32l0xx_ll_rcc.o(i.LL_RCC_GetUSARTClockFreq)
    i.LL_RCC_GetUSARTClockSource             0x08002a60   Section        0  stm32l0xx_ll_rcc.o(i.LL_RCC_GetUSARTClockSource)
    LL_RCC_GetUSARTClockSource               0x08002a61   Thumb Code    12  stm32l0xx_ll_rcc.o(i.LL_RCC_GetUSARTClockSource)
    i.LL_RCC_HSI_IsReady                     0x08002a70   Section        0  stm32l0xx_ll_rcc.o(i.LL_RCC_HSI_IsReady)
    LL_RCC_HSI_IsReady                       0x08002a71   Thumb Code    10  stm32l0xx_ll_rcc.o(i.LL_RCC_HSI_IsReady)
    i.LL_RCC_IsActiveFlag_HSIDIV             0x08002a80   Section        0  stm32l0xx_ll_rcc.o(i.LL_RCC_IsActiveFlag_HSIDIV)
    LL_RCC_IsActiveFlag_HSIDIV               0x08002a81   Thumb Code    10  stm32l0xx_ll_rcc.o(i.LL_RCC_IsActiveFlag_HSIDIV)
    i.LL_RCC_LSE_IsReady                     0x08002a90   Section        0  stm32l0xx_ll_rcc.o(i.LL_RCC_LSE_IsReady)
    LL_RCC_LSE_IsReady                       0x08002a91   Thumb Code    10  stm32l0xx_ll_rcc.o(i.LL_RCC_LSE_IsReady)
    i.LL_SPI_DeInit                          0x08002aa0   Section        0  stm32l0xx_ll_spi.o(i.LL_SPI_DeInit)
    i.LL_SPI_Init                            0x08002ae4   Section        0  stm32l0xx_ll_spi.o(i.LL_SPI_Init)
    i.LL_SYSCFG_SetEXTISource                0x08002b50   Section        0  cc1101.o(i.LL_SYSCFG_SetEXTISource)
    LL_SYSCFG_SetEXTISource                  0x08002b51   Thumb Code    28  cc1101.o(i.LL_SYSCFG_SetEXTISource)
    i.LL_SYSCFG_SetEXTISource                0x08002b70   Section        0  gpio.o(i.LL_SYSCFG_SetEXTISource)
    LL_SYSCFG_SetEXTISource                  0x08002b71   Thumb Code    28  gpio.o(i.LL_SYSCFG_SetEXTISource)
    i.LL_USART_DeInit                        0x08002b90   Section        0  stm32l0xx_ll_usart.o(i.LL_USART_DeInit)
    i.LL_USART_EnableIT_ERROR                0x08002bd8   Section        0  usart.o(i.LL_USART_EnableIT_ERROR)
    LL_USART_EnableIT_ERROR                  0x08002bd9   Thumb Code    24  usart.o(i.LL_USART_EnableIT_ERROR)
    i.LL_USART_EnableIT_RXNE                 0x08002bf0   Section        0  usart.o(i.LL_USART_EnableIT_RXNE)
    LL_USART_EnableIT_RXNE                   0x08002bf1   Thumb Code    24  usart.o(i.LL_USART_EnableIT_RXNE)
    i.LL_USART_Init                          0x08002c08   Section        0  stm32l0xx_ll_usart.o(i.LL_USART_Init)
    i.MX_CRC_Init                            0x08002cb0   Section        0  crc.o(i.MX_CRC_Init)
    i.MX_GPIO_Init                           0x08002ce0   Section        0  gpio.o(i.MX_GPIO_Init)
    i.MX_IWDG_Init                           0x08002f84   Section        0  iwdg.o(i.MX_IWDG_Init)
    i.MX_RTC_Init                            0x08002fb8   Section        0  rtc.o(i.MX_RTC_Init)
    i.MX_SPI1_DeInit                         0x08003000   Section        0  spi.o(i.MX_SPI1_DeInit)
    i.MX_SPI1_Init                           0x08003070   Section        0  spi.o(i.MX_SPI1_Init)
    i.MX_SPI2_DeInit                         0x08003140   Section        0  spi.o(i.MX_SPI2_DeInit)
    i.MX_SPI2_Init                           0x080031c0   Section        0  spi.o(i.MX_SPI2_Init)
    i.MX_USART1_UART_DeInit                  0x08003288   Section        0  usart.o(i.MX_USART1_UART_DeInit)
    i.MX_USART1_UART_Init                    0x080032ec   Section        0  usart.o(i.MX_USART1_UART_Init)
    i.NMI_Handler                            0x080033a0   Section        0  stm32l0xx_it.o(i.NMI_Handler)
    i.PendSV_Handler                         0x080033a2   Section        0  stm32l0xx_it.o(i.PendSV_Handler)
    i.RCC_GetHCLKClockFreq                   0x080033a4   Section        0  stm32l0xx_ll_rcc.o(i.RCC_GetHCLKClockFreq)
    RCC_GetHCLKClockFreq                     0x080033a5   Thumb Code    18  stm32l0xx_ll_rcc.o(i.RCC_GetHCLKClockFreq)
    i.RCC_GetPCLK1ClockFreq                  0x080033c0   Section        0  stm32l0xx_ll_rcc.o(i.RCC_GetPCLK1ClockFreq)
    RCC_GetPCLK1ClockFreq                    0x080033c1   Thumb Code    16  stm32l0xx_ll_rcc.o(i.RCC_GetPCLK1ClockFreq)
    i.RCC_GetPCLK2ClockFreq                  0x080033d8   Section        0  stm32l0xx_ll_rcc.o(i.RCC_GetPCLK2ClockFreq)
    RCC_GetPCLK2ClockFreq                    0x080033d9   Thumb Code    16  stm32l0xx_ll_rcc.o(i.RCC_GetPCLK2ClockFreq)
    i.RCC_GetSystemClockFreq                 0x080033f0   Section        0  stm32l0xx_ll_rcc.o(i.RCC_GetSystemClockFreq)
    RCC_GetSystemClockFreq                   0x080033f1   Thumb Code   116  stm32l0xx_ll_rcc.o(i.RCC_GetSystemClockFreq)
    i.RFIDInitial                            0x08003474   Section        0  cc1101.o(i.RFIDInitial)
    i.RNG_Gen                                0x080034bc   Section        0  rand_bytes_gen.o(i.RNG_Gen)
    i.RNG_Init                               0x080034f8   Section        0  rand_bytes_gen.o(i.RNG_Init)
    i.RNGfree                                0x0800356c   Section        0  crypto.o(i.RNGfree)
    i.RNGgenBytes                            0x080035a0   Section        0  crypto.o(i.RNGgenBytes)
    i.RNGinit                                0x08003648   Section        0  crypto.o(i.RNGinit)
    i.RTC_EnterInitMode                      0x08003720   Section        0  stm32l0xx_hal_rtc.o(i.RTC_EnterInitMode)
    i.RTC_IRQHandler                         0x08003758   Section        0  stm32l0xx_it.o(i.RTC_IRQHandler)
    i.SPI_ExchangeByte                       0x08003768   Section        0  spi.o(i.SPI_ExchangeByte)
    i.SVC_Handler                            0x0800377e   Section        0  stm32l0xx_it.o(i.SVC_Handler)
    i.Show_Message                           0x08003780   Section        0  main.o(i.Show_Message)
    i.SpiFunction                            0x080037fc   Section        0  spi.o(i.SpiFunction)
    i.SysTick_Handler                        0x08003830   Section        0  stm32l0xx_it.o(i.SysTick_Handler)
    i.SystemClock_Config                     0x08003838   Section        0  main.o(i.SystemClock_Config)
    i.SystemInit                             0x080038c8   Section        0  system_stm32l0xx.o(i.SystemInit)
    i.System_Initial                         0x0800391c   Section        0  main.o(i.System_Initial)
    i.USART1_IRQHandler                      0x08003a28   Section        0  stm32l0xx_it.o(i.USART1_IRQHandler)
    i.USART_CharReception_Callback           0x08003a4c   Section        0  usart.o(i.USART_CharReception_Callback)
    i.__ARM_common_ll_muluu                  0x08003a84   Section        0  crypto.o(i.__ARM_common_ll_muluu)
    i.__NVIC_DisableIRQ                      0x08003ab8   Section        0  cc1101.o(i.__NVIC_DisableIRQ)
    __NVIC_DisableIRQ                        0x08003ab9   Thumb Code    26  cc1101.o(i.__NVIC_DisableIRQ)
    i.__NVIC_DisableIRQ                      0x08003ad8   Section        0  usart.o(i.__NVIC_DisableIRQ)
    __NVIC_DisableIRQ                        0x08003ad9   Thumb Code    26  usart.o(i.__NVIC_DisableIRQ)
    i.__NVIC_EnableIRQ                       0x08003af8   Section        0  cc1101.o(i.__NVIC_EnableIRQ)
    __NVIC_EnableIRQ                         0x08003af9   Thumb Code    18  cc1101.o(i.__NVIC_EnableIRQ)
    i.__NVIC_EnableIRQ                       0x08003b10   Section        0  gpio.o(i.__NVIC_EnableIRQ)
    __NVIC_EnableIRQ                         0x08003b11   Thumb Code    18  gpio.o(i.__NVIC_EnableIRQ)
    i.__NVIC_SetPriority                     0x08003b28   Section        0  cc1101.o(i.__NVIC_SetPriority)
    __NVIC_SetPriority                       0x08003b29   Thumb Code    60  cc1101.o(i.__NVIC_SetPriority)
    i.__NVIC_SetPriority                     0x08003b6c   Section        0  gpio.o(i.__NVIC_SetPriority)
    __NVIC_SetPriority                       0x08003b6d   Thumb Code    60  gpio.o(i.__NVIC_SetPriority)
    i.__NVIC_SetPriority                     0x08003bb0   Section        0  stm32l0xx_hal_cortex.o(i.__NVIC_SetPriority)
    __NVIC_SetPriority                       0x08003bb1   Thumb Code    60  stm32l0xx_hal_cortex.o(i.__NVIC_SetPriority)
    i.__scatterload_copy                     0x08003bf4   Section       14  handlers.o(i.__scatterload_copy)
    i.__scatterload_null                     0x08003c02   Section        2  handlers.o(i.__scatterload_null)
    i.__scatterload_zeroinit                 0x08003c04   Section       14  handlers.o(i.__scatterload_zeroinit)
    i.crl_DRBG_AES128_Generate               0x08003c14   Section        0  crypto.o(i.crl_DRBG_AES128_Generate)
    i.main                                   0x08003e30   Section        0  main.o(i.main)
    .constdata                               0x08004060   Section       94  cc1101.o(.constdata)
    CC1101InitData                           0x08004060   Data          94  cc1101.o(.constdata)
    .constdata                               0x080040be   Section       25  system_stm32l0xx.o(.constdata)
    .constdata                               0x080040d7   Section        8  system_stm32l0xx.o(.constdata)
    .constdata                               0x080040e0   Section     7012  crypto.o(.constdata)
    table_reduction8                         0x08004b0c   Data         512  crypto.o(.constdata)
    table_reduction4                         0x08004d0c   Data          32  crypto.o(.constdata)
    sha512_K                                 0x08005630   Data         640  crypto.o(.constdata)
    tau                                      0x080058c0   Data          16  crypto.o(.constdata)
    m                                        0x080058d0   Data          32  crypto.o(.constdata)
    mu                                       0x080058f0   Data          36  crypto.o(.constdata)
    ge25519_ecd                              0x08005914   Data          32  crypto.o(.constdata)
    ge25519_ec2d                             0x080059b4   Data          32  crypto.o(.constdata)
    ge25519_sqrtm1                           0x080059d4   Data          32  crypto.o(.constdata)
    pad                                      0x08005a64   Data          64  crypto.o(.constdata)
    .data                                    0x20000000   Section       34  adxl362.o(.data)
    .data                                    0x20000022   Section       10  cc1101.o(.data)
    .data                                    0x2000002c   Section       50  rand_bytes_gen.o(.data)
    .data                                    0x2000005e   Section        4  main.o(.data)
    .data                                    0x20000062   Section        3  rtc.o(.data)
    .data                                    0x20000068   Section       12  stm32l0xx_hal.o(.data)
    .data                                    0x20000074   Section        4  system_stm32l0xx.o(.data)
    .data                                    0x20000078   Section        4  rand.o(.data)
    _rand_state                              0x20000078   Data           4  rand.o(.data)
    .bss                                     0x2000007c   Section     2526  adxl362.o(.bss)
    .bss                                     0x20000a5c   Section      396  cc1101.o(.bss)
    .bss                                     0x20000be8   Section      100  rand_bytes_gen.o(.bss)
    .bss                                     0x20000c4c   Section       16  main.o(.bss)
    .bss                                     0x20000c5c   Section       36  crc.o(.bss)
    .bss                                     0x20000c80   Section       36  rtc.o(.bss)
    .bss                                     0x20000ca4   Section       26  usart.o(.bss)
    .bss                                     0x20000cc0   Section       24  stm32l0xx_hal_flash.o(.bss)
    STACK                                    0x20000cd8   Section     1024  startup_stm32l051xx.o(STACK)

    Global Symbols

    Symbol Name                              Value     Ov Type        Size  Object(Section)

    BuildAttributes$$THM_ISAv3M$S$PE$A:L22$X:L11$S22$IEEE1$IW$USESV6$~STKCKD$USESV7$~SHL$OTIME$EBA8$MICROLIB$REQ8$PRES8$EABIv2 0x00000000   Number         0  anon$$obj.o ABSOLUTE
    __ARM_use_no_argv                        0x00000000   Number         0  main.o ABSOLUTE
    __cpp_initialize__aeabi_                  - Undefined Weak Reference
    __cxa_finalize                            - Undefined Weak Reference
    __decompress                              - Undefined Weak Reference
    _clock_init                               - Undefined Weak Reference
    _microlib_exit                            - Undefined Weak Reference
    __Vectors_Size                           0x000000c0   Number         0  startup_stm32l051xx.o ABSOLUTE
    __Vectors                                0x08000000   Data           4  startup_stm32l051xx.o(RESET)
    __Vectors_End                            0x080000c0   Data           0  startup_stm32l051xx.o(RESET)
    __main                                   0x080000c1   Thumb Code     0  entry.o(.ARM.Collect$$$$00000000)
    _main_stk                                0x080000c1   Thumb Code     0  entry2.o(.ARM.Collect$$$$00000001)
    _main_scatterload                        0x080000c5   Thumb Code     0  entry5.o(.ARM.Collect$$$$00000004)
    __main_after_scatterload                 0x080000c9   Thumb Code     0  entry5.o(.ARM.Collect$$$$00000004)
    _main_clock                              0x080000c9   Thumb Code     0  entry7b.o(.ARM.Collect$$$$00000008)
    _main_cpp_init                           0x080000c9   Thumb Code     0  entry8b.o(.ARM.Collect$$$$0000000A)
    _main_init                               0x080000c9   Thumb Code     0  entry9a.o(.ARM.Collect$$$$0000000B)
    __rt_final_cpp                           0x080000d1   Thumb Code     0  entry10a.o(.ARM.Collect$$$$0000000D)
    __rt_final_exit                          0x080000d1   Thumb Code     0  entry11a.o(.ARM.Collect$$$$0000000F)
    Reset_Handler                            0x080000d5   Thumb Code     8  startup_stm32l051xx.o(.text)
    ADC1_COMP_IRQHandler                     0x080000e7   Thumb Code     0  startup_stm32l051xx.o(.text)
    DMA1_Channel1_IRQHandler                 0x080000e7   Thumb Code     0  startup_stm32l051xx.o(.text)
    DMA1_Channel2_3_IRQHandler               0x080000e7   Thumb Code     0  startup_stm32l051xx.o(.text)
    DMA1_Channel4_5_6_7_IRQHandler           0x080000e7   Thumb Code     0  startup_stm32l051xx.o(.text)
    FLASH_IRQHandler                         0x080000e7   Thumb Code     0  startup_stm32l051xx.o(.text)
    I2C1_IRQHandler                          0x080000e7   Thumb Code     0  startup_stm32l051xx.o(.text)
    I2C2_IRQHandler                          0x080000e7   Thumb Code     0  startup_stm32l051xx.o(.text)
    LPTIM1_IRQHandler                        0x080000e7   Thumb Code     0  startup_stm32l051xx.o(.text)
    LPUART1_IRQHandler                       0x080000e7   Thumb Code     0  startup_stm32l051xx.o(.text)
    PVD_IRQHandler                           0x080000e7   Thumb Code     0  startup_stm32l051xx.o(.text)
    RCC_IRQHandler                           0x080000e7   Thumb Code     0  startup_stm32l051xx.o(.text)
    SPI1_IRQHandler                          0x080000e7   Thumb Code     0  startup_stm32l051xx.o(.text)
    SPI2_IRQHandler                          0x080000e7   Thumb Code     0  startup_stm32l051xx.o(.text)
    TIM21_IRQHandler                         0x080000e7   Thumb Code     0  startup_stm32l051xx.o(.text)
    TIM22_IRQHandler                         0x080000e7   Thumb Code     0  startup_stm32l051xx.o(.text)
    TIM2_IRQHandler                          0x080000e7   Thumb Code     0  startup_stm32l051xx.o(.text)
    TIM6_IRQHandler                          0x080000e7   Thumb Code     0  startup_stm32l051xx.o(.text)
    USART2_IRQHandler                        0x080000e7   Thumb Code     0  startup_stm32l051xx.o(.text)
    WWDG_IRQHandler                          0x080000e7   Thumb Code     0  startup_stm32l051xx.o(.text)
    __aeabi_uidiv                            0x080000f1   Thumb Code     0  uidiv.o(.text)
    __aeabi_uidivmod                         0x080000f1   Thumb Code    44  uidiv.o(.text)
    __aeabi_idiv                             0x0800011d   Thumb Code     0  idiv.o(.text)
    __aeabi_idivmod                          0x0800011d   Thumb Code    40  idiv.o(.text)
    __aeabi_uldivmod                         0x08000145   Thumb Code    96  uldiv.o(.text)
    rand                                     0x080001a5   Thumb Code    18  rand.o(.text)
    srand                                    0x080001b7   Thumb Code     6  rand.o(.text)
    ___aeabi_memcpy8$move                    0x080001c9   Thumb Code     0  memmovea.o(.text)
    __aeabi_memcpy                           0x080001c9   Thumb Code    64  memmovea.o(.text)
    __aeabi_memcpy4                          0x080001c9   Thumb Code     0  memmovea.o(.text)
    __aeabi_memmove                          0x080001c9   Thumb Code     0  memmovea.o(.text)
    __aeabi_memmove4                         0x080001c9   Thumb Code     0  memmovea.o(.text)
    __aeabi_memmove8                         0x080001c9   Thumb Code     0  memmovea.o(.text)
    __aeabi_memset                           0x08000209   Thumb Code    14  memseta.o(.text)
    __aeabi_memset4                          0x08000209   Thumb Code     0  memseta.o(.text)
    __aeabi_memset8                          0x08000209   Thumb Code     0  memseta.o(.text)
    __aeabi_memclr                           0x08000217   Thumb Code     4  memseta.o(.text)
    __aeabi_memclr4                          0x08000217   Thumb Code     0  memseta.o(.text)
    __aeabi_memclr8                          0x08000217   Thumb Code     0  memseta.o(.text)
    _memset$wrapper                          0x0800021b   Thumb Code    18  memseta.o(.text)
    __aeabi_uread4                           0x0800022d   Thumb Code    20  uread4.o(.text)
    __rt_uread4                              0x0800022d   Thumb Code     0  uread4.o(.text)
    _uread4                                  0x0800022d   Thumb Code     0  uread4.o(.text)
    __aeabi_llsl                             0x08000241   Thumb Code    32  llshl.o(.text)
    _ll_shift_l                              0x08000241   Thumb Code     0  llshl.o(.text)
    __aeabi_llsr                             0x08000261   Thumb Code    34  llushr.o(.text)
    _ll_ushift_r                             0x08000261   Thumb Code     0  llushr.o(.text)
    __scatterload                            0x08000285   Thumb Code    28  init.o(.text)
    __scatterload_rt2                        0x08000285   Thumb Code     0  init.o(.text)
    ADXL362FifoProcess                       0x080002a9   Thumb Code  1208  adxl362.o(i.ADXL362FifoProcess)
    ADXL362FifoRead                          0x0800076d   Thumb Code    56  adxl362.o(i.ADXL362FifoRead)
    ADXL362RegisterRead                      0x080007ad   Thumb Code    62  adxl362.o(i.ADXL362RegisterRead)
    ADXL362RegisterWrite                     0x080007f5   Thumb Code    60  adxl362.o(i.ADXL362RegisterWrite)
    ADXL362_Init                             0x08000839   Thumb Code   394  adxl362.o(i.ADXL362_Init)
    AES_general_SW_enc                       0x080009d5   Thumb Code   728  crypto.o(i.AES_general_SW_enc)
    CC1101ClrTXBuff                          0x08000e29   Thumb Code    16  cc1101.o(i.CC1101ClrTXBuff)
    CC1101Init                               0x08000e39   Thumb Code    64  cc1101.o(i.CC1101Init)
    CC1101ReadReg                            0x08000e81   Thumb Code    54  cc1101.o(i.CC1101ReadReg)
    CC1101Reset                              0x08000ebd   Thumb Code    90  cc1101.o(i.CC1101Reset)
    CC1101SendHandler                        0x08000f19   Thumb Code   372  cc1101.o(i.CC1101SendHandler)
    CC1101SendPacket                         0x080010a9   Thumb Code   216  cc1101.o(i.CC1101SendPacket)
    CC1101SetAddress                         0x08001185   Thumb Code    20  cc1101.o(i.CC1101SetAddress)
    CC1101SetSYNC                            0x08001199   Thumb Code    22  cc1101.o(i.CC1101SetSYNC)
    CC1101SetTRMode                          0x080011af   Thumb Code    54  cc1101.o(i.CC1101SetTRMode)
    CC1101SetWORMode                         0x080011e5   Thumb Code    38  cc1101.o(i.CC1101SetWORMode)
    CC1101WORInit                            0x0800120b   Thumb Code    44  cc1101.o(i.CC1101WORInit)
    CC1101WriteCmd                           0x08001239   Thumb Code    38  cc1101.o(i.CC1101WriteCmd)
    CC1101WriteMultiReg                      0x08001265   Thumb Code    68  cc1101.o(i.CC1101WriteMultiReg)
    CC1101WriteReg                           0x080012ad   Thumb Code    50  cc1101.o(i.CC1101WriteReg)
    CC1101_GDO_DeInit                        0x080012e5   Thumb Code    74  cc1101.o(i.CC1101_GDO_DeInit)
    CC1101_GDO_Init                          0x0800132f   Thumb Code   144  cc1101.o(i.CC1101_GDO_Init)
    DATAEEPROM_Program                       0x08001479   Thumb Code    62  main.o(i.DATAEEPROM_Program)
    EXTI0_1_IRQHandler                       0x080016ed   Thumb Code    26  stm32l0xx_it.o(i.EXTI0_1_IRQHandler)
    EXTI2_3_IRQHandler                       0x08001711   Thumb Code    26  stm32l0xx_it.o(i.EXTI2_3_IRQHandler)
    EXTI4_15_IRQHandler                      0x08001735   Thumb Code    26  stm32l0xx_it.o(i.EXTI4_15_IRQHandler)
    Error_Callback                           0x08001759   Thumb Code    86  usart.o(i.Error_Callback)
    Error_Handler                            0x080017b9   Thumb Code    24  main.o(i.Error_Handler)
    FLASH_WaitForLastOperation               0x08001865   Thumb Code   106  stm32l0xx_hal_flash.o(i.FLASH_WaitForLastOperation)
    Get_SerialNum                            0x080018d5   Thumb Code    46  main.o(i.Get_SerialNum)
    HAL_CRCEx_Polynomial_Set                 0x0800190d   Thumb Code    80  stm32l0xx_hal_crc_ex.o(i.HAL_CRCEx_Polynomial_Set)
    HAL_CRC_Calculate                        0x0800195d   Thumb Code    74  stm32l0xx_hal_crc.o(i.HAL_CRC_Calculate)
    HAL_CRC_DeInit                           0x080019a7   Thumb Code    52  stm32l0xx_hal_crc.o(i.HAL_CRC_DeInit)
    HAL_CRC_Init                             0x080019dd   Thumb Code   118  stm32l0xx_hal_crc.o(i.HAL_CRC_Init)
    HAL_CRC_MspDeInit                        0x08001a59   Thumb Code    20  crc.o(i.HAL_CRC_MspDeInit)
    HAL_CRC_MspInit                          0x08001a75   Thumb Code    28  crc.o(i.HAL_CRC_MspInit)
    HAL_Delay                                0x08001a99   Thumb Code    32  stm32l0xx_hal.o(i.HAL_Delay)
    HAL_FLASHEx_DATAEEPROM_DisableFixedTimeProgram 0x08001abd   Thumb Code    12  stm32l0xx_hal_flash_ex.o(i.HAL_FLASHEx_DATAEEPROM_DisableFixedTimeProgram)
    HAL_FLASHEx_DATAEEPROM_EnableFixedTimeProgram 0x08001acd   Thumb Code    12  stm32l0xx_hal_flash_ex.o(i.HAL_FLASHEx_DATAEEPROM_EnableFixedTimeProgram)
    HAL_FLASHEx_DATAEEPROM_Erase             0x08001add   Thumb Code    30  stm32l0xx_hal_flash_ex.o(i.HAL_FLASHEx_DATAEEPROM_Erase)
    HAL_FLASHEx_DATAEEPROM_Lock              0x08001b05   Thumb Code    14  stm32l0xx_hal_flash_ex.o(i.HAL_FLASHEx_DATAEEPROM_Lock)
    HAL_FLASHEx_DATAEEPROM_Program           0x08001b19   Thumb Code    76  stm32l0xx_hal_flash_ex.o(i.HAL_FLASHEx_DATAEEPROM_Program)
    HAL_FLASHEx_DATAEEPROM_Unlock            0x08001b6d   Thumb Code    40  stm32l0xx_hal_flash_ex.o(i.HAL_FLASHEx_DATAEEPROM_Unlock)
    HAL_GPIO_ReadPin                         0x08001ba1   Thumb Code    10  stm32l0xx_hal_gpio.o(i.HAL_GPIO_ReadPin)
    HAL_GPIO_TogglePin                       0x08001bab   Thumb Code    16  stm32l0xx_hal_gpio.o(i.HAL_GPIO_TogglePin)
    HAL_GPIO_WritePin                        0x08001bbb   Thumb Code    12  stm32l0xx_hal_gpio.o(i.HAL_GPIO_WritePin)
    HAL_GetTick                              0x08001bc9   Thumb Code     6  stm32l0xx_hal.o(i.HAL_GetTick)
    HAL_IncTick                              0x08001bd5   Thumb Code    12  stm32l0xx_hal.o(i.HAL_IncTick)
    HAL_Init                                 0x08001be5   Thumb Code    36  stm32l0xx_hal.o(i.HAL_Init)
    HAL_InitTick                             0x08001c0d   Thumb Code    58  stm32l0xx_hal.o(i.HAL_InitTick)
    HAL_MspInit                              0x08001c51   Thumb Code    20  stm32l0xx_hal_msp.o(i.HAL_MspInit)
    HAL_NVIC_EnableIRQ                       0x08001c69   Thumb Code    18  stm32l0xx_hal_cortex.o(i.HAL_NVIC_EnableIRQ)
    HAL_NVIC_SetPriority                     0x08001c81   Thumb Code     8  stm32l0xx_hal_cortex.o(i.HAL_NVIC_SetPriority)
    HAL_PWREx_EnableFastWakeUp               0x08001c89   Thumb Code    12  stm32l0xx_hal_pwr_ex.o(i.HAL_PWREx_EnableFastWakeUp)
    HAL_PWREx_EnableUltraLowPower            0x08001c99   Thumb Code    12  stm32l0xx_hal_pwr_ex.o(i.HAL_PWREx_EnableUltraLowPower)
    HAL_PWR_EnterSTOPMode                    0x08001ca9   Thumb Code    88  stm32l0xx_hal_pwr.o(i.HAL_PWR_EnterSTOPMode)
    HAL_RCCEx_PeriphCLKConfig                0x08001d0d   Thumb Code   342  stm32l0xx_hal_rcc_ex.o(i.HAL_RCCEx_PeriphCLKConfig)
    HAL_RCC_ClockConfig                      0x08001e71   Thumb Code   386  stm32l0xx_hal_rcc.o(i.HAL_RCC_ClockConfig)
    HAL_RCC_GetSysClockFreq                  0x0800200d   Thumb Code   108  stm32l0xx_hal_rcc.o(i.HAL_RCC_GetSysClockFreq)
    HAL_RCC_OscConfig                        0x08002085   Thumb Code  1062  stm32l0xx_hal_rcc.o(i.HAL_RCC_OscConfig)
    HAL_RTCEx_SetWakeUpTimer_IT              0x080024ad   Thumb Code   238  stm32l0xx_hal_rtc_ex.o(i.HAL_RTCEx_SetWakeUpTimer_IT)
    HAL_RTCEx_WakeUpTimerEventCallback       0x080025a5   Thumb Code    50  rtc.o(i.HAL_RTCEx_WakeUpTimerEventCallback)
    HAL_RTCEx_WakeUpTimerIRQHandler          0x080025e1   Thumb Code    48  stm32l0xx_hal_rtc_ex.o(i.HAL_RTCEx_WakeUpTimerIRQHandler)
    HAL_RTC_Init                             0x08002619   Thumb Code   184  stm32l0xx_hal_rtc.o(i.HAL_RTC_Init)
    HAL_RTC_MspInit                          0x080026d5   Thumb Code    40  rtc.o(i.HAL_RTC_MspInit)
    HAL_RTC_WaitForSynchro                   0x08002705   Thumb Code    52  stm32l0xx_hal_rtc.o(i.HAL_RTC_WaitForSynchro)
    HAL_ResumeTick                           0x08002739   Thumb Code    12  stm32l0xx_hal.o(i.HAL_ResumeTick)
    HAL_SYSTICK_Config                       0x08002749   Thumb Code    38  stm32l0xx_hal_cortex.o(i.HAL_SYSTICK_Config)
    HAL_SuspendTick                          0x08002779   Thumb Code    12  stm32l0xx_hal.o(i.HAL_SuspendTick)
    HardFault_Handler                        0x08002789   Thumb Code     2  stm32l0xx_it.o(i.HardFault_Handler)
    LED_Blinking                             0x0800278d   Thumb Code    20  main.o(i.LED_Blinking)
    LL_EXTI_Init                             0x080027bd   Thumb Code   156  stm32l0xx_ll_exti.o(i.LL_EXTI_Init)
    LL_GPIO_Init                             0x08002871   Thumb Code   174  stm32l0xx_ll_gpio.o(i.LL_GPIO_Init)
    LL_RCC_GetUSARTClockFreq                 0x080029d1   Thumb Code   132  stm32l0xx_ll_rcc.o(i.LL_RCC_GetUSARTClockFreq)
    LL_SPI_DeInit                            0x08002aa1   Thumb Code    56  stm32l0xx_ll_spi.o(i.LL_SPI_DeInit)
    LL_SPI_Init                              0x08002ae5   Thumb Code   102  stm32l0xx_ll_spi.o(i.LL_SPI_Init)
    LL_USART_DeInit                          0x08002b91   Thumb Code    58  stm32l0xx_ll_usart.o(i.LL_USART_DeInit)
    LL_USART_Init                            0x08002c09   Thumb Code   150  stm32l0xx_ll_usart.o(i.LL_USART_Init)
    MX_CRC_Init                              0x08002cb1   Thumb Code    40  crc.o(i.MX_CRC_Init)
    MX_GPIO_Init                             0x08002ce1   Thumb Code   662  gpio.o(i.MX_GPIO_Init)
    MX_IWDG_Init                             0x08002f85   Thumb Code    30  iwdg.o(i.MX_IWDG_Init)
    MX_RTC_Init                              0x08002fb9   Thumb Code    62  rtc.o(i.MX_RTC_Init)
    MX_SPI1_DeInit                           0x08003001   Thumb Code   102  spi.o(i.MX_SPI1_DeInit)
    MX_SPI1_Init                             0x08003071   Thumb Code   198  spi.o(i.MX_SPI1_Init)
    MX_SPI2_DeInit                           0x08003141   Thumb Code   116  spi.o(i.MX_SPI2_DeInit)
    MX_SPI2_Init                             0x080031c1   Thumb Code   188  spi.o(i.MX_SPI2_Init)
    MX_USART1_UART_DeInit                    0x08003289   Thumb Code    94  usart.o(i.MX_USART1_UART_DeInit)
    MX_USART1_UART_Init                      0x080032ed   Thumb Code   168  usart.o(i.MX_USART1_UART_Init)
    NMI_Handler                              0x080033a1   Thumb Code     2  stm32l0xx_it.o(i.NMI_Handler)
    PendSV_Handler                           0x080033a3   Thumb Code     2  stm32l0xx_it.o(i.PendSV_Handler)
    RFIDInitial                              0x08003475   Thumb Code    68  cc1101.o(i.RFIDInitial)
    RNG_Gen                                  0x080034bd   Thumb Code    50  rand_bytes_gen.o(i.RNG_Gen)
    RNG_Init                                 0x080034f9   Thumb Code   102  rand_bytes_gen.o(i.RNG_Init)
    RNGfree                                  0x0800356d   Thumb Code    42  crypto.o(i.RNGfree)
    RNGgenBytes                              0x080035a1   Thumb Code   154  crypto.o(i.RNGgenBytes)
    RNGinit                                  0x08003649   Thumb Code   194  crypto.o(i.RNGinit)
    RTC_EnterInitMode                        0x08003721   Thumb Code    56  stm32l0xx_hal_rtc.o(i.RTC_EnterInitMode)
    RTC_IRQHandler                           0x08003759   Thumb Code    10  stm32l0xx_it.o(i.RTC_IRQHandler)
    SPI_ExchangeByte                         0x08003769   Thumb Code    22  spi.o(i.SPI_ExchangeByte)
    SVC_Handler                              0x0800377f   Thumb Code     2  stm32l0xx_it.o(i.SVC_Handler)
    Show_Message                             0x08003781   Thumb Code   120  main.o(i.Show_Message)
    SpiFunction                              0x080037fd   Thumb Code    52  spi.o(i.SpiFunction)
    SysTick_Handler                          0x08003831   Thumb Code     8  stm32l0xx_it.o(i.SysTick_Handler)
    SystemClock_Config                       0x08003839   Thumb Code   140  main.o(i.SystemClock_Config)
    SystemInit                               0x080038c9   Thumb Code    66  system_stm32l0xx.o(i.SystemInit)
    System_Initial                           0x0800391d   Thumb Code   244  main.o(i.System_Initial)
    USART1_IRQHandler                        0x08003a29   Thumb Code    32  stm32l0xx_it.o(i.USART1_IRQHandler)
    USART_CharReception_Callback             0x08003a4d   Thumb Code    46  usart.o(i.USART_CharReception_Callback)
    __ARM_common_ll_muluu                    0x08003a85   Thumb Code    50  crypto.o(i.__ARM_common_ll_muluu)
    __scatterload_copy                       0x08003bf5   Thumb Code    14  handlers.o(i.__scatterload_copy)
    __scatterload_null                       0x08003c03   Thumb Code     2  handlers.o(i.__scatterload_null)
    __scatterload_zeroinit                   0x08003c05   Thumb Code    14  handlers.o(i.__scatterload_zeroinit)
    crl_DRBG_AES128_Generate                 0x08003c15   Thumb Code   526  crypto.o(i.crl_DRBG_AES128_Generate)
    main                                     0x08003e31   Thumb Code   516  main.o(i.main)
    AHBPrescTable                            0x080040be   Data          16  system_stm32l0xx.o(.constdata)
    PLLMulTable                              0x080040ce   Data           9  system_stm32l0xx.o(.constdata)
    APBPrescTable                            0x080040d7   Data           8  system_stm32l0xx.o(.constdata)
    Sbox                                     0x080040e4   Data         256  crypto.o(.constdata)
    InvSbox                                  0x080041e4   Data         256  crypto.o(.constdata)
    rcon                                     0x080042e4   Data          40  crypto.o(.constdata)
    enc_table                                0x0800430c   Data        1024  crypto.o(.constdata)
    dec_table                                0x0800470c   Data        1024  crypto.o(.constdata)
    SP1                                      0x08004d2c   Data         256  crypto.o(.constdata)
    SP2                                      0x08004e2c   Data         256  crypto.o(.constdata)
    SP3                                      0x08004f2c   Data         256  crypto.o(.constdata)
    SP4                                      0x0800502c   Data         256  crypto.o(.constdata)
    SP5                                      0x0800512c   Data         256  crypto.o(.constdata)
    SP6                                      0x0800522c   Data         256  crypto.o(.constdata)
    SP7                                      0x0800532c   Data         256  crypto.o(.constdata)
    SP8                                      0x0800542c   Data         256  crypto.o(.constdata)
    K256                                     0x0800552c   Data         256  crypto.o(.constdata)
    sigma                                    0x080058b0   Data          16  crypto.o(.constdata)
    ge25519_base                             0x08005934   Data         128  crypto.o(.constdata)
    Region$$Table$$Base                      0x08005c44   Number         0  anon$$obj.o(Region$$Table)
    Region$$Table$$Limit                     0x08005c64   Number         0  anon$$obj.o(Region$$Table)
    memory_index                             0x20000000   Data           1  adxl362.o(.data)
    mid_index                                0x20000001   Data           1  adxl362.o(.data)
    movement_cnt                             0x20000002   Data           1  adxl362.o(.data)
    climb_cnt                                0x20000003   Data           1  adxl362.o(.data)
    rest_cnt1                                0x20000004   Data           1  adxl362.o(.data)
    rest_cnt2                                0x20000005   Data           1  adxl362.o(.data)
    ingestion_cnt                            0x20000006   Data           1  adxl362.o(.data)
    rest_cnt                                 0x20000007   Data           1  adxl362.o(.data)
    deta_a_cnt                               0x20000008   Data           1  adxl362.o(.data)
    jicha_cnt                                0x20000009   Data           1  adxl362.o(.data)
    action                                   0x2000000a   Data           1  adxl362.o(.data)
    memory_index_o                           0x2000000b   Data           1  adxl362.o(.data)
    max_val                                  0x2000000c   Data           2  adxl362.o(.data)
    min_val                                  0x2000000e   Data           2  adxl362.o(.data)
    eighteen_average                         0x20000010   Data           2  adxl362.o(.data)
    sum_eighteen_average                     0x20000012   Data           2  adxl362.o(.data)
    action_classify_array                    0x20000014   Data           6  adxl362.o(.data)
    threshold_judge                          0x2000001a   Data           8  adxl362.o(.data)
    rxCatch                                  0x20000022   Data           1  cc1101.o(.data)
    txFiFoUnFlow                             0x20000023   Data           1  cc1101.o(.data)
    PaTabel                                  0x20000024   Data           8  cc1101.o(.data)
    status                                   0x2000002c   Data           4  rand_bytes_gen.o(.data)
    nonce                                    0x20000030   Data           6  rand_bytes_gen.o(.data)
    personalization_String                   0x20000036   Data           8  rand_bytes_gen.o(.data)
    entropy_data                             0x2000003e   Data          32  rand_bytes_gen.o(.data)
    ErrorIndex                               0x2000005e   Data           1  main.o(.data)
    delayRand                                0x2000005f   Data           1  main.o(.data)
    resetCnt                                 0x20000060   Data           2  main.o(.data)
    rtc                                      0x20000062   Data           3  rtc.o(.data)
    uwTickFreq                               0x20000068   Data           1  stm32l0xx_hal.o(.data)
    uwTickPrio                               0x2000006c   Data           4  stm32l0xx_hal.o(.data)
    uwTick                                   0x20000070   Data           4  stm32l0xx_hal.o(.data)
    SystemCoreClock                          0x20000074   Data           4  system_stm32l0xx.o(.data)
    three_axis_info                          0x2000007c   Data        1020  adxl362.o(.bss)
    diff_three_axis_info                     0x20000478   Data          12  adxl362.o(.bss)
    three_axis_average_info                  0x20000484   Data          12  adxl362.o(.bss)
    sum_info                                 0x20000490   Data          12  adxl362.o(.bss)
    action_classify                          0x2000049c   Data          12  adxl362.o(.bss)
    memory_array                             0x200004a8   Data         288  adxl362.o(.bss)
    fifo                                     0x200005c8   Data        1024  adxl362.o(.bss)
    step                                     0x200009c8   Data         146  adxl362.o(.bss)
    cc1101                                   0x20000a5c   Data         396  cc1101.o(.bss)
    RandomString                             0x20000be8   Data          32  rand_bytes_gen.o(.bss)
    RNGstate                                 0x20000c08   Data          44  rand_bytes_gen.o(.bss)
    RNGinit_st                               0x20000c34   Data          24  rand_bytes_gen.o(.bss)
    device                                   0x20000c4c   Data          16  main.o(.bss)
    hcrc                                     0x20000c5c   Data          36  crc.o(.bss)
    hrtc                                     0x20000c80   Data          36  rtc.o(.bss)
    usart                                    0x20000ca4   Data          26  usart.o(.bss)
    pFlash                                   0x20000cc0   Data          24  stm32l0xx_hal_flash.o(.bss)
    __initial_sp                             0x200010d8   Data           0  startup_stm32l051xx.o(STACK)



==============================================================================

Memory Map of the image

  Image Entry point : 0x080000c1

  Load Region LR_IROM1 (Base: 0x08000000, Size: 0x00005ce0, Max: 0x00010000, ABSOLUTE)

    Execution Region ER_IROM1 (Exec base: 0x08000000, Load base: 0x08000000, Size: 0x00005c64, Max: 0x00010000, ABSOLUTE)

    Exec Addr    Load Addr    Size         Type   Attr      Idx    E Section Name        Object

    0x08000000   0x08000000   0x000000c0   Data   RO            3    RESET               startup_stm32l051xx.o
    0x080000c0   0x080000c0   0x00000000   Code   RO         4456  * .ARM.Collect$$$$00000000  mc_p.l(entry.o)
    0x080000c0   0x080000c0   0x00000004   Code   RO         4482    .ARM.Collect$$$$00000001  mc_p.l(entry2.o)
    0x080000c4   0x080000c4   0x00000004   Code   RO         4485    .ARM.Collect$$$$00000004  mc_p.l(entry5.o)
    0x080000c8   0x080000c8   0x00000000   Code   RO         4487    .ARM.Collect$$$$00000008  mc_p.l(entry7b.o)
    0x080000c8   0x080000c8   0x00000000   Code   RO         4489    .ARM.Collect$$$$0000000A  mc_p.l(entry8b.o)
    0x080000c8   0x080000c8   0x00000008   Code   RO         4490    .ARM.Collect$$$$0000000B  mc_p.l(entry9a.o)
    0x080000d0   0x080000d0   0x00000000   Code   RO         4492    .ARM.Collect$$$$0000000D  mc_p.l(entry10a.o)
    0x080000d0   0x080000d0   0x00000000   Code   RO         4494    .ARM.Collect$$$$0000000F  mc_p.l(entry11a.o)
    0x080000d0   0x080000d0   0x00000004   Code   RO         4483    .ARM.Collect$$$$00002712  mc_p.l(entry2.o)
    0x080000d4   0x080000d4   0x0000001c   Code   RO            4    .text               startup_stm32l051xx.o
    0x080000f0   0x080000f0   0x0000002c   Code   RO         4459    .text               mc_p.l(uidiv.o)
    0x0800011c   0x0800011c   0x00000028   Code   RO         4461    .text               mc_p.l(idiv.o)
    0x08000144   0x08000144   0x00000060   Code   RO         4463    .text               mc_p.l(uldiv.o)
    0x080001a4   0x080001a4   0x00000024   Code   RO         4467    .text               mc_p.l(rand.o)
    0x080001c8   0x080001c8   0x00000040   Code   RO         4472    .text               mc_p.l(memmovea.o)
    0x08000208   0x08000208   0x00000024   Code   RO         4474    .text               mc_p.l(memseta.o)
    0x0800022c   0x0800022c   0x00000014   Code   RO         4480    .text               mc_p.l(uread4.o)
    0x08000240   0x08000240   0x00000020   Code   RO         4496    .text               mc_p.l(llshl.o)
    0x08000260   0x08000260   0x00000022   Code   RO         4498    .text               mc_p.l(llushr.o)
    0x08000282   0x08000282   0x00000002   PAD
    0x08000284   0x08000284   0x00000024   Code   RO         4500    .text               mc_p.l(init.o)
    0x080002a8   0x080002a8   0x000004c4   Code   RO           15    i.ADXL362FifoProcess  adxl362.o
    0x0800076c   0x0800076c   0x00000040   Code   RO           16    i.ADXL362FifoRead   adxl362.o
    0x080007ac   0x080007ac   0x00000048   Code   RO           17    i.ADXL362RegisterRead  adxl362.o
    0x080007f4   0x080007f4   0x00000044   Code   RO           18    i.ADXL362RegisterWrite  adxl362.o
    0x08000838   0x08000838   0x0000019c   Code   RO           19    i.ADXL362_Init      adxl362.o
    0x080009d4   0x080009d4   0x000002e4   Code   RO         3877    i.AES_general_SW_enc  STM32CryptographicV3.0.0_CM0PLUS_KEIL_otslsm1elfspf.lib(crypto.o)
    0x08000cb8   0x08000cb8   0x00000170   Code   RO         3880    i.AES_keyschedule_enc_LL  STM32CryptographicV3.0.0_CM0PLUS_KEIL_otslsm1elfspf.lib(crypto.o)
    0x08000e28   0x08000e28   0x00000010   Code   RO          257    i.CC1101ClrTXBuff   cc1101.o
    0x08000e38   0x08000e38   0x00000048   Code   RO          259    i.CC1101Init        cc1101.o
    0x08000e80   0x08000e80   0x0000003c   Code   RO          262    i.CC1101ReadReg     cc1101.o
    0x08000ebc   0x08000ebc   0x0000005a   Code   RO          266    i.CC1101Reset       cc1101.o
    0x08000f16   0x08000f16   0x00000002   PAD
    0x08000f18   0x08000f18   0x00000190   Code   RO          268    i.CC1101SendHandler  cc1101.o
    0x080010a8   0x080010a8   0x000000dc   Code   RO          269    i.CC1101SendPacket  cc1101.o
    0x08001184   0x08001184   0x00000014   Code   RO          270    i.CC1101SetAddress  cc1101.o
    0x08001198   0x08001198   0x00000016   Code   RO          272    i.CC1101SetSYNC     cc1101.o
    0x080011ae   0x080011ae   0x00000036   Code   RO          273    i.CC1101SetTRMode   cc1101.o
    0x080011e4   0x080011e4   0x00000026   Code   RO          274    i.CC1101SetWORMode  cc1101.o
    0x0800120a   0x0800120a   0x0000002c   Code   RO          275    i.CC1101WORInit     cc1101.o
    0x08001236   0x08001236   0x00000002   PAD
    0x08001238   0x08001238   0x0000002c   Code   RO          276    i.CC1101WriteCmd    cc1101.o
    0x08001264   0x08001264   0x00000048   Code   RO          277    i.CC1101WriteMultiReg  cc1101.o
    0x080012ac   0x080012ac   0x00000038   Code   RO          278    i.CC1101WriteReg    cc1101.o
    0x080012e4   0x080012e4   0x0000004a   Code   RO          279    i.CC1101_GDO_DeInit  cc1101.o
    0x0800132e   0x0800132e   0x00000090   Code   RO          280    i.CC1101_GDO_Init   cc1101.o
    0x080013be   0x080013be   0x00000038   Code   RO         1284    i.CRC_Handle_16     stm32l0xx_hal_crc.o
    0x080013f6   0x080013f6   0x00000080   Code   RO         1285    i.CRC_Handle_8      stm32l0xx_hal_crc.o
    0x08001476   0x08001476   0x00000002   PAD
    0x08001478   0x08001478   0x00000048   Code   RO          711    i.DATAEEPROM_Program  main.o
    0x080014c0   0x080014c0   0x000000d4   Code   RO         3928    i.DRBG_AES128_Bcc   STM32CryptographicV3.0.0_CM0PLUS_KEIL_otslsm1elfspf.lib(crypto.o)
    0x08001594   0x08001594   0x000000d4   Code   RO         3929    i.DRBG_AES128_Block_cipher_df  STM32CryptographicV3.0.0_CM0PLUS_KEIL_otslsm1elfspf.lib(crypto.o)
    0x08001668   0x08001668   0x00000082   Code   RO         3930    i.DRBG_AES128_Update  STM32CryptographicV3.0.0_CM0PLUS_KEIL_otslsm1elfspf.lib(crypto.o)
    0x080016ea   0x080016ea   0x00000002   PAD
    0x080016ec   0x080016ec   0x00000024   Code   RO         1127    i.EXTI0_1_IRQHandler  stm32l0xx_it.o
    0x08001710   0x08001710   0x00000024   Code   RO         1128    i.EXTI2_3_IRQHandler  stm32l0xx_it.o
    0x08001734   0x08001734   0x00000024   Code   RO         1129    i.EXTI4_15_IRQHandler  stm32l0xx_it.o
    0x08001758   0x08001758   0x00000060   Code   RO         1029    i.Error_Callback    usart.o
    0x080017b8   0x080017b8   0x0000001c   Code   RO          713    i.Error_Handler     main.o
    0x080017d4   0x080017d4   0x00000090   Code   RO         2301    i.FLASH_SetErrorCode  stm32l0xx_hal_flash.o
    0x08001864   0x08001864   0x00000070   Code   RO         2302    i.FLASH_WaitForLastOperation  stm32l0xx_hal_flash.o
    0x080018d4   0x080018d4   0x00000038   Code   RO          714    i.Get_SerialNum     main.o
    0x0800190c   0x0800190c   0x00000050   Code   RO         1352    i.HAL_CRCEx_Polynomial_Set  stm32l0xx_hal_crc_ex.o
    0x0800195c   0x0800195c   0x0000004a   Code   RO         1287    i.HAL_CRC_Calculate  stm32l0xx_hal_crc.o
    0x080019a6   0x080019a6   0x00000034   Code   RO         1288    i.HAL_CRC_DeInit    stm32l0xx_hal_crc.o
    0x080019da   0x080019da   0x00000002   PAD
    0x080019dc   0x080019dc   0x0000007c   Code   RO         1290    i.HAL_CRC_Init      stm32l0xx_hal_crc.o
    0x08001a58   0x08001a58   0x0000001c   Code   RO          856    i.HAL_CRC_MspDeInit  crc.o
    0x08001a74   0x08001a74   0x00000024   Code   RO          857    i.HAL_CRC_MspInit   crc.o
    0x08001a98   0x08001a98   0x00000024   Code   RO         1391    i.HAL_Delay         stm32l0xx_hal.o
    0x08001abc   0x08001abc   0x00000010   Code   RO         2399    i.HAL_FLASHEx_DATAEEPROM_DisableFixedTimeProgram  stm32l0xx_hal_flash_ex.o
    0x08001acc   0x08001acc   0x00000010   Code   RO         2400    i.HAL_FLASHEx_DATAEEPROM_EnableFixedTimeProgram  stm32l0xx_hal_flash_ex.o
    0x08001adc   0x08001adc   0x00000028   Code   RO         2401    i.HAL_FLASHEx_DATAEEPROM_Erase  stm32l0xx_hal_flash_ex.o
    0x08001b04   0x08001b04   0x00000014   Code   RO         2402    i.HAL_FLASHEx_DATAEEPROM_Lock  stm32l0xx_hal_flash_ex.o
    0x08001b18   0x08001b18   0x00000054   Code   RO         2403    i.HAL_FLASHEx_DATAEEPROM_Program  stm32l0xx_hal_flash_ex.o
    0x08001b6c   0x08001b6c   0x00000034   Code   RO         2404    i.HAL_FLASHEx_DATAEEPROM_Unlock  stm32l0xx_hal_flash_ex.o
    0x08001ba0   0x08001ba0   0x0000000a   Code   RO         2509    i.HAL_GPIO_ReadPin  stm32l0xx_hal_gpio.o
    0x08001baa   0x08001baa   0x00000010   Code   RO         2510    i.HAL_GPIO_TogglePin  stm32l0xx_hal_gpio.o
    0x08001bba   0x08001bba   0x0000000c   Code   RO         2511    i.HAL_GPIO_WritePin  stm32l0xx_hal_gpio.o
    0x08001bc6   0x08001bc6   0x00000002   PAD
    0x08001bc8   0x08001bc8   0x0000000c   Code   RO         1395    i.HAL_GetTick       stm32l0xx_hal.o
    0x08001bd4   0x08001bd4   0x00000010   Code   RO         1401    i.HAL_IncTick       stm32l0xx_hal.o
    0x08001be4   0x08001be4   0x00000028   Code   RO         1402    i.HAL_Init          stm32l0xx_hal.o
    0x08001c0c   0x08001c0c   0x00000044   Code   RO         1403    i.HAL_InitTick      stm32l0xx_hal.o
    0x08001c50   0x08001c50   0x00000018   Code   RO         1216    i.HAL_MspInit       stm32l0xx_hal_msp.o
    0x08001c68   0x08001c68   0x00000018   Code   RO         2836    i.HAL_NVIC_EnableIRQ  stm32l0xx_hal_cortex.o
    0x08001c80   0x08001c80   0x00000008   Code   RO         2840    i.HAL_NVIC_SetPriority  stm32l0xx_hal_cortex.o
    0x08001c88   0x08001c88   0x00000010   Code   RO         2778    i.HAL_PWREx_EnableFastWakeUp  stm32l0xx_hal_pwr_ex.o
    0x08001c98   0x08001c98   0x00000010   Code   RO         2780    i.HAL_PWREx_EnableUltraLowPower  stm32l0xx_hal_pwr_ex.o
    0x08001ca8   0x08001ca8   0x00000064   Code   RO         2673    i.HAL_PWR_EnterSTOPMode  stm32l0xx_hal_pwr.o
    0x08001d0c   0x08001d0c   0x00000164   Code   RO         2197    i.HAL_RCCEx_PeriphCLKConfig  stm32l0xx_hal_rcc_ex.o
    0x08001e70   0x08001e70   0x0000019c   Code   RO         2097    i.HAL_RCC_ClockConfig  stm32l0xx_hal_rcc.o
    0x0800200c   0x0800200c   0x00000078   Code   RO         2105    i.HAL_RCC_GetSysClockFreq  stm32l0xx_hal_rcc.o
    0x08002084   0x08002084   0x00000426   Code   RO         2108    i.HAL_RCC_OscConfig  stm32l0xx_hal_rcc.o
    0x080024aa   0x080024aa   0x00000002   PAD
    0x080024ac   0x080024ac   0x000000f8   Code   RO         3410    i.HAL_RTCEx_SetWakeUpTimer_IT  stm32l0xx_hal_rtc_ex.o
    0x080025a4   0x080025a4   0x0000003c   Code   RO          917    i.HAL_RTCEx_WakeUpTimerEventCallback  rtc.o
    0x080025e0   0x080025e0   0x00000038   Code   RO         3416    i.HAL_RTCEx_WakeUpTimerIRQHandler  stm32l0xx_hal_rtc_ex.o
    0x08002618   0x08002618   0x000000bc   Code   RO         3234    i.HAL_RTC_Init      stm32l0xx_hal_rtc.o
    0x080026d4   0x080026d4   0x00000030   Code   RO          919    i.HAL_RTC_MspInit   rtc.o
    0x08002704   0x08002704   0x00000034   Code   RO         3242    i.HAL_RTC_WaitForSynchro  stm32l0xx_hal_rtc.o
    0x08002738   0x08002738   0x00000010   Code   RO         1406    i.HAL_ResumeTick    stm32l0xx_hal.o
    0x08002748   0x08002748   0x00000030   Code   RO         2844    i.HAL_SYSTICK_Config  stm32l0xx_hal_cortex.o
    0x08002778   0x08002778   0x00000010   Code   RO         1412    i.HAL_SuspendTick   stm32l0xx_hal.o
    0x08002788   0x08002788   0x00000002   Code   RO         1130    i.HardFault_Handler  stm32l0xx_it.o
    0x0800278a   0x0800278a   0x00000002   PAD
    0x0800278c   0x0800278c   0x00000018   Code   RO          715    i.LED_Blinking      main.o
    0x080027a4   0x080027a4   0x00000018   Code   RO         1030    i.LL_APB2_GRP1_EnableClock  usart.o
    0x080027bc   0x080027bc   0x000000a0   Code   RO         3187    i.LL_EXTI_Init      stm32l0xx_ll_exti.o
    0x0800285c   0x0800285c   0x00000014   Code   RO         1131    i.LL_EXTI_IsActiveFlag_0_31  stm32l0xx_it.o
    0x08002870   0x08002870   0x000000ae   Code   RO         1237    i.LL_GPIO_Init      stm32l0xx_ll_gpio.o
    0x0800291e   0x0800291e   0x00000014   Code   RO          281    i.LL_GPIO_SetPinMode  cc1101.o
    0x08002932   0x08002932   0x00000014   Code   RO          800    i.LL_GPIO_SetPinMode  gpio.o
    0x08002946   0x08002946   0x00000014   Code   RO          282    i.LL_GPIO_SetPinPull  cc1101.o
    0x0800295a   0x0800295a   0x00000014   Code   RO          801    i.LL_GPIO_SetPinPull  gpio.o
    0x0800296e   0x0800296e   0x00000002   PAD
    0x08002970   0x08002970   0x00000018   Code   RO          283    i.LL_IOP_GRP1_EnableClock  cc1101.o
    0x08002988   0x08002988   0x00000018   Code   RO          802    i.LL_IOP_GRP1_EnableClock  gpio.o
    0x080029a0   0x080029a0   0x00000018   Code   RO          963    i.LL_IOP_GRP1_EnableClock  spi.o
    0x080029b8   0x080029b8   0x00000018   Code   RO         1031    i.LL_IOP_GRP1_EnableClock  usart.o
    0x080029d0   0x080029d0   0x00000090   Code   RO         3016    i.LL_RCC_GetUSARTClockFreq  stm32l0xx_ll_rcc.o
    0x08002a60   0x08002a60   0x00000010   Code   RO         3017    i.LL_RCC_GetUSARTClockSource  stm32l0xx_ll_rcc.o
    0x08002a70   0x08002a70   0x00000010   Code   RO         3018    i.LL_RCC_HSI_IsReady  stm32l0xx_ll_rcc.o
    0x08002a80   0x08002a80   0x00000010   Code   RO         3019    i.LL_RCC_IsActiveFlag_HSIDIV  stm32l0xx_ll_rcc.o
    0x08002a90   0x08002a90   0x00000010   Code   RO         3020    i.LL_RCC_LSE_IsReady  stm32l0xx_ll_rcc.o
    0x08002aa0   0x08002aa0   0x00000044   Code   RO         3600    i.LL_SPI_DeInit     stm32l0xx_ll_spi.o
    0x08002ae4   0x08002ae4   0x0000006c   Code   RO         3601    i.LL_SPI_Init       stm32l0xx_ll_spi.o
    0x08002b50   0x08002b50   0x00000020   Code   RO          284    i.LL_SYSCFG_SetEXTISource  cc1101.o
    0x08002b70   0x08002b70   0x00000020   Code   RO          803    i.LL_SYSCFG_SetEXTISource  gpio.o
    0x08002b90   0x08002b90   0x00000048   Code   RO         3733    i.LL_USART_DeInit   stm32l0xx_ll_usart.o
    0x08002bd8   0x08002bd8   0x00000018   Code   RO         1032    i.LL_USART_EnableIT_ERROR  usart.o
    0x08002bf0   0x08002bf0   0x00000018   Code   RO         1033    i.LL_USART_EnableIT_RXNE  usart.o
    0x08002c08   0x08002c08   0x000000a8   Code   RO         3734    i.LL_USART_Init     stm32l0xx_ll_usart.o
    0x08002cb0   0x08002cb0   0x00000030   Code   RO          858    i.MX_CRC_Init       crc.o
    0x08002ce0   0x08002ce0   0x000002a4   Code   RO          804    i.MX_GPIO_Init      gpio.o
    0x08002f84   0x08002f84   0x00000034   Code   RO          894    i.MX_IWDG_Init      iwdg.o
    0x08002fb8   0x08002fb8   0x00000048   Code   RO          920    i.MX_RTC_Init       rtc.o
    0x08003000   0x08003000   0x00000070   Code   RO          964    i.MX_SPI1_DeInit    spi.o
    0x08003070   0x08003070   0x000000d0   Code   RO          965    i.MX_SPI1_Init      spi.o
    0x08003140   0x08003140   0x00000080   Code   RO          966    i.MX_SPI2_DeInit    spi.o
    0x080031c0   0x080031c0   0x000000c8   Code   RO          967    i.MX_SPI2_Init      spi.o
    0x08003288   0x08003288   0x00000064   Code   RO         1034    i.MX_USART1_UART_DeInit  usart.o
    0x080032ec   0x080032ec   0x000000b4   Code   RO         1035    i.MX_USART1_UART_Init  usart.o
    0x080033a0   0x080033a0   0x00000002   Code   RO         1132    i.NMI_Handler       stm32l0xx_it.o
    0x080033a2   0x080033a2   0x00000002   Code   RO         1133    i.PendSV_Handler    stm32l0xx_it.o
    0x080033a4   0x080033a4   0x0000001c   Code   RO         3021    i.RCC_GetHCLKClockFreq  stm32l0xx_ll_rcc.o
    0x080033c0   0x080033c0   0x00000018   Code   RO         3022    i.RCC_GetPCLK1ClockFreq  stm32l0xx_ll_rcc.o
    0x080033d8   0x080033d8   0x00000018   Code   RO         3023    i.RCC_GetPCLK2ClockFreq  stm32l0xx_ll_rcc.o
    0x080033f0   0x080033f0   0x00000084   Code   RO         3024    i.RCC_GetSystemClockFreq  stm32l0xx_ll_rcc.o
    0x08003474   0x08003474   0x00000048   Code   RO          285    i.RFIDInitial       cc1101.o
    0x080034bc   0x080034bc   0x0000003c   Code   RO          486    i.RNG_Gen           rand_bytes_gen.o
    0x080034f8   0x080034f8   0x00000074   Code   RO          487    i.RNG_Init          rand_bytes_gen.o
    0x0800356c   0x0800356c   0x00000034   Code   RO         4016    i.RNGfree           STM32CryptographicV3.0.0_CM0PLUS_KEIL_otslsm1elfspf.lib(crypto.o)
    0x080035a0   0x080035a0   0x000000a8   Code   RO         4017    i.RNGgenBytes       STM32CryptographicV3.0.0_CM0PLUS_KEIL_otslsm1elfspf.lib(crypto.o)
    0x08003648   0x08003648   0x000000d8   Code   RO         4019    i.RNGinit           STM32CryptographicV3.0.0_CM0PLUS_KEIL_otslsm1elfspf.lib(crypto.o)
    0x08003720   0x08003720   0x00000038   Code   RO         3245    i.RTC_EnterInitMode  stm32l0xx_hal_rtc.o
    0x08003758   0x08003758   0x00000010   Code   RO         1134    i.RTC_IRQHandler    stm32l0xx_it.o
    0x08003768   0x08003768   0x00000016   Code   RO          968    i.SPI_ExchangeByte  spi.o
    0x0800377e   0x0800377e   0x00000002   Code   RO         1135    i.SVC_Handler       stm32l0xx_it.o
    0x08003780   0x08003780   0x0000007c   Code   RO          717    i.Show_Message      main.o
    0x080037fc   0x080037fc   0x00000034   Code   RO          969    i.SpiFunction       spi.o
    0x08003830   0x08003830   0x00000008   Code   RO         1136    i.SysTick_Handler   stm32l0xx_it.o
    0x08003838   0x08003838   0x00000090   Code   RO          718    i.SystemClock_Config  main.o
    0x080038c8   0x080038c8   0x00000054   Code   RO         3779    i.SystemInit        system_stm32l0xx.o
    0x0800391c   0x0800391c   0x0000010c   Code   RO          719    i.System_Initial    main.o
    0x08003a28   0x08003a28   0x00000024   Code   RO         1137    i.USART1_IRQHandler  stm32l0xx_it.o
    0x08003a4c   0x08003a4c   0x00000038   Code   RO         1037    i.USART_CharReception_Callback  usart.o
    0x08003a84   0x08003a84   0x00000032   Code   RO         4454    i.__ARM_common_ll_muluu  STM32CryptographicV3.0.0_CM0PLUS_KEIL_otslsm1elfspf.lib(crypto.o)
    0x08003ab6   0x08003ab6   0x00000002   PAD
    0x08003ab8   0x08003ab8   0x00000020   Code   RO          286    i.__NVIC_DisableIRQ  cc1101.o
    0x08003ad8   0x08003ad8   0x00000020   Code   RO         1038    i.__NVIC_DisableIRQ  usart.o
    0x08003af8   0x08003af8   0x00000018   Code   RO          287    i.__NVIC_EnableIRQ  cc1101.o
    0x08003b10   0x08003b10   0x00000018   Code   RO          805    i.__NVIC_EnableIRQ  gpio.o
    0x08003b28   0x08003b28   0x00000044   Code   RO          288    i.__NVIC_SetPriority  cc1101.o
    0x08003b6c   0x08003b6c   0x00000044   Code   RO          806    i.__NVIC_SetPriority  gpio.o
    0x08003bb0   0x08003bb0   0x00000044   Code   RO         2846    i.__NVIC_SetPriority  stm32l0xx_hal_cortex.o
    0x08003bf4   0x08003bf4   0x0000000e   Code   RO         4503    i.__scatterload_copy  mc_p.l(handlers.o)
    0x08003c02   0x08003c02   0x00000002   Code   RO         4504    i.__scatterload_null  mc_p.l(handlers.o)
    0x08003c04   0x08003c04   0x0000000e   Code   RO         4505    i.__scatterload_zeroinit  mc_p.l(handlers.o)
    0x08003c12   0x08003c12   0x00000002   PAD
    0x08003c14   0x08003c14   0x0000021c   Code   RO         4082    i.crl_DRBG_AES128_Generate  STM32CryptographicV3.0.0_CM0PLUS_KEIL_otslsm1elfspf.lib(crypto.o)
    0x08003e30   0x08003e30   0x00000230   Code   RO          720    i.main              main.o
    0x08004060   0x08004060   0x0000005e   Data   RO          290    .constdata          cc1101.o
    0x080040be   0x080040be   0x00000019   Data   RO         3780    .constdata          system_stm32l0xx.o
    0x080040d7   0x080040d7   0x00000008   Data   RO         3781    .constdata          system_stm32l0xx.o
    0x080040df   0x080040df   0x00000001   PAD
    0x080040e0   0x080040e0   0x00001b64   Data   RO         4123    .constdata          STM32CryptographicV3.0.0_CM0PLUS_KEIL_otslsm1elfspf.lib(crypto.o)
    0x08005c44   0x08005c44   0x00000020   Data   RO         4502    Region$$Table       anon$$obj.o


    Execution Region RW_IRAM1 (Exec base: 0x20000000, Load base: 0x08005c64, Size: 0x000010d8, Max: 0x00002000, ABSOLUTE)

    Exec Addr    Load Addr    Size         Type   Attr      Idx    E Section Name        Object

    0x20000000   0x08005c64   0x00000022   Data   RW           21    .data               adxl362.o
    0x20000022   0x08005c86   0x0000000a   Data   RW          291    .data               cc1101.o
    0x2000002c   0x08005c90   0x00000032   Data   RW          489    .data               rand_bytes_gen.o
    0x2000005e   0x08005cc2   0x00000004   Data   RW          722    .data               main.o
    0x20000062   0x08005cc6   0x00000003   Data   RW          922    .data               rtc.o
    0x20000065   0x08005cc9   0x00000003   PAD
    0x20000068   0x08005ccc   0x0000000c   Data   RW         1413    .data               stm32l0xx_hal.o
    0x20000074   0x08005cd8   0x00000004   Data   RW         3782    .data               system_stm32l0xx.o
    0x20000078   0x08005cdc   0x00000004   Data   RW         4468    .data               mc_p.l(rand.o)
    0x2000007c        -       0x000009de   Zero   RW           20    .bss                adxl362.o
    0x20000a5a   0x08005ce0   0x00000002   PAD
    0x20000a5c        -       0x0000018c   Zero   RW          289    .bss                cc1101.o
    0x20000be8        -       0x00000064   Zero   RW          488    .bss                rand_bytes_gen.o
    0x20000c4c        -       0x00000010   Zero   RW          721    .bss                main.o
    0x20000c5c        -       0x00000024   Zero   RW          859    .bss                crc.o
    0x20000c80        -       0x00000024   Zero   RW          921    .bss                rtc.o
    0x20000ca4        -       0x0000001a   Zero   RW         1040    .bss                usart.o
    0x20000cbe   0x08005ce0   0x00000002   PAD
    0x20000cc0        -       0x00000018   Zero   RW         2314    .bss                stm32l0xx_hal_flash.o
    0x20000cd8        -       0x00000400   Zero   RW            1    STACK               startup_stm32l051xx.o


==============================================================================

Image component sizes


      Code (inc. data)   RO Data    RW Data    ZI Data      Debug   Object Name

      1836         80          0         34       2526     308375   adxl362.o
      1718         96         94         10        396      37556   cc1101.o
       112         24          0          0         36       1951   crc.o
       864         38          0          0          0      17471   gpio.o
        52         22          0          0          0       2583   iwdg.o
      1276        104          0          4         16       9861   main.o
       176         24          0         50        100       2865   rand_bytes_gen.o
       180         28          0          3         36       2388   rtc.o
       746         50          0          0          0      18902   spi.o
        28          8        192          0       1024        632   startup_stm32l051xx.o
       204         36          0         12          0       9616   stm32l0xx_hal.o
       148         24          0          0          0      12105   stm32l0xx_hal_cortex.o
       434          6          0          0          0       4264   stm32l0xx_hal_crc.o
        80          0          0          0          0       1319   stm32l0xx_hal_crc_ex.o
       256         16          0          0         24       1722   stm32l0xx_hal_flash.o
       228         44          0          0          0       4099   stm32l0xx_hal_flash_ex.o
        38          0          0          0          0       2264   stm32l0xx_hal_gpio.o
        24          4          0          0          0        442   stm32l0xx_hal_msp.o
       100         12          0          0          0        748   stm32l0xx_hal_pwr.o
        32          8          0          0          0       1041   stm32l0xx_hal_pwr_ex.o
      1594         66          0          0          0       4494   stm32l0xx_hal_rcc.o
       356         14          0          0          0       1436   stm32l0xx_hal_rcc_ex.o
       296          4          0          0          0       2804   stm32l0xx_hal_rtc.o
       304         18          0          0          0       2568   stm32l0xx_hal_rtc_ex.o
       196         44          0          0          0      26660   stm32l0xx_it.o
       160          4          0          0          0       5083   stm32l0xx_ll_exti.o
       174          0          0          0          0       6895   stm32l0xx_ll_gpio.o
       416         76          0          0          0      19411   stm32l0xx_ll_rcc.o
       176         18          0          0          0      18830   stm32l0xx_ll_spi.o
       240         32          0          0          0      22622   stm32l0xx_ll_usart.o
        84         18         33          4          0       1235   system_stm32l0xx.o
       560         56          0          0         26      40274   usart.o

    ----------------------------------------------------------------------
     13104        974        352        120       4188     592516   Object Totals
         0          0         32          0          0          0   (incl. Generated)
        16          0          1          3          4          0   (incl. Padding)

    ----------------------------------------------------------------------

      Code (inc. data)   RO Data    RW Data    ZI Data      Debug   Library Member Name

      2688         86       7012          0          0        852   crypto.o
         0          0          0          0          0          0   entry.o
         0          0          0          0          0          0   entry10a.o
         0          0          0          0          0          0   entry11a.o
         8          4          0          0          0          0   entry2.o
         4          0          0          0          0          0   entry5.o
         0          0          0          0          0          0   entry7b.o
         0          0          0          0          0          0   entry8b.o
         8          4          0          0          0          0   entry9a.o
        30          0          0          0          0          0   handlers.o
        40          0          0          0          0         72   idiv.o
        36          8          0          0          0         68   init.o
        32          0          0          0          0         68   llshl.o
        34          0          0          0          0         68   llushr.o
        64          0          0          0          0         68   memmovea.o
        36          0          0          0          0        100   memseta.o
        36         12          0          4          0        120   rand.o
        44          0          0          0          0         72   uidiv.o
        96          0          0          0          0         84   uldiv.o
        20          0          0          0          0         60   uread4.o

    ----------------------------------------------------------------------
      3184        114       7012          4          0       1632   Library Totals
         8          0          0          0          0          0   (incl. Padding)

    ----------------------------------------------------------------------

      Code (inc. data)   RO Data    RW Data    ZI Data      Debug   Library Name

      2688         86       7012          0          0        852   STM32CryptographicV3.0.0_CM0PLUS_KEIL_otslsm1elfspf.lib
       488         28          0          4          0        780   mc_p.l

    ----------------------------------------------------------------------
      3184        114       7012          4          0       1632   Library Totals

    ----------------------------------------------------------------------

==============================================================================


      Code (inc. data)   RO Data    RW Data    ZI Data      Debug   

     16288       1088       7364        124       4188     587612   Grand Totals
     16288       1088       7364        124       4188     587612   ELF Image Totals
     16288       1088       7364        124          0          0   ROM Totals

==============================================================================

    Total RO  Size (Code + RO Data)                23652 (  23.10kB)
    Total RW  Size (RW Data + ZI Data)              4312 (   4.21kB)
    Total ROM Size (Code + RO Data + RW Data)      23776 (  23.22kB)

==============================================================================

