Component: ARM Compiler 5.06 update 6 (build 750) Tool: armlink [4d35ed]

==============================================================================

Section Cross References

    startup_stm32l051xx.o(RESET) refers to startup_stm32l051xx.o(STACK) for __initial_sp
    startup_stm32l051xx.o(RESET) refers to startup_stm32l051xx.o(.text) for Reset_Handler
    startup_stm32l051xx.o(RESET) refers to stm32l0xx_it.o(i.NMI_Handler) for NMI_Handler
    startup_stm32l051xx.o(RESET) refers to stm32l0xx_it.o(i.HardFault_Handler) for HardFault_Handler
    startup_stm32l051xx.o(RESET) refers to stm32l0xx_it.o(i.SVC_Handler) for SVC_Handler
    startup_stm32l051xx.o(RESET) refers to stm32l0xx_it.o(i.PendSV_Handler) for PendSV_Handler
    startup_stm32l051xx.o(RESET) refers to stm32l0xx_it.o(i.SysTick_Handler) for SysTick_Handler
    startup_stm32l051xx.o(RESET) refers to stm32l0xx_it.o(i.RTC_IRQHandler) for RTC_IRQHandler
    startup_stm32l051xx.o(RESET) refers to stm32l0xx_it.o(i.EXTI0_1_IRQHandler) for EXTI0_1_IRQHandler
    startup_stm32l051xx.o(RESET) refers to stm32l0xx_it.o(i.EXTI2_3_IRQHandler) for EXTI2_3_IRQHandler
    startup_stm32l051xx.o(RESET) refers to stm32l0xx_it.o(i.EXTI4_15_IRQHandler) for EXTI4_15_IRQHandler
    startup_stm32l051xx.o(RESET) refers to stm32l0xx_it.o(i.LPTIM1_IRQHandler) for LPTIM1_IRQHandler
    startup_stm32l051xx.o(RESET) refers to stm32l0xx_it.o(i.USART1_IRQHandler) for USART1_IRQHandler
    startup_stm32l051xx.o(.text) refers to system_stm32l0xx.o(i.SystemInit) for SystemInit
    startup_stm32l051xx.o(.text) refers to entry.o(.ARM.Collect$$$$00000000) for __main
    adxl362.o(i.ADXL362BurstRead) refers to stm32l0xx_hal_gpio.o(i.HAL_GPIO_WritePin) for HAL_GPIO_WritePin
    adxl362.o(i.ADXL362BurstRead) refers to spi.o(i.SpiFunction) for SpiFunction
    adxl362.o(i.ADXL362BurstWrite) refers to stm32l0xx_hal_gpio.o(i.HAL_GPIO_WritePin) for HAL_GPIO_WritePin
    adxl362.o(i.ADXL362BurstWrite) refers to spi.o(i.SpiFunction) for SpiFunction
    adxl362.o(i.ADXL362FifoEntries) refers to adxl362.o(i.ADXL362RegisterRead) for ADXL362RegisterRead
    adxl362.o(i.ADXL362FifoProcess) refers to memseta.o(.text) for __aeabi_memclr
    adxl362.o(i.ADXL362FifoProcess) refers to printfa.o(i.__0printf) for __2printf
    adxl362.o(i.ADXL362FifoProcess) refers to dflti.o(.text) for __aeabi_i2d
    adxl362.o(i.ADXL362FifoProcess) refers to pow.o(i.pow) for pow
    adxl362.o(i.ADXL362FifoProcess) refers to dadd.o(.text) for __aeabi_dadd
    adxl362.o(i.ADXL362FifoProcess) refers to sqrt.o(i.sqrt) for sqrt
    adxl362.o(i.ADXL362FifoProcess) refers to cdcmple.o(.text) for __aeabi_cdcmple
    adxl362.o(i.ADXL362FifoProcess) refers to ddiv.o(.text) for __aeabi_ddiv
    adxl362.o(i.ADXL362FifoProcess) refers to acos.o(i.acos) for acos
    adxl362.o(i.ADXL362FifoProcess) refers to dfltui.o(.text) for __aeabi_ui2d
    adxl362.o(i.ADXL362FifoProcess) refers to cdrcmple.o(.text) for __aeabi_cdrcmple
    adxl362.o(i.ADXL362FifoProcess) refers to adxl362.o(i.ADXL362RegisterRead) for ADXL362RegisterRead
    adxl362.o(i.ADXL362FifoProcess) refers to adxl362.o(.bss) for .bss
    adxl362.o(i.ADXL362FifoProcess) refers to adxl362.o(.data) for .data
    adxl362.o(i.ADXL362FifoRead) refers to stm32l0xx_hal_gpio.o(i.HAL_GPIO_WritePin) for HAL_GPIO_WritePin
    adxl362.o(i.ADXL362FifoRead) refers to spi.o(i.SpiFunction) for SpiFunction
    adxl362.o(i.ADXL362RegisterRead) refers to stm32l0xx_hal_gpio.o(i.HAL_GPIO_WritePin) for HAL_GPIO_WritePin
    adxl362.o(i.ADXL362RegisterRead) refers to spi.o(i.SpiFunction) for SpiFunction
    adxl362.o(i.ADXL362RegisterWrite) refers to stm32l0xx_hal_gpio.o(i.HAL_GPIO_WritePin) for HAL_GPIO_WritePin
    adxl362.o(i.ADXL362RegisterWrite) refers to spi.o(i.SpiFunction) for SpiFunction
    adxl362.o(i.ADXL362_Init) refers to memseta.o(.text) for __aeabi_memclr
    adxl362.o(i.ADXL362_Init) refers to adxl362.o(i.ADXL362RegisterWrite) for ADXL362RegisterWrite
    adxl362.o(i.ADXL362_Init) refers to stm32l0xx_hal.o(i.HAL_Delay) for HAL_Delay
    adxl362.o(i.ADXL362_Init) refers to adxl362.o(i.ADXL362RegisterRead) for ADXL362RegisterRead
    adxl362.o(i.ADXL362_Init) refers to printfa.o(i.__0printf) for __2printf
    adxl362.o(i.ADXL362_Init) refers to main.o(i.Error_Handler) for Error_Handler
    adxl362.o(i.ADXL362_Init) refers to adxl362.o(.bss) for .bss
    adxl362.o(i.ADXL362_Init) refers to main.o(.data) for ErrorIndex
    adxl362.o(i.ADXL362_ReInit) refers to adxl362.o(i.ADXL362RegisterWrite) for ADXL362RegisterWrite
    adxl362.o(i.ADXL362_ReInit) refers to stm32l0xx_hal.o(i.HAL_Delay) for HAL_Delay
    cc1101.o(i.CC1101ClrRXBuff) refers to cc1101.o(i.CC1101WriteCmd) for CC1101WriteCmd
    cc1101.o(i.CC1101ClrTXBuff) refers to cc1101.o(i.CC1101WriteCmd) for CC1101WriteCmd
    cc1101.o(i.CC1101GetRXCnt) refers to cc1101.o(i.CC1101ReadStatus) for CC1101ReadStatus
    cc1101.o(i.CC1101Init) refers to cc1101.o(i.CC1101Reset) for CC1101Reset
[...]
    ../Drivers/STM32L0xx_HAL_Driver/Src/stm32l0xx_hal_pwr.c 0x00000000   Number         0  stm32l0xx_hal_pwr.o ABSOLUTE
    ../Drivers/STM32L0xx_HAL_Driver/Src/stm32l0xx_hal_pwr_ex.c 0x00000000   Number         0  stm32l0xx_hal_pwr_ex.o ABSOLUTE
    ../Drivers/STM32L0xx_HAL_Driver/Src/stm32l0xx_hal_rcc.c 0x00000000   Number         0  stm32l0xx_hal_rcc.o ABSOLUTE
    ../Drivers/STM32L0xx_HAL_Driver/Src/stm32l0xx_hal_rcc_ex.c 0x00000000   Number         0  stm32l0xx_hal_rcc_ex.o ABSOLUTE
    ../Drivers/STM32L0xx_HAL_Driver/Src/stm32l0xx_hal_rtc.c 0x00000000   Number         0  stm32l0xx_hal_rtc.o ABSOLUTE
    ../Drivers/STM32L0xx_HAL_Driver/Src/stm32l0xx_hal_rtc_ex.c 0x00000000   Number         0  stm32l0xx_hal_rtc_ex.o ABSOLUTE
    ../Drivers/STM32L0xx_HAL_Driver/Src/stm32l0xx_hal_tim.c 0x00000000   Number         0  stm32l0xx_hal_tim.o ABSOLUTE
    ../Drivers/STM32L0xx_HAL_Driver/Src/stm32l0xx_hal_tim_ex.c 0x00000000   Number         0  stm32l0xx_hal_tim_ex.o ABSOLUTE
    ../Drivers/STM32L0xx_HAL_Driver/Src/stm32l0xx_ll_dma.c 0x00000000   Number         0  stm32l0xx_ll_dma.o ABSOLUTE
    ../Drivers/STM32L0xx_HAL_Driver/Src/stm32l0xx_ll_exti.c 0x00000000   Number         0  stm32l0xx_ll_exti.o ABSOLUTE
    ../Drivers/STM32L0xx_HAL_Driver/Src/stm32l0xx_ll_gpio.c 0x00000000   Number         0  stm32l0xx_ll_gpio.o ABSOLUTE
    ../Drivers/STM32L0xx_HAL_Driver/Src/stm32l0xx_ll_lptim.c 0x00000000   Number         0  stm32l0xx_ll_lptim.o ABSOLUTE
    ../Drivers/STM32L0xx_HAL_Driver/Src/stm32l0xx_ll_rcc.c 0x00000000   Number         0  stm32l0xx_ll_rcc.o ABSOLUTE
    ../Drivers/STM32L0xx_HAL_Driver/Src/stm32l0xx_ll_spi.c 0x00000000   Number         0  stm32l0xx_ll_spi.o ABSOLUTE
    ../Drivers/STM32L0xx_HAL_Driver/Src/stm32l0xx_ll_usart.c 0x00000000   Number         0  stm32l0xx_ll_usart.o ABSOLUTE
    ../Drivers/STM32L0xx_HAL_Driver/Src/stm32l0xx_ll_utils.c 0x00000000   Number         0  stm32l0xx_ll_utils.o ABSOLUTE
    ../clib/microlib/division.c              0x00000000   Number         0  uldiv.o ABSOLUTE
    ../clib/microlib/division.c              0x00000000   Number         0  uidiv.o ABSOLUTE
    ../clib/microlib/errno.c                 0x00000000   Number         0  errno.o ABSOLUTE
    ../clib/microlib/init/entry.s            0x00000000   Number         0  entry7a.o ABSOLUTE
    ../clib/microlib/init/entry.s            0x00000000   Number         0  entry7b.o ABSOLUTE
    ../clib/microlib/init/entry.s            0x00000000   Number         0  entry8a.o ABSOLUTE
    ../clib/microlib/init/entry.s            0x00000000   Number         0  entry8b.o ABSOLUTE
    ../clib/microlib/init/entry.s            0x00000000   Number         0  entry2.o ABSOLUTE
    ../clib/microlib/init/entry.s            0x00000000   Number         0  entry5.o ABSOLUTE
    ../clib/microlib/init/entry.s            0x00000000   Number         0  entry9a.o ABSOLUTE
    ../clib/microlib/init/entry.s            0x00000000   Number         0  entry10a.o ABSOLUTE
    ../clib/microlib/init/entry.s            0x00000000   Number         0  entry9b.o ABSOLUTE
    ../clib/microlib/init/entry.s            0x00000000   Number         0  entry11b.o ABSOLUTE
    ../clib/microlib/init/entry.s            0x00000000   Number         0  entry11a.o ABSOLUTE
    ../clib/microlib/init/entry.s            0x00000000   Number         0  entry10b.o ABSOLUTE
    ../clib/microlib/init/entry.s            0x00000000   Number         0  entry.o ABSOLUTE
    ../clib/microlib/longlong.c              0x00000000   Number         0  llsshr.o ABSOLUTE
    ../clib/microlib/longlong.c              0x00000000   Number         0  llushr.o ABSOLUTE
    ../clib/microlib/longlong.c              0x00000000   Number         0  llshl.o ABSOLUTE
    ../clib/microlib/printf/printf.c         0x00000000   Number         0  printf5.o ABSOLUTE
    ../clib/microlib/printf/printf.c         0x00000000   Number         0  printfb.o ABSOLUTE
    ../clib/microlib/printf/printf.c         0x00000000   Number         0  printf0.o ABSOLUTE
    ../clib/microlib/printf/printf.c         0x00000000   Number         0  printf3.o ABSOLUTE
    ../clib/microlib/printf/printf.c         0x00000000   Number         0  printf4.o ABSOLUTE
    ../clib/microlib/printf/printf.c         0x00000000   Number         0  printf6.o ABSOLUTE
    ../clib/microlib/printf/printf.c         0x00000000   Number         0  printf7.o ABSOLUTE
    ../clib/microlib/printf/printf.c         0x00000000   Number         0  printf8.o ABSOLUTE
    ../clib/microlib/printf/printf.c         0x00000000   Number         0  printfa.o ABSOLUTE
    ../clib/microlib/printf/printf.c         0x00000000   Number         0  printf1.o ABSOLUTE
    ../clib/microlib/printf/printf.c         0x00000000   Number         0  printf2.o ABSOLUTE
    ../clib/microlib/printf/stubs.s          0x00000000   Number         0  stubs.o ABSOLUTE
    ../clib/microlib/stdio/streams.c         0x00000000   Number         0  stdout.o ABSOLUTE
    ../clib/microlib/string/memset.c         0x00000000   Number         0  memseta.o ABSOLUTE
    ../clib/microlib/stubs.s                 0x00000000   Number         0  iusefp.o ABSOLUTE
    ../fplib/microlib/fpadd.c                0x00000000   Number         0  dadd.o ABSOLUTE
    ../fplib/microlib/fpdiv.c                0x00000000   Number         0  ddiv.o ABSOLUTE
    ../fplib/microlib/fpepilogue.c           0x00000000   Number         0  depilogue.o ABSOLUTE
    ../fplib/microlib/fpfix.c                0x00000000   Number         0  dfixul.o ABSOLUTE
    ../fplib/microlib/fpflt.c                0x00000000   Number         0  dflti.o ABSOLUTE
    ../fplib/microlib/fpflt.c                0x00000000   Number         0  dfltui.o ABSOLUTE
    ../fplib/microlib/fpmul.c                0x00000000   Number         0  dmul.o ABSOLUTE
    ../fplib/microlib/fpscalb.c              0x00000000   Number         0  dscalb.o ABSOLUTE
    ../fplib/microlib/fpsqrt.c               0x00000000   Number         0  dsqrt.o ABSOLUTE
    ../mathlib/acos.c                        0x00000000   Number         0  acos_x.o ABSOLUTE
    ../mathlib/acos.c                        0x00000000   Number         0  acos.o ABSOLUTE
    ../mathlib/dunder.c                      0x00000000   Number         0  dunder.o ABSOLUTE
    ../mathlib/fpclassify.c                  0x00000000   Number         0  fpclassify.o ABSOLUTE
    ../mathlib/poly.c                        0x00000000   Number         0  poly.o ABSOLUTE
    ../mathlib/pow.c                         0x00000000   Number         0  pow_x.o ABSOLUTE
    ../mathlib/pow.c                         0x00000000   Number         0  pow.o ABSOLUTE
    ../mathlib/qnan.c                        0x00000000   Number         0  qnan.o ABSOLUTE
    ../mathlib/sqrt.c                        0x00000000   Number         0  sqrt.o ABSOLUTE
    ../mathlib/sqrt.c                        0x00000000   Number         0  sqrt_x.o ABSOLUTE
    ..\Core\Src\adxl362.c                    0x00000000   Number         0  adxl362.o ABSOLUTE
    ..\Core\Src\cc1101.c                     0x00000000   Number         0  cc1101.o ABSOLUTE
    ..\Core\Src\gpio.c                       0x00000000   Number         0  gpio.o ABSOLUTE
    ..\Core\Src\iwdg.c                       0x00000000   Number         0  iwdg.o ABSOLUTE
    ..\Core\Src\lptim.c                      0x00000000   Number         0  lptim.o ABSOLUTE
    ..\Core\Src\main.c                       0x00000000   Number         0  main.o ABSOLUTE
    ..\Core\Src\rtc.c                        0x00000000   Number         0  rtc.o ABSOLUTE
    ..\Core\Src\spi.c                        0x00000000   Number         0  spi.o ABSOLUTE
    ..\Core\Src\stm32l0xx_hal_msp.c          0x00000000   Number         0  stm32l0xx_hal_msp.o ABSOLUTE
    ..\Core\Src\stm32l0xx_it.c               0x00000000   Number         0  stm32l0xx_it.o ABSOLUTE
    ..\Core\Src\system_stm32l0xx.c           0x00000000   Number         0  system_stm32l0xx.o ABSOLUTE
    ..\Core\Src\usart.c                      0x00000000   Number         0  usart.o ABSOLUTE
    ..\Drivers\STM32L0xx_HAL_Driver\Src\stm32l0xx_hal.c 0x00000000   Number         0  stm32l0xx_hal.o ABSOLUTE
    ..\Drivers\STM32L0xx_HAL_Driver\Src\stm32l0xx_hal_cortex.c 0x00000000   Number         0  stm32l0xx_hal_cortex.o ABSOLUTE
    ..\Drivers\STM32L0xx_HAL_Driver\Src\stm32l0xx_hal_dma.c 0x00000000   Number         0  stm32l0xx_hal_dma.o ABSOLUTE
    ..\Drivers\STM32L0xx_HAL_Driver\Src\stm32l0xx_hal_exti.c 0x00000000   Number         0  stm32l0xx_hal_exti.o ABSOLUTE
    ..\Drivers\STM32L0xx_HAL_Driver\Src\stm32l0xx_hal_flash.c 0x00000000   Number         0  stm32l0xx_hal_flash.o ABSOLUTE
    ..\Drivers\STM32L0xx_HAL_Driver\Src\stm32l0xx_hal_flash_ex.c 0x00000000   Number         0  stm32l0xx_hal_flash_ex.o ABSOLUTE
    ..\Drivers\STM32L0xx_HAL_Driver\Src\stm32l0xx_hal_flash_ramfunc.c 0x00000000   Number         0  stm32l0xx_hal_flash_ramfunc.o ABSOLUTE
    ..\Drivers\STM32L0xx_HAL_Driver\Src\stm32l0xx_hal_gpio.c 0x00000000   Number         0  stm32l0xx_hal_gpio.o ABSOLUTE
    ..\Drivers\STM32L0xx_HAL_Driver\Src\stm32l0xx_hal_i2c.c 0x00000000   Number         0  stm32l0xx_hal_i2c.o ABSOLUTE
    ..\Drivers\STM32L0xx_HAL_Driver\Src\stm32l0xx_hal_i2c_ex.c 0x00000000   Number         0  stm32l0xx_hal_i2c_ex.o ABSOLUTE
    ..\Drivers\STM32L0xx_HAL_Driver\Src\stm32l0xx_hal_pwr.c 0x00000000   Number         0  stm32l0xx_hal_pwr.o ABSOLUTE
    ..\Drivers\STM32L0xx_HAL_Driver\Src\stm32l0xx_hal_pwr_ex.c 0x00000000   Number         0  stm32l0xx_hal_pwr_ex.o ABSOLUTE
    ..\Drivers\STM32L0xx_HAL_Driver\Src\stm32l0xx_hal_rcc.c 0x00000000   Number         0  stm32l0xx_hal_rcc.o ABSOLUTE
    ..\Drivers\STM32L0xx_HAL_Driver\Src\stm32l0xx_hal_rcc_ex.c 0x00000000   Number         0  stm32l0xx_hal_rcc_ex.o ABSOLUTE
    ..\Drivers\STM32L0xx_HAL_Driver\Src\stm32l0xx_hal_rtc.c 0x00000000   Number         0  stm32l0xx_hal_rtc.o ABSOLUTE
    ..\Drivers\STM32L0xx_HAL_Driver\Src\stm32l0xx_hal_rtc_ex.c 0x00000000   Number         0  stm32l0xx_hal_rtc_ex.o ABSOLUTE
    ..\Drivers\STM32L0xx_HAL_Driver\Src\stm32l0xx_hal_tim.c 0x00000000   Number         0  stm32l0xx_hal_tim.o ABSOLUTE
    ..\Drivers\STM32L0xx_HAL_Driver\Src\stm32l0xx_hal_tim_ex.c 0x00000000   Number         0  stm32l0xx_hal_tim_ex.o ABSOLUTE
    ..\Drivers\STM32L0xx_HAL_Driver\Src\stm32l0xx_ll_dma.c 0x00000000   Number         0  stm32l0xx_ll_dma.o ABSOLUTE
    ..\Drivers\STM32L0xx_HAL_Driver\Src\stm32l0xx_ll_exti.c 0x00000000   Number         0  stm32l0xx_ll_exti.o ABSOLUTE
    ..\Drivers\STM32L0xx_HAL_Driver\Src\stm32l0xx_ll_gpio.c 0x00000000   Number         0  stm32l0xx_ll_gpio.o ABSOLUTE
    ..\Drivers\STM32L0xx_HAL_Driver\Src\stm32l0xx_ll_lptim.c 0x00000000   Number         0  stm32l0xx_ll_lptim.o ABSOLUTE
    ..\Drivers\STM32L0xx_HAL_Driver\Src\stm32l0xx_ll_rcc.c 0x00000000   Number         0  stm32l0xx_ll_rcc.o ABSOLUTE
    ..\Drivers\STM32L0xx_HAL_Driver\Src\stm32l0xx_ll_spi.c 0x00000000   Number         0  stm32l0xx_ll_spi.o ABSOLUTE
    ..\Drivers\STM32L0xx_HAL_Driver\Src\stm32l0xx_ll_usart.c 0x00000000   Number         0  stm32l0xx_ll_usart.o ABSOLUTE
    ..\Drivers\STM32L0xx_HAL_Driver\Src\stm32l0xx_ll_utils.c 0x00000000   Number         0  stm32l0xx_ll_utils.o ABSOLUTE
    ..\\Core\\Src\\adxl362.c                 0x00000000   Number         0  adxl362.o ABSOLUTE
    ..\\Core\\Src\\cc1101.c                  0x00000000   Number         0  cc1101.o ABSOLUTE
    cdcmple.s                                0x00000000   Number         0  cdcmple.o ABSOLUTE
    cdrcmple.s                               0x00000000   Number         0  cdrcmple.o ABSOLUTE
    dc.s                                     0x00000000   Number         0  dc.o ABSOLUTE
    handlers.s                               0x00000000   Number         0  handlers.o ABSOLUTE
    init.s                                   0x00000000   Number         0  init.o ABSOLUTE
    startup_stm32l051xx.s                    0x00000000   Number         0  startup_stm32l051xx.o ABSOLUTE
    RESET                                    0x08000000   Section      192  startup_stm32l051xx.o(RESET)
    .ARM.Collect$$$$00000000                 0x080000c0   Section        0  entry.o(.ARM.Collect$$$$00000000)
    .ARM.Collect$$$$00000001                 0x080000c0   Section        4  entry2.o(.ARM.Collect$$$$00000001)
    .ARM.Collect$$$$00000004                 0x080000c4   Section        4  entry5.o(.ARM.Collect$$$$00000004)
    .ARM.Collect$$$$00000008                 0x080000c8   Section        0  entry7b.o(.ARM.Collect$$$$00000008)
    .ARM.Collect$$$$0000000A                 0x080000c8   Section        0  entry8b.o(.ARM.Collect$$$$0000000A)
    .ARM.Collect$$$$0000000B                 0x080000c8   Section        8  entry9a.o(.ARM.Collect$$$$0000000B)
    .ARM.Collect$$$$0000000D                 0x080000d0   Section        0  entry10a.o(.ARM.Collect$$$$0000000D)
    .ARM.Collect$$$$0000000F                 0x080000d0   Section        0  entry11a.o(.ARM.Collect$$$$0000000F)
    .ARM.Collect$$$$00002712                 0x080000d0   Section        4  entry2.o(.ARM.Collect$$$$00002712)
    __lit__00000000                          0x080000d0   Data           4  entry2.o(.ARM.Collect$$$$00002712)
    .text                                    0x080000d4   Section       28  startup_stm32l051xx.o(.text)
    .text                                    0x080000f0   Section        0  uidiv.o(.text)
    .text                                    0x0800011c   Section        0  uldiv.o(.text)
    .text                                    0x0800017c   Section        0  memseta.o(.text)
    .text                                    0x080001a0   Section        0  dadd.o(.text)
    .text                                    0x08000304   Section        0  ddiv.o(.text)
    .text                                    0x080003f4   Section        0  dflti.o(.text)
    .text                                    0x0800041c   Section        0  dfltui.o(.text)
    .text                                    0x08000438   Section       40  cdcmple.o(.text)
    .text                                    0x08000460   Section       40  cdrcmple.o(.text)
    .text                                    0x08000488   Section        0  llshl.o(.text)
    .text                                    0x080004a8   Section        0  llushr.o(.text)
    .text                                    0x080004ca   Section        0  llsshr.o(.text)
    .text                                    0x080004f0   Section        0  depilogue.o(.text)
    .text                                    0x080004f0   Section        0  iusefp.o(.text)
    .text                                    0x080005b0   Section        0  dmul.o(.text)
    .text                                    0x08000680   Section        0  dscalb.o(.text)
    .text                                    0x080006ac   Section        0  dsqrt.o(.text)
    .text                                    0x08000750   Section        0  dfixul.o(.text)
    .text                                    0x08000790   Section       36  init.o(.text)
    i.ADXL362FifoProcess                     0x080007b4   Section        0  adxl362.o(i.ADXL362FifoProcess)
    i.ADXL362FifoRead                        0x08000af4   Section        0  adxl362.o(i.ADXL362FifoRead)
    i.ADXL362RegisterRead                    0x08000b34   Section        0  adxl362.o(i.ADXL362RegisterRead)
    i.ADXL362RegisterWrite                   0x08000b7c   Section        0  adxl362.o(i.ADXL362RegisterWrite)
    i.ADXL362_Init                           0x08000bc0   Section        0  adxl362.o(i.ADXL362_Init)
    i.Activate_SPI                           0x08000ed0   Section        0  spi.o(i.Activate_SPI)
    i.Activate_USART1_RXIT                   0x08000edc   Section        0  usart.o(i.Activate_USART1_RXIT)
    i.CC1101ClrTXBuff                        0x08000f04   Section        0  cc1101.o(i.CC1101ClrTXBuff)
    i.CC1101Init                             0x08000f14   Section        0  cc1101.o(i.CC1101Init)
    i.CC1101ReadReg                          0x08000fcc   Section        0  cc1101.o(i.CC1101ReadReg)
    i.CC1101ReadStatus                       0x08001008   Section        0  cc1101.o(i.CC1101ReadStatus)
    i.CC1101Reset                            0x08001044   Section        0  cc1101.o(i.CC1101Reset)
    i.CC1101SendHandler                      0x080010b4   Section        0  cc1101.o(i.CC1101SendHandler)
    i.CC1101SendPacket                       0x0800115c   Section        0  cc1101.o(i.CC1101SendPacket)
    i.CC1101SetAddress                       0x08001218   Section        0  cc1101.o(i.CC1101SetAddress)
    i.CC1101SetSYNC                          0x0800122c   Section        0  cc1101.o(i.CC1101SetSYNC)
    i.CC1101SetTRMode                        0x08001242   Section        0  cc1101.o(i.CC1101SetTRMode)
    i.CC1101SetWORMode                       0x08001278   Section        0  cc1101.o(i.CC1101SetWORMode)
    i.CC1101WORInit                          0x0800129e   Section        0  cc1101.o(i.CC1101WORInit)
    i.CC1101WriteCmd                         0x080012cc   Section        0  cc1101.o(i.CC1101WriteCmd)
    i.CC1101WriteMultiReg                    0x080012f8   Section        0  cc1101.o(i.CC1101WriteMultiReg)
    i.CC1101WriteReg                         0x08001340   Section        0  cc1101.o(i.CC1101WriteReg)
    i.DATAEEPROM_Program                     0x08001378   Section        0  main.o(i.DATAEEPROM_Program)
    i.EXTI0_1_IRQHandler                     0x080013c0   Section        0  stm32l0xx_it.o(i.EXTI0_1_IRQHandler)
    i.EXTI2_3_IRQHandler                     0x08001414   Section        0  stm32l0xx_it.o(i.EXTI2_3_IRQHandler)
    i.EXTI4_15_IRQHandler                    0x08001438   Section        0  stm32l0xx_it.o(i.EXTI4_15_IRQHandler)
    i.Error_Callback                         0x0800145c   Section        0  usart.o(i.Error_Callback)
    i.Error_Handler                          0x080014c4   Section        0  main.o(i.Error_Handler)
    i.FLASH_SetErrorCode                     0x080014e0   Section        0  stm32l0xx_hal_flash.o(i.FLASH_SetErrorCode)
    FLASH_SetErrorCode                       0x080014e1   Thumb Code   134  stm32l0xx_hal_flash.o(i.FLASH_SetErrorCode)
    i.FLASH_WaitForLastOperation             0x08001570   Section        0  stm32l0xx_hal_flash.o(i.FLASH_WaitForLastOperation)
    i.Get_SerialNum                          0x080015e0   Section        0  main.o(i.Get_SerialNum)
    i.HAL_Delay                              0x08001618   Section        0  stm32l0xx_hal.o(i.HAL_Delay)
    i.HAL_FLASHEx_DATAEEPROM_DisableFixedTimeProgram 0x0800163c   Section        0  stm32l0xx_hal_flash_ex.o(i.HAL_FLASHEx_DATAEEPROM_DisableFixedTimeProgram)
    i.HAL_FLASHEx_DATAEEPROM_EnableFixedTimeProgram 0x0800164c   Section        0  stm32l0xx_hal_flash_ex.o(i.HAL_FLASHEx_DATAEEPROM_EnableFixedTimeProgram)
    i.HAL_FLASHEx_DATAEEPROM_Erase           0x0800165c   Section        0  stm32l0xx_hal_flash_ex.o(i.HAL_FLASHEx_DATAEEPROM_Erase)
    i.HAL_FLASHEx_DATAEEPROM_Lock            0x08001684   Section        0  stm32l0xx_hal_flash_ex.o(i.HAL_FLASHEx_DATAEEPROM_Lock)
    i.HAL_FLASHEx_DATAEEPROM_Program         0x08001698   Section        0  stm32l0xx_hal_flash_ex.o(i.HAL_FLASHEx_DATAEEPROM_Program)
    i.HAL_FLASHEx_DATAEEPROM_Unlock          0x080016ec   Section        0  stm32l0xx_hal_flash_ex.o(i.HAL_FLASHEx_DATAEEPROM_Unlock)
    i.HAL_GPIO_ReadPin                       0x08001720   Section        0  stm32l0xx_hal_gpio.o(i.HAL_GPIO_ReadPin)
    i.HAL_GPIO_TogglePin                     0x0800172a   Section        0  stm32l0xx_hal_gpio.o(i.HAL_GPIO_TogglePin)
    i.HAL_GPIO_WritePin                      0x0800173a   Section        0  stm32l0xx_hal_gpio.o(i.HAL_GPIO_WritePin)
    i.HAL_GetTick                            0x08001748   Section        0  stm32l0xx_hal.o(i.HAL_GetTick)
    i.HAL_IncTick                            0x08001754   Section        0  stm32l0xx_hal.o(i.HAL_IncTick)
    i.HAL_Init                               0x08001764   Section        0  stm32l0xx_hal.o(i.HAL_Init)
    i.HAL_InitTick                           0x0800178c   Section        0  stm32l0xx_hal.o(i.HAL_InitTick)
    i.HAL_MspInit                            0x080017d0   Section        0  stm32l0xx_hal_msp.o(i.HAL_MspInit)
    i.HAL_NVIC_EnableIRQ                     0x080017e8   Section        0  stm32l0xx_hal_cortex.o(i.HAL_NVIC_EnableIRQ)
    i.HAL_NVIC_SetPriority                   0x08001800   Section        0  stm32l0xx_hal_cortex.o(i.HAL_NVIC_SetPriority)
    i.HAL_PWREx_EnableFastWakeUp             0x08001808   Section        0  stm32l0xx_hal_pwr_ex.o(i.HAL_PWREx_EnableFastWakeUp)
    i.HAL_PWREx_EnableUltraLowPower          0x08001818   Section        0  stm32l0xx_hal_pwr_ex.o(i.HAL_PWREx_EnableUltraLowPower)
    i.HAL_PWR_EnableBkUpAccess               0x08001828   Section        0  stm32l0xx_hal_pwr.o(i.HAL_PWR_EnableBkUpAccess)
    i.HAL_PWR_EnterSTOPMode                  0x08001838   Section        0  stm32l0xx_hal_pwr.o(i.HAL_PWR_EnterSTOPMode)
    i.HAL_RCCEx_PeriphCLKConfig              0x0800189c   Section        0  stm32l0xx_hal_rcc_ex.o(i.HAL_RCCEx_PeriphCLKConfig)
    i.HAL_RCC_ClockConfig                    0x08001a00   Section        0  stm32l0xx_hal_rcc.o(i.HAL_RCC_ClockConfig)
    i.HAL_RCC_GetSysClockFreq                0x08001b9c   Section        0  stm32l0xx_hal_rcc.o(i.HAL_RCC_GetSysClockFreq)
    i.HAL_RCC_OscConfig                      0x08001c14   Section        0  stm32l0xx_hal_rcc.o(i.HAL_RCC_OscConfig)
    i.HAL_RTCEx_DeactivateWakeUpTimer        0x0800203a   Section        0  stm32l0xx_hal_rtc_ex.o(i.HAL_RTCEx_DeactivateWakeUpTimer)
    i.HAL_RTCEx_SetWakeUpTimer_IT            0x080020b4   Section        0  stm32l0xx_hal_rtc_ex.o(i.HAL_RTCEx_SetWakeUpTimer_IT)
    i.HAL_RTCEx_WakeUpTimerEventCallback     0x080021ac   Section        0  rtc.o(i.HAL_RTCEx_WakeUpTimerEventCallback)
    i.HAL_RTCEx_WakeUpTimerIRQHandler        0x080021bc   Section        0  stm32l0xx_hal_rtc_ex.o(i.HAL_RTCEx_WakeUpTimerIRQHandler)
    i.HAL_RTC_Init                           0x080021f4   Section        0  stm32l0xx_hal_rtc.o(i.HAL_RTC_Init)
    i.HAL_RTC_MspInit                        0x080022b0   Section        0  rtc.o(i.HAL_RTC_MspInit)
    i.HAL_RTC_WaitForSynchro                 0x080022e0   Section        0  stm32l0xx_hal_rtc.o(i.HAL_RTC_WaitForSynchro)
    i.HAL_SYSTICK_Config                     0x08002314   Section        0  stm32l0xx_hal_cortex.o(i.HAL_SYSTICK_Config)
    i.HardFault_Handler                      0x08002344   Section        0  stm32l0xx_it.o(i.HardFault_Handler)
    i.LED_Blinking                           0x08002348   Section        0  main.o(i.LED_Blinking)
    i.LL_APB2_GRP1_EnableClock               0x08002360   Section        0  usart.o(i.LL_APB2_GRP1_EnableClock)
    LL_APB2_GRP1_EnableClock                 0x08002361   Thumb Code    18  usart.o(i.LL_APB2_GRP1_EnableClock)
    i.LL_EXTI_Init                           0x08002378   Section        0  stm32l0xx_ll_exti.o(i.LL_EXTI_Init)
    i.LL_EXTI_IsActiveFlag_0_31              0x08002418   Section        0  stm32l0xx_it.o(i.LL_EXTI_IsActiveFlag_0_31)
    LL_EXTI_IsActiveFlag_0_31                0x08002419   Thumb Code    16  stm32l0xx_it.o(i.LL_EXTI_IsActiveFlag_0_31)
    i.LL_GPIO_Init                           0x0800242c   Section        0  stm32l0xx_ll_gpio.o(i.LL_GPIO_Init)
    i.LL_GPIO_SetPinMode                     0x080024da   Section        0  gpio.o(i.LL_GPIO_SetPinMode)
    LL_GPIO_SetPinMode                       0x080024db   Thumb Code    20  gpio.o(i.LL_GPIO_SetPinMode)
    i.LL_GPIO_SetPinPull                     0x080024ee   Section        0  gpio.o(i.LL_GPIO_SetPinPull)
    LL_GPIO_SetPinPull                       0x080024ef   Thumb Code    20  gpio.o(i.LL_GPIO_SetPinPull)
    i.LL_IOP_GRP1_EnableClock                0x08002504   Section        0  gpio.o(i.LL_IOP_GRP1_EnableClock)
    LL_IOP_GRP1_EnableClock                  0x08002505   Thumb Code    18  gpio.o(i.LL_IOP_GRP1_EnableClock)
    i.LL_IOP_GRP1_EnableClock                0x0800251c   Section        0  spi.o(i.LL_IOP_GRP1_EnableClock)
    LL_IOP_GRP1_EnableClock                  0x0800251d   Thumb Code    18  spi.o(i.LL_IOP_GRP1_EnableClock)
    i.LL_IOP_GRP1_EnableClock                0x08002534   Section        0  usart.o(i.LL_IOP_GRP1_EnableClock)
    LL_IOP_GRP1_EnableClock                  0x08002535   Thumb Code    18  usart.o(i.LL_IOP_GRP1_EnableClock)
    i.LL_RCC_GetUSARTClockFreq               0x0800254c   Section        0  stm32l0xx_ll_rcc.o(i.LL_RCC_GetUSARTClockFreq)
    i.LL_RCC_GetUSARTClockSource             0x080025dc   Section        0  stm32l0xx_ll_rcc.o(i.LL_RCC_GetUSARTClockSource)
    LL_RCC_GetUSARTClockSource               0x080025dd   Thumb Code    12  stm32l0xx_ll_rcc.o(i.LL_RCC_GetUSARTClockSource)
    i.LL_RCC_HSI_IsReady                     0x080025ec   Section        0  stm32l0xx_ll_rcc.o(i.LL_RCC_HSI_IsReady)
    LL_RCC_HSI_IsReady                       0x080025ed   Thumb Code    10  stm32l0xx_ll_rcc.o(i.LL_RCC_HSI_IsReady)
    i.LL_RCC_IsActiveFlag_HSIDIV             0x080025fc   Section        0  stm32l0xx_ll_rcc.o(i.LL_RCC_IsActiveFlag_HSIDIV)
    LL_RCC_IsActiveFlag_HSIDIV               0x080025fd   Thumb Code    10  stm32l0xx_ll_rcc.o(i.LL_RCC_IsActiveFlag_HSIDIV)
    i.LL_RCC_LSE_IsReady                     0x0800260c   Section        0  stm32l0xx_ll_rcc.o(i.LL_RCC_LSE_IsReady)
    LL_RCC_LSE_IsReady                       0x0800260d   Thumb Code    10  stm32l0xx_ll_rcc.o(i.LL_RCC_LSE_IsReady)
    i.LL_SPI_DeInit                          0x0800261c   Section        0  stm32l0xx_ll_spi.o(i.LL_SPI_DeInit)
    i.LL_SPI_Init                            0x08002660   Section        0  stm32l0xx_ll_spi.o(i.LL_SPI_Init)
    i.LL_SYSCFG_SetEXTISource                0x080026cc   Section        0  gpio.o(i.LL_SYSCFG_SetEXTISource)
    LL_SYSCFG_SetEXTISource                  0x080026cd   Thumb Code    28  gpio.o(i.LL_SYSCFG_SetEXTISource)
    i.LL_USART_DeInit                        0x080026ec   Section        0  stm32l0xx_ll_usart.o(i.LL_USART_DeInit)
    i.LL_USART_EnableIT_ERROR                0x08002734   Section        0  usart.o(i.LL_USART_EnableIT_ERROR)
    LL_USART_EnableIT_ERROR                  0x08002735   Thumb Code    24  usart.o(i.LL_USART_EnableIT_ERROR)
    i.LL_USART_EnableIT_RXNE                 0x0800274c   Section        0  usart.o(i.LL_USART_EnableIT_RXNE)
    LL_USART_EnableIT_RXNE                   0x0800274d   Thumb Code    24  usart.o(i.LL_USART_EnableIT_RXNE)
    i.LL_USART_Init                          0x08002764   Section        0  stm32l0xx_ll_usart.o(i.LL_USART_Init)
    i.LPTIM1_Counter_Start_IT                0x0800280c   Section        0  lptim.o(i.LPTIM1_Counter_Start_IT)
    i.LPTIM1_IRQHandler                      0x08002840   Section        0  stm32l0xx_it.o(i.LPTIM1_IRQHandler)
    i.LPTimerAutoreloadMatch_Callback        0x08002860   Section        0  lptim.o(i.LPTimerAutoreloadMatch_Callback)
    i.MX_GPIO_Init                           0x08002890   Section        0  gpio.o(i.MX_GPIO_Init)
    i.MX_IWDG_Init                           0x08002b0c   Section        0  iwdg.o(i.MX_IWDG_Init)
    i.MX_LPTIM1_Init                         0x08002b40   Section        0  lptim.o(i.MX_LPTIM1_Init)
    i.MX_RTC_Init                            0x08002bbc   Section        0  rtc.o(i.MX_RTC_Init)
    i.MX_SPI1_DeInit                         0x08002c04   Section        0  spi.o(i.MX_SPI1_DeInit)
    i.MX_SPI1_Init                           0x08002c74   Section        0  spi.o(i.MX_SPI1_Init)
    i.MX_SPI2_DeInit                         0x08002d20   Section        0  spi.o(i.MX_SPI2_DeInit)
    i.MX_SPI2_Init                           0x08002d90   Section        0  spi.o(i.MX_SPI2_Init)
    i.MX_USART1_UART_Init                    0x08002e3c   Section        0  usart.o(i.MX_USART1_UART_Init)
    i.NMI_Handler                            0x08002ef0   Section        0  stm32l0xx_it.o(i.NMI_Handler)
    i.PendSV_Handler                         0x08002ef2   Section        0  stm32l0xx_it.o(i.PendSV_Handler)
    i.RCC_GetHCLKClockFreq                   0x08002ef4   Section        0  stm32l0xx_ll_rcc.o(i.RCC_GetHCLKClockFreq)
    RCC_GetHCLKClockFreq                     0x08002ef5   Thumb Code    18  stm32l0xx_ll_rcc.o(i.RCC_GetHCLKClockFreq)
    i.RCC_GetPCLK1ClockFreq                  0x08002f10   Section        0  stm32l0xx_ll_rcc.o(i.RCC_GetPCLK1ClockFreq)
    RCC_GetPCLK1ClockFreq                    0x08002f11   Thumb Code    16  stm32l0xx_ll_rcc.o(i.RCC_GetPCLK1ClockFreq)
    i.RCC_GetPCLK2ClockFreq                  0x08002f28   Section        0  stm32l0xx_ll_rcc.o(i.RCC_GetPCLK2ClockFreq)
    RCC_GetPCLK2ClockFreq                    0x08002f29   Thumb Code    16  stm32l0xx_ll_rcc.o(i.RCC_GetPCLK2ClockFreq)
    i.RCC_GetSystemClockFreq                 0x08002f40   Section        0  stm32l0xx_ll_rcc.o(i.RCC_GetSystemClockFreq)
    RCC_GetSystemClockFreq                   0x08002f41   Thumb Code   116  stm32l0xx_ll_rcc.o(i.RCC_GetSystemClockFreq)
    i.RFIDInitial                            0x08002fc4   Section        0  cc1101.o(i.RFIDInitial)
    i.RTC_EnterInitMode                      0x0800300c   Section        0  stm32l0xx_hal_rtc.o(i.RTC_EnterInitMode)
    i.RTC_IRQHandler                         0x08003044   Section        0  stm32l0xx_it.o(i.RTC_IRQHandler)
    i.SPI_ExchangeByte                       0x08003054   Section        0  spi.o(i.SPI_ExchangeByte)
    i.SVC_Handler                            0x0800306a   Section        0  stm32l0xx_it.o(i.SVC_Handler)
    i.Show_Message                           0x0800306c   Section        0  main.o(i.Show_Message)
    i.SpiFunction                            0x08003204   Section        0  spi.o(i.SpiFunction)
    i.SysTick_Handler                        0x08003238   Section        0  stm32l0xx_it.o(i.SysTick_Handler)
    i.SystemClock_Config                     0x08003240   Section        0  main.o(i.SystemClock_Config)
    i.SystemInit                             0x080032e8   Section        0  system_stm32l0xx.o(i.SystemInit)
    i.System_Initial                         0x0800333c   Section        0  main.o(i.System_Initial)
    i.USART1_IRQHandler                      0x08003424   Section        0  stm32l0xx_it.o(i.USART1_IRQHandler)
    i.USART_CharReception_Callback           0x08003448   Section        0  usart.o(i.USART_CharReception_Callback)
    i.__0printf                              0x08003480   Section        0  printfa.o(i.__0printf)
    i.__ARM_clz                              0x080034a0   Section        0  depilogue.o(i.__ARM_clz)
    i.__ARM_common_ll_muluu                  0x080034ce   Section        0  stm32l0xx_hal_rcc.o(i.__ARM_common_ll_muluu)
    i.__ARM_fpclassify                       0x08003500   Section        0  fpclassify.o(i.__ARM_fpclassify)
    i.__NVIC_EnableIRQ                       0x0800352c   Section        0  gpio.o(i.__NVIC_EnableIRQ)
    __NVIC_EnableIRQ                         0x0800352d   Thumb Code    18  gpio.o(i.__NVIC_EnableIRQ)
    i.__NVIC_SetPriority                     0x08003544   Section        0  gpio.o(i.__NVIC_SetPriority)
    __NVIC_SetPriority                       0x08003545   Thumb Code    60  gpio.o(i.__NVIC_SetPriority)
    i.__NVIC_SetPriority                     0x08003588   Section        0  stm32l0xx_hal_cortex.o(i.__NVIC_SetPriority)
    __NVIC_SetPriority                       0x08003589   Thumb Code    60  stm32l0xx_hal_cortex.o(i.__NVIC_SetPriority)
    i.__kernel_poly                          0x080035cc   Section        0  poly.o(i.__kernel_poly)
    i.__mathlib_dbl_divzero                  0x08003678   Section        0  dunder.o(i.__mathlib_dbl_divzero)
    i.__mathlib_dbl_infnan                   0x0800368c   Section        0  dunder.o(i.__mathlib_dbl_infnan)
    i.__mathlib_dbl_infnan2                  0x08003696   Section        0  dunder.o(i.__mathlib_dbl_infnan2)
    i.__mathlib_dbl_invalid                  0x0800369e   Section        0  dunder.o(i.__mathlib_dbl_invalid)
    i.__mathlib_dbl_overflow                 0x080036b0   Section        0  dunder.o(i.__mathlib_dbl_overflow)
    i.__mathlib_dbl_underflow                0x080036c4   Section        0  dunder.o(i.__mathlib_dbl_underflow)
    i.__scatterload_copy                     0x080036d8   Section       14  handlers.o(i.__scatterload_copy)
    i.__scatterload_null                     0x080036e6   Section        2  handlers.o(i.__scatterload_null)
    i.__scatterload_zeroinit                 0x080036e8   Section       14  handlers.o(i.__scatterload_zeroinit)
    i.__set_errno                            0x080036f8   Section        0  errno.o(i.__set_errno)
    i._fp_digits                             0x08003704   Section        0  printfa.o(i._fp_digits)
    _fp_digits                               0x08003705   Thumb Code   344  printfa.o(i._fp_digits)
    i._printf_core                           0x08003878   Section        0  printfa.o(i._printf_core)
    _printf_core                             0x08003879   Thumb Code  1754  printfa.o(i._printf_core)
    i._printf_post_padding                   0x08003f64   Section        0  printfa.o(i._printf_post_padding)
    _printf_post_padding                     0x08003f65   Thumb Code    32  printfa.o(i._printf_post_padding)
    i._printf_pre_padding                    0x08003f84   Section        0  printfa.o(i._printf_pre_padding)
    _printf_pre_padding                      0x08003f85   Thumb Code    44  printfa.o(i._printf_pre_padding)
    i.acos                                   0x08003fb0   Section        0  acos.o(i.acos)
    i.fputc                                  0x08004218   Section        0  usart.o(i.fputc)
    i.main                                   0x08004228   Section        0  main.o(i.main)
    i.pow                                    0x080043b8   Section        0  pow.o(i.pow)
    i.sqrt                                   0x08004db4   Section        0  sqrt.o(i.sqrt)
    .constdata                               0x08004dfc   Section       94  cc1101.o(.constdata)
    CC1101InitData                           0x08004dfc   Data          94  cc1101.o(.constdata)
    .constdata                               0x08004e5a   Section       25  system_stm32l0xx.o(.constdata)
    .constdata                               0x08004e73   Section        8  system_stm32l0xx.o(.constdata)
    .constdata                               0x08004e80   Section       80  acos.o(.constdata)
    pS                                       0x08004e80   Data          48  acos.o(.constdata)
    qS                                       0x08004eb0   Data          32  acos.o(.constdata)
    .constdata                               0x08004ed0   Section      136  pow.o(.constdata)
    bp                                       0x08004ed0   Data          16  pow.o(.constdata)
    dp_h                                     0x08004ee0   Data          16  pow.o(.constdata)
    dp_l                                     0x08004ef0   Data          16  pow.o(.constdata)
    L                                        0x08004f00   Data          48  pow.o(.constdata)
    P                                        0x08004f30   Data          40  pow.o(.constdata)
    .constdata                               0x08004f58   Section        8  qnan.o(.constdata)
    .data                                    0x20000000   Section       24  adxl362.o(.data)
    angle_num                                0x20000000   Data           1  adxl362.o(.data)
    angle_sum                                0x20000008   Data           8  adxl362.o(.data)
    angle_avg                                0x20000010   Data           8  adxl362.o(.data)
    .data                                    0x20000018   Section        1  adxl362.o(.data)
    .data                                    0x20000019   Section       10  cc1101.o(.data)
    .data                                    0x20000023   Section        1  main.o(.data)
    .data                                    0x20000024   Section        4  lptim.o(.data)
    .data                                    0x20000028   Section       12  stm32l0xx_hal.o(.data)
    .data                                    0x20000034   Section        4  system_stm32l0xx.o(.data)
    .data                                    0x20000038   Section        4  stdout.o(.data)
    .data                                    0x2000003c   Section        4  errno.o(.data)
    _errno                                   0x2000003c   Data           4  errno.o(.data)
    .bss                                     0x20000040   Section     1254  adxl362.o(.bss)
    xAxis                                    0x20000040   Data          10  adxl362.o(.bss)
    yAxis                                    0x2000004a   Data          10  adxl362.o(.bss)
    zAxis                                    0x20000054   Data          10  adxl362.o(.bss)
    temp                                     0x2000005e   Data          10  adxl362.o(.bss)
    angle                                    0x20000068   Data          40  adxl362.o(.bss)
    .bss                                     0x20000526   Section      390  cc1101.o(.bss)
    .bss                                     0x200006ac   Section       16  main.o(.bss)
    .bss                                     0x200006bc   Section       36  rtc.o(.bss)
    .bss                                     0x200006e0   Section       26  usart.o(.bss)
    .bss                                     0x200006fc   Section       24  stm32l0xx_hal_flash.o(.bss)
    STACK                                    0x20000718   Section     1024  startup_stm32l051xx.o(STACK)

    Global Symbols

    Symbol Name                              Value     Ov Type        Size  Object(Section)

    BuildAttributes$$THM_ISAv3M$S$PE$A:L22$X:L11$S22$IEEE1$IW$USESV6$~STKCKD$USESV7$~SHL$OTIME$ROPI$IEEEX$EBA8$MICROLIB$REQ8$PRES8$EABIv2 0x00000000   Number         0  anon$$obj.o ABSOLUTE
    __ARM_use_no_argv                        0x00000000   Number         0  main.o ABSOLUTE
    _printf_a                                0x00000000   Number         0  stubs.o ABSOLUTE
    _printf_c                                0x00000000   Number         0  stubs.o ABSOLUTE
    _printf_charcount                        0x00000000   Number         0  stubs.o ABSOLUTE
    _printf_d                                0x00000000   Number         0  stubs.o ABSOLUTE
    _printf_e                                0x00000000   Number         0  stubs.o ABSOLUTE
    _printf_f                                0x00000000   Number         0  stubs.o ABSOLUTE
    _printf_flags                            0x00000000   Number         0  stubs.o ABSOLUTE
    _printf_fp_dec                           0x00000000   Number         0  stubs.o ABSOLUTE
    _printf_fp_hex                           0x00000000   Number         0  stubs.o ABSOLUTE
    _printf_g                                0x00000000   Number         0  stubs.o ABSOLUTE
    _printf_i                                0x00000000   Number         0  stubs.o ABSOLUTE
    _printf_int_dec                          0x00000000   Number         0  stubs.o ABSOLUTE
    _printf_l                                0x00000000   Number         0  stubs.o ABSOLUTE
    _printf_lc                               0x00000000   Number         0  stubs.o ABSOLUTE
    _printf_ll                               0x00000000   Number         0  stubs.o ABSOLUTE
    _printf_lld                              0x00000000   Number         0  stubs.o ABSOLUTE
    _printf_lli                              0x00000000   Number         0  stubs.o ABSOLUTE
    _printf_llo                              0x00000000   Number         0  stubs.o ABSOLUTE
    _printf_llu                              0x00000000   Number         0  stubs.o ABSOLUTE
    _printf_llx                              0x00000000   Number         0  stubs.o ABSOLUTE
    _printf_longlong_dec                     0x00000000   Number         0  stubs.o ABSOLUTE
    _printf_longlong_hex                     0x00000000   Number         0  stubs.o ABSOLUTE
    _printf_longlong_oct                     0x00000000   Number         0  stubs.o ABSOLUTE
    _printf_ls                               0x00000000   Number         0  stubs.o ABSOLUTE
    _printf_mbtowc                           0x00000000   Number         0  stubs.o ABSOLUTE
    _printf_n                                0x00000000   Number         0  stubs.o ABSOLUTE
    _printf_o                                0x00000000   Number         0  stubs.o ABSOLUTE
    _printf_p                                0x00000000   Number         0  stubs.o ABSOLUTE
    _printf_percent                          0x00000000   Number         0  stubs.o ABSOLUTE
    _printf_pre_padding                      0x00000000   Number         0  stubs.o ABSOLUTE
    _printf_return_value                     0x00000000   Number         0  stubs.o ABSOLUTE
    _printf_s                                0x00000000   Number         0  stubs.o ABSOLUTE
    _printf_sizespec                         0x00000000   Number         0  stubs.o ABSOLUTE
    _printf_str                              0x00000000   Number         0  stubs.o ABSOLUTE
    _printf_truncate_signed                  0x00000000   Number         0  stubs.o ABSOLUTE
    _printf_truncate_unsigned                0x00000000   Number         0  stubs.o ABSOLUTE
    _printf_u                                0x00000000   Number         0  stubs.o ABSOLUTE
    _printf_wc                               0x00000000   Number         0  stubs.o ABSOLUTE
    _printf_wctomb                           0x00000000   Number         0  stubs.o ABSOLUTE
    _printf_widthprec                        0x00000000   Number         0  stubs.o ABSOLUTE
    _printf_x                                0x00000000   Number         0  stubs.o ABSOLUTE
    __cpp_initialize__aeabi_                  - Undefined Weak Reference
    __cxa_finalize                            - Undefined Weak Reference
    __decompress                              - Undefined Weak Reference
    _clock_init                               - Undefined Weak Reference
    _microlib_exit                            - Undefined Weak Reference
    __Vectors_Size                           0x000000c0   Number         0  startup_stm32l051xx.o ABSOLUTE
    __Vectors                                0x08000000   Data           4  startup_stm32l051xx.o(RESET)
    __Vectors_End                            0x080000c0   Data           0  startup_stm32l051xx.o(RESET)
    __main                                   0x080000c1   Thumb Code     0  entry.o(.ARM.Collect$$$$00000000)
    _main_stk                                0x080000c1   Thumb Code     0  entry2.o(.ARM.Collect$$$$00000001)
    _main_scatterload                        0x080000c5   Thumb Code     0  entry5.o(.ARM.Collect$$$$00000004)
    __main_after_scatterload                 0x080000c9   Thumb Code     0  entry5.o(.ARM.Collect$$$$00000004)
    _main_clock                              0x080000c9   Thumb Code     0  entry7b.o(.ARM.Collect$$$$00000008)
    _main_cpp_init                           0x080000c9   Thumb Code     0  entry8b.o(.ARM.Collect$$$$0000000A)
    _main_init                               0x080000c9   Thumb Code     0  entry9a.o(.ARM.Collect$$$$0000000B)
    __rt_final_cpp                           0x080000d1   Thumb Code     0  entry10a.o(.ARM.Collect$$$$0000000D)
    __rt_final_exit                          0x080000d1   Thumb Code     0  entry11a.o(.ARM.Collect$$$$0000000F)
    Reset_Handler                            0x080000d5   Thumb Code     8  startup_stm32l051xx.o(.text)
    ADC1_COMP_IRQHandler                     0x080000e7   Thumb Code     0  startup_stm32l051xx.o(.text)
    DMA1_Channel1_IRQHandler                 0x080000e7   Thumb Code     0  startup_stm32l051xx.o(.text)
    DMA1_Channel2_3_IRQHandler               0x080000e7   Thumb Code     0  startup_stm32l051xx.o(.text)
    DMA1_Channel4_5_6_7_IRQHandler           0x080000e7   Thumb Code     0  startup_stm32l051xx.o(.text)
    FLASH_IRQHandler                         0x080000e7   Thumb Code     0  startup_stm32l051xx.o(.text)
    I2C1_IRQHandler                          0x080000e7   Thumb Code     0  startup_stm32l051xx.o(.text)
    I2C2_IRQHandler                          0x080000e7   Thumb Code     0  startup_stm32l051xx.o(.text)
    LPUART1_IRQHandler                       0x080000e7   Thumb Code     0  startup_stm32l051xx.o(.text)
    PVD_IRQHandler                           0x080000e7   Thumb Code     0  startup_stm32l051xx.o(.text)
    RCC_IRQHandler                           0x080000e7   Thumb Code     0  startup_stm32l051xx.o(.text)
    SPI1_IRQHandler                          0x080000e7   Thumb Code     0  startup_stm32l051xx.o(.text)
    SPI2_IRQHandler                          0x080000e7   Thumb Code     0  startup_stm32l051xx.o(.text)
    TIM21_IRQHandler                         0x080000e7   Thumb Code     0  startup_stm32l051xx.o(.text)
    TIM22_IRQHandler                         0x080000e7   Thumb Code     0  startup_stm32l051xx.o(.text)
    TIM2_IRQHandler                          0x080000e7   Thumb Code     0  startup_stm32l051xx.o(.text)
    TIM6_IRQHandler                          0x080000e7   Thumb Code     0  startup_stm32l051xx.o(.text)
    USART2_IRQHandler                        0x080000e7   Thumb Code     0  startup_stm32l051xx.o(.text)
    WWDG_IRQHandler                          0x080000e7   Thumb Code     0  startup_stm32l051xx.o(.text)
    __aeabi_uidiv                            0x080000f1   Thumb Code     0  uidiv.o(.text)
    __aeabi_uidivmod                         0x080000f1   Thumb Code    44  uidiv.o(.text)
    __aeabi_uldivmod                         0x0800011d   Thumb Code    96  uldiv.o(.text)
    __aeabi_memset                           0x0800017d   Thumb Code    14  memseta.o(.text)
    __aeabi_memset4                          0x0800017d   Thumb Code     0  memseta.o(.text)
    __aeabi_memset8                          0x0800017d   Thumb Code     0  memseta.o(.text)
    __aeabi_memclr                           0x0800018b   Thumb Code     4  memseta.o(.text)
    __aeabi_memclr4                          0x0800018b   Thumb Code     0  memseta.o(.text)
    __aeabi_memclr8                          0x0800018b   Thumb Code     0  memseta.o(.text)
    _memset$wrapper                          0x0800018f   Thumb Code    18  memseta.o(.text)
    __aeabi_dadd                             0x080001a1   Thumb Code   328  dadd.o(.text)
    __aeabi_dsub                             0x080002e9   Thumb Code    12  dadd.o(.text)
    __aeabi_drsub                            0x080002f5   Thumb Code    12  dadd.o(.text)
    __aeabi_ddiv                             0x08000305   Thumb Code   234  ddiv.o(.text)
    __aeabi_i2d                              0x080003f5   Thumb Code    34  dflti.o(.text)
    __aeabi_ui2d                             0x0800041d   Thumb Code    24  dfltui.o(.text)
    __aeabi_cdcmpeq                          0x08000439   Thumb Code     0  cdcmple.o(.text)
    __aeabi_cdcmple                          0x08000439   Thumb Code    38  cdcmple.o(.text)
    __aeabi_cdrcmple                         0x08000461   Thumb Code    38  cdrcmple.o(.text)
    __aeabi_llsl                             0x08000489   Thumb Code    32  llshl.o(.text)
    _ll_shift_l                              0x08000489   Thumb Code     0  llshl.o(.text)
    __aeabi_llsr                             0x080004a9   Thumb Code    34  llushr.o(.text)
    _ll_ushift_r                             0x080004a9   Thumb Code     0  llushr.o(.text)
    __aeabi_lasr                             0x080004cb   Thumb Code    38  llsshr.o(.text)
    _ll_sshift_r                             0x080004cb   Thumb Code     0  llsshr.o(.text)
    __I$use$fp                               0x080004f1   Thumb Code     0  iusefp.o(.text)
    _double_round                            0x080004f1   Thumb Code    26  depilogue.o(.text)
    _double_epilogue                         0x0800050b   Thumb Code   164  depilogue.o(.text)
    __aeabi_dmul                             0x080005b1   Thumb Code   202  dmul.o(.text)
    __ARM_scalbn                             0x08000681   Thumb Code    44  dscalb.o(.text)
    scalbn                                   0x08000681   Thumb Code     0  dscalb.o(.text)
    _dsqrt                                   0x080006ad   Thumb Code   162  dsqrt.o(.text)
    __aeabi_d2ulz                            0x08000751   Thumb Code    54  dfixul.o(.text)
    __scatterload                            0x08000791   Thumb Code    28  init.o(.text)
    __scatterload_rt2                        0x08000791   Thumb Code     0  init.o(.text)
    ADXL362FifoProcess                       0x080007b5   Thumb Code   680  adxl362.o(i.ADXL362FifoProcess)
    ADXL362FifoRead                          0x08000af5   Thumb Code    56  adxl362.o(i.ADXL362FifoRead)
    ADXL362RegisterRead                      0x08000b35   Thumb Code    62  adxl362.o(i.ADXL362RegisterRead)
    ADXL362RegisterWrite                     0x08000b7d   Thumb Code    60  adxl362.o(i.ADXL362RegisterWrite)
    ADXL362_Init                             0x08000bc1   Thumb Code   514  adxl362.o(i.ADXL362_Init)
    Activate_SPI                             0x08000ed1   Thumb Code    10  spi.o(i.Activate_SPI)
    Activate_USART1_RXIT                     0x08000edd   Thumb Code    34  usart.o(i.Activate_USART1_RXIT)
    CC1101ClrTXBuff                          0x08000f05   Thumb Code    16  cc1101.o(i.CC1101ClrTXBuff)
    CC1101Init                               0x08000f15   Thumb Code   118  cc1101.o(i.CC1101Init)
    CC1101ReadReg                            0x08000fcd   Thumb Code    54  cc1101.o(i.CC1101ReadReg)
    CC1101ReadStatus                         0x08001009   Thumb Code    54  cc1101.o(i.CC1101ReadStatus)
    CC1101Reset                              0x08001045   Thumb Code   110  cc1101.o(i.CC1101Reset)
    CC1101SendHandler                        0x080010b5   Thumb Code   148  cc1101.o(i.CC1101SendHandler)
    CC1101SendPacket                         0x0800115d   Thumb Code   184  cc1101.o(i.CC1101SendPacket)
    CC1101SetAddress                         0x08001219   Thumb Code    20  cc1101.o(i.CC1101SetAddress)
    CC1101SetSYNC                            0x0800122d   Thumb Code    22  cc1101.o(i.CC1101SetSYNC)
    CC1101SetTRMode                          0x08001243   Thumb Code    54  cc1101.o(i.CC1101SetTRMode)
    CC1101SetWORMode                         0x08001279   Thumb Code    38  cc1101.o(i.CC1101SetWORMode)
    CC1101WORInit                            0x0800129f   Thumb Code    44  cc1101.o(i.CC1101WORInit)
    CC1101WriteCmd                           0x080012cd   Thumb Code    38  cc1101.o(i.CC1101WriteCmd)
    CC1101WriteMultiReg                      0x080012f9   Thumb Code    68  cc1101.o(i.CC1101WriteMultiReg)
    CC1101WriteReg                           0x08001341   Thumb Code    50  cc1101.o(i.CC1101WriteReg)
    DATAEEPROM_Program                       0x08001379   Thumb Code    62  main.o(i.DATAEEPROM_Program)
    EXTI0_1_IRQHandler                       0x080013c1   Thumb Code    62  stm32l0xx_it.o(i.EXTI0_1_IRQHandler)
    EXTI2_3_IRQHandler                       0x08001415   Thumb Code    26  stm32l0xx_it.o(i.EXTI2_3_IRQHandler)
    EXTI4_15_IRQHandler                      0x08001439   Thumb Code    26  stm32l0xx_it.o(i.EXTI4_15_IRQHandler)
    Error_Callback                           0x0800145d   Thumb Code    92  usart.o(i.Error_Callback)
    Error_Handler                            0x080014c5   Thumb Code    24  main.o(i.Error_Handler)
    FLASH_WaitForLastOperation               0x08001571   Thumb Code   106  stm32l0xx_hal_flash.o(i.FLASH_WaitForLastOperation)
    Get_SerialNum                            0x080015e1   Thumb Code    46  main.o(i.Get_SerialNum)
    HAL_Delay                                0x08001619   Thumb Code    32  stm32l0xx_hal.o(i.HAL_Delay)
    HAL_FLASHEx_DATAEEPROM_DisableFixedTimeProgram 0x0800163d   Thumb Code    12  stm32l0xx_hal_flash_ex.o(i.HAL_FLASHEx_DATAEEPROM_DisableFixedTimeProgram)
    HAL_FLASHEx_DATAEEPROM_EnableFixedTimeProgram 0x0800164d   Thumb Code    12  stm32l0xx_hal_flash_ex.o(i.HAL_FLASHEx_DATAEEPROM_EnableFixedTimeProgram)
    HAL_FLASHEx_DATAEEPROM_Erase             0x0800165d   Thumb Code    30  stm32l0xx_hal_flash_ex.o(i.HAL_FLASHEx_DATAEEPROM_Erase)
    HAL_FLASHEx_DATAEEPROM_Lock              0x08001685   Thumb Code    14  stm32l0xx_hal_flash_ex.o(i.HAL_FLASHEx_DATAEEPROM_Lock)
    HAL_FLASHEx_DATAEEPROM_Program           0x08001699   Thumb Code    76  stm32l0xx_hal_flash_ex.o(i.HAL_FLASHEx_DATAEEPROM_Program)
    HAL_FLASHEx_DATAEEPROM_Unlock            0x080016ed   Thumb Code    40  stm32l0xx_hal_flash_ex.o(i.HAL_FLASHEx_DATAEEPROM_Unlock)
    HAL_GPIO_ReadPin                         0x08001721   Thumb Code    10  stm32l0xx_hal_gpio.o(i.HAL_GPIO_ReadPin)
    HAL_GPIO_TogglePin                       0x0800172b   Thumb Code    16  stm32l0xx_hal_gpio.o(i.HAL_GPIO_TogglePin)
    HAL_GPIO_WritePin                        0x0800173b   Thumb Code    12  stm32l0xx_hal_gpio.o(i.HAL_GPIO_WritePin)
    HAL_GetTick                              0x08001749   Thumb Code     6  stm32l0xx_hal.o(i.HAL_GetTick)
    HAL_IncTick                              0x08001755   Thumb Code    12  stm32l0xx_hal.o(i.HAL_IncTick)
    HAL_Init                                 0x08001765   Thumb Code    36  stm32l0xx_hal.o(i.HAL_Init)
    HAL_InitTick                             0x0800178d   Thumb Code    58  stm32l0xx_hal.o(i.HAL_InitTick)
    HAL_MspInit                              0x080017d1   Thumb Code    20  stm32l0xx_hal_msp.o(i.HAL_MspInit)
    HAL_NVIC_EnableIRQ                       0x080017e9   Thumb Code    18  stm32l0xx_hal_cortex.o(i.HAL_NVIC_EnableIRQ)
    HAL_NVIC_SetPriority                     0x08001801   Thumb Code     8  stm32l0xx_hal_cortex.o(i.HAL_NVIC_SetPriority)
    HAL_PWREx_EnableFastWakeUp               0x08001809   Thumb Code    12  stm32l0xx_hal_pwr_ex.o(i.HAL_PWREx_EnableFastWakeUp)
    HAL_PWREx_EnableUltraLowPower            0x08001819   Thumb Code    12  stm32l0xx_hal_pwr_ex.o(i.HAL_PWREx_EnableUltraLowPower)
    HAL_PWR_EnableBkUpAccess                 0x08001829   Thumb Code    12  stm32l0xx_hal_pwr.o(i.HAL_PWR_EnableBkUpAccess)
    HAL_PWR_EnterSTOPMode                    0x08001839   Thumb Code    88  stm32l0xx_hal_pwr.o(i.HAL_PWR_EnterSTOPMode)
    HAL_RCCEx_PeriphCLKConfig                0x0800189d   Thumb Code   342  stm32l0xx_hal_rcc_ex.o(i.HAL_RCCEx_PeriphCLKConfig)
    HAL_RCC_ClockConfig                      0x08001a01   Thumb Code   386  stm32l0xx_hal_rcc.o(i.HAL_RCC_ClockConfig)
    HAL_RCC_GetSysClockFreq                  0x08001b9d   Thumb Code   108  stm32l0xx_hal_rcc.o(i.HAL_RCC_GetSysClockFreq)
    HAL_RCC_OscConfig                        0x08001c15   Thumb Code  1062  stm32l0xx_hal_rcc.o(i.HAL_RCC_OscConfig)
    HAL_RTCEx_DeactivateWakeUpTimer          0x0800203b   Thumb Code   122  stm32l0xx_hal_rtc_ex.o(i.HAL_RTCEx_DeactivateWakeUpTimer)
    HAL_RTCEx_SetWakeUpTimer_IT              0x080020b5   Thumb Code   238  stm32l0xx_hal_rtc_ex.o(i.HAL_RTCEx_SetWakeUpTimer_IT)
    HAL_RTCEx_WakeUpTimerEventCallback       0x080021ad   Thumb Code    12  rtc.o(i.HAL_RTCEx_WakeUpTimerEventCallback)
    HAL_RTCEx_WakeUpTimerIRQHandler          0x080021bd   Thumb Code    48  stm32l0xx_hal_rtc_ex.o(i.HAL_RTCEx_WakeUpTimerIRQHandler)
    HAL_RTC_Init                             0x080021f5   Thumb Code   184  stm32l0xx_hal_rtc.o(i.HAL_RTC_Init)
    HAL_RTC_MspInit                          0x080022b1   Thumb Code    40  rtc.o(i.HAL_RTC_MspInit)
    HAL_RTC_WaitForSynchro                   0x080022e1   Thumb Code    52  stm32l0xx_hal_rtc.o(i.HAL_RTC_WaitForSynchro)
    HAL_SYSTICK_Config                       0x08002315   Thumb Code    38  stm32l0xx_hal_cortex.o(i.HAL_SYSTICK_Config)
    HardFault_Handler                        0x08002345   Thumb Code     2  stm32l0xx_it.o(i.HardFault_Handler)
    LED_Blinking                             0x08002349   Thumb Code    20  main.o(i.LED_Blinking)
    LL_EXTI_Init                             0x08002379   Thumb Code   156  stm32l0xx_ll_exti.o(i.LL_EXTI_Init)
    LL_GPIO_Init                             0x0800242d   Thumb Code   174  stm32l0xx_ll_gpio.o(i.LL_GPIO_Init)
    LL_RCC_GetUSARTClockFreq                 0x0800254d   Thumb Code   132  stm32l0xx_ll_rcc.o(i.LL_RCC_GetUSARTClockFreq)
    LL_SPI_DeInit                            0x0800261d   Thumb Code    56  stm32l0xx_ll_spi.o(i.LL_SPI_DeInit)
    LL_SPI_Init                              0x08002661   Thumb Code   102  stm32l0xx_ll_spi.o(i.LL_SPI_Init)
    LL_USART_DeInit                          0x080026ed   Thumb Code    58  stm32l0xx_ll_usart.o(i.LL_USART_DeInit)
    LL_USART_Init                            0x08002765   Thumb Code   150  stm32l0xx_ll_usart.o(i.LL_USART_Init)
    LPTIM1_Counter_Start_IT                  0x0800280d   Thumb Code    44  lptim.o(i.LPTIM1_Counter_Start_IT)
    LPTIM1_IRQHandler                        0x08002841   Thumb Code    26  stm32l0xx_it.o(i.LPTIM1_IRQHandler)
    LPTimerAutoreloadMatch_Callback          0x08002861   Thumb Code    42  lptim.o(i.LPTimerAutoreloadMatch_Callback)
    MX_GPIO_Init                             0x08002891   Thumb Code   626  gpio.o(i.MX_GPIO_Init)
    MX_IWDG_Init                             0x08002b0d   Thumb Code    30  iwdg.o(i.MX_IWDG_Init)
    MX_LPTIM1_Init                           0x08002b41   Thumb Code   106  lptim.o(i.MX_LPTIM1_Init)
    MX_RTC_Init                              0x08002bbd   Thumb Code    62  rtc.o(i.MX_RTC_Init)
    MX_SPI1_DeInit                           0x08002c05   Thumb Code   102  spi.o(i.MX_SPI1_DeInit)
    MX_SPI1_Init                             0x08002c75   Thumb Code   164  spi.o(i.MX_SPI1_Init)
    MX_SPI2_DeInit                           0x08002d21   Thumb Code   100  spi.o(i.MX_SPI2_DeInit)
    MX_SPI2_Init                             0x08002d91   Thumb Code   158  spi.o(i.MX_SPI2_Init)
    MX_USART1_UART_Init                      0x08002e3d   Thumb Code   168  usart.o(i.MX_USART1_UART_Init)
    NMI_Handler                              0x08002ef1   Thumb Code     2  stm32l0xx_it.o(i.NMI_Handler)
    PendSV_Handler                           0x08002ef3   Thumb Code     2  stm32l0xx_it.o(i.PendSV_Handler)
    RFIDInitial                              0x08002fc5   Thumb Code    68  cc1101.o(i.RFIDInitial)
    RTC_EnterInitMode                        0x0800300d   Thumb Code    56  stm32l0xx_hal_rtc.o(i.RTC_EnterInitMode)
    RTC_IRQHandler                           0x08003045   Thumb Code    10  stm32l0xx_it.o(i.RTC_IRQHandler)
    SPI_ExchangeByte                         0x08003055   Thumb Code    22  spi.o(i.SPI_ExchangeByte)
    SVC_Handler                              0x0800306b   Thumb Code     2  stm32l0xx_it.o(i.SVC_Handler)
    Show_Message                             0x0800306d   Thumb Code   174  main.o(i.Show_Message)
    SpiFunction                              0x08003205   Thumb Code    52  spi.o(i.SpiFunction)
    SysTick_Handler                          0x08003239   Thumb Code     8  stm32l0xx_it.o(i.SysTick_Handler)
    SystemClock_Config                       0x08003241   Thumb Code   158  main.o(i.SystemClock_Config)
    SystemInit                               0x080032e9   Thumb Code    66  system_stm32l0xx.o(i.SystemInit)
    System_Initial                           0x0800333d   Thumb Code   152  main.o(i.System_Initial)
    USART1_IRQHandler                        0x08003425   Thumb Code    32  stm32l0xx_it.o(i.USART1_IRQHandler)
    USART_CharReception_Callback             0x08003449   Thumb Code    46  usart.o(i.USART_CharReception_Callback)
    __0printf                                0x08003481   Thumb Code    24  printfa.o(i.__0printf)
    __1printf                                0x08003481   Thumb Code     0  printfa.o(i.__0printf)
    __2printf                                0x08003481   Thumb Code     0  printfa.o(i.__0printf)
    __c89printf                              0x08003481   Thumb Code     0  printfa.o(i.__0printf)
    printf                                   0x08003481   Thumb Code     0  printfa.o(i.__0printf)
    __ARM_clz                                0x080034a1   Thumb Code    46  depilogue.o(i.__ARM_clz)
    __ARM_common_ll_muluu                    0x080034cf   Thumb Code    48  stm32l0xx_hal_rcc.o(i.__ARM_common_ll_muluu)
    __ARM_fpclassify                         0x08003501   Thumb Code    40  fpclassify.o(i.__ARM_fpclassify)
    __kernel_poly                            0x080035cd   Thumb Code   172  poly.o(i.__kernel_poly)
    __mathlib_dbl_divzero                    0x08003679   Thumb Code    16  dunder.o(i.__mathlib_dbl_divzero)
    __mathlib_dbl_infnan                     0x0800368d   Thumb Code    10  dunder.o(i.__mathlib_dbl_infnan)
    __mathlib_dbl_infnan2                    0x08003697   Thumb Code     8  dunder.o(i.__mathlib_dbl_infnan2)
    __mathlib_dbl_invalid                    0x0800369f   Thumb Code    16  dunder.o(i.__mathlib_dbl_invalid)
    __mathlib_dbl_overflow                   0x080036b1   Thumb Code    16  dunder.o(i.__mathlib_dbl_overflow)
    __mathlib_dbl_underflow                  0x080036c5   Thumb Code    14  dunder.o(i.__mathlib_dbl_underflow)
    __scatterload_copy                       0x080036d9   Thumb Code    14  handlers.o(i.__scatterload_copy)
    __scatterload_null                       0x080036e7   Thumb Code     2  handlers.o(i.__scatterload_null)
    __scatterload_zeroinit                   0x080036e9   Thumb Code    14  handlers.o(i.__scatterload_zeroinit)
    __set_errno                              0x080036f9   Thumb Code     6  errno.o(i.__set_errno)
    acos                                     0x08003fb1   Thumb Code   556  acos.o(i.acos)
    fputc                                    0x08004219   Thumb Code    12  usart.o(i.fputc)
    main                                     0x08004229   Thumb Code   330  main.o(i.main)
    pow                                      0x080043b9   Thumb Code  2548  pow.o(i.pow)
    sqrt                                     0x08004db5   Thumb Code    66  sqrt.o(i.sqrt)
    AHBPrescTable                            0x08004e5a   Data          16  system_stm32l0xx.o(.constdata)
    PLLMulTable                              0x08004e6a   Data           9  system_stm32l0xx.o(.constdata)
    APBPrescTable                            0x08004e73   Data           8  system_stm32l0xx.o(.constdata)
    __mathlib_zero                           0x08004f58   Data           8  qnan.o(.constdata)
    Region$$Table$$Base                      0x08004f60   Number         0  anon$$obj.o(Region$$Table)
    Region$$Table$$Limit                     0x08004f80   Number         0  anon$$obj.o(Region$$Table)
    freeFallDetection                        0x20000018   Data           1  adxl362.o(.data)
    rxCatch                                  0x20000019   Data           1  cc1101.o(.data)
    txFiFoUnFlow                             0x2000001a   Data           1  cc1101.o(.data)
    PaTabel                                  0x2000001b   Data           8  cc1101.o(.data)
    ErrorIndex                               0x20000023   Data           1  main.o(.data)
    lptim                                    0x20000024   Data           4  lptim.o(.data)
    uwTickFreq                               0x20000028   Data           1  stm32l0xx_hal.o(.data)
    uwTickPrio                               0x2000002c   Data           4  stm32l0xx_hal.o(.data)
    uwTick                                   0x20000030   Data           4  stm32l0xx_hal.o(.data)
    SystemCoreClock                          0x20000034   Data           4  system_stm32l0xx.o(.data)
    __stdout                                 0x20000038   Data           4  stdout.o(.data)
    fifo                                     0x20000090   Data        1024  adxl362.o(.bss)
    step                                     0x20000490   Data         150  adxl362.o(.bss)
    cc1101                                   0x20000526   Data         390  cc1101.o(.bss)
    device                                   0x200006ac   Data          16  main.o(.bss)
    hrtc                                     0x200006bc   Data          36  rtc.o(.bss)
    usart                                    0x200006e0   Data          26  usart.o(.bss)
    pFlash                                   0x200006fc   Data          24  stm32l0xx_hal_flash.o(.bss)
    __initial_sp                             0x20000b18   Data           0  startup_stm32l051xx.o(STACK)



==============================================================================

Memory Map of the image

  Image Entry point : 0x080000c1

  Load Region LR_IROM1 (Base: 0x08000000, Size: 0x00004fc0, Max: 0x00010000, ABSOLUTE)

    Execution Region ER_IROM1 (Exec base: 0x08000000, Load base: 0x08000000, Size: 0x00004f80, Max: 0x00010000, ABSOLUTE)

    Exec Addr    Load Addr    Size         Type   Attr      Idx    E Section Name        Object

    0x08000000   0x08000000   0x000000c0   Data   RO            3    RESET               startup_stm32l051xx.o
    0x080000c0   0x080000c0   0x00000000   Code   RO         3524  * .ARM.Collect$$$$00000000  mc_p.l(entry.o)
    0x080000c0   0x080000c0   0x00000004   Code   RO         3825    .ARM.Collect$$$$00000001  mc_p.l(entry2.o)
    0x080000c4   0x080000c4   0x00000004   Code   RO         3828    .ARM.Collect$$$$00000004  mc_p.l(entry5.o)
    0x080000c8   0x080000c8   0x00000000   Code   RO         3830    .ARM.Collect$$$$00000008  mc_p.l(entry7b.o)
    0x080000c8   0x080000c8   0x00000000   Code   RO         3832    .ARM.Collect$$$$0000000A  mc_p.l(entry8b.o)
    0x080000c8   0x080000c8   0x00000008   Code   RO         3833    .ARM.Collect$$$$0000000B  mc_p.l(entry9a.o)
    0x080000d0   0x080000d0   0x00000000   Code   RO         3835    .ARM.Collect$$$$0000000D  mc_p.l(entry10a.o)
    0x080000d0   0x080000d0   0x00000000   Code   RO         3837    .ARM.Collect$$$$0000000F  mc_p.l(entry11a.o)
    0x080000d0   0x080000d0   0x00000004   Code   RO         3826    .ARM.Collect$$$$00002712  mc_p.l(entry2.o)
    0x080000d4   0x080000d4   0x0000001c   Code   RO            4    .text               startup_stm32l051xx.o
    0x080000f0   0x080000f0   0x0000002c   Code   RO         3527    .text               mc_p.l(uidiv.o)
    0x0800011c   0x0800011c   0x00000060   Code   RO         3529    .text               mc_p.l(uldiv.o)
    0x0800017c   0x0800017c   0x00000024   Code   RO         3531    .text               mc_p.l(memseta.o)
    0x080001a0   0x080001a0   0x00000164   Code   RO         3794    .text               mf_p.l(dadd.o)
    0x08000304   0x08000304   0x000000f0   Code   RO         3796    .text               mf_p.l(ddiv.o)
    0x080003f4   0x080003f4   0x00000028   Code   RO         3798    .text               mf_p.l(dflti.o)
    0x0800041c   0x0800041c   0x0000001c   Code   RO         3800    .text               mf_p.l(dfltui.o)
    0x08000438   0x08000438   0x00000028   Code   RO         3802    .text               mf_p.l(cdcmple.o)
    0x08000460   0x08000460   0x00000028   Code   RO         3804    .text               mf_p.l(cdrcmple.o)
    0x08000488   0x08000488   0x00000020   Code   RO         3840    .text               mc_p.l(llshl.o)
    0x080004a8   0x080004a8   0x00000022   Code   RO         3842    .text               mc_p.l(llushr.o)
    0x080004ca   0x080004ca   0x00000026   Code   RO         3844    .text               mc_p.l(llsshr.o)
    0x080004f0   0x080004f0   0x00000000   Code   RO         3853    .text               mc_p.l(iusefp.o)
    0x080004f0   0x080004f0   0x000000be   Code   RO         3854    .text               mf_p.l(depilogue.o)
    0x080005ae   0x080005ae   0x00000002   PAD
    0x080005b0   0x080005b0   0x000000d0   Code   RO         3858    .text               mf_p.l(dmul.o)
    0x08000680   0x08000680   0x0000002c   Code   RO         3860    .text               mf_p.l(dscalb.o)
    0x080006ac   0x080006ac   0x000000a2   Code   RO         3862    .text               mf_p.l(dsqrt.o)
    0x0800074e   0x0800074e   0x00000002   PAD
    0x08000750   0x08000750   0x00000040   Code   RO         3864    .text               mf_p.l(dfixul.o)
    0x08000790   0x08000790   0x00000024   Code   RO         3866    .text               mc_p.l(init.o)
    0x080007b4   0x080007b4   0x00000340   Code   RO           15    i.ADXL362FifoProcess  adxl362.o
    0x08000af4   0x08000af4   0x00000040   Code   RO           16    i.ADXL362FifoRead   adxl362.o
    0x08000b34   0x08000b34   0x00000048   Code   RO           17    i.ADXL362RegisterRead  adxl362.o
    0x08000b7c   0x08000b7c   0x00000044   Code   RO           18    i.ADXL362RegisterWrite  adxl362.o
    0x08000bc0   0x08000bc0   0x00000310   Code   RO           19    i.ADXL362_Init      adxl362.o
    0x08000ed0   0x08000ed0   0x0000000a   Code   RO          689    i.Activate_SPI      spi.o
    0x08000eda   0x08000eda   0x00000002   PAD
    0x08000edc   0x08000edc   0x00000028   Code   RO          756    i.Activate_USART1_RXIT  usart.o
    0x08000f04   0x08000f04   0x00000010   Code   RO          248    i.CC1101ClrTXBuff   cc1101.o
    0x08000f14   0x08000f14   0x000000b8   Code   RO          250    i.CC1101Init        cc1101.o
    0x08000fcc   0x08000fcc   0x0000003c   Code   RO          253    i.CC1101ReadReg     cc1101.o
    0x08001008   0x08001008   0x0000003c   Code   RO          254    i.CC1101ReadStatus  cc1101.o
    0x08001044   0x08001044   0x0000006e   Code   RO          257    i.CC1101Reset       cc1101.o
    0x080010b2   0x080010b2   0x00000002   PAD
    0x080010b4   0x080010b4   0x000000a8   Code   RO          258    i.CC1101SendHandler  cc1101.o
    0x0800115c   0x0800115c   0x000000bc   Code   RO          259    i.CC1101SendPacket  cc1101.o
    0x08001218   0x08001218   0x00000014   Code   RO          260    i.CC1101SetAddress  cc1101.o
    0x0800122c   0x0800122c   0x00000016   Code   RO          262    i.CC1101SetSYNC     cc1101.o
    0x08001242   0x08001242   0x00000036   Code   RO          263    i.CC1101SetTRMode   cc1101.o
    0x08001278   0x08001278   0x00000026   Code   RO          264    i.CC1101SetWORMode  cc1101.o
    0x0800129e   0x0800129e   0x0000002c   Code   RO          265    i.CC1101WORInit     cc1101.o
    0x080012ca   0x080012ca   0x00000002   PAD
    0x080012cc   0x080012cc   0x0000002c   Code   RO          266    i.CC1101WriteCmd    cc1101.o
    0x080012f8   0x080012f8   0x00000048   Code   RO          267    i.CC1101WriteMultiReg  cc1101.o
    0x08001340   0x08001340   0x00000038   Code   RO          268    i.CC1101WriteReg    cc1101.o
    0x08001378   0x08001378   0x00000048   Code   RO          414    i.DATAEEPROM_Program  main.o
    0x080013c0   0x080013c0   0x00000054   Code   RO          850    i.EXTI0_1_IRQHandler  stm32l0xx_it.o
    0x08001414   0x08001414   0x00000024   Code   RO          851    i.EXTI2_3_IRQHandler  stm32l0xx_it.o
    0x08001438   0x08001438   0x00000024   Code   RO          852    i.EXTI4_15_IRQHandler  stm32l0xx_it.o
    0x0800145c   0x0800145c   0x00000068   Code   RO          757    i.Error_Callback    usart.o
    0x080014c4   0x080014c4   0x0000001c   Code   RO          416    i.Error_Handler     main.o
    0x080014e0   0x080014e0   0x00000090   Code   RO         1935    i.FLASH_SetErrorCode  stm32l0xx_hal_flash.o
    0x08001570   0x08001570   0x00000070   Code   RO         1936    i.FLASH_WaitForLastOperation  stm32l0xx_hal_flash.o
    0x080015e0   0x080015e0   0x00000038   Code   RO          417    i.Get_SerialNum     main.o
    0x08001618   0x08001618   0x00000024   Code   RO         1025    i.HAL_Delay         stm32l0xx_hal.o
    0x0800163c   0x0800163c   0x00000010   Code   RO         2033    i.HAL_FLASHEx_DATAEEPROM_DisableFixedTimeProgram  stm32l0xx_hal_flash_ex.o
    0x0800164c   0x0800164c   0x00000010   Code   RO         2034    i.HAL_FLASHEx_DATAEEPROM_EnableFixedTimeProgram  stm32l0xx_hal_flash_ex.o
    0x0800165c   0x0800165c   0x00000028   Code   RO         2035    i.HAL_FLASHEx_DATAEEPROM_Erase  stm32l0xx_hal_flash_ex.o
    0x08001684   0x08001684   0x00000014   Code   RO         2036    i.HAL_FLASHEx_DATAEEPROM_Lock  stm32l0xx_hal_flash_ex.o
    0x08001698   0x08001698   0x00000054   Code   RO         2037    i.HAL_FLASHEx_DATAEEPROM_Program  stm32l0xx_hal_flash_ex.o
    0x080016ec   0x080016ec   0x00000034   Code   RO         2038    i.HAL_FLASHEx_DATAEEPROM_Unlock  stm32l0xx_hal_flash_ex.o
    0x08001720   0x08001720   0x0000000a   Code   RO         2143    i.HAL_GPIO_ReadPin  stm32l0xx_hal_gpio.o
    0x0800172a   0x0800172a   0x00000010   Code   RO         2144    i.HAL_GPIO_TogglePin  stm32l0xx_hal_gpio.o
    0x0800173a   0x0800173a   0x0000000c   Code   RO         2145    i.HAL_GPIO_WritePin  stm32l0xx_hal_gpio.o
    0x08001746   0x08001746   0x00000002   PAD
    0x08001748   0x08001748   0x0000000c   Code   RO         1029    i.HAL_GetTick       stm32l0xx_hal.o
    0x08001754   0x08001754   0x00000010   Code   RO         1035    i.HAL_IncTick       stm32l0xx_hal.o
    0x08001764   0x08001764   0x00000028   Code   RO         1036    i.HAL_Init          stm32l0xx_hal.o
    0x0800178c   0x0800178c   0x00000044   Code   RO         1037    i.HAL_InitTick      stm32l0xx_hal.o
    0x080017d0   0x080017d0   0x00000018   Code   RO          948    i.HAL_MspInit       stm32l0xx_hal_msp.o
    0x080017e8   0x080017e8   0x00000018   Code   RO         2470    i.HAL_NVIC_EnableIRQ  stm32l0xx_hal_cortex.o
    0x08001800   0x08001800   0x00000008   Code   RO         2474    i.HAL_NVIC_SetPriority  stm32l0xx_hal_cortex.o
    0x08001808   0x08001808   0x00000010   Code   RO         2412    i.HAL_PWREx_EnableFastWakeUp  stm32l0xx_hal_pwr_ex.o
    0x08001818   0x08001818   0x00000010   Code   RO         2414    i.HAL_PWREx_EnableUltraLowPower  stm32l0xx_hal_pwr_ex.o
    0x08001828   0x08001828   0x00000010   Code   RO         2300    i.HAL_PWR_EnableBkUpAccess  stm32l0xx_hal_pwr.o
    0x08001838   0x08001838   0x00000064   Code   RO         2307    i.HAL_PWR_EnterSTOPMode  stm32l0xx_hal_pwr.o
    0x0800189c   0x0800189c   0x00000164   Code   RO         1831    i.HAL_RCCEx_PeriphCLKConfig  stm32l0xx_hal_rcc_ex.o
    0x08001a00   0x08001a00   0x0000019c   Code   RO         1731    i.HAL_RCC_ClockConfig  stm32l0xx_hal_rcc.o
    0x08001b9c   0x08001b9c   0x00000078   Code   RO         1739    i.HAL_RCC_GetSysClockFreq  stm32l0xx_hal_rcc.o
    0x08001c14   0x08001c14   0x00000426   Code   RO         1742    i.HAL_RCC_OscConfig  stm32l0xx_hal_rcc.o
    0x0800203a   0x0800203a   0x0000007a   Code   RO         3077    i.HAL_RTCEx_DeactivateWakeUpTimer  stm32l0xx_hal_rtc_ex.o
    0x080020b4   0x080020b4   0x000000f8   Code   RO         3096    i.HAL_RTCEx_SetWakeUpTimer_IT  stm32l0xx_hal_rtc_ex.o
    0x080021ac   0x080021ac   0x00000010   Code   RO          643    i.HAL_RTCEx_WakeUpTimerEventCallback  rtc.o
    0x080021bc   0x080021bc   0x00000038   Code   RO         3102    i.HAL_RTCEx_WakeUpTimerIRQHandler  stm32l0xx_hal_rtc_ex.o
    0x080021f4   0x080021f4   0x000000bc   Code   RO         2920    i.HAL_RTC_Init      stm32l0xx_hal_rtc.o
    0x080022b0   0x080022b0   0x00000030   Code   RO          645    i.HAL_RTC_MspInit   rtc.o
    0x080022e0   0x080022e0   0x00000034   Code   RO         2928    i.HAL_RTC_WaitForSynchro  stm32l0xx_hal_rtc.o
    0x08002314   0x08002314   0x00000030   Code   RO         2478    i.HAL_SYSTICK_Config  stm32l0xx_hal_cortex.o
    0x08002344   0x08002344   0x00000002   Code   RO          853    i.HardFault_Handler  stm32l0xx_it.o
    0x08002346   0x08002346   0x00000002   PAD
    0x08002348   0x08002348   0x00000018   Code   RO          418    i.LED_Blinking      main.o
    0x08002360   0x08002360   0x00000018   Code   RO          758    i.LL_APB2_GRP1_EnableClock  usart.o
    0x08002378   0x08002378   0x000000a0   Code   RO         2821    i.LL_EXTI_Init      stm32l0xx_ll_exti.o
    0x08002418   0x08002418   0x00000014   Code   RO          854    i.LL_EXTI_IsActiveFlag_0_31  stm32l0xx_it.o
    0x0800242c   0x0800242c   0x000000ae   Code   RO          969    i.LL_GPIO_Init      stm32l0xx_ll_gpio.o
    0x080024da   0x080024da   0x00000014   Code   RO          511    i.LL_GPIO_SetPinMode  gpio.o
    0x080024ee   0x080024ee   0x00000014   Code   RO          512    i.LL_GPIO_SetPinPull  gpio.o
    0x08002502   0x08002502   0x00000002   PAD
    0x08002504   0x08002504   0x00000018   Code   RO          513    i.LL_IOP_GRP1_EnableClock  gpio.o
    0x0800251c   0x0800251c   0x00000018   Code   RO          690    i.LL_IOP_GRP1_EnableClock  spi.o
    0x08002534   0x08002534   0x00000018   Code   RO          759    i.LL_IOP_GRP1_EnableClock  usart.o
    0x0800254c   0x0800254c   0x00000090   Code   RO         2650    i.LL_RCC_GetUSARTClockFreq  stm32l0xx_ll_rcc.o
    0x080025dc   0x080025dc   0x00000010   Code   RO         2651    i.LL_RCC_GetUSARTClockSource  stm32l0xx_ll_rcc.o
    0x080025ec   0x080025ec   0x00000010   Code   RO         2652    i.LL_RCC_HSI_IsReady  stm32l0xx_ll_rcc.o
    0x080025fc   0x080025fc   0x00000010   Code   RO         2653    i.LL_RCC_IsActiveFlag_HSIDIV  stm32l0xx_ll_rcc.o
    0x0800260c   0x0800260c   0x00000010   Code   RO         2654    i.LL_RCC_LSE_IsReady  stm32l0xx_ll_rcc.o
    0x0800261c   0x0800261c   0x00000044   Code   RO         3286    i.LL_SPI_DeInit     stm32l0xx_ll_spi.o
    0x08002660   0x08002660   0x0000006c   Code   RO         3287    i.LL_SPI_Init       stm32l0xx_ll_spi.o
    0x080026cc   0x080026cc   0x00000020   Code   RO          514    i.LL_SYSCFG_SetEXTISource  gpio.o
    0x080026ec   0x080026ec   0x00000048   Code   RO         3419    i.LL_USART_DeInit   stm32l0xx_ll_usart.o
    0x08002734   0x08002734   0x00000018   Code   RO          760    i.LL_USART_EnableIT_ERROR  usart.o
    0x0800274c   0x0800274c   0x00000018   Code   RO          761    i.LL_USART_EnableIT_RXNE  usart.o
    0x08002764   0x08002764   0x000000a8   Code   RO         3420    i.LL_USART_Init     stm32l0xx_ll_usart.o
    0x0800280c   0x0800280c   0x00000034   Code   RO          596    i.LPTIM1_Counter_Start_IT  lptim.o
    0x08002840   0x08002840   0x00000020   Code   RO          855    i.LPTIM1_IRQHandler  stm32l0xx_it.o
    0x08002860   0x08002860   0x00000030   Code   RO          597    i.LPTimerAutoreloadMatch_Callback  lptim.o
    0x08002890   0x08002890   0x0000027c   Code   RO          515    i.MX_GPIO_Init      gpio.o
    0x08002b0c   0x08002b0c   0x00000034   Code   RO          573    i.MX_IWDG_Init      iwdg.o
    0x08002b40   0x08002b40   0x0000007c   Code   RO          598    i.MX_LPTIM1_Init    lptim.o
    0x08002bbc   0x08002bbc   0x00000048   Code   RO          646    i.MX_RTC_Init       rtc.o
    0x08002c04   0x08002c04   0x00000070   Code   RO          691    i.MX_SPI1_DeInit    spi.o
    0x08002c74   0x08002c74   0x000000ac   Code   RO          692    i.MX_SPI1_Init      spi.o
    0x08002d20   0x08002d20   0x00000070   Code   RO          693    i.MX_SPI2_DeInit    spi.o
    0x08002d90   0x08002d90   0x000000ac   Code   RO          694    i.MX_SPI2_Init      spi.o
    0x08002e3c   0x08002e3c   0x000000b4   Code   RO          763    i.MX_USART1_UART_Init  usart.o
    0x08002ef0   0x08002ef0   0x00000002   Code   RO          856    i.NMI_Handler       stm32l0xx_it.o
    0x08002ef2   0x08002ef2   0x00000002   Code   RO          857    i.PendSV_Handler    stm32l0xx_it.o
    0x08002ef4   0x08002ef4   0x0000001c   Code   RO         2655    i.RCC_GetHCLKClockFreq  stm32l0xx_ll_rcc.o
    0x08002f10   0x08002f10   0x00000018   Code   RO         2656    i.RCC_GetPCLK1ClockFreq  stm32l0xx_ll_rcc.o
    0x08002f28   0x08002f28   0x00000018   Code   RO         2657    i.RCC_GetPCLK2ClockFreq  stm32l0xx_ll_rcc.o
    0x08002f40   0x08002f40   0x00000084   Code   RO         2658    i.RCC_GetSystemClockFreq  stm32l0xx_ll_rcc.o
    0x08002fc4   0x08002fc4   0x00000048   Code   RO          269    i.RFIDInitial       cc1101.o
    0x0800300c   0x0800300c   0x00000038   Code   RO         2931    i.RTC_EnterInitMode  stm32l0xx_hal_rtc.o
    0x08003044   0x08003044   0x00000010   Code   RO          858    i.RTC_IRQHandler    stm32l0xx_it.o
    0x08003054   0x08003054   0x00000016   Code   RO          695    i.SPI_ExchangeByte  spi.o
    0x0800306a   0x0800306a   0x00000002   Code   RO          859    i.SVC_Handler       stm32l0xx_it.o
    0x0800306c   0x0800306c   0x00000198   Code   RO          420    i.Show_Message      main.o
    0x08003204   0x08003204   0x00000034   Code   RO          696    i.SpiFunction       spi.o
    0x08003238   0x08003238   0x00000008   Code   RO          860    i.SysTick_Handler   stm32l0xx_it.o
    0x08003240   0x08003240   0x000000a8   Code   RO          421    i.SystemClock_Config  main.o
    0x080032e8   0x080032e8   0x00000054   Code   RO         3465    i.SystemInit        system_stm32l0xx.o
    0x0800333c   0x0800333c   0x000000e8   Code   RO          422    i.System_Initial    main.o
    0x08003424   0x08003424   0x00000024   Code   RO          861    i.USART1_IRQHandler  stm32l0xx_it.o
    0x08003448   0x08003448   0x00000038   Code   RO          765    i.USART_CharReception_Callback  usart.o
    0x08003480   0x08003480   0x00000020   Code   RO         3766    i.__0printf         mc_p.l(printfa.o)
    0x080034a0   0x080034a0   0x0000002e   Code   RO         3856    i.__ARM_clz         mf_p.l(depilogue.o)
    0x080034ce   0x080034ce   0x00000030   Code   RO         1816    i.__ARM_common_ll_muluu  stm32l0xx_hal_rcc.o
    0x080034fe   0x080034fe   0x00000002   PAD
    0x08003500   0x08003500   0x0000002c   Code   RO         3820    i.__ARM_fpclassify  m_ps.l(fpclassify.o)
    0x0800352c   0x0800352c   0x00000018   Code   RO          516    i.__NVIC_EnableIRQ  gpio.o
    0x08003544   0x08003544   0x00000044   Code   RO          517    i.__NVIC_SetPriority  gpio.o
    0x08003588   0x08003588   0x00000044   Code   RO         2480    i.__NVIC_SetPriority  stm32l0xx_hal_cortex.o
    0x080035cc   0x080035cc   0x000000ac   Code   RO         3822    i.__kernel_poly     m_ps.l(poly.o)
    0x08003678   0x08003678   0x00000014   Code   RO         3806    i.__mathlib_dbl_divzero  m_ps.l(dunder.o)
    0x0800368c   0x0800368c   0x0000000a   Code   RO         3807    i.__mathlib_dbl_infnan  m_ps.l(dunder.o)
    0x08003696   0x08003696   0x00000008   Code   RO         3808    i.__mathlib_dbl_infnan2  m_ps.l(dunder.o)
    0x0800369e   0x0800369e   0x00000010   Code   RO         3809    i.__mathlib_dbl_invalid  m_ps.l(dunder.o)
    0x080036ae   0x080036ae   0x00000002   PAD
    0x080036b0   0x080036b0   0x00000014   Code   RO         3810    i.__mathlib_dbl_overflow  m_ps.l(dunder.o)
    0x080036c4   0x080036c4   0x00000014   Code   RO         3812    i.__mathlib_dbl_underflow  m_ps.l(dunder.o)
    0x080036d8   0x080036d8   0x0000000e   Code   RO         3870    i.__scatterload_copy  mc_p.l(handlers.o)
    0x080036e6   0x080036e6   0x00000002   Code   RO         3871    i.__scatterload_null  mc_p.l(handlers.o)
    0x080036e8   0x080036e8   0x0000000e   Code   RO         3872    i.__scatterload_zeroinit  mc_p.l(handlers.o)
    0x080036f6   0x080036f6   0x00000002   PAD
    0x080036f8   0x080036f8   0x0000000c   Code   RO         3848    i.__set_errno       mc_p.l(errno.o)
    0x08003704   0x08003704   0x00000174   Code   RO         3773    i._fp_digits        mc_p.l(printfa.o)
    0x08003878   0x08003878   0x000006ec   Code   RO         3774    i._printf_core      mc_p.l(printfa.o)
    0x08003f64   0x08003f64   0x00000020   Code   RO         3775    i._printf_post_padding  mc_p.l(printfa.o)
    0x08003f84   0x08003f84   0x0000002c   Code   RO         3776    i._printf_pre_padding  mc_p.l(printfa.o)
    0x08003fb0   0x08003fb0   0x00000268   Code   RO         3497    i.acos              m_ps.l(acos.o)
    0x08004218   0x08004218   0x00000010   Code   RO          766    i.fputc             usart.o
    0x08004228   0x08004228   0x00000190   Code   RO          423    i.main              main.o
    0x080043b8   0x080043b8   0x000009fc   Code   RO         3507    i.pow               m_ps.l(pow.o)
    0x08004db4   0x08004db4   0x00000048   Code   RO         3517    i.sqrt              m_ps.l(sqrt.o)
    0x08004dfc   0x08004dfc   0x0000005e   Data   RO          271    .constdata          cc1101.o
    0x08004e5a   0x08004e5a   0x00000019   Data   RO         3466    .constdata          system_stm32l0xx.o
    0x08004e73   0x08004e73   0x00000008   Data   RO         3467    .constdata          system_stm32l0xx.o
    0x08004e7b   0x08004e7b   0x00000005   PAD
    0x08004e80   0x08004e80   0x00000050   Data   RO         3498    .constdata          m_ps.l(acos.o)
    0x08004ed0   0x08004ed0   0x00000088   Data   RO         3508    .constdata          m_ps.l(pow.o)
    0x08004f58   0x08004f58   0x00000008   Data   RO         3824    .constdata          m_ps.l(qnan.o)
    0x08004f60   0x08004f60   0x00000020   Data   RO         3868    Region$$Table       anon$$obj.o


    Execution Region RW_IRAM1 (Exec base: 0x20000000, Load base: 0x08004f80, Size: 0x00000b18, Max: 0x00002000, ABSOLUTE)

    Exec Addr    Load Addr    Size         Type   Attr      Idx    E Section Name        Object

    0x20000000   0x08004f80   0x00000018   Data   RW           22    .data               adxl362.o
    0x20000018   0x08004f98   0x00000001   Data   RW           23    .data               adxl362.o
    0x20000019   0x08004f99   0x0000000a   Data   RW          272    .data               cc1101.o
    0x20000023   0x08004fa3   0x00000001   Data   RW          425    .data               main.o
    0x20000024   0x08004fa4   0x00000004   Data   RW          599    .data               lptim.o
    0x20000028   0x08004fa8   0x0000000c   Data   RW         1047    .data               stm32l0xx_hal.o
    0x20000034   0x08004fb4   0x00000004   Data   RW         3468    .data               system_stm32l0xx.o
    0x20000038   0x08004fb8   0x00000004   Data   RW         3839    .data               mc_p.l(stdout.o)
    0x2000003c   0x08004fbc   0x00000004   Data   RW         3849    .data               mc_p.l(errno.o)
    0x20000040        -       0x000004e6   Zero   RW           21    .bss                adxl362.o
    0x20000526        -       0x00000186   Zero   RW          270    .bss                cc1101.o
    0x200006ac        -       0x00000010   Zero   RW          424    .bss                main.o
    0x200006bc        -       0x00000024   Zero   RW          648    .bss                rtc.o
    0x200006e0        -       0x0000001a   Zero   RW          767    .bss                usart.o
    0x200006fa   0x08004fc0   0x00000002   PAD
    0x200006fc        -       0x00000018   Zero   RW         1948    .bss                stm32l0xx_hal_flash.o
    0x20000714   0x08004fc0   0x00000004   PAD
    0x20000718        -       0x00000400   Zero   RW            1    STACK               startup_stm32l051xx.o


==============================================================================

Image component sizes


      Code (inc. data)   RO Data    RW Data    ZI Data      Debug   Object Name

      1820        448          0         25       1254     303614   adxl362.o
      1208        122         94         10        390      20451   cc1101.o
       824         34          0          0          0      25711   gpio.o
        52         22          0          0          0       2527   iwdg.o
       224         32          0          4          0      23157   lptim.o
      1388        422          0          1         16       8810   main.o
       136         22          0          0         36       1870   rtc.o
       676         50          0          0          0      18912   spi.o
        28          8        192          0       1024        608   startup_stm32l051xx.o
       172         28          0         12          0       8433   stm32l0xx_hal.o
       148         24          0          0          0      11977   stm32l0xx_hal_cortex.o
       256         16          0          0         24       1646   stm32l0xx_hal_flash.o
       228         44          0          0          0       3947   stm32l0xx_hal_flash_ex.o
        38          0          0          0          0       2164   stm32l0xx_hal_gpio.o
        24          4          0          0          0        414   stm32l0xx_hal_msp.o
       116         16          0          0          0       1211   stm32l0xx_hal_pwr.o
        32          8          0          0          0        989   stm32l0xx_hal_pwr_ex.o
      1642         66          0          0          0       4474   stm32l0xx_hal_rcc.o
       356         14          0          0          0       1380   stm32l0xx_hal_rcc_ex.o
       296          4          0          0          0       2700   stm32l0xx_hal_rtc.o
       426         18          0          0          0       3282   stm32l0xx_hal_rtc_ex.o
       276         62          0          0          0      34576   stm32l0xx_it.o
       160          4          0          0          0       5003   stm32l0xx_ll_exti.o
       174          0          0          0          0       6815   stm32l0xx_ll_gpio.o
       416         76          0          0          0      19123   stm32l0xx_ll_rcc.o
       176         18          0          0          0      18698   stm32l0xx_ll_spi.o
       240         32          0          0          0      22522   stm32l0xx_ll_usart.o
        84         18         33          4          0       1159   system_stm32l0xx.o
       492         56          0          0         26      39925   usart.o

    ----------------------------------------------------------------------
     12122       1668        356         56       2776     596098   Object Totals
         0          0         32          0          0          0   (incl. Generated)
        14          0          5          0          6          0   (incl. Padding)

    ----------------------------------------------------------------------

      Code (inc. data)   RO Data    RW Data    ZI Data      Debug   Library Member Name

       616         60         80          0          0        120   acos.o
        94         14          0          0          0        408   dunder.o
        44          4          0          0          0         60   fpclassify.o
       172          0          0          0          0         76   poly.o
      2556        196        136          0          0        240   pow.o
         0          0          8          0          0          0   qnan.o
        72          6          0          0          0         76   sqrt.o
         0          0          0          0          0          0   entry.o
         0          0          0          0          0          0   entry10a.o
         0          0          0          0          0          0   entry11a.o
         8          4          0          0          0          0   entry2.o
         4          0          0          0          0          0   entry5.o
         0          0          0          0          0          0   entry7b.o
         0          0          0          0          0          0   entry8b.o
         8          4          0          0          0          0   entry9a.o
        12          6          0          4          0         60   errno.o
        30          0          0          0          0          0   handlers.o
        36          8          0          0          0         68   init.o
         0          0          0          0          0          0   iusefp.o
        32          0          0          0          0         68   llshl.o
        38          0          0          0          0         68   llsshr.o
        34          0          0          0          0         68   llushr.o
        36          0          0          0          0        100   memseta.o
      2252         98          0          0          0        412   printfa.o
         0          0          0          4          0          0   stdout.o
        44          0          0          0          0         72   uidiv.o
        96          0          0          0          0         84   uldiv.o
        40          2          0          0          0         68   cdcmple.o
        40          2          0          0          0         68   cdrcmple.o
       356          4          0          0          0        140   dadd.o
       240          6          0          0          0         84   ddiv.o
       236          0          0          0          0        216   depilogue.o
        64         10          0          0          0         68   dfixul.o
        40          6          0          0          0         68   dflti.o
        28          4          0          0          0         68   dfltui.o
       208          6          0          0          0         88   dmul.o
        44          0          0          0          0         72   dscalb.o
       162          0          0          0          0         80   dsqrt.o

    ----------------------------------------------------------------------
      7650        440        224          8          0       3000   Library Totals
         8          0          0          0          0          0   (incl. Padding)

    ----------------------------------------------------------------------

      Code (inc. data)   RO Data    RW Data    ZI Data      Debug   Library Name

      3554        280        224          0          0        980   m_ps.l
      2630        120          0          8          0       1000   mc_p.l
      1458         40          0          0          0       1020   mf_p.l

    ----------------------------------------------------------------------
      7650        440        224          8          0       3000   Library Totals

    ----------------------------------------------------------------------

==============================================================================


      Code (inc. data)   RO Data    RW Data    ZI Data      Debug   

     19772       2108        580         64       2776     592414   Grand Totals
     19772       2108        580         64       2776     592414   ELF Image Totals
     19772       2108        580         64          0          0   ROM Totals

==============================================================================

    Total RO  Size (Code + RO Data)                20352 (  19.88kB)
    Total RW  Size (RW Data + ZI Data)              2840 (   2.77kB)
    Total ROM Size (Code + RO Data + RW Data)      20416 (  19.94kB)

==============================================================================

