Component: ARM Compiler 5.06 update 6 (build 750) Tool: armlink [4d35ed]

==============================================================================

Section Cross References

    startup_stm32l051xx.o(RESET) refers to startup_stm32l051xx.o(STACK) for __initial_sp
    startup_stm32l051xx.o(RESET) refers to startup_stm32l051xx.o(.text) for Reset_Handler
    startup_stm32l051xx.o(RESET) refers to stm32l0xx_it.o(i.NMI_Handler) for NMI_Handler
    startup_stm32l051xx.o(RESET) refers to stm32l0xx_it.o(i.HardFault_Handler) for HardFault_Handler
    startup_stm32l051xx.o(RESET) refers to stm32l0xx_it.o(i.SVC_Handler) for SVC_Handler
    startup_stm32l051xx.o(RESET) refers to stm32l0xx_it.o(i.PendSV_Handler) for PendSV_Handler
    startup_stm32l051xx.o(RESET) refers to stm32l0xx_it.o(i.SysTick_Handler) for SysTick_Handler
    startup_stm32l051xx.o(RESET) refers to stm32l0xx_it.o(i.RTC_IRQHandler) for RTC_IRQHandler
    startup_stm32l051xx.o(RESET) refers to stm32l0xx_it.o(i.EXTI0_1_IRQHandler) for EXTI0_1_IRQHandler
    startup_stm32l051xx.o(RESET) refers to stm32l0xx_it.o(i.EXTI2_3_IRQHandler) for EXTI2_3_IRQHandler
    startup_stm32l051xx.o(RESET) refers to stm32l0xx_it.o(i.EXTI4_15_IRQHandler) for EXTI4_15_IRQHandler
    startup_stm32l051xx.o(RESET) refers to stm32l0xx_it.o(i.ADC1_COMP_IRQHandler) for ADC1_COMP_IRQHandler
    startup_stm32l051xx.o(RESET) refers to stm32l0xx_it.o(i.LPTIM1_IRQHandler) for LPTIM1_IRQHandler
    startup_stm32l051xx.o(RESET) refers to stm32l0xx_it.o(i.USART1_IRQHandler) for USART1_IRQHandler
    startup_stm32l051xx.o(.text) refers to system_stm32l0xx.o(i.SystemInit) for SystemInit
    startup_stm32l051xx.o(.text) refers to entry.o(.ARM.Collect$$$$00000000) for __main
    adxl362.o(i.ADXL362BurstRead) refers to stm32l0xx_hal_gpio.o(i.HAL_GPIO_WritePin) for HAL_GPIO_WritePin
    adxl362.o(i.ADXL362BurstRead) refers to spi.o(i.SpiFunction) for SpiFunction
    adxl362.o(i.ADXL362BurstWrite) refers to stm32l0xx_hal_gpio.o(i.HAL_GPIO_WritePin) for HAL_GPIO_WritePin
    adxl362.o(i.ADXL362BurstWrite) refers to spi.o(i.SpiFunction) for SpiFunction
    adxl362.o(i.ADXL362FifoEntries) refers to adxl362.o(i.ADXL362RegisterRead) for ADXL362RegisterRead
    adxl362.o(i.ADXL362FifoProcess) refers to memseta.o(.text) for __aeabi_memclr
    adxl362.o(i.ADXL362FifoProcess) refers to dflti.o(.text) for __aeabi_i2d
    adxl362.o(i.ADXL362FifoProcess) refers to pow.o(i.pow) for pow
    adxl362.o(i.ADXL362FifoProcess) refers to dadd.o(.text) for __aeabi_dadd
    adxl362.o(i.ADXL362FifoProcess) refers to sqrt.o(i.sqrt) for sqrt
    adxl362.o(i.ADXL362FifoProcess) refers to cdcmple.o(.text) for __aeabi_cdcmple
    adxl362.o(i.ADXL362FifoProcess) refers to ddiv.o(.text) for __aeabi_ddiv
    adxl362.o(i.ADXL362FifoProcess) refers to acos.o(i.acos) for acos
    adxl362.o(i.ADXL362FifoProcess) refers to dfltui.o(.text) for __aeabi_ui2d
    adxl362.o(i.ADXL362FifoProcess) refers to cdrcmple.o(.text) for __aeabi_cdrcmple
    adxl362.o(i.ADXL362FifoProcess) refers to adxl362.o(i.ADXL362RegisterRead) for ADXL362RegisterRead
    adxl362.o(i.ADXL362FifoProcess) refers to adxl362.o(.bss) for .bss
    adxl362.o(i.ADXL362FifoProcess) refers to adxl362.o(.data) for .data
    adxl362.o(i.ADXL362FifoRead) refers to stm32l0xx_hal_gpio.o(i.HAL_GPIO_WritePin) for HAL_GPIO_WritePin
    adxl362.o(i.ADXL362FifoRead) refers to spi.o(i.SpiFunction) for SpiFunction
    adxl362.o(i.ADXL362RegisterRead) refers to stm32l0xx_hal_gpio.o(i.HAL_GPIO_WritePin) for HAL_GPIO_WritePin
    adxl362.o(i.ADXL362RegisterRead) refers to spi.o(i.SpiFunction) for SpiFunction
    adxl362.o(i.ADXL362RegisterWrite) refers to stm32l0xx_hal_gpio.o(i.HAL_GPIO_WritePin) for HAL_GPIO_WritePin
    adxl362.o(i.ADXL362RegisterWrite) refers to spi.o(i.SpiFunction) for SpiFunction
    adxl362.o(i.ADXL362_Init) refers to memseta.o(.text) for __aeabi_memclr
    adxl362.o(i.ADXL362_Init) refers to adxl362.o(i.ADXL362RegisterWrite) for ADXL362RegisterWrite
    adxl362.o(i.ADXL362_Init) refers to stm32l0xx_hal.o(i.HAL_Delay) for HAL_Delay
    adxl362.o(i.ADXL362_Init) refers to adxl362.o(i.ADXL362RegisterRead) for ADXL362RegisterRead
    adxl362.o(i.ADXL362_Init) refers to main.o(i.Error_Handler) for Error_Handler
    adxl362.o(i.ADXL362_Init) refers to adxl362.o(.bss) for .bss
    adxl362.o(i.ADXL362_Init) refers to main.o(.data) for ErrorIndex
    adxl362.o(i.ADXL362_ReInit) refers to adxl362.o(i.ADXL362RegisterWrite) for ADXL362RegisterWrite
    adxl362.o(i.ADXL362_ReInit) refers to stm32l0xx_hal.o(i.HAL_Delay) for HAL_Delay
    cc1101.o(i.CC1101ClrRXBuff) refers to cc1101.o(i.CC1101WriteCmd) for CC1101WriteCmd
    cc1101.o(i.CC1101ClrTXBuff) refers to cc1101.o(i.CC1101WriteCmd) for CC1101WriteCmd
    cc1101.o(i.CC1101GetRXCnt) refers to cc1101.o(i.CC1101ReadStatus) for CC1101ReadStatus
    cc1101.o(i.CC1101Init) refers to cc1101.o(i.CC1101Reset) for CC1101Reset
    cc1101.o(i.CC1101Init) refers to cc1101.o(i.CC1101WriteReg) for CC1101WriteReg
[...]
    .text                                    0x08000548   Section        0  llushr.o(.text)
    .text                                    0x0800056a   Section        0  llsshr.o(.text)
    .text                                    0x08000590   Section        0  depilogue.o(.text)
    .text                                    0x08000590   Section        0  iusefp.o(.text)
    .text                                    0x08000650   Section        0  dmul.o(.text)
    .text                                    0x08000720   Section        0  dscalb.o(.text)
    .text                                    0x0800074c   Section        0  dsqrt.o(.text)
    .text                                    0x080007f0   Section       36  init.o(.text)
    i.ADC1_COMP_IRQHandler                   0x08000814   Section        0  stm32l0xx_it.o(i.ADC1_COMP_IRQHandler)
    i.ADC_ConversionStop                     0x08000824   Section        0  stm32l0xx_hal_adc.o(i.ADC_ConversionStop)
    ADC_ConversionStop                       0x08000825   Thumb Code    90  stm32l0xx_hal_adc.o(i.ADC_ConversionStop)
    i.ADC_DelayMicroSecond                   0x08000880   Section        0  stm32l0xx_hal_adc.o(i.ADC_DelayMicroSecond)
    ADC_DelayMicroSecond                     0x08000881   Thumb Code    28  stm32l0xx_hal_adc.o(i.ADC_DelayMicroSecond)
    i.ADC_Disable                            0x080008a4   Section        0  stm32l0xx_hal_adc.o(i.ADC_Disable)
    ADC_Disable                              0x080008a5   Thumb Code   104  stm32l0xx_hal_adc.o(i.ADC_Disable)
    i.ADC_Enable                             0x0800090c   Section        0  stm32l0xx_hal_adc.o(i.ADC_Enable)
    ADC_Enable                               0x0800090d   Thumb Code   106  stm32l0xx_hal_adc.o(i.ADC_Enable)
    i.ADXL362FifoProcess                     0x0800097c   Section        0  adxl362.o(i.ADXL362FifoProcess)
    i.ADXL362FifoRead                        0x08000bd4   Section        0  adxl362.o(i.ADXL362FifoRead)
    i.ADXL362RegisterRead                    0x08000c14   Section        0  adxl362.o(i.ADXL362RegisterRead)
    i.ADXL362RegisterWrite                   0x08000c5c   Section        0  adxl362.o(i.ADXL362RegisterWrite)
    i.ADXL362_Init                           0x08000ca0   Section        0  adxl362.o(i.ADXL362_Init)
    i.AES_general_SW_enc                     0x08000e20   Section        0  crypto.o(i.AES_general_SW_enc)
    i.AES_keyschedule_enc_LL                 0x08001104   Section        0  crypto.o(i.AES_keyschedule_enc_LL)
    AES_keyschedule_enc_LL                   0x08001105   Thumb Code   358  crypto.o(i.AES_keyschedule_enc_LL)
    i.Activate_SPI                           0x08001274   Section        0  spi.o(i.Activate_SPI)
    i.CC1101ClrTXBuff                        0x0800127e   Section        0  cc1101.o(i.CC1101ClrTXBuff)
    i.CC1101Init                             0x08001290   Section        0  cc1101.o(i.CC1101Init)
    i.CC1101ReadReg                          0x080012ec   Section        0  cc1101.o(i.CC1101ReadReg)
    i.CC1101Reset                            0x08001328   Section        0  cc1101.o(i.CC1101Reset)
    i.CC1101SendFreeFallHandler              0x08001384   Section        0  cc1101.o(i.CC1101SendFreeFallHandler)
    i.CC1101SendHandler                      0x08001444   Section        0  cc1101.o(i.CC1101SendHandler)
    i.CC1101SendPacket                       0x08001564   Section        0  cc1101.o(i.CC1101SendPacket)
    i.CC1101SetAddress                       0x08001640   Section        0  cc1101.o(i.CC1101SetAddress)
    i.CC1101SetSYNC                          0x08001654   Section        0  cc1101.o(i.CC1101SetSYNC)
    i.CC1101SetTRMode                        0x0800166c   Section        0  cc1101.o(i.CC1101SetTRMode)
    i.CC1101SetWORMode                       0x080016d4   Section        0  cc1101.o(i.CC1101SetWORMode)
    i.CC1101WORInit                          0x080016fa   Section        0  cc1101.o(i.CC1101WORInit)
    i.CC1101WriteCmd                         0x08001728   Section        0  cc1101.o(i.CC1101WriteCmd)
    i.CC1101WriteMultiReg                    0x08001754   Section        0  cc1101.o(i.CC1101WriteMultiReg)
    i.CC1101WriteReg                         0x0800179c   Section        0  cc1101.o(i.CC1101WriteReg)
    i.CRC_Handle_16                          0x080017d4   Section        0  stm32l0xx_hal_crc.o(i.CRC_Handle_16)
    CRC_Handle_16                            0x080017d5   Thumb Code    56  stm32l0xx_hal_crc.o(i.CRC_Handle_16)
    i.CRC_Handle_8                           0x0800180c   Section        0  stm32l0xx_hal_crc.o(i.CRC_Handle_8)
    CRC_Handle_8                             0x0800180d   Thumb Code   128  stm32l0xx_hal_crc.o(i.CRC_Handle_8)
    i.DATAEEPROM_Program                     0x0800188c   Section        0  main.o(i.DATAEEPROM_Program)
    i.DRBG_AES128_Bcc                        0x080018d4   Section        0  crypto.o(i.DRBG_AES128_Bcc)
    DRBG_AES128_Bcc                          0x080018d5   Thumb Code   212  crypto.o(i.DRBG_AES128_Bcc)
    i.DRBG_AES128_Block_cipher_df            0x080019a8   Section        0  crypto.o(i.DRBG_AES128_Block_cipher_df)
    DRBG_AES128_Block_cipher_df              0x080019a9   Thumb Code   208  crypto.o(i.DRBG_AES128_Block_cipher_df)
    i.DRBG_AES128_Update                     0x08001a7c   Section        0  crypto.o(i.DRBG_AES128_Update)
    DRBG_AES128_Update                       0x08001a7d   Thumb Code   130  crypto.o(i.DRBG_AES128_Update)
    i.EXTI0_1_IRQHandler                     0x08001b00   Section        0  stm32l0xx_it.o(i.EXTI0_1_IRQHandler)
    i.EXTI2_3_IRQHandler                     0x08001b54   Section        0  stm32l0xx_it.o(i.EXTI2_3_IRQHandler)
    i.EXTI4_15_IRQHandler                    0x08001b78   Section        0  stm32l0xx_it.o(i.EXTI4_15_IRQHandler)
    i.Error_Callback                         0x08001b9c   Section        0  usart.o(i.Error_Callback)
    i.Error_Handler                          0x08001c04   Section        0  main.o(i.Error_Handler)
    i.FLASH_SetErrorCode                     0x08001c20   Section        0  stm32l0xx_hal_flash.o(i.FLASH_SetErrorCode)
    FLASH_SetErrorCode                       0x08001c21   Thumb Code   134  stm32l0xx_hal_flash.o(i.FLASH_SetErrorCode)
    i.FLASH_WaitForLastOperation             0x08001cb0   Section        0  stm32l0xx_hal_flash.o(i.FLASH_WaitForLastOperation)
    i.Get_SerialNum                          0x08001d20   Section        0  main.o(i.Get_SerialNum)
    i.HAL_ADC_ConfigChannel                  0x08001d58   Section        0  stm32l0xx_hal_adc.o(i.HAL_ADC_ConfigChannel)
    i.HAL_ADC_ConvCpltCallback               0x08001dec   Section        0  adc.o(i.HAL_ADC_ConvCpltCallback)
    i.HAL_ADC_DeInit                         0x08001e0c   Section        0  stm32l0xx_hal_adc.o(i.HAL_ADC_DeInit)
    i.HAL_ADC_ErrorCallback                  0x08001ec0   Section        0  stm32l0xx_hal_adc.o(i.HAL_ADC_ErrorCallback)
    i.HAL_ADC_GetValue                       0x08001ec2   Section        0  stm32l0xx_hal_adc.o(i.HAL_ADC_GetValue)
    i.HAL_ADC_IRQHandler                     0x08001ec8   Section        0  stm32l0xx_hal_adc.o(i.HAL_ADC_IRQHandler)
    i.HAL_ADC_Init                           0x08001fa0   Section        0  stm32l0xx_hal_adc.o(i.HAL_ADC_Init)
    i.HAL_ADC_LevelOutOfWindowCallback       0x08002168   Section        0  stm32l0xx_hal_adc.o(i.HAL_ADC_LevelOutOfWindowCallback)
    i.HAL_ADC_MspDeInit                      0x0800216c   Section        0  adc.o(i.HAL_ADC_MspDeInit)
    i.HAL_ADC_MspInit                        0x0800219c   Section        0  adc.o(i.HAL_ADC_MspInit)
    i.HAL_ADC_Start_IT                       0x080021fc   Section        0  stm32l0xx_hal_adc.o(i.HAL_ADC_Start_IT)
    i.HAL_CRCEx_Polynomial_Set               0x08002278   Section        0  stm32l0xx_hal_crc_ex.o(i.HAL_CRCEx_Polynomial_Set)
    i.HAL_CRC_Calculate                      0x080022c8   Section        0  stm32l0xx_hal_crc.o(i.HAL_CRC_Calculate)
    i.HAL_CRC_Init                           0x08002314   Section        0  stm32l0xx_hal_crc.o(i.HAL_CRC_Init)
    i.HAL_CRC_MspInit                        0x08002390   Section        0  crc.o(i.HAL_CRC_MspInit)
    i.HAL_Delay                              0x080023b4   Section        0  stm32l0xx_hal.o(i.HAL_Delay)
    i.HAL_FLASHEx_DATAEEPROM_DisableFixedTimeProgram 0x080023d8   Section        0  stm32l0xx_hal_flash_ex.o(i.HAL_FLASHEx_DATAEEPROM_DisableFixedTimeProgram)
    i.HAL_FLASHEx_DATAEEPROM_EnableFixedTimeProgram 0x080023e8   Section        0  stm32l0xx_hal_flash_ex.o(i.HAL_FLASHEx_DATAEEPROM_EnableFixedTimeProgram)
    i.HAL_FLASHEx_DATAEEPROM_Erase           0x080023f8   Section        0  stm32l0xx_hal_flash_ex.o(i.HAL_FLASHEx_DATAEEPROM_Erase)
    i.HAL_FLASHEx_DATAEEPROM_Lock            0x08002420   Section        0  stm32l0xx_hal_flash_ex.o(i.HAL_FLASHEx_DATAEEPROM_Lock)
    i.HAL_FLASHEx_DATAEEPROM_Program         0x08002434   Section        0  stm32l0xx_hal_flash_ex.o(i.HAL_FLASHEx_DATAEEPROM_Program)
    i.HAL_FLASHEx_DATAEEPROM_Unlock          0x08002488   Section        0  stm32l0xx_hal_flash_ex.o(i.HAL_FLASHEx_DATAEEPROM_Unlock)
    i.HAL_GPIO_DeInit                        0x080024bc   Section        0  stm32l0xx_hal_gpio.o(i.HAL_GPIO_DeInit)
    i.HAL_GPIO_Init                          0x080025a0   Section        0  stm32l0xx_hal_gpio.o(i.HAL_GPIO_Init)
    i.HAL_GPIO_ReadPin                       0x08002750   Section        0  stm32l0xx_hal_gpio.o(i.HAL_GPIO_ReadPin)
    i.HAL_GPIO_TogglePin                     0x0800275a   Section        0  stm32l0xx_hal_gpio.o(i.HAL_GPIO_TogglePin)
    i.HAL_GPIO_WritePin                      0x0800276a   Section        0  stm32l0xx_hal_gpio.o(i.HAL_GPIO_WritePin)
    i.HAL_GetTick                            0x08002778   Section        0  stm32l0xx_hal.o(i.HAL_GetTick)
    i.HAL_IncTick                            0x08002784   Section        0  stm32l0xx_hal.o(i.HAL_IncTick)
    i.HAL_Init                               0x08002794   Section        0  stm32l0xx_hal.o(i.HAL_Init)
    i.HAL_InitTick                           0x080027bc   Section        0  stm32l0xx_hal.o(i.HAL_InitTick)
    i.HAL_MspInit                            0x08002800   Section        0  stm32l0xx_hal_msp.o(i.HAL_MspInit)
    i.HAL_NVIC_DisableIRQ                    0x08002818   Section        0  stm32l0xx_hal_cortex.o(i.HAL_NVIC_DisableIRQ)
    i.HAL_NVIC_EnableIRQ                     0x08002838   Section        0  stm32l0xx_hal_cortex.o(i.HAL_NVIC_EnableIRQ)
    i.HAL_NVIC_SetPriority                   0x08002850   Section        0  stm32l0xx_hal_cortex.o(i.HAL_NVIC_SetPriority)
    i.HAL_PWREx_EnableFastWakeUp             0x08002858   Section        0  stm32l0xx_hal_pwr_ex.o(i.HAL_PWREx_EnableFastWakeUp)
    i.HAL_PWREx_EnableUltraLowPower          0x08002868   Section        0  stm32l0xx_hal_pwr_ex.o(i.HAL_PWREx_EnableUltraLowPower)
    i.HAL_PWR_EnableBkUpAccess               0x08002878   Section        0  stm32l0xx_hal_pwr.o(i.HAL_PWR_EnableBkUpAccess)
    i.HAL_PWR_EnterSTOPMode                  0x08002888   Section        0  stm32l0xx_hal_pwr.o(i.HAL_PWR_EnterSTOPMode)
    i.HAL_RCCEx_PeriphCLKConfig              0x080028ec   Section        0  stm32l0xx_hal_rcc_ex.o(i.HAL_RCCEx_PeriphCLKConfig)
    i.HAL_RCC_ClockConfig                    0x08002a50   Section        0  stm32l0xx_hal_rcc.o(i.HAL_RCC_ClockConfig)
    i.HAL_RCC_GetSysClockFreq                0x08002bec   Section        0  stm32l0xx_hal_rcc.o(i.HAL_RCC_GetSysClockFreq)
    i.HAL_RCC_OscConfig                      0x08002c64   Section        0  stm32l0xx_hal_rcc.o(i.HAL_RCC_OscConfig)
    i.HAL_RTCEx_DeactivateWakeUpTimer        0x0800308a   Section        0  stm32l0xx_hal_rtc_ex.o(i.HAL_RTCEx_DeactivateWakeUpTimer)
    i.HAL_RTCEx_SetWakeUpTimer_IT            0x08003104   Section        0  stm32l0xx_hal_rtc_ex.o(i.HAL_RTCEx_SetWakeUpTimer_IT)
    i.HAL_RTCEx_WakeUpTimerEventCallback     0x080031fc   Section        0  rtc.o(i.HAL_RTCEx_WakeUpTimerEventCallback)
    i.HAL_RTCEx_WakeUpTimerIRQHandler        0x0800320c   Section        0  stm32l0xx_hal_rtc_ex.o(i.HAL_RTCEx_WakeUpTimerIRQHandler)
    i.HAL_RTC_Init                           0x08003244   Section        0  stm32l0xx_hal_rtc.o(i.HAL_RTC_Init)
    i.HAL_RTC_MspInit                        0x08003300   Section        0  rtc.o(i.HAL_RTC_MspInit)
    i.HAL_RTC_WaitForSynchro                 0x08003330   Section        0  stm32l0xx_hal_rtc.o(i.HAL_RTC_WaitForSynchro)
    i.HAL_SYSTICK_Config                     0x08003364   Section        0  stm32l0xx_hal_cortex.o(i.HAL_SYSTICK_Config)
    i.HardFault_Handler                      0x08003394   Section        0  stm32l0xx_it.o(i.HardFault_Handler)
    i.LED_Blinking                           0x08003396   Section        0  main.o(i.LED_Blinking)
    i.LL_APB2_GRP1_EnableClock               0x080033b0   Section        0  usart.o(i.LL_APB2_GRP1_EnableClock)
    LL_APB2_GRP1_EnableClock                 0x080033b1   Thumb Code    18  usart.o(i.LL_APB2_GRP1_EnableClock)
    i.LL_EXTI_Init                           0x080033c8   Section        0  stm32l0xx_ll_exti.o(i.LL_EXTI_Init)
    i.LL_EXTI_IsActiveFlag_0_31              0x08003468   Section        0  stm32l0xx_it.o(i.LL_EXTI_IsActiveFlag_0_31)
    LL_EXTI_IsActiveFlag_0_31                0x08003469   Thumb Code    16  stm32l0xx_it.o(i.LL_EXTI_IsActiveFlag_0_31)
    i.LL_GPIO_Init                           0x0800347c   Section        0  stm32l0xx_ll_gpio.o(i.LL_GPIO_Init)
    i.LL_GPIO_SetPinMode                     0x0800352a   Section        0  gpio.o(i.LL_GPIO_SetPinMode)
    LL_GPIO_SetPinMode                       0x0800352b   Thumb Code    20  gpio.o(i.LL_GPIO_SetPinMode)
    i.LL_GPIO_SetPinPull                     0x0800353e   Section        0  gpio.o(i.LL_GPIO_SetPinPull)
    LL_GPIO_SetPinPull                       0x0800353f   Thumb Code    20  gpio.o(i.LL_GPIO_SetPinPull)
    i.LL_IOP_GRP1_EnableClock                0x08003554   Section        0  gpio.o(i.LL_IOP_GRP1_EnableClock)
    LL_IOP_GRP1_EnableClock                  0x08003555   Thumb Code    18  gpio.o(i.LL_IOP_GRP1_EnableClock)
    i.LL_IOP_GRP1_EnableClock                0x0800356c   Section        0  spi.o(i.LL_IOP_GRP1_EnableClock)
    LL_IOP_GRP1_EnableClock                  0x0800356d   Thumb Code    18  spi.o(i.LL_IOP_GRP1_EnableClock)
    i.LL_IOP_GRP1_EnableClock                0x08003584   Section        0  usart.o(i.LL_IOP_GRP1_EnableClock)
    LL_IOP_GRP1_EnableClock                  0x08003585   Thumb Code    18  usart.o(i.LL_IOP_GRP1_EnableClock)
    i.LL_RCC_GetUSARTClockFreq               0x0800359c   Section        0  stm32l0xx_ll_rcc.o(i.LL_RCC_GetUSARTClockFreq)
    i.LL_RCC_GetUSARTClockSource             0x0800362c   Section        0  stm32l0xx_ll_rcc.o(i.LL_RCC_GetUSARTClockSource)
    LL_RCC_GetUSARTClockSource               0x0800362d   Thumb Code    12  stm32l0xx_ll_rcc.o(i.LL_RCC_GetUSARTClockSource)
    i.LL_RCC_HSI_IsReady                     0x0800363c   Section        0  stm32l0xx_ll_rcc.o(i.LL_RCC_HSI_IsReady)
    LL_RCC_HSI_IsReady                       0x0800363d   Thumb Code    10  stm32l0xx_ll_rcc.o(i.LL_RCC_HSI_IsReady)
    i.LL_RCC_IsActiveFlag_HSIDIV             0x0800364c   Section        0  stm32l0xx_ll_rcc.o(i.LL_RCC_IsActiveFlag_HSIDIV)
    LL_RCC_IsActiveFlag_HSIDIV               0x0800364d   Thumb Code    10  stm32l0xx_ll_rcc.o(i.LL_RCC_IsActiveFlag_HSIDIV)
    i.LL_RCC_LSE_IsReady                     0x0800365c   Section        0  stm32l0xx_ll_rcc.o(i.LL_RCC_LSE_IsReady)
    LL_RCC_LSE_IsReady                       0x0800365d   Thumb Code    10  stm32l0xx_ll_rcc.o(i.LL_RCC_LSE_IsReady)
    i.LL_SPI_DeInit                          0x0800366c   Section        0  stm32l0xx_ll_spi.o(i.LL_SPI_DeInit)
    i.LL_SPI_Init                            0x080036b0   Section        0  stm32l0xx_ll_spi.o(i.LL_SPI_Init)
    i.LL_SYSCFG_SetEXTISource                0x0800371c   Section        0  gpio.o(i.LL_SYSCFG_SetEXTISource)
    LL_SYSCFG_SetEXTISource                  0x0800371d   Thumb Code    28  gpio.o(i.LL_SYSCFG_SetEXTISource)
    i.LL_USART_DeInit                        0x0800373c   Section        0  stm32l0xx_ll_usart.o(i.LL_USART_DeInit)
    i.LL_USART_EnableIT_ERROR                0x08003784   Section        0  usart.o(i.LL_USART_EnableIT_ERROR)
    LL_USART_EnableIT_ERROR                  0x08003785   Thumb Code    24  usart.o(i.LL_USART_EnableIT_ERROR)
    i.LL_USART_EnableIT_RXNE                 0x0800379c   Section        0  usart.o(i.LL_USART_EnableIT_RXNE)
    LL_USART_EnableIT_RXNE                   0x0800379d   Thumb Code    24  usart.o(i.LL_USART_EnableIT_RXNE)
    i.LL_USART_Init                          0x080037b4   Section        0  stm32l0xx_ll_usart.o(i.LL_USART_Init)
    i.LPTIM1_Counter_Start_IT                0x0800385c   Section        0  lptim.o(i.LPTIM1_Counter_Start_IT)
    i.LPTIM1_IRQHandler                      0x08003890   Section        0  stm32l0xx_it.o(i.LPTIM1_IRQHandler)
    i.LPTimerAutoreloadMatch_Callback        0x080038b0   Section        0  lptim.o(i.LPTimerAutoreloadMatch_Callback)
    i.MX_ADC_Init                            0x080038dc   Section        0  adc.o(i.MX_ADC_Init)
    i.MX_CRC_Init                            0x08003948   Section        0  crc.o(i.MX_CRC_Init)
    i.MX_GPIO_Init                           0x08003978   Section        0  gpio.o(i.MX_GPIO_Init)
    i.MX_IWDG_Init                           0x08003bf4   Section        0  iwdg.o(i.MX_IWDG_Init)
    i.MX_LPTIM1_Init                         0x08003c28   Section        0  lptim.o(i.MX_LPTIM1_Init)
    i.MX_RTC_Init                            0x08003ca4   Section        0  rtc.o(i.MX_RTC_Init)
    i.MX_SPI1_DeInit                         0x08003cec   Section        0  spi.o(i.MX_SPI1_DeInit)
    i.MX_SPI1_Init                           0x08003d5c   Section        0  spi.o(i.MX_SPI1_Init)
    i.MX_SPI2_DeInit                         0x08003e08   Section        0  spi.o(i.MX_SPI2_DeInit)
    i.MX_SPI2_Init                           0x08003e78   Section        0  spi.o(i.MX_SPI2_Init)
    i.MX_USART1_UART_DeInit                  0x08003f24   Section        0  usart.o(i.MX_USART1_UART_DeInit)
    i.MX_USART1_UART_Init                    0x08003f80   Section        0  usart.o(i.MX_USART1_UART_Init)
    i.NMI_Handler                            0x08004034   Section        0  stm32l0xx_it.o(i.NMI_Handler)
    i.PendSV_Handler                         0x08004036   Section        0  stm32l0xx_it.o(i.PendSV_Handler)
    i.RCC_GetHCLKClockFreq                   0x08004038   Section        0  stm32l0xx_ll_rcc.o(i.RCC_GetHCLKClockFreq)
    RCC_GetHCLKClockFreq                     0x08004039   Thumb Code    18  stm32l0xx_ll_rcc.o(i.RCC_GetHCLKClockFreq)
    i.RCC_GetPCLK1ClockFreq                  0x08004054   Section        0  stm32l0xx_ll_rcc.o(i.RCC_GetPCLK1ClockFreq)
    RCC_GetPCLK1ClockFreq                    0x08004055   Thumb Code    16  stm32l0xx_ll_rcc.o(i.RCC_GetPCLK1ClockFreq)
    i.RCC_GetPCLK2ClockFreq                  0x0800406c   Section        0  stm32l0xx_ll_rcc.o(i.RCC_GetPCLK2ClockFreq)
    RCC_GetPCLK2ClockFreq                    0x0800406d   Thumb Code    16  stm32l0xx_ll_rcc.o(i.RCC_GetPCLK2ClockFreq)
    i.RCC_GetSystemClockFreq                 0x08004084   Section        0  stm32l0xx_ll_rcc.o(i.RCC_GetSystemClockFreq)
    RCC_GetSystemClockFreq                   0x08004085   Thumb Code   116  stm32l0xx_ll_rcc.o(i.RCC_GetSystemClockFreq)
    i.RFIDInitial                            0x08004108   Section        0  cc1101.o(i.RFIDInitial)
    i.RNG_Gen                                0x08004198   Section        0  rand_bytes_gen.o(i.RNG_Gen)
    i.RNG_Init                               0x080041d4   Section        0  rand_bytes_gen.o(i.RNG_Init)
    i.RNGfree                                0x08004234   Section        0  crypto.o(i.RNGfree)
    i.RNGgenBytes                            0x08004268   Section        0  crypto.o(i.RNGgenBytes)
    i.RNGinit                                0x08004310   Section        0  crypto.o(i.RNGinit)
    i.RTC_EnterInitMode                      0x080043e8   Section        0  stm32l0xx_hal_rtc.o(i.RTC_EnterInitMode)
    i.RTC_IRQHandler                         0x08004420   Section        0  stm32l0xx_it.o(i.RTC_IRQHandler)
    i.SPI_ExchangeByte                       0x08004430   Section        0  spi.o(i.SPI_ExchangeByte)
    i.SVC_Handler                            0x08004446   Section        0  stm32l0xx_it.o(i.SVC_Handler)
    i.Show_Message                           0x08004448   Section        0  main.o(i.Show_Message)
    i.SpiFunction                            0x080044be   Section        0  spi.o(i.SpiFunction)
    i.SysTick_Handler                        0x080044f2   Section        0  stm32l0xx_it.o(i.SysTick_Handler)
    i.SystemClock_Config                     0x080044fc   Section        0  main.o(i.SystemClock_Config)
    i.SystemInit                             0x0800459c   Section        0  system_stm32l0xx.o(i.SystemInit)
    i.System_Initial                         0x080045f0   Section        0  main.o(i.System_Initial)
    i.USART1_IRQHandler                      0x08004690   Section        0  stm32l0xx_it.o(i.USART1_IRQHandler)
    i.USART_CharReception_Callback           0x080046b4   Section        0  usart.o(i.USART_CharReception_Callback)
    i.__ARM_clz                              0x080046ec   Section        0  depilogue.o(i.__ARM_clz)
    i.__ARM_common_ll_muluu                  0x0800471a   Section        0  crypto.o(i.__ARM_common_ll_muluu)
    i.__ARM_fpclassify                       0x0800474c   Section        0  fpclassify.o(i.__ARM_fpclassify)
    i.__NVIC_EnableIRQ                       0x08004778   Section        0  gpio.o(i.__NVIC_EnableIRQ)
    __NVIC_EnableIRQ                         0x08004779   Thumb Code    18  gpio.o(i.__NVIC_EnableIRQ)
    i.__NVIC_SetPriority                     0x08004790   Section        0  gpio.o(i.__NVIC_SetPriority)
    __NVIC_SetPriority                       0x08004791   Thumb Code    60  gpio.o(i.__NVIC_SetPriority)
    i.__NVIC_SetPriority                     0x080047d4   Section        0  stm32l0xx_hal_cortex.o(i.__NVIC_SetPriority)
    __NVIC_SetPriority                       0x080047d5   Thumb Code    60  stm32l0xx_hal_cortex.o(i.__NVIC_SetPriority)
    i.__kernel_poly                          0x08004818   Section        0  poly.o(i.__kernel_poly)
    i.__mathlib_dbl_divzero                  0x080048c4   Section        0  dunder.o(i.__mathlib_dbl_divzero)
    i.__mathlib_dbl_infnan                   0x080048d8   Section        0  dunder.o(i.__mathlib_dbl_infnan)
    i.__mathlib_dbl_infnan2                  0x080048e2   Section        0  dunder.o(i.__mathlib_dbl_infnan2)
    i.__mathlib_dbl_invalid                  0x080048ea   Section        0  dunder.o(i.__mathlib_dbl_invalid)
    i.__mathlib_dbl_overflow                 0x080048fc   Section        0  dunder.o(i.__mathlib_dbl_overflow)
    i.__mathlib_dbl_underflow                0x08004910   Section        0  dunder.o(i.__mathlib_dbl_underflow)
    i.__scatterload_copy                     0x08004924   Section       14  handlers.o(i.__scatterload_copy)
    i.__scatterload_null                     0x08004932   Section        2  handlers.o(i.__scatterload_null)
    i.__scatterload_zeroinit                 0x08004934   Section       14  handlers.o(i.__scatterload_zeroinit)
    i.__set_errno                            0x08004944   Section        0  errno.o(i.__set_errno)
    i.acos                                   0x08004950   Section        0  acos.o(i.acos)
    i.adc_detect                             0x08004bb8   Section        0  adc.o(i.adc_detect)
    i.crl_DRBG_AES128_Generate               0x08004c40   Section        0  crypto.o(i.crl_DRBG_AES128_Generate)
    i.main                                   0x08004e5c   Section        0  main.o(i.main)
    i.pow                                    0x08004ff4   Section        0  pow.o(i.pow)
    i.sqrt                                   0x080059f0   Section        0  sqrt.o(i.sqrt)
    .constdata                               0x08005a38   Section       94  cc1101.o(.constdata)
    CC1101InitData                           0x08005a38   Data          94  cc1101.o(.constdata)
    .constdata                               0x08005a96   Section       25  system_stm32l0xx.o(.constdata)
    .constdata                               0x08005aaf   Section        8  system_stm32l0xx.o(.constdata)
    .constdata                               0x08005ab8   Section     7012  crypto.o(.constdata)
    table_reduction8                         0x080064e4   Data         512  crypto.o(.constdata)
    table_reduction4                         0x080066e4   Data          32  crypto.o(.constdata)
    sha512_K                                 0x08007008   Data         640  crypto.o(.constdata)
    tau                                      0x08007298   Data          16  crypto.o(.constdata)
    m                                        0x080072a8   Data          32  crypto.o(.constdata)
    mu                                       0x080072c8   Data          36  crypto.o(.constdata)
    ge25519_ecd                              0x080072ec   Data          32  crypto.o(.constdata)
    ge25519_ec2d                             0x0800738c   Data          32  crypto.o(.constdata)
    ge25519_sqrtm1                           0x080073ac   Data          32  crypto.o(.constdata)
    pad                                      0x0800743c   Data          64  crypto.o(.constdata)
    .constdata                               0x08007620   Section       80  acos.o(.constdata)
    pS                                       0x08007620   Data          48  acos.o(.constdata)
    qS                                       0x08007650   Data          32  acos.o(.constdata)
    .constdata                               0x08007670   Section      136  pow.o(.constdata)
    bp                                       0x08007670   Data          16  pow.o(.constdata)
    dp_h                                     0x08007680   Data          16  pow.o(.constdata)
    dp_l                                     0x08007690   Data          16  pow.o(.constdata)
    L                                        0x080076a0   Data          48  pow.o(.constdata)
    P                                        0x080076d0   Data          40  pow.o(.constdata)
    .constdata                               0x080076f8   Section        8  qnan.o(.constdata)
    .data                                    0x20000000   Section       24  adxl362.o(.data)
    angle_num                                0x20000000   Data           1  adxl362.o(.data)
    angle_sum                                0x20000008   Data           8  adxl362.o(.data)
    angle_avg                                0x20000010   Data           8  adxl362.o(.data)
    .data                                    0x20000018   Section        1  adxl362.o(.data)
    .data                                    0x2000001a   Section       12  cc1101.o(.data)
    .data                                    0x20000028   Section       50  rand_bytes_gen.o(.data)
    .data                                    0x2000005a   Section        1  main.o(.data)
    .data                                    0x2000005b   Section        4  lptim.o(.data)
    .data                                    0x20000060   Section       12  stm32l0xx_hal.o(.data)
    .data                                    0x2000006c   Section        4  system_stm32l0xx.o(.data)
    .data                                    0x20000070   Section        4  rand.o(.data)
    _rand_state                              0x20000070   Data           4  rand.o(.data)
    .data                                    0x20000074   Section        4  errno.o(.data)
    _errno                                   0x20000074   Data           4  errno.o(.data)
    .bss                                     0x20000078   Section     1254  adxl362.o(.bss)
    xAxis                                    0x20000078   Data          10  adxl362.o(.bss)
    yAxis                                    0x20000082   Data          10  adxl362.o(.bss)
    zAxis                                    0x2000008c   Data          10  adxl362.o(.bss)
    temp                                     0x20000096   Data          10  adxl362.o(.bss)
    angle                                    0x200000a0   Data          40  adxl362.o(.bss)
    .bss                                     0x20000560   Section      396  cc1101.o(.bss)
    .bss                                     0x200006ec   Section      100  rand_bytes_gen.o(.bss)
    .bss                                     0x20000750   Section       16  main.o(.bss)
    .bss                                     0x20000760   Section      164  adc.o(.bss)
    .bss                                     0x20000804   Section       36  crc.o(.bss)
    .bss                                     0x20000828   Section       36  rtc.o(.bss)
    .bss                                     0x2000084c   Section       26  usart.o(.bss)
    .bss                                     0x20000868   Section       24  stm32l0xx_hal_flash.o(.bss)
    STACK                                    0x20000880   Section     1024  startup_stm32l051xx.o(STACK)

    Global Symbols

    Symbol Name                              Value     Ov Type        Size  Object(Section)

    BuildAttributes$$THM_ISAv3M$S$PE$A:L22$X:L11$S22$IEEE1$IW$USESV6$~STKCKD$USESV7$~SHL$OTIME$ROPI$IEEEX$EBA8$MICROLIB$REQ8$PRES8$EABIv2 0x00000000   Number         0  anon$$obj.o ABSOLUTE
    __ARM_use_no_argv                        0x00000000   Number         0  main.o ABSOLUTE
    __cpp_initialize__aeabi_                  - Undefined Weak Reference
    __cxa_finalize                            - Undefined Weak Reference
    __decompress                              - Undefined Weak Reference
    _clock_init                               - Undefined Weak Reference
    _microlib_exit                            - Undefined Weak Reference
    __Vectors_Size                           0x000000c0   Number         0  startup_stm32l051xx.o ABSOLUTE
    __Vectors                                0x08000000   Data           4  startup_stm32l051xx.o(RESET)
    __Vectors_End                            0x080000c0   Data           0  startup_stm32l051xx.o(RESET)
    __main                                   0x080000c1   Thumb Code     0  entry.o(.ARM.Collect$$$$00000000)
    _main_stk                                0x080000c1   Thumb Code     0  entry2.o(.ARM.Collect$$$$00000001)
    _main_scatterload                        0x080000c5   Thumb Code     0  entry5.o(.ARM.Collect$$$$00000004)
    __main_after_scatterload                 0x080000c9   Thumb Code     0  entry5.o(.ARM.Collect$$$$00000004)
    _main_clock                              0x080000c9   Thumb Code     0  entry7b.o(.ARM.Collect$$$$00000008)
    _main_cpp_init                           0x080000c9   Thumb Code     0  entry8b.o(.ARM.Collect$$$$0000000A)
    _main_init                               0x080000c9   Thumb Code     0  entry9a.o(.ARM.Collect$$$$0000000B)
    __rt_final_cpp                           0x080000d1   Thumb Code     0  entry10a.o(.ARM.Collect$$$$0000000D)
    __rt_final_exit                          0x080000d1   Thumb Code     0  entry11a.o(.ARM.Collect$$$$0000000F)
    Reset_Handler                            0x080000d5   Thumb Code     8  startup_stm32l051xx.o(.text)
    DMA1_Channel1_IRQHandler                 0x080000e7   Thumb Code     0  startup_stm32l051xx.o(.text)
    DMA1_Channel2_3_IRQHandler               0x080000e7   Thumb Code     0  startup_stm32l051xx.o(.text)
    DMA1_Channel4_5_6_7_IRQHandler           0x080000e7   Thumb Code     0  startup_stm32l051xx.o(.text)
    FLASH_IRQHandler                         0x080000e7   Thumb Code     0  startup_stm32l051xx.o(.text)
    I2C1_IRQHandler                          0x080000e7   Thumb Code     0  startup_stm32l051xx.o(.text)
    I2C2_IRQHandler                          0x080000e7   Thumb Code     0  startup_stm32l051xx.o(.text)
    LPUART1_IRQHandler                       0x080000e7   Thumb Code     0  startup_stm32l051xx.o(.text)
    PVD_IRQHandler                           0x080000e7   Thumb Code     0  startup_stm32l051xx.o(.text)
    RCC_IRQHandler                           0x080000e7   Thumb Code     0  startup_stm32l051xx.o(.text)
    SPI1_IRQHandler                          0x080000e7   Thumb Code     0  startup_stm32l051xx.o(.text)
    SPI2_IRQHandler                          0x080000e7   Thumb Code     0  startup_stm32l051xx.o(.text)
    TIM21_IRQHandler                         0x080000e7   Thumb Code     0  startup_stm32l051xx.o(.text)
    TIM22_IRQHandler                         0x080000e7   Thumb Code     0  startup_stm32l051xx.o(.text)
    TIM2_IRQHandler                          0x080000e7   Thumb Code     0  startup_stm32l051xx.o(.text)
    TIM6_IRQHandler                          0x080000e7   Thumb Code     0  startup_stm32l051xx.o(.text)
    USART2_IRQHandler                        0x080000e7   Thumb Code     0  startup_stm32l051xx.o(.text)
    WWDG_IRQHandler                          0x080000e7   Thumb Code     0  startup_stm32l051xx.o(.text)
    __aeabi_uidiv                            0x080000f1   Thumb Code     0  uidiv.o(.text)
    __aeabi_uidivmod                         0x080000f1   Thumb Code    44  uidiv.o(.text)
    __aeabi_idiv                             0x0800011d   Thumb Code     0  idiv.o(.text)
    __aeabi_idivmod                          0x0800011d   Thumb Code    40  idiv.o(.text)
    __aeabi_uldivmod                         0x08000145   Thumb Code    96  uldiv.o(.text)
    rand                                     0x080001a5   Thumb Code    18  rand.o(.text)
    srand                                    0x080001b7   Thumb Code     6  rand.o(.text)
    ___aeabi_memcpy8$move                    0x080001c9   Thumb Code     0  memmovea.o(.text)
    __aeabi_memcpy                           0x080001c9   Thumb Code    64  memmovea.o(.text)
    __aeabi_memcpy4                          0x080001c9   Thumb Code     0  memmovea.o(.text)
    __aeabi_memmove                          0x080001c9   Thumb Code     0  memmovea.o(.text)
    __aeabi_memmove4                         0x080001c9   Thumb Code     0  memmovea.o(.text)
    __aeabi_memmove8                         0x080001c9   Thumb Code     0  memmovea.o(.text)
    __aeabi_memset                           0x08000209   Thumb Code    14  memseta.o(.text)
    __aeabi_memset4                          0x08000209   Thumb Code     0  memseta.o(.text)
    __aeabi_memset8                          0x08000209   Thumb Code     0  memseta.o(.text)
    __aeabi_memclr                           0x08000217   Thumb Code     4  memseta.o(.text)
    __aeabi_memclr4                          0x08000217   Thumb Code     0  memseta.o(.text)
    __aeabi_memclr8                          0x08000217   Thumb Code     0  memseta.o(.text)
    _memset$wrapper                          0x0800021b   Thumb Code    18  memseta.o(.text)
    __aeabi_uread4                           0x0800022d   Thumb Code    20  uread4.o(.text)
    __rt_uread4                              0x0800022d   Thumb Code     0  uread4.o(.text)
    _uread4                                  0x0800022d   Thumb Code     0  uread4.o(.text)
    __aeabi_dadd                             0x08000241   Thumb Code   328  dadd.o(.text)
    __aeabi_dsub                             0x08000389   Thumb Code    12  dadd.o(.text)
    __aeabi_drsub                            0x08000395   Thumb Code    12  dadd.o(.text)
    __aeabi_ddiv                             0x080003a5   Thumb Code   234  ddiv.o(.text)
    __aeabi_i2d                              0x08000495   Thumb Code    34  dflti.o(.text)
    __aeabi_ui2d                             0x080004bd   Thumb Code    24  dfltui.o(.text)
    __aeabi_cdcmpeq                          0x080004d9   Thumb Code     0  cdcmple.o(.text)
    __aeabi_cdcmple                          0x080004d9   Thumb Code    38  cdcmple.o(.text)
    __aeabi_cdrcmple                         0x08000501   Thumb Code    38  cdrcmple.o(.text)
    __aeabi_llsl                             0x08000529   Thumb Code    32  llshl.o(.text)
    _ll_shift_l                              0x08000529   Thumb Code     0  llshl.o(.text)
    __aeabi_llsr                             0x08000549   Thumb Code    34  llushr.o(.text)
    _ll_ushift_r                             0x08000549   Thumb Code     0  llushr.o(.text)
    __aeabi_lasr                             0x0800056b   Thumb Code    38  llsshr.o(.text)
    _ll_sshift_r                             0x0800056b   Thumb Code     0  llsshr.o(.text)
    __I$use$fp                               0x08000591   Thumb Code     0  iusefp.o(.text)
    _double_round                            0x08000591   Thumb Code    26  depilogue.o(.text)
    _double_epilogue                         0x080005ab   Thumb Code   164  depilogue.o(.text)
    __aeabi_dmul                             0x08000651   Thumb Code   202  dmul.o(.text)
    __ARM_scalbn                             0x08000721   Thumb Code    44  dscalb.o(.text)
    scalbn                                   0x08000721   Thumb Code     0  dscalb.o(.text)
    _dsqrt                                   0x0800074d   Thumb Code   162  dsqrt.o(.text)
    __scatterload                            0x080007f1   Thumb Code    28  init.o(.text)
    __scatterload_rt2                        0x080007f1   Thumb Code     0  init.o(.text)
    ADC1_COMP_IRQHandler                     0x08000815   Thumb Code    10  stm32l0xx_it.o(i.ADC1_COMP_IRQHandler)
    ADXL362FifoProcess                       0x0800097d   Thumb Code   576  adxl362.o(i.ADXL362FifoProcess)
    ADXL362FifoRead                          0x08000bd5   Thumb Code    56  adxl362.o(i.ADXL362FifoRead)
    ADXL362RegisterRead                      0x08000c15   Thumb Code    62  adxl362.o(i.ADXL362RegisterRead)
    ADXL362RegisterWrite                     0x08000c5d   Thumb Code    60  adxl362.o(i.ADXL362RegisterWrite)
    ADXL362_Init                             0x08000ca1   Thumb Code   374  adxl362.o(i.ADXL362_Init)
    AES_general_SW_enc                       0x08000e21   Thumb Code   728  crypto.o(i.AES_general_SW_enc)
    Activate_SPI                             0x08001275   Thumb Code    10  spi.o(i.Activate_SPI)
    CC1101ClrTXBuff                          0x0800127f   Thumb Code    16  cc1101.o(i.CC1101ClrTXBuff)
    CC1101Init                               0x08001291   Thumb Code    80  cc1101.o(i.CC1101Init)
    CC1101ReadReg                            0x080012ed   Thumb Code    54  cc1101.o(i.CC1101ReadReg)
    CC1101Reset                              0x08001329   Thumb Code    90  cc1101.o(i.CC1101Reset)
    CC1101SendFreeFallHandler                0x08001385   Thumb Code   172  cc1101.o(i.CC1101SendFreeFallHandler)
    CC1101SendHandler                        0x08001445   Thumb Code   254  cc1101.o(i.CC1101SendHandler)
    CC1101SendPacket                         0x08001565   Thumb Code   216  cc1101.o(i.CC1101SendPacket)
    CC1101SetAddress                         0x08001641   Thumb Code    20  cc1101.o(i.CC1101SetAddress)
    CC1101SetSYNC                            0x08001655   Thumb Code    22  cc1101.o(i.CC1101SetSYNC)
    CC1101SetTRMode                          0x0800166d   Thumb Code   100  cc1101.o(i.CC1101SetTRMode)
    CC1101SetWORMode                         0x080016d5   Thumb Code    38  cc1101.o(i.CC1101SetWORMode)
    CC1101WORInit                            0x080016fb   Thumb Code    44  cc1101.o(i.CC1101WORInit)
    CC1101WriteCmd                           0x08001729   Thumb Code    38  cc1101.o(i.CC1101WriteCmd)
    CC1101WriteMultiReg                      0x08001755   Thumb Code    68  cc1101.o(i.CC1101WriteMultiReg)
    CC1101WriteReg                           0x0800179d   Thumb Code    50  cc1101.o(i.CC1101WriteReg)
    DATAEEPROM_Program                       0x0800188d   Thumb Code    62  main.o(i.DATAEEPROM_Program)
    EXTI0_1_IRQHandler                       0x08001b01   Thumb Code    62  stm32l0xx_it.o(i.EXTI0_1_IRQHandler)
    EXTI2_3_IRQHandler                       0x08001b55   Thumb Code    26  stm32l0xx_it.o(i.EXTI2_3_IRQHandler)
    EXTI4_15_IRQHandler                      0x08001b79   Thumb Code    26  stm32l0xx_it.o(i.EXTI4_15_IRQHandler)
    Error_Callback                           0x08001b9d   Thumb Code    92  usart.o(i.Error_Callback)
    Error_Handler                            0x08001c05   Thumb Code    24  main.o(i.Error_Handler)
    FLASH_WaitForLastOperation               0x08001cb1   Thumb Code   106  stm32l0xx_hal_flash.o(i.FLASH_WaitForLastOperation)
    Get_SerialNum                            0x08001d21   Thumb Code    46  main.o(i.Get_SerialNum)
    HAL_ADC_ConfigChannel                    0x08001d59   Thumb Code   140  stm32l0xx_hal_adc.o(i.HAL_ADC_ConfigChannel)
    HAL_ADC_ConvCpltCallback                 0x08001ded   Thumb Code    26  adc.o(i.HAL_ADC_ConvCpltCallback)
    HAL_ADC_DeInit                           0x08001e0d   Thumb Code   164  stm32l0xx_hal_adc.o(i.HAL_ADC_DeInit)
    HAL_ADC_ErrorCallback                    0x08001ec1   Thumb Code     2  stm32l0xx_hal_adc.o(i.HAL_ADC_ErrorCallback)
    HAL_ADC_GetValue                         0x08001ec3   Thumb Code     6  stm32l0xx_hal_adc.o(i.HAL_ADC_GetValue)
    HAL_ADC_IRQHandler                       0x08001ec9   Thumb Code   216  stm32l0xx_hal_adc.o(i.HAL_ADC_IRQHandler)
    HAL_ADC_Init                             0x08001fa1   Thumb Code   446  stm32l0xx_hal_adc.o(i.HAL_ADC_Init)
    HAL_ADC_LevelOutOfWindowCallback         0x08002169   Thumb Code     2  stm32l0xx_hal_adc.o(i.HAL_ADC_LevelOutOfWindowCallback)
    HAL_ADC_MspDeInit                        0x0800216d   Thumb Code    38  adc.o(i.HAL_ADC_MspDeInit)
    HAL_ADC_MspInit                          0x0800219d   Thumb Code    86  adc.o(i.HAL_ADC_MspInit)
    HAL_ADC_Start_IT                         0x080021fd   Thumb Code   120  stm32l0xx_hal_adc.o(i.HAL_ADC_Start_IT)
    HAL_CRCEx_Polynomial_Set                 0x08002279   Thumb Code    80  stm32l0xx_hal_crc_ex.o(i.HAL_CRCEx_Polynomial_Set)
    HAL_CRC_Calculate                        0x080022c9   Thumb Code    74  stm32l0xx_hal_crc.o(i.HAL_CRC_Calculate)
    HAL_CRC_Init                             0x08002315   Thumb Code   118  stm32l0xx_hal_crc.o(i.HAL_CRC_Init)
    HAL_CRC_MspInit                          0x08002391   Thumb Code    28  crc.o(i.HAL_CRC_MspInit)
    HAL_Delay                                0x080023b5   Thumb Code    32  stm32l0xx_hal.o(i.HAL_Delay)
    HAL_FLASHEx_DATAEEPROM_DisableFixedTimeProgram 0x080023d9   Thumb Code    12  stm32l0xx_hal_flash_ex.o(i.HAL_FLASHEx_DATAEEPROM_DisableFixedTimeProgram)
    HAL_FLASHEx_DATAEEPROM_EnableFixedTimeProgram 0x080023e9   Thumb Code    12  stm32l0xx_hal_flash_ex.o(i.HAL_FLASHEx_DATAEEPROM_EnableFixedTimeProgram)
    HAL_FLASHEx_DATAEEPROM_Erase             0x080023f9   Thumb Code    30  stm32l0xx_hal_flash_ex.o(i.HAL_FLASHEx_DATAEEPROM_Erase)
    HAL_FLASHEx_DATAEEPROM_Lock              0x08002421   Thumb Code    14  stm32l0xx_hal_flash_ex.o(i.HAL_FLASHEx_DATAEEPROM_Lock)
    HAL_FLASHEx_DATAEEPROM_Program           0x08002435   Thumb Code    76  stm32l0xx_hal_flash_ex.o(i.HAL_FLASHEx_DATAEEPROM_Program)
    HAL_FLASHEx_DATAEEPROM_Unlock            0x08002489   Thumb Code    40  stm32l0xx_hal_flash_ex.o(i.HAL_FLASHEx_DATAEEPROM_Unlock)
    HAL_GPIO_DeInit                          0x080024bd   Thumb Code   202  stm32l0xx_hal_gpio.o(i.HAL_GPIO_DeInit)
    HAL_GPIO_Init                            0x080025a1   Thumb Code   402  stm32l0xx_hal_gpio.o(i.HAL_GPIO_Init)
    HAL_GPIO_ReadPin                         0x08002751   Thumb Code    10  stm32l0xx_hal_gpio.o(i.HAL_GPIO_ReadPin)
    HAL_GPIO_TogglePin                       0x0800275b   Thumb Code    16  stm32l0xx_hal_gpio.o(i.HAL_GPIO_TogglePin)
    HAL_GPIO_WritePin                        0x0800276b   Thumb Code    12  stm32l0xx_hal_gpio.o(i.HAL_GPIO_WritePin)
    HAL_GetTick                              0x08002779   Thumb Code     6  stm32l0xx_hal.o(i.HAL_GetTick)
    HAL_IncTick                              0x08002785   Thumb Code    12  stm32l0xx_hal.o(i.HAL_IncTick)
    HAL_Init                                 0x08002795   Thumb Code    36  stm32l0xx_hal.o(i.HAL_Init)
    HAL_InitTick                             0x080027bd   Thumb Code    58  stm32l0xx_hal.o(i.HAL_InitTick)
    HAL_MspInit                              0x08002801   Thumb Code    20  stm32l0xx_hal_msp.o(i.HAL_MspInit)
    HAL_NVIC_DisableIRQ                      0x08002819   Thumb Code    26  stm32l0xx_hal_cortex.o(i.HAL_NVIC_DisableIRQ)
    HAL_NVIC_EnableIRQ                       0x08002839   Thumb Code    18  stm32l0xx_hal_cortex.o(i.HAL_NVIC_EnableIRQ)
    HAL_NVIC_SetPriority                     0x08002851   Thumb Code     8  stm32l0xx_hal_cortex.o(i.HAL_NVIC_SetPriority)
    HAL_PWREx_EnableFastWakeUp               0x08002859   Thumb Code    12  stm32l0xx_hal_pwr_ex.o(i.HAL_PWREx_EnableFastWakeUp)
    HAL_PWREx_EnableUltraLowPower            0x08002869   Thumb Code    12  stm32l0xx_hal_pwr_ex.o(i.HAL_PWREx_EnableUltraLowPower)
    HAL_PWR_EnableBkUpAccess                 0x08002879   Thumb Code    12  stm32l0xx_hal_pwr.o(i.HAL_PWR_EnableBkUpAccess)
    HAL_PWR_EnterSTOPMode                    0x08002889   Thumb Code    88  stm32l0xx_hal_pwr.o(i.HAL_PWR_EnterSTOPMode)
    HAL_RCCEx_PeriphCLKConfig                0x080028ed   Thumb Code   342  stm32l0xx_hal_rcc_ex.o(i.HAL_RCCEx_PeriphCLKConfig)
    HAL_RCC_ClockConfig                      0x08002a51   Thumb Code   386  stm32l0xx_hal_rcc.o(i.HAL_RCC_ClockConfig)
    HAL_RCC_GetSysClockFreq                  0x08002bed   Thumb Code   108  stm32l0xx_hal_rcc.o(i.HAL_RCC_GetSysClockFreq)
    HAL_RCC_OscConfig                        0x08002c65   Thumb Code  1062  stm32l0xx_hal_rcc.o(i.HAL_RCC_OscConfig)
    HAL_RTCEx_DeactivateWakeUpTimer          0x0800308b   Thumb Code   122  stm32l0xx_hal_rtc_ex.o(i.HAL_RTCEx_DeactivateWakeUpTimer)
    HAL_RTCEx_SetWakeUpTimer_IT              0x08003105   Thumb Code   238  stm32l0xx_hal_rtc_ex.o(i.HAL_RTCEx_SetWakeUpTimer_IT)
    HAL_RTCEx_WakeUpTimerEventCallback       0x080031fd   Thumb Code    12  rtc.o(i.HAL_RTCEx_WakeUpTimerEventCallback)
    HAL_RTCEx_WakeUpTimerIRQHandler          0x0800320d   Thumb Code    48  stm32l0xx_hal_rtc_ex.o(i.HAL_RTCEx_WakeUpTimerIRQHandler)
    HAL_RTC_Init                             0x08003245   Thumb Code   184  stm32l0xx_hal_rtc.o(i.HAL_RTC_Init)
    HAL_RTC_MspInit                          0x08003301   Thumb Code    40  rtc.o(i.HAL_RTC_MspInit)
    HAL_RTC_WaitForSynchro                   0x08003331   Thumb Code    52  stm32l0xx_hal_rtc.o(i.HAL_RTC_WaitForSynchro)
    HAL_SYSTICK_Config                       0x08003365   Thumb Code    38  stm32l0xx_hal_cortex.o(i.HAL_SYSTICK_Config)
    HardFault_Handler                        0x08003395   Thumb Code     2  stm32l0xx_it.o(i.HardFault_Handler)
    LED_Blinking                             0x08003397   Thumb Code    26  main.o(i.LED_Blinking)
    LL_EXTI_Init                             0x080033c9   Thumb Code   156  stm32l0xx_ll_exti.o(i.LL_EXTI_Init)
    LL_GPIO_Init                             0x0800347d   Thumb Code   174  stm32l0xx_ll_gpio.o(i.LL_GPIO_Init)
    LL_RCC_GetUSARTClockFreq                 0x0800359d   Thumb Code   132  stm32l0xx_ll_rcc.o(i.LL_RCC_GetUSARTClockFreq)
    LL_SPI_DeInit                            0x0800366d   Thumb Code    56  stm32l0xx_ll_spi.o(i.LL_SPI_DeInit)
    LL_SPI_Init                              0x080036b1   Thumb Code   102  stm32l0xx_ll_spi.o(i.LL_SPI_Init)
    LL_USART_DeInit                          0x0800373d   Thumb Code    58  stm32l0xx_ll_usart.o(i.LL_USART_DeInit)
    LL_USART_Init                            0x080037b5   Thumb Code   150  stm32l0xx_ll_usart.o(i.LL_USART_Init)
    LPTIM1_Counter_Start_IT                  0x0800385d   Thumb Code    44  lptim.o(i.LPTIM1_Counter_Start_IT)
    LPTIM1_IRQHandler                        0x08003891   Thumb Code    26  stm32l0xx_it.o(i.LPTIM1_IRQHandler)
    LPTimerAutoreloadMatch_Callback          0x080038b1   Thumb Code    40  lptim.o(i.LPTimerAutoreloadMatch_Callback)
    MX_ADC_Init                              0x080038dd   Thumb Code    98  adc.o(i.MX_ADC_Init)
    MX_CRC_Init                              0x08003949   Thumb Code    40  crc.o(i.MX_CRC_Init)
    MX_GPIO_Init                             0x08003979   Thumb Code   626  gpio.o(i.MX_GPIO_Init)
    MX_IWDG_Init                             0x08003bf5   Thumb Code    30  iwdg.o(i.MX_IWDG_Init)
    MX_LPTIM1_Init                           0x08003c29   Thumb Code   106  lptim.o(i.MX_LPTIM1_Init)
    MX_RTC_Init                              0x08003ca5   Thumb Code    62  rtc.o(i.MX_RTC_Init)
    MX_SPI1_DeInit                           0x08003ced   Thumb Code   102  spi.o(i.MX_SPI1_DeInit)
    MX_SPI1_Init                             0x08003d5d   Thumb Code   164  spi.o(i.MX_SPI1_Init)
    MX_SPI2_DeInit                           0x08003e09   Thumb Code   100  spi.o(i.MX_SPI2_DeInit)
    MX_SPI2_Init                             0x08003e79   Thumb Code   158  spi.o(i.MX_SPI2_Init)
    MX_USART1_UART_DeInit                    0x08003f25   Thumb Code    88  usart.o(i.MX_USART1_UART_DeInit)
    MX_USART1_UART_Init                      0x08003f81   Thumb Code   168  usart.o(i.MX_USART1_UART_Init)
    NMI_Handler                              0x08004035   Thumb Code     2  stm32l0xx_it.o(i.NMI_Handler)
    PendSV_Handler                           0x08004037   Thumb Code     2  stm32l0xx_it.o(i.PendSV_Handler)
    RFIDInitial                              0x08004109   Thumb Code   134  cc1101.o(i.RFIDInitial)
    RNG_Gen                                  0x08004199   Thumb Code    50  rand_bytes_gen.o(i.RNG_Gen)
    RNG_Init                                 0x080041d5   Thumb Code    86  rand_bytes_gen.o(i.RNG_Init)
    RNGfree                                  0x08004235   Thumb Code    42  crypto.o(i.RNGfree)
    RNGgenBytes                              0x08004269   Thumb Code   154  crypto.o(i.RNGgenBytes)
    RNGinit                                  0x08004311   Thumb Code   194  crypto.o(i.RNGinit)
    RTC_EnterInitMode                        0x080043e9   Thumb Code    56  stm32l0xx_hal_rtc.o(i.RTC_EnterInitMode)
    RTC_IRQHandler                           0x08004421   Thumb Code    10  stm32l0xx_it.o(i.RTC_IRQHandler)
    SPI_ExchangeByte                         0x08004431   Thumb Code    22  spi.o(i.SPI_ExchangeByte)
    SVC_Handler                              0x08004447   Thumb Code     2  stm32l0xx_it.o(i.SVC_Handler)
    Show_Message                             0x08004449   Thumb Code   118  main.o(i.Show_Message)
    SpiFunction                              0x080044bf   Thumb Code    52  spi.o(i.SpiFunction)
    SysTick_Handler                          0x080044f3   Thumb Code     8  stm32l0xx_it.o(i.SysTick_Handler)
    SystemClock_Config                       0x080044fd   Thumb Code   152  main.o(i.SystemClock_Config)
    SystemInit                               0x0800459d   Thumb Code    66  system_stm32l0xx.o(i.SystemInit)
    System_Initial                           0x080045f1   Thumb Code   130  main.o(i.System_Initial)
    USART1_IRQHandler                        0x08004691   Thumb Code    32  stm32l0xx_it.o(i.USART1_IRQHandler)
    USART_CharReception_Callback             0x080046b5   Thumb Code    46  usart.o(i.USART_CharReception_Callback)
    __ARM_clz                                0x080046ed   Thumb Code    46  depilogue.o(i.__ARM_clz)
    __ARM_common_ll_muluu                    0x0800471b   Thumb Code    50  crypto.o(i.__ARM_common_ll_muluu)
    __ARM_fpclassify                         0x0800474d   Thumb Code    40  fpclassify.o(i.__ARM_fpclassify)
    __kernel_poly                            0x08004819   Thumb Code   172  poly.o(i.__kernel_poly)
    __mathlib_dbl_divzero                    0x080048c5   Thumb Code    16  dunder.o(i.__mathlib_dbl_divzero)
    __mathlib_dbl_infnan                     0x080048d9   Thumb Code    10  dunder.o(i.__mathlib_dbl_infnan)
    __mathlib_dbl_infnan2                    0x080048e3   Thumb Code     8  dunder.o(i.__mathlib_dbl_infnan2)
    __mathlib_dbl_invalid                    0x080048eb   Thumb Code    16  dunder.o(i.__mathlib_dbl_invalid)
    __mathlib_dbl_overflow                   0x080048fd   Thumb Code    16  dunder.o(i.__mathlib_dbl_overflow)
    __mathlib_dbl_underflow                  0x08004911   Thumb Code    14  dunder.o(i.__mathlib_dbl_underflow)
    __scatterload_copy                       0x08004925   Thumb Code    14  handlers.o(i.__scatterload_copy)
    __scatterload_null                       0x08004933   Thumb Code     2  handlers.o(i.__scatterload_null)
    __scatterload_zeroinit                   0x08004935   Thumb Code    14  handlers.o(i.__scatterload_zeroinit)
    __set_errno                              0x08004945   Thumb Code     6  errno.o(i.__set_errno)
    acos                                     0x08004951   Thumb Code   556  acos.o(i.acos)
    adc_detect                               0x08004bb9   Thumb Code   124  adc.o(i.adc_detect)
    crl_DRBG_AES128_Generate                 0x08004c41   Thumb Code   526  crypto.o(i.crl_DRBG_AES128_Generate)
    main                                     0x08004e5d   Thumb Code   362  main.o(i.main)
    pow                                      0x08004ff5   Thumb Code  2548  pow.o(i.pow)
    sqrt                                     0x080059f1   Thumb Code    66  sqrt.o(i.sqrt)
    AHBPrescTable                            0x08005a96   Data          16  system_stm32l0xx.o(.constdata)
    PLLMulTable                              0x08005aa6   Data           9  system_stm32l0xx.o(.constdata)
    APBPrescTable                            0x08005aaf   Data           8  system_stm32l0xx.o(.constdata)
    Sbox                                     0x08005abc   Data         256  crypto.o(.constdata)
    InvSbox                                  0x08005bbc   Data         256  crypto.o(.constdata)
    rcon                                     0x08005cbc   Data          40  crypto.o(.constdata)
    enc_table                                0x08005ce4   Data        1024  crypto.o(.constdata)
    dec_table                                0x080060e4   Data        1024  crypto.o(.constdata)
    SP1                                      0x08006704   Data         256  crypto.o(.constdata)
    SP2                                      0x08006804   Data         256  crypto.o(.constdata)
    SP3                                      0x08006904   Data         256  crypto.o(.constdata)
    SP4                                      0x08006a04   Data         256  crypto.o(.constdata)
    SP5                                      0x08006b04   Data         256  crypto.o(.constdata)
    SP6                                      0x08006c04   Data         256  crypto.o(.constdata)
    SP7                                      0x08006d04   Data         256  crypto.o(.constdata)
    SP8                                      0x08006e04   Data         256  crypto.o(.constdata)
    K256                                     0x08006f04   Data         256  crypto.o(.constdata)
    sigma                                    0x08007288   Data          16  crypto.o(.constdata)
    ge25519_base                             0x0800730c   Data         128  crypto.o(.constdata)
    __mathlib_zero                           0x080076f8   Data           8  qnan.o(.constdata)
    Region$$Table$$Base                      0x08007700   Number         0  anon$$obj.o(Region$$Table)
    Region$$Table$$Limit                     0x08007720   Number         0  anon$$obj.o(Region$$Table)
    freeFallDetection                        0x20000018   Data           1  adxl362.o(.data)
    rxCatch                                  0x2000001a   Data           1  cc1101.o(.data)
    txFiFoUnFlow                             0x2000001b   Data           1  cc1101.o(.data)
    resetCnt                                 0x2000001c   Data           2  cc1101.o(.data)
    PaTabel                                  0x2000001e   Data           8  cc1101.o(.data)
    status                                   0x20000028   Data           4  rand_bytes_gen.o(.data)
    nonce                                    0x2000002c   Data           6  rand_bytes_gen.o(.data)
    personalization_String                   0x20000032   Data           8  rand_bytes_gen.o(.data)
    entropy_data                             0x2000003a   Data          32  rand_bytes_gen.o(.data)
    ErrorIndex                               0x2000005a   Data           1  main.o(.data)
    lptim                                    0x2000005b   Data           4  lptim.o(.data)
    uwTickFreq                               0x20000060   Data           1  stm32l0xx_hal.o(.data)
    uwTickPrio                               0x20000064   Data           4  stm32l0xx_hal.o(.data)
    uwTick                                   0x20000068   Data           4  stm32l0xx_hal.o(.data)
    SystemCoreClock                          0x2000006c   Data           4  system_stm32l0xx.o(.data)
    fifo                                     0x200000c8   Data        1024  adxl362.o(.bss)
    step                                     0x200004c8   Data         150  adxl362.o(.bss)
    cc1101                                   0x20000560   Data         396  cc1101.o(.bss)
    RandomString                             0x200006ec   Data          32  rand_bytes_gen.o(.bss)
    RNGstate                                 0x2000070c   Data          44  rand_bytes_gen.o(.bss)
    RNGinit_st                               0x20000738   Data          24  rand_bytes_gen.o(.bss)
    device                                   0x20000750   Data          16  main.o(.bss)
    adc                                      0x20000760   Data          72  adc.o(.bss)
    hadc                                     0x200007a8   Data          92  adc.o(.bss)
    hcrc                                     0x20000804   Data          36  crc.o(.bss)
    hrtc                                     0x20000828   Data          36  rtc.o(.bss)
    usart                                    0x2000084c   Data          26  usart.o(.bss)
    pFlash                                   0x20000868   Data          24  stm32l0xx_hal_flash.o(.bss)
    __initial_sp                             0x20000c80   Data           0  startup_stm32l051xx.o(STACK)



==============================================================================

Memory Map of the image

  Image Entry point : 0x080000c1

  Load Region LR_IROM1 (Base: 0x08000000, Size: 0x00007798, Max: 0x00010000, ABSOLUTE)

    Execution Region ER_IROM1 (Exec base: 0x08000000, Load base: 0x08000000, Size: 0x00007720, Max: 0x00010000, ABSOLUTE)

    Exec Addr    Load Addr    Size         Type   Attr      Idx    E Section Name        Object

    0x08000000   0x08000000   0x000000c0   Data   RO            3    RESET               startup_stm32l051xx.o
    0x080000c0   0x080000c0   0x00000000   Code   RO         4856  * .ARM.Collect$$$$00000000  mc_p.l(entry.o)
    0x080000c0   0x080000c0   0x00000004   Code   RO         4913    .ARM.Collect$$$$00000001  mc_p.l(entry2.o)
    0x080000c4   0x080000c4   0x00000004   Code   RO         4916    .ARM.Collect$$$$00000004  mc_p.l(entry5.o)
    0x080000c8   0x080000c8   0x00000000   Code   RO         4918    .ARM.Collect$$$$00000008  mc_p.l(entry7b.o)
    0x080000c8   0x080000c8   0x00000000   Code   RO         4920    .ARM.Collect$$$$0000000A  mc_p.l(entry8b.o)
    0x080000c8   0x080000c8   0x00000008   Code   RO         4921    .ARM.Collect$$$$0000000B  mc_p.l(entry9a.o)
    0x080000d0   0x080000d0   0x00000000   Code   RO         4923    .ARM.Collect$$$$0000000D  mc_p.l(entry10a.o)
    0x080000d0   0x080000d0   0x00000000   Code   RO         4925    .ARM.Collect$$$$0000000F  mc_p.l(entry11a.o)
    0x080000d0   0x080000d0   0x00000004   Code   RO         4914    .ARM.Collect$$$$00002712  mc_p.l(entry2.o)
    0x080000d4   0x080000d4   0x0000001c   Code   RO            4    .text               startup_stm32l051xx.o
    0x080000f0   0x080000f0   0x0000002c   Code   RO         4859    .text               mc_p.l(uidiv.o)
    0x0800011c   0x0800011c   0x00000028   Code   RO         4861    .text               mc_p.l(idiv.o)
    0x08000144   0x08000144   0x00000060   Code   RO         4863    .text               mc_p.l(uldiv.o)
    0x080001a4   0x080001a4   0x00000024   Code   RO         4867    .text               mc_p.l(rand.o)
    0x080001c8   0x080001c8   0x00000040   Code   RO         4872    .text               mc_p.l(memmovea.o)
    0x08000208   0x08000208   0x00000024   Code   RO         4874    .text               mc_p.l(memseta.o)
    0x0800022c   0x0800022c   0x00000014   Code   RO         4880    .text               mc_p.l(uread4.o)
    0x08000240   0x08000240   0x00000164   Code   RO         4882    .text               mf_p.l(dadd.o)
    0x080003a4   0x080003a4   0x000000f0   Code   RO         4884    .text               mf_p.l(ddiv.o)
    0x08000494   0x08000494   0x00000028   Code   RO         4886    .text               mf_p.l(dflti.o)
    0x080004bc   0x080004bc   0x0000001c   Code   RO         4888    .text               mf_p.l(dfltui.o)
    0x080004d8   0x080004d8   0x00000028   Code   RO         4890    .text               mf_p.l(cdcmple.o)
    0x08000500   0x08000500   0x00000028   Code   RO         4892    .text               mf_p.l(cdrcmple.o)
    0x08000528   0x08000528   0x00000020   Code   RO         4927    .text               mc_p.l(llshl.o)
    0x08000548   0x08000548   0x00000022   Code   RO         4929    .text               mc_p.l(llushr.o)
    0x0800056a   0x0800056a   0x00000026   Code   RO         4931    .text               mc_p.l(llsshr.o)
    0x08000590   0x08000590   0x00000000   Code   RO         4940    .text               mc_p.l(iusefp.o)
    0x08000590   0x08000590   0x000000be   Code   RO         4941    .text               mf_p.l(depilogue.o)
    0x0800064e   0x0800064e   0x00000002   PAD
    0x08000650   0x08000650   0x000000d0   Code   RO         4945    .text               mf_p.l(dmul.o)
    0x08000720   0x08000720   0x0000002c   Code   RO         4947    .text               mf_p.l(dscalb.o)
    0x0800074c   0x0800074c   0x000000a2   Code   RO         4949    .text               mf_p.l(dsqrt.o)
    0x080007ee   0x080007ee   0x00000002   PAD
    0x080007f0   0x080007f0   0x00000024   Code   RO         4951    .text               mc_p.l(init.o)
    0x08000814   0x08000814   0x00000010   Code   RO         1195    i.ADC1_COMP_IRQHandler  stm32l0xx_it.o
    0x08000824   0x08000824   0x0000005a   Code   RO         1367    i.ADC_ConversionStop  stm32l0xx_hal_adc.o
    0x0800087e   0x0800087e   0x00000002   PAD
    0x08000880   0x08000880   0x00000024   Code   RO         1371    i.ADC_DelayMicroSecond  stm32l0xx_hal_adc.o
    0x080008a4   0x080008a4   0x00000068   Code   RO         1372    i.ADC_Disable       stm32l0xx_hal_adc.o
    0x0800090c   0x0800090c   0x00000070   Code   RO         1373    i.ADC_Enable        stm32l0xx_hal_adc.o
    0x0800097c   0x0800097c   0x00000258   Code   RO           15    i.ADXL362FifoProcess  adxl362.o
    0x08000bd4   0x08000bd4   0x00000040   Code   RO           16    i.ADXL362FifoRead   adxl362.o
    0x08000c14   0x08000c14   0x00000048   Code   RO           17    i.ADXL362RegisterRead  adxl362.o
    0x08000c5c   0x08000c5c   0x00000044   Code   RO           18    i.ADXL362RegisterWrite  adxl362.o
    0x08000ca0   0x08000ca0   0x00000180   Code   RO           19    i.ADXL362_Init      adxl362.o
    0x08000e20   0x08000e20   0x000002e4   Code   RO         4249    i.AES_general_SW_enc  STM32CryptographicV3.0.0_CM0PLUS_KEIL_otslsm1elfspf.lib(crypto.o)
    0x08001104   0x08001104   0x00000170   Code   RO         4252    i.AES_keyschedule_enc_LL  STM32CryptographicV3.0.0_CM0PLUS_KEIL_otslsm1elfspf.lib(crypto.o)
    0x08001274   0x08001274   0x0000000a   Code   RO         1034    i.Activate_SPI      spi.o
    0x0800127e   0x0800127e   0x00000010   Code   RO          263    i.CC1101ClrTXBuff   cc1101.o
    0x0800128e   0x0800128e   0x00000002   PAD
    0x08001290   0x08001290   0x0000005c   Code   RO          265    i.CC1101Init        cc1101.o
    0x080012ec   0x080012ec   0x0000003c   Code   RO          268    i.CC1101ReadReg     cc1101.o
    0x08001328   0x08001328   0x0000005a   Code   RO          272    i.CC1101Reset       cc1101.o
    0x08001382   0x08001382   0x00000002   PAD
    0x08001384   0x08001384   0x000000c0   Code   RO          273    i.CC1101SendFreeFallHandler  cc1101.o
    0x08001444   0x08001444   0x00000120   Code   RO          274    i.CC1101SendHandler  cc1101.o
    0x08001564   0x08001564   0x000000dc   Code   RO          275    i.CC1101SendPacket  cc1101.o
    0x08001640   0x08001640   0x00000014   Code   RO          276    i.CC1101SetAddress  cc1101.o
    0x08001654   0x08001654   0x00000016   Code   RO          278    i.CC1101SetSYNC     cc1101.o
    0x0800166a   0x0800166a   0x00000002   PAD
    0x0800166c   0x0800166c   0x00000068   Code   RO          279    i.CC1101SetTRMode   cc1101.o
    0x080016d4   0x080016d4   0x00000026   Code   RO          280    i.CC1101SetWORMode  cc1101.o
    0x080016fa   0x080016fa   0x0000002c   Code   RO          281    i.CC1101WORInit     cc1101.o
    0x08001726   0x08001726   0x00000002   PAD
    0x08001728   0x08001728   0x0000002c   Code   RO          282    i.CC1101WriteCmd    cc1101.o
    0x08001754   0x08001754   0x00000048   Code   RO          283    i.CC1101WriteMultiReg  cc1101.o
    0x0800179c   0x0800179c   0x00000038   Code   RO          284    i.CC1101WriteReg    cc1101.o
    0x080017d4   0x080017d4   0x00000038   Code   RO         3443    i.CRC_Handle_16     stm32l0xx_hal_crc.o
    0x0800180c   0x0800180c   0x00000080   Code   RO         3444    i.CRC_Handle_8      stm32l0xx_hal_crc.o
    0x0800188c   0x0800188c   0x00000048   Code   RO          671    i.DATAEEPROM_Program  main.o
    0x080018d4   0x080018d4   0x000000d4   Code   RO         4300    i.DRBG_AES128_Bcc   STM32CryptographicV3.0.0_CM0PLUS_KEIL_otslsm1elfspf.lib(crypto.o)
    0x080019a8   0x080019a8   0x000000d4   Code   RO         4301    i.DRBG_AES128_Block_cipher_df  STM32CryptographicV3.0.0_CM0PLUS_KEIL_otslsm1elfspf.lib(crypto.o)
    0x08001a7c   0x08001a7c   0x00000082   Code   RO         4302    i.DRBG_AES128_Update  STM32CryptographicV3.0.0_CM0PLUS_KEIL_otslsm1elfspf.lib(crypto.o)
    0x08001afe   0x08001afe   0x00000002   PAD
    0x08001b00   0x08001b00   0x00000054   Code   RO         1196    i.EXTI0_1_IRQHandler  stm32l0xx_it.o
    0x08001b54   0x08001b54   0x00000024   Code   RO         1197    i.EXTI2_3_IRQHandler  stm32l0xx_it.o
    0x08001b78   0x08001b78   0x00000024   Code   RO         1198    i.EXTI4_15_IRQHandler  stm32l0xx_it.o
    0x08001b9c   0x08001b9c   0x00000068   Code   RO         1102    i.Error_Callback    usart.o
    0x08001c04   0x08001c04   0x0000001c   Code   RO          673    i.Error_Handler     main.o
    0x08001c20   0x08001c20   0x00000090   Code   RO         2523    i.FLASH_SetErrorCode  stm32l0xx_hal_flash.o
    0x08001cb0   0x08001cb0   0x00000070   Code   RO         2524    i.FLASH_WaitForLastOperation  stm32l0xx_hal_flash.o
    0x08001d20   0x08001d20   0x00000038   Code   RO          674    i.Get_SerialNum     main.o
    0x08001d58   0x08001d58   0x00000094   Code   RO         1375    i.HAL_ADC_ConfigChannel  stm32l0xx_hal_adc.o
    0x08001dec   0x08001dec   0x00000020   Code   RO          830    i.HAL_ADC_ConvCpltCallback  adc.o
    0x08001e0c   0x08001e0c   0x000000b4   Code   RO         1378    i.HAL_ADC_DeInit    stm32l0xx_hal_adc.o
    0x08001ec0   0x08001ec0   0x00000002   Code   RO         1379    i.HAL_ADC_ErrorCallback  stm32l0xx_hal_adc.o
    0x08001ec2   0x08001ec2   0x00000006   Code   RO         1382    i.HAL_ADC_GetValue  stm32l0xx_hal_adc.o
    0x08001ec8   0x08001ec8   0x000000d8   Code   RO         1383    i.HAL_ADC_IRQHandler  stm32l0xx_hal_adc.o
    0x08001fa0   0x08001fa0   0x000001c8   Code   RO         1384    i.HAL_ADC_Init      stm32l0xx_hal_adc.o
    0x08002168   0x08002168   0x00000002   Code   RO         1385    i.HAL_ADC_LevelOutOfWindowCallback  stm32l0xx_hal_adc.o
    0x0800216a   0x0800216a   0x00000002   PAD
    0x0800216c   0x0800216c   0x00000030   Code   RO          831    i.HAL_ADC_MspDeInit  adc.o
    0x0800219c   0x0800219c   0x00000060   Code   RO          832    i.HAL_ADC_MspInit   adc.o
    0x080021fc   0x080021fc   0x0000007c   Code   RO         1392    i.HAL_ADC_Start_IT  stm32l0xx_hal_adc.o
    0x08002278   0x08002278   0x00000050   Code   RO         3511    i.HAL_CRCEx_Polynomial_Set  stm32l0xx_hal_crc_ex.o
    0x080022c8   0x080022c8   0x0000004a   Code   RO         3446    i.HAL_CRC_Calculate  stm32l0xx_hal_crc.o
    0x08002312   0x08002312   0x00000002   PAD
    0x08002314   0x08002314   0x0000007c   Code   RO         3449    i.HAL_CRC_Init      stm32l0xx_hal_crc.o
    0x08002390   0x08002390   0x00000024   Code   RO          881    i.HAL_CRC_MspInit   crc.o
    0x080023b4   0x080023b4   0x00000024   Code   RO         1613    i.HAL_Delay         stm32l0xx_hal.o
    0x080023d8   0x080023d8   0x00000010   Code   RO         2621    i.HAL_FLASHEx_DATAEEPROM_DisableFixedTimeProgram  stm32l0xx_hal_flash_ex.o
    0x080023e8   0x080023e8   0x00000010   Code   RO         2622    i.HAL_FLASHEx_DATAEEPROM_EnableFixedTimeProgram  stm32l0xx_hal_flash_ex.o
    0x080023f8   0x080023f8   0x00000028   Code   RO         2623    i.HAL_FLASHEx_DATAEEPROM_Erase  stm32l0xx_hal_flash_ex.o
    0x08002420   0x08002420   0x00000014   Code   RO         2624    i.HAL_FLASHEx_DATAEEPROM_Lock  stm32l0xx_hal_flash_ex.o
    0x08002434   0x08002434   0x00000054   Code   RO         2625    i.HAL_FLASHEx_DATAEEPROM_Program  stm32l0xx_hal_flash_ex.o
    0x08002488   0x08002488   0x00000034   Code   RO         2626    i.HAL_FLASHEx_DATAEEPROM_Unlock  stm32l0xx_hal_flash_ex.o
    0x080024bc   0x080024bc   0x000000e4   Code   RO         2726    i.HAL_GPIO_DeInit   stm32l0xx_hal_gpio.o
    0x080025a0   0x080025a0   0x000001b0   Code   RO         2729    i.HAL_GPIO_Init     stm32l0xx_hal_gpio.o
    0x08002750   0x08002750   0x0000000a   Code   RO         2731    i.HAL_GPIO_ReadPin  stm32l0xx_hal_gpio.o
    0x0800275a   0x0800275a   0x00000010   Code   RO         2732    i.HAL_GPIO_TogglePin  stm32l0xx_hal_gpio.o
    0x0800276a   0x0800276a   0x0000000c   Code   RO         2733    i.HAL_GPIO_WritePin  stm32l0xx_hal_gpio.o
    0x08002776   0x08002776   0x00000002   PAD
    0x08002778   0x08002778   0x0000000c   Code   RO         1617    i.HAL_GetTick       stm32l0xx_hal.o
    0x08002784   0x08002784   0x00000010   Code   RO         1623    i.HAL_IncTick       stm32l0xx_hal.o
    0x08002794   0x08002794   0x00000028   Code   RO         1624    i.HAL_Init          stm32l0xx_hal.o
    0x080027bc   0x080027bc   0x00000044   Code   RO         1625    i.HAL_InitTick      stm32l0xx_hal.o
    0x08002800   0x08002800   0x00000018   Code   RO         1299    i.HAL_MspInit       stm32l0xx_hal_msp.o
    0x08002818   0x08002818   0x00000020   Code   RO         3057    i.HAL_NVIC_DisableIRQ  stm32l0xx_hal_cortex.o
    0x08002838   0x08002838   0x00000018   Code   RO         3058    i.HAL_NVIC_EnableIRQ  stm32l0xx_hal_cortex.o
    0x08002850   0x08002850   0x00000008   Code   RO         3062    i.HAL_NVIC_SetPriority  stm32l0xx_hal_cortex.o
    0x08002858   0x08002858   0x00000010   Code   RO         3000    i.HAL_PWREx_EnableFastWakeUp  stm32l0xx_hal_pwr_ex.o
    0x08002868   0x08002868   0x00000010   Code   RO         3002    i.HAL_PWREx_EnableUltraLowPower  stm32l0xx_hal_pwr_ex.o
    0x08002878   0x08002878   0x00000010   Code   RO         2888    i.HAL_PWR_EnableBkUpAccess  stm32l0xx_hal_pwr.o
    0x08002888   0x08002888   0x00000064   Code   RO         2895    i.HAL_PWR_EnterSTOPMode  stm32l0xx_hal_pwr.o
    0x080028ec   0x080028ec   0x00000164   Code   RO         2419    i.HAL_RCCEx_PeriphCLKConfig  stm32l0xx_hal_rcc_ex.o
    0x08002a50   0x08002a50   0x0000019c   Code   RO         2319    i.HAL_RCC_ClockConfig  stm32l0xx_hal_rcc.o
    0x08002bec   0x08002bec   0x00000078   Code   RO         2327    i.HAL_RCC_GetSysClockFreq  stm32l0xx_hal_rcc.o
    0x08002c64   0x08002c64   0x00000426   Code   RO         2330    i.HAL_RCC_OscConfig  stm32l0xx_hal_rcc.o
    0x0800308a   0x0800308a   0x0000007a   Code   RO         3763    i.HAL_RTCEx_DeactivateWakeUpTimer  stm32l0xx_hal_rtc_ex.o
    0x08003104   0x08003104   0x000000f8   Code   RO         3782    i.HAL_RTCEx_SetWakeUpTimer_IT  stm32l0xx_hal_rtc_ex.o
    0x080031fc   0x080031fc   0x00000010   Code   RO          988    i.HAL_RTCEx_WakeUpTimerEventCallback  rtc.o
    0x0800320c   0x0800320c   0x00000038   Code   RO         3788    i.HAL_RTCEx_WakeUpTimerIRQHandler  stm32l0xx_hal_rtc_ex.o
    0x08003244   0x08003244   0x000000bc   Code   RO         3606    i.HAL_RTC_Init      stm32l0xx_hal_rtc.o
    0x08003300   0x08003300   0x00000030   Code   RO          990    i.HAL_RTC_MspInit   rtc.o
    0x08003330   0x08003330   0x00000034   Code   RO         3614    i.HAL_RTC_WaitForSynchro  stm32l0xx_hal_rtc.o
    0x08003364   0x08003364   0x00000030   Code   RO         3066    i.HAL_SYSTICK_Config  stm32l0xx_hal_cortex.o
    0x08003394   0x08003394   0x00000002   Code   RO         1199    i.HardFault_Handler  stm32l0xx_it.o
    0x08003396   0x08003396   0x0000001a   Code   RO          675    i.LED_Blinking      main.o
    0x080033b0   0x080033b0   0x00000018   Code   RO         1103    i.LL_APB2_GRP1_EnableClock  usart.o
    0x080033c8   0x080033c8   0x000000a0   Code   RO         3409    i.LL_EXTI_Init      stm32l0xx_ll_exti.o
    0x08003468   0x08003468   0x00000014   Code   RO         1200    i.LL_EXTI_IsActiveFlag_0_31  stm32l0xx_it.o
    0x0800347c   0x0800347c   0x000000ae   Code   RO         1320    i.LL_GPIO_Init      stm32l0xx_ll_gpio.o
    0x0800352a   0x0800352a   0x00000014   Code   RO          768    i.LL_GPIO_SetPinMode  gpio.o
    0x0800353e   0x0800353e   0x00000014   Code   RO          769    i.LL_GPIO_SetPinPull  gpio.o
    0x08003552   0x08003552   0x00000002   PAD
    0x08003554   0x08003554   0x00000018   Code   RO          770    i.LL_IOP_GRP1_EnableClock  gpio.o
    0x0800356c   0x0800356c   0x00000018   Code   RO         1035    i.LL_IOP_GRP1_EnableClock  spi.o
    0x08003584   0x08003584   0x00000018   Code   RO         1104    i.LL_IOP_GRP1_EnableClock  usart.o
    0x0800359c   0x0800359c   0x00000090   Code   RO         3238    i.LL_RCC_GetUSARTClockFreq  stm32l0xx_ll_rcc.o
    0x0800362c   0x0800362c   0x00000010   Code   RO         3239    i.LL_RCC_GetUSARTClockSource  stm32l0xx_ll_rcc.o
    0x0800363c   0x0800363c   0x00000010   Code   RO         3240    i.LL_RCC_HSI_IsReady  stm32l0xx_ll_rcc.o
    0x0800364c   0x0800364c   0x00000010   Code   RO         3241    i.LL_RCC_IsActiveFlag_HSIDIV  stm32l0xx_ll_rcc.o
    0x0800365c   0x0800365c   0x00000010   Code   RO         3242    i.LL_RCC_LSE_IsReady  stm32l0xx_ll_rcc.o
    0x0800366c   0x0800366c   0x00000044   Code   RO         3972    i.LL_SPI_DeInit     stm32l0xx_ll_spi.o
    0x080036b0   0x080036b0   0x0000006c   Code   RO         3973    i.LL_SPI_Init       stm32l0xx_ll_spi.o
    0x0800371c   0x0800371c   0x00000020   Code   RO          771    i.LL_SYSCFG_SetEXTISource  gpio.o
    0x0800373c   0x0800373c   0x00000048   Code   RO         4105    i.LL_USART_DeInit   stm32l0xx_ll_usart.o
    0x08003784   0x08003784   0x00000018   Code   RO         1105    i.LL_USART_EnableIT_ERROR  usart.o
    0x0800379c   0x0800379c   0x00000018   Code   RO         1106    i.LL_USART_EnableIT_RXNE  usart.o
    0x080037b4   0x080037b4   0x000000a8   Code   RO         4106    i.LL_USART_Init     stm32l0xx_ll_usart.o
    0x0800385c   0x0800385c   0x00000034   Code   RO          941    i.LPTIM1_Counter_Start_IT  lptim.o
    0x08003890   0x08003890   0x00000020   Code   RO         1201    i.LPTIM1_IRQHandler  stm32l0xx_it.o
    0x080038b0   0x080038b0   0x0000002c   Code   RO          942    i.LPTimerAutoreloadMatch_Callback  lptim.o
    0x080038dc   0x080038dc   0x0000006c   Code   RO          833    i.MX_ADC_Init       adc.o
    0x08003948   0x08003948   0x00000030   Code   RO          882    i.MX_CRC_Init       crc.o
    0x08003978   0x08003978   0x0000027c   Code   RO          772    i.MX_GPIO_Init      gpio.o
    0x08003bf4   0x08003bf4   0x00000034   Code   RO          918    i.MX_IWDG_Init      iwdg.o
    0x08003c28   0x08003c28   0x0000007c   Code   RO          943    i.MX_LPTIM1_Init    lptim.o
    0x08003ca4   0x08003ca4   0x00000048   Code   RO          991    i.MX_RTC_Init       rtc.o
    0x08003cec   0x08003cec   0x00000070   Code   RO         1036    i.MX_SPI1_DeInit    spi.o
    0x08003d5c   0x08003d5c   0x000000ac   Code   RO         1037    i.MX_SPI1_Init      spi.o
    0x08003e08   0x08003e08   0x00000070   Code   RO         1038    i.MX_SPI2_DeInit    spi.o
    0x08003e78   0x08003e78   0x000000ac   Code   RO         1039    i.MX_SPI2_Init      spi.o
    0x08003f24   0x08003f24   0x0000005c   Code   RO         1107    i.MX_USART1_UART_DeInit  usart.o
    0x08003f80   0x08003f80   0x000000b4   Code   RO         1108    i.MX_USART1_UART_Init  usart.o
    0x08004034   0x08004034   0x00000002   Code   RO         1202    i.NMI_Handler       stm32l0xx_it.o
    0x08004036   0x08004036   0x00000002   Code   RO         1203    i.PendSV_Handler    stm32l0xx_it.o
    0x08004038   0x08004038   0x0000001c   Code   RO         3243    i.RCC_GetHCLKClockFreq  stm32l0xx_ll_rcc.o
    0x08004054   0x08004054   0x00000018   Code   RO         3244    i.RCC_GetPCLK1ClockFreq  stm32l0xx_ll_rcc.o
    0x0800406c   0x0800406c   0x00000018   Code   RO         3245    i.RCC_GetPCLK2ClockFreq  stm32l0xx_ll_rcc.o
    0x08004084   0x08004084   0x00000084   Code   RO         3246    i.RCC_GetSystemClockFreq  stm32l0xx_ll_rcc.o
    0x08004108   0x08004108   0x00000090   Code   RO          285    i.RFIDInitial       cc1101.o
    0x08004198   0x08004198   0x0000003c   Code   RO          443    i.RNG_Gen           rand_bytes_gen.o
    0x080041d4   0x080041d4   0x00000060   Code   RO          444    i.RNG_Init          rand_bytes_gen.o
    0x08004234   0x08004234   0x00000034   Code   RO         4388    i.RNGfree           STM32CryptographicV3.0.0_CM0PLUS_KEIL_otslsm1elfspf.lib(crypto.o)
    0x08004268   0x08004268   0x000000a8   Code   RO         4389    i.RNGgenBytes       STM32CryptographicV3.0.0_CM0PLUS_KEIL_otslsm1elfspf.lib(crypto.o)
    0x08004310   0x08004310   0x000000d8   Code   RO         4391    i.RNGinit           STM32CryptographicV3.0.0_CM0PLUS_KEIL_otslsm1elfspf.lib(crypto.o)
    0x080043e8   0x080043e8   0x00000038   Code   RO         3617    i.RTC_EnterInitMode  stm32l0xx_hal_rtc.o
    0x08004420   0x08004420   0x00000010   Code   RO         1204    i.RTC_IRQHandler    stm32l0xx_it.o
    0x08004430   0x08004430   0x00000016   Code   RO         1040    i.SPI_ExchangeByte  spi.o
    0x08004446   0x08004446   0x00000002   Code   RO         1205    i.SVC_Handler       stm32l0xx_it.o
    0x08004448   0x08004448   0x00000076   Code   RO          677    i.Show_Message      main.o
    0x080044be   0x080044be   0x00000034   Code   RO         1041    i.SpiFunction       spi.o
    0x080044f2   0x080044f2   0x00000008   Code   RO         1206    i.SysTick_Handler   stm32l0xx_it.o
    0x080044fa   0x080044fa   0x00000002   PAD
    0x080044fc   0x080044fc   0x000000a0   Code   RO          678    i.SystemClock_Config  main.o
    0x0800459c   0x0800459c   0x00000054   Code   RO         4151    i.SystemInit        system_stm32l0xx.o
    0x080045f0   0x080045f0   0x000000a0   Code   RO          679    i.System_Initial    main.o
    0x08004690   0x08004690   0x00000024   Code   RO         1207    i.USART1_IRQHandler  stm32l0xx_it.o
    0x080046b4   0x080046b4   0x00000038   Code   RO         1110    i.USART_CharReception_Callback  usart.o
    0x080046ec   0x080046ec   0x0000002e   Code   RO         4943    i.__ARM_clz         mf_p.l(depilogue.o)
    0x0800471a   0x0800471a   0x00000032   Code   RO         4826    i.__ARM_common_ll_muluu  STM32CryptographicV3.0.0_CM0PLUS_KEIL_otslsm1elfspf.lib(crypto.o)
    0x0800474c   0x0800474c   0x0000002c   Code   RO         4908    i.__ARM_fpclassify  m_ps.l(fpclassify.o)
    0x08004778   0x08004778   0x00000018   Code   RO          773    i.__NVIC_EnableIRQ  gpio.o
    0x08004790   0x08004790   0x00000044   Code   RO          774    i.__NVIC_SetPriority  gpio.o
    0x080047d4   0x080047d4   0x00000044   Code   RO         3068    i.__NVIC_SetPriority  stm32l0xx_hal_cortex.o
    0x08004818   0x08004818   0x000000ac   Code   RO         4910    i.__kernel_poly     m_ps.l(poly.o)
    0x080048c4   0x080048c4   0x00000014   Code   RO         4894    i.__mathlib_dbl_divzero  m_ps.l(dunder.o)
    0x080048d8   0x080048d8   0x0000000a   Code   RO         4895    i.__mathlib_dbl_infnan  m_ps.l(dunder.o)
    0x080048e2   0x080048e2   0x00000008   Code   RO         4896    i.__mathlib_dbl_infnan2  m_ps.l(dunder.o)
    0x080048ea   0x080048ea   0x00000010   Code   RO         4897    i.__mathlib_dbl_invalid  m_ps.l(dunder.o)
    0x080048fa   0x080048fa   0x00000002   PAD
    0x080048fc   0x080048fc   0x00000014   Code   RO         4898    i.__mathlib_dbl_overflow  m_ps.l(dunder.o)
    0x08004910   0x08004910   0x00000014   Code   RO         4900    i.__mathlib_dbl_underflow  m_ps.l(dunder.o)
    0x08004924   0x08004924   0x0000000e   Code   RO         4954    i.__scatterload_copy  mc_p.l(handlers.o)
    0x08004932   0x08004932   0x00000002   Code   RO         4955    i.__scatterload_null  mc_p.l(handlers.o)
    0x08004934   0x08004934   0x0000000e   Code   RO         4956    i.__scatterload_zeroinit  mc_p.l(handlers.o)
    0x08004942   0x08004942   0x00000002   PAD
    0x08004944   0x08004944   0x0000000c   Code   RO         4935    i.__set_errno       mc_p.l(errno.o)
    0x08004950   0x08004950   0x00000268   Code   RO         4829    i.acos              m_ps.l(acos.o)
    0x08004bb8   0x08004bb8   0x00000088   Code   RO          834    i.adc_detect        adc.o
    0x08004c40   0x08004c40   0x0000021c   Code   RO         4454    i.crl_DRBG_AES128_Generate  STM32CryptographicV3.0.0_CM0PLUS_KEIL_otslsm1elfspf.lib(crypto.o)
    0x08004e5c   0x08004e5c   0x00000198   Code   RO          680    i.main              main.o
    0x08004ff4   0x08004ff4   0x000009fc   Code   RO         4839    i.pow               m_ps.l(pow.o)
    0x080059f0   0x080059f0   0x00000048   Code   RO         4849    i.sqrt              m_ps.l(sqrt.o)
    0x08005a38   0x08005a38   0x0000005e   Data   RO          287    .constdata          cc1101.o
    0x08005a96   0x08005a96   0x00000019   Data   RO         4152    .constdata          system_stm32l0xx.o
    0x08005aaf   0x08005aaf   0x00000008   Data   RO         4153    .constdata          system_stm32l0xx.o
    0x08005ab7   0x08005ab7   0x00000001   PAD
    0x08005ab8   0x08005ab8   0x00001b64   Data   RO         4495    .constdata          STM32CryptographicV3.0.0_CM0PLUS_KEIL_otslsm1elfspf.lib(crypto.o)
    0x0800761c   0x0800761c   0x00000004   PAD
    0x08007620   0x08007620   0x00000050   Data   RO         4830    .constdata          m_ps.l(acos.o)
    0x08007670   0x08007670   0x00000088   Data   RO         4840    .constdata          m_ps.l(pow.o)
    0x080076f8   0x080076f8   0x00000008   Data   RO         4912    .constdata          m_ps.l(qnan.o)
    0x08007700   0x08007700   0x00000020   Data   RO         4953    Region$$Table       anon$$obj.o


    Execution Region RW_IRAM1 (Exec base: 0x20000000, Load base: 0x08007720, Size: 0x00000c80, Max: 0x00002000, ABSOLUTE)

    Exec Addr    Load Addr    Size         Type   Attr      Idx    E Section Name        Object

    0x20000000   0x08007720   0x00000018   Data   RW           22    .data               adxl362.o
    0x20000018   0x08007738   0x00000001   Data   RW           23    .data               adxl362.o
    0x20000019   0x08007739   0x00000001   PAD
    0x2000001a   0x0800773a   0x0000000c   Data   RW          288    .data               cc1101.o
    0x20000026   0x08007746   0x00000002   PAD
    0x20000028   0x08007748   0x00000032   Data   RW          446    .data               rand_bytes_gen.o
    0x2000005a   0x0800777a   0x00000001   Data   RW          682    .data               main.o
    0x2000005b   0x0800777b   0x00000004   Data   RW          944    .data               lptim.o
    0x2000005f   0x0800777f   0x00000001   PAD
    0x20000060   0x08007780   0x0000000c   Data   RW         1635    .data               stm32l0xx_hal.o
    0x2000006c   0x0800778c   0x00000004   Data   RW         4154    .data               system_stm32l0xx.o
    0x20000070   0x08007790   0x00000004   Data   RW         4868    .data               mc_p.l(rand.o)
    0x20000074   0x08007794   0x00000004   Data   RW         4936    .data               mc_p.l(errno.o)
    0x20000078        -       0x000004e6   Zero   RW           21    .bss                adxl362.o
    0x2000055e   0x08007798   0x00000002   PAD
    0x20000560        -       0x0000018c   Zero   RW          286    .bss                cc1101.o
    0x200006ec        -       0x00000064   Zero   RW          445    .bss                rand_bytes_gen.o
    0x20000750        -       0x00000010   Zero   RW          681    .bss                main.o
    0x20000760        -       0x000000a4   Zero   RW          835    .bss                adc.o
    0x20000804        -       0x00000024   Zero   RW          883    .bss                crc.o
    0x20000828        -       0x00000024   Zero   RW          993    .bss                rtc.o
    0x2000084c        -       0x0000001a   Zero   RW         1112    .bss                usart.o
    0x20000866   0x08007798   0x00000002   PAD
    0x20000868        -       0x00000018   Zero   RW         2536    .bss                stm32l0xx_hal_flash.o
    0x20000880        -       0x00000400   Zero   RW            1    STACK               startup_stm32l051xx.o


==============================================================================

Image component sizes


      Code (inc. data)   RO Data    RW Data    ZI Data      Debug   Object Name

       420         48          0          0        164       3451   adc.o
      1188         60          0         25       1254     328014   adxl362.o
      1502        106         94         12        396      20930   cc1101.o
        84         16          0          0         36       1379   crc.o
       824         34          0          0          0      25851   gpio.o
        52         22          0          0          0       2527   iwdg.o
       220         30          0          4          0      23133   lptim.o
      1028        108          0          1         16       9194   main.o
       156         20          0         50        100       2673   rand_bytes_gen.o
       136         22          0          0         36       1870   rtc.o
       676         50          0          0          0      18912   spi.o
        28          8        192          0       1024        608   startup_stm32l051xx.o
       172         28          0         12          0       8433   stm32l0xx_hal.o
      1476         52          0          0          0       8710   stm32l0xx_hal_adc.o
       180         30          0          0          0      12619   stm32l0xx_hal_cortex.o
       382          6          0          0          0       3483   stm32l0xx_hal_crc.o
        80          0          0          0          0       1267   stm32l0xx_hal_crc_ex.o
       256         16          0          0         24       1646   stm32l0xx_hal_flash.o
       228         44          0          0          0       3947   stm32l0xx_hal_flash_ex.o
       698         56          0          0          0       4030   stm32l0xx_hal_gpio.o
        24          4          0          0          0        414   stm32l0xx_hal_msp.o
       116         16          0          0          0       1211   stm32l0xx_hal_pwr.o
        32          8          0          0          0        989   stm32l0xx_hal_pwr_ex.o
      1594         66          0          0          0       4398   stm32l0xx_hal_rcc.o
       356         14          0          0          0       1380   stm32l0xx_hal_rcc_ex.o
       296          4          0          0          0       2700   stm32l0xx_hal_rtc.o
       426         18          0          0          0       3282   stm32l0xx_hal_rtc_ex.o
       292         68          0          0          0      35015   stm32l0xx_it.o
       160          4          0          0          0       5003   stm32l0xx_ll_exti.o
       174          0          0          0          0       6815   stm32l0xx_ll_gpio.o
       416         76          0          0          0      19123   stm32l0xx_ll_rcc.o
       176         18          0          0          0      18698   stm32l0xx_ll_spi.o
       240         32          0          0          0      22522   stm32l0xx_ll_usart.o
        84         18         33          4          0       1159   system_stm32l0xx.o
       528         50          0          0         26      39530   usart.o

    ----------------------------------------------------------------------
     14720       1152        352        112       3080     644916   Object Totals
         0          0         32          0          0          0   (incl. Generated)
        20          0          1          4          4          0   (incl. Padding)

    ----------------------------------------------------------------------

      Code (inc. data)   RO Data    RW Data    ZI Data      Debug   Library Member Name

      2688         86       7012          0          0        852   crypto.o
       616         60         80          0          0        120   acos.o
        94         14          0          0          0        408   dunder.o
        44          4          0          0          0         60   fpclassify.o
       172          0          0          0          0         76   poly.o
      2556        196        136          0          0        240   pow.o
         0          0          8          0          0          0   qnan.o
        72          6          0          0          0         76   sqrt.o
         0          0          0          0          0          0   entry.o
         0          0          0          0          0          0   entry10a.o
         0          0          0          0          0          0   entry11a.o
         8          4          0          0          0          0   entry2.o
         4          0          0          0          0          0   entry5.o
         0          0          0          0          0          0   entry7b.o
         0          0          0          0          0          0   entry8b.o
         8          4          0          0          0          0   entry9a.o
        12          6          0          4          0         60   errno.o
        30          0          0          0          0          0   handlers.o
        40          0          0          0          0         72   idiv.o
        36          8          0          0          0         68   init.o
         0          0          0          0          0          0   iusefp.o
        32          0          0          0          0         68   llshl.o
        38          0          0          0          0         68   llsshr.o
        34          0          0          0          0         68   llushr.o
        64          0          0          0          0         68   memmovea.o
        36          0          0          0          0        100   memseta.o
        36         12          0          4          0        120   rand.o
        44          0          0          0          0         72   uidiv.o
        96          0          0          0          0         84   uldiv.o
        20          0          0          0          0         60   uread4.o
        40          2          0          0          0         68   cdcmple.o
        40          2          0          0          0         68   cdrcmple.o
       356          4          0          0          0        140   dadd.o
       240          6          0          0          0         84   ddiv.o
       236          0          0          0          0        216   depilogue.o
        40          6          0          0          0         68   dflti.o
        28          4          0          0          0         68   dfltui.o
       208          6          0          0          0         88   dmul.o
        44          0          0          0          0         72   dscalb.o
       162          0          0          0          0         80   dsqrt.o

    ----------------------------------------------------------------------
      8184        430       7240          8          0       3692   Library Totals
        10          0          4          0          0          0   (incl. Padding)

    ----------------------------------------------------------------------

      Code (inc. data)   RO Data    RW Data    ZI Data      Debug   Library Name

      2688         86       7012          0          0        852   STM32CryptographicV3.0.0_CM0PLUS_KEIL_otslsm1elfspf.lib
      3554        280        224          0          0        980   m_ps.l
       538         34          0          8          0        908   mc_p.l
      1394         30          0          0          0        952   mf_p.l

    ----------------------------------------------------------------------
      8184        430       7240          8          0       3692   Library Totals

    ----------------------------------------------------------------------

==============================================================================


      Code (inc. data)   RO Data    RW Data    ZI Data      Debug   

     22904       1582       7592        120       3080     640340   Grand Totals
     22904       1582       7592        120       3080     640340   ELF Image Totals
     22904       1582       7592        120          0          0   ROM Totals

==============================================================================

    Total RO  Size (Code + RO Data)                30496 (  29.78kB)
    Total RW  Size (RW Data + ZI Data)              3200 (   3.13kB)
    Total ROM Size (Code + RO Data + RW Data)      30616 (  29.90kB)

==============================================================================

